Archive member included to satisfy reference by file (symbol)

F:/CubeIDE/CUBEIDE/STM32CubeIDE_1.16.1/STM32CubeIDE/plugins/com.st.stm32cube.ide.mcu.externaltools.gnu-tools-for-stm32.12.3.rel1.win32_1.0.200.202406191623/tools/bin/../lib/gcc/arm-none-eabi/12.3.1/../../../../arm-none-eabi/lib/thumb/v7e-m+fp/hard\libstdc++_nano.a(del_op.o)
                              ./Core/Src/main.o (operator delete(void*))
F:/CubeIDE/CUBEIDE/STM32CubeIDE_1.16.1/STM32CubeIDE/plugins/com.st.stm32cube.ide.mcu.externaltools.gnu-tools-for-stm32.12.3.rel1.win32_1.0.200.202406191623/tools/bin/../lib/gcc/arm-none-eabi/12.3.1/../../../../arm-none-eabi/lib/thumb/v7e-m+fp/hard\libstdc++_nano.a(del_ops.o)
                              ./Core/Src/main.o (operator delete(void*, unsigned int))
F:/CubeIDE/CUBEIDE/STM32CubeIDE_1.16.1/STM32CubeIDE/plugins/com.st.stm32cube.ide.mcu.externaltools.gnu-tools-for-stm32.12.3.rel1.win32_1.0.200.202406191623/tools/bin/../lib/gcc/arm-none-eabi/12.3.1/../../../../arm-none-eabi/lib/thumb/v7e-m+fp/hard\libstdc++_nano.a(new_op.o)
                              ./Core/Src/main.o (operator new(unsigned int))
F:/CubeIDE/CUBEIDE/STM32CubeIDE_1.16.1/STM32CubeIDE/plugins/com.st.stm32cube.ide.mcu.externaltools.gnu-tools-for-stm32.12.3.rel1.win32_1.0.200.202406191623/tools/bin/../lib/gcc/arm-none-eabi/12.3.1/../../../../arm-none-eabi/lib/thumb/v7e-m+fp/hard\libstdc++_nano.a(new_opv.o)
                              ./Core/Src/main.o (operator new[](unsigned int))
F:/CubeIDE/CUBEIDE/STM32CubeIDE_1.16.1/STM32CubeIDE/plugins/com.st.stm32cube.ide.mcu.externaltools.gnu-tools-for-stm32.12.3.rel1.win32_1.0.200.202406191623/tools/bin/../lib/gcc/arm-none-eabi/12.3.1/../../../../arm-none-eabi/lib/thumb/v7e-m+fp/hard\libstdc++_nano.a(functexcept.o)
                              ./Core/Src/main.o (std::__throw_bad_alloc())
F:/CubeIDE/CUBEIDE/STM32CubeIDE_1.16.1/STM32CubeIDE/plugins/com.st.stm32cube.ide.mcu.externaltools.gnu-tools-for-stm32.12.3.rel1.win32_1.0.200.202406191623/tools/bin/../lib/gcc/arm-none-eabi/12.3.1/../../../../arm-none-eabi/lib/thumb/v7e-m+fp/hard\libstdc++_nano.a(new_handler.o)
                              F:/CubeIDE/CUBEIDE/STM32CubeIDE_1.16.1/STM32CubeIDE/plugins/com.st.stm32cube.ide.mcu.externaltools.gnu-tools-for-stm32.12.3.rel1.win32_1.0.200.202406191623/tools/bin/../lib/gcc/arm-none-eabi/12.3.1/../../../../arm-none-eabi/lib/thumb/v7e-m+fp/hard\libstdc++_nano.a(new_op.o) (std::get_new_handler())
F:/CubeIDE/CUBEIDE/STM32CubeIDE_1.16.1/STM32CubeIDE/plugins/com.st.stm32cube.ide.mcu.externaltools.gnu-tools-for-stm32.12.3.rel1.win32_1.0.200.202406191623/tools/bin/../lib/gcc/arm-none-eabi/12.3.1/../../../../arm-none-eabi/lib/thumb/v7e-m+fp/hard\libc_nano.a(libc_a-abort.o)
                              F:/CubeIDE/CUBEIDE/STM32CubeIDE_1.16.1/STM32CubeIDE/plugins/com.st.stm32cube.ide.mcu.externaltools.gnu-tools-for-stm32.12.3.rel1.win32_1.0.200.202406191623/tools/bin/../lib/gcc/arm-none-eabi/12.3.1/../../../../arm-none-eabi/lib/thumb/v7e-m+fp/hard\libstdc++_nano.a(new_op.o) (abort)
F:/CubeIDE/CUBEIDE/STM32CubeIDE_1.16.1/STM32CubeIDE/plugins/com.st.stm32cube.ide.mcu.externaltools.gnu-tools-for-stm32.12.3.rel1.win32_1.0.200.202406191623/tools/bin/../lib/gcc/arm-none-eabi/12.3.1/../../../../arm-none-eabi/lib/thumb/v7e-m+fp/hard\libc_nano.a(libc_a-exit.o)
                              F:/CubeIDE/CUBEIDE/STM32CubeIDE_1.16.1/STM32CubeIDE/plugins/com.st.stm32cube.ide.mcu.externaltools.gnu-tools-for-stm32.12.3.rel1.win32_1.0.200.202406191623/tools/bin/../lib/gcc/arm-none-eabi/12.3.1/../../../../arm-none-eabi/lib/thumb/v7e-m+fp/hard/crt0.o (exit)
F:/CubeIDE/CUBEIDE/STM32CubeIDE_1.16.1/STM32CubeIDE/plugins/com.st.stm32cube.ide.mcu.externaltools.gnu-tools-for-stm32.12.3.rel1.win32_1.0.200.202406191623/tools/bin/../lib/gcc/arm-none-eabi/12.3.1/../../../../arm-none-eabi/lib/thumb/v7e-m+fp/hard\libc_nano.a(libc_a-malloc.o)
                              F:/CubeIDE/CUBEIDE/STM32CubeIDE_1.16.1/STM32CubeIDE/plugins/com.st.stm32cube.ide.mcu.externaltools.gnu-tools-for-stm32.12.3.rel1.win32_1.0.200.202406191623/tools/bin/../lib/gcc/arm-none-eabi/12.3.1/../../../../arm-none-eabi/lib/thumb/v7e-m+fp/hard\libstdc++_nano.a(new_op.o) (malloc)
F:/CubeIDE/CUBEIDE/STM32CubeIDE_1.16.1/STM32CubeIDE/plugins/com.st.stm32cube.ide.mcu.externaltools.gnu-tools-for-stm32.12.3.rel1.win32_1.0.200.202406191623/tools/bin/../lib/gcc/arm-none-eabi/12.3.1/../../../../arm-none-eabi/lib/thumb/v7e-m+fp/hard\libc_nano.a(libc_a-mallocr.o)
                              F:/CubeIDE/CUBEIDE/STM32CubeIDE_1.16.1/STM32CubeIDE/plugins/com.st.stm32cube.ide.mcu.externaltools.gnu-tools-for-stm32.12.3.rel1.win32_1.0.200.202406191623/tools/bin/../lib/gcc/arm-none-eabi/12.3.1/../../../../arm-none-eabi/lib/thumb/v7e-m+fp/hard\libc_nano.a(libc_a-malloc.o) (_malloc_r)
[...]
Memory Configuration

Name             Origin             Length             Attributes
RAM              0x20000000         0x00020000         xrw
FLASH            0x08000000         0x00080000         xr
*default*        0x00000000         0xffffffff

Linker script and memory map

LOAD F:/CubeIDE/CUBEIDE/STM32CubeIDE_1.16.1/STM32CubeIDE/plugins/com.st.stm32cube.ide.mcu.externaltools.gnu-tools-for-stm32.12.3.rel1.win32_1.0.200.202406191623/tools/bin/../lib/gcc/arm-none-eabi/12.3.1/thumb/v7e-m+fp/hard/crti.o
LOAD F:/CubeIDE/CUBEIDE/STM32CubeIDE_1.16.1/STM32CubeIDE/plugins/com.st.stm32cube.ide.mcu.externaltools.gnu-tools-for-stm32.12.3.rel1.win32_1.0.200.202406191623/tools/bin/../lib/gcc/arm-none-eabi/12.3.1/thumb/v7e-m+fp/hard/crtbegin.o
LOAD F:/CubeIDE/CUBEIDE/STM32CubeIDE_1.16.1/STM32CubeIDE/plugins/com.st.stm32cube.ide.mcu.externaltools.gnu-tools-for-stm32.12.3.rel1.win32_1.0.200.202406191623/tools/bin/../lib/gcc/arm-none-eabi/12.3.1/../../../../arm-none-eabi/lib/thumb/v7e-m+fp/hard/crt0.o
LOAD ./Core/Src/adc.o
LOAD ./Core/Src/dma.o
LOAD ./Core/Src/gpio.o
LOAD ./Core/Src/hrtim.o
LOAD ./Core/Src/main.o
LOAD ./Core/Src/stm32g4xx_hal_msp.o
LOAD ./Core/Src/stm32g4xx_it.o
LOAD ./Core/Src/syscalls.o
LOAD ./Core/Src/sysmem.o
LOAD ./Core/Src/system_stm32g4xx.o
LOAD ./Core/Src/tim.o
LOAD ./Core/Src/usart.o
LOAD ./Core/Startup/startup_stm32g474retx.o
LOAD ./Drivers/STM32G4xx_HAL_Driver/Src/stm32g4xx_hal.o
LOAD ./Drivers/STM32G4xx_HAL_Driver/Src/stm32g4xx_hal_adc.o
LOAD ./Drivers/STM32G4xx_HAL_Driver/Src/stm32g4xx_hal_adc_ex.o
LOAD ./Drivers/STM32G4xx_HAL_Driver/Src/stm32g4xx_hal_cortex.o
LOAD ./Drivers/STM32G4xx_HAL_Driver/Src/stm32g4xx_hal_dma.o
LOAD ./Drivers/STM32G4xx_HAL_Driver/Src/stm32g4xx_hal_dma_ex.o
LOAD ./Drivers/STM32G4xx_HAL_Driver/Src/stm32g4xx_hal_exti.o
LOAD ./Drivers/STM32G4xx_HAL_Driver/Src/stm32g4xx_hal_flash.o
LOAD ./Drivers/STM32G4xx_HAL_Driver/Src/stm32g4xx_hal_flash_ex.o
LOAD ./Drivers/STM32G4xx_HAL_Driver/Src/stm32g4xx_hal_flash_ramfunc.o
LOAD ./Drivers/STM32G4xx_HAL_Driver/Src/stm32g4xx_hal_gpio.o
LOAD ./Drivers/STM32G4xx_HAL_Driver/Src/stm32g4xx_hal_hrtim.o
LOAD ./Drivers/STM32G4xx_HAL_Driver/Src/stm32g4xx_hal_pwr.o
LOAD ./Drivers/STM32G4xx_HAL_Driver/Src/stm32g4xx_hal_pwr_ex.o
LOAD ./Drivers/STM32G4xx_HAL_Driver/Src/stm32g4xx_hal_rcc.o
LOAD ./Drivers/STM32G4xx_HAL_Driver/Src/stm32g4xx_hal_rcc_ex.o
LOAD ./Drivers/STM32G4xx_HAL_Driver/Src/stm32g4xx_hal_tim.o
LOAD ./Drivers/STM32G4xx_HAL_Driver/Src/stm32g4xx_hal_tim_ex.o
LOAD ./Drivers/STM32G4xx_HAL_Driver/Src/stm32g4xx_hal_uart.o
LOAD ./Drivers/STM32G4xx_HAL_Driver/Src/stm32g4xx_hal_uart_ex.o
LOAD ./Drivers/STM32G4xx_HAL_Driver/Src/stm32g4xx_ll_adc.o
LOAD ./Port/Src/stm32_callback.o
LOAD ./Segger/debug/SEGGER_RTT.o
LOAD ./Segger/debug/SEGGER_SYSVIEW.o
LOAD ./Segger/debug/SEGGER_SYSVIEW_Config_NoOS.o
START GROUP
LOAD F:/CubeIDE/CUBEIDE/STM32CubeIDE_1.16.1/STM32CubeIDE/plugins/com.st.stm32cube.ide.mcu.externaltools.gnu-tools-for-stm32.12.3.rel1.win32_1.0.200.202406191623/tools/bin/../lib/gcc/arm-none-eabi/12.3.1/../../../../arm-none-eabi/lib/thumb/v7e-m+fp/hard\libstdc++_nano.a
LOAD F:/CubeIDE/CUBEIDE/STM32CubeIDE_1.16.1/STM32CubeIDE/plugins/com.st.stm32cube.ide.mcu.externaltools.gnu-tools-for-stm32.12.3.rel1.win32_1.0.200.202406191623/tools/bin/../lib/gcc/arm-none-eabi/12.3.1/../../../../arm-none-eabi/lib/thumb/v7e-m+fp/hard\libsupc++_nano.a
END GROUP
LOAD F:/CubeIDE/CUBEIDE/STM32CubeIDE_1.16.1/STM32CubeIDE/plugins/com.st.stm32cube.ide.mcu.externaltools.gnu-tools-for-stm32.12.3.rel1.win32_1.0.200.202406191623/tools/bin/../lib/gcc/arm-none-eabi/12.3.1/../../../../arm-none-eabi/lib/thumb/v7e-m+fp/hard\libstdc++_nano.a
LOAD F:/CubeIDE/CUBEIDE/STM32CubeIDE_1.16.1/STM32CubeIDE/plugins/com.st.stm32cube.ide.mcu.externaltools.gnu-tools-for-stm32.12.3.rel1.win32_1.0.200.202406191623/tools/bin/../lib/gcc/arm-none-eabi/12.3.1/../../../../arm-none-eabi/lib/thumb/v7e-m+fp/hard\libm.a
LOAD F:/CubeIDE/CUBEIDE/STM32CubeIDE_1.16.1/STM32CubeIDE/plugins/com.st.stm32cube.ide.mcu.externaltools.gnu-tools-for-stm32.12.3.rel1.win32_1.0.200.202406191623/tools/bin/../lib/gcc/arm-none-eabi/12.3.1/../../../../arm-none-eabi/lib/thumb/v7e-m+fp/hard\libc_nano.a
START GROUP
LOAD F:/CubeIDE/CUBEIDE/STM32CubeIDE_1.16.1/STM32CubeIDE/plugins/com.st.stm32cube.ide.mcu.externaltools.gnu-tools-for-stm32.12.3.rel1.win32_1.0.200.202406191623/tools/bin/../lib/gcc/arm-none-eabi/12.3.1/thumb/v7e-m+fp/hard\libgcc.a
LOAD F:/CubeIDE/CUBEIDE/STM32CubeIDE_1.16.1/STM32CubeIDE/plugins/com.st.stm32cube.ide.mcu.externaltools.gnu-tools-for-stm32.12.3.rel1.win32_1.0.200.202406191623/tools/bin/../lib/gcc/arm-none-eabi/12.3.1/../../../../arm-none-eabi/lib/thumb/v7e-m+fp/hard\libc_nano.a
END GROUP
START GROUP
LOAD F:/CubeIDE/CUBEIDE/STM32CubeIDE_1.16.1/STM32CubeIDE/plugins/com.st.stm32cube.ide.mcu.externaltools.gnu-tools-for-stm32.12.3.rel1.win32_1.0.200.202406191623/tools/bin/../lib/gcc/arm-none-eabi/12.3.1/thumb/v7e-m+fp/hard\libgcc.a
LOAD F:/CubeIDE/CUBEIDE/STM32CubeIDE_1.16.1/STM32CubeIDE/plugins/com.st.stm32cube.ide.mcu.externaltools.gnu-tools-for-stm32.12.3.rel1.win32_1.0.200.202406191623/tools/bin/../lib/gcc/arm-none-eabi/12.3.1/../../../../arm-none-eabi/lib/thumb/v7e-m+fp/hard\libc_nano.a
LOAD F:/CubeIDE/CUBEIDE/STM32CubeIDE_1.16.1/STM32CubeIDE/plugins/com.st.stm32cube.ide.mcu.externaltools.gnu-tools-for-stm32.12.3.rel1.win32_1.0.200.202406191623/tools/bin/../lib/gcc/arm-none-eabi/12.3.1/../../../../arm-none-eabi/lib/thumb/v7e-m+fp/hard\libnosys.a
END GROUP
START GROUP
LOAD F:/CubeIDE/CUBEIDE/STM32CubeIDE_1.16.1/STM32CubeIDE/plugins/com.st.stm32cube.ide.mcu.externaltools.gnu-tools-for-stm32.12.3.rel1.win32_1.0.200.202406191623/tools/bin/../lib/gcc/arm-none-eabi/12.3.1/thumb/v7e-m+fp/hard\libgcc.a
LOAD F:/CubeIDE/CUBEIDE/STM32CubeIDE_1.16.1/STM32CubeIDE/plugins/com.st.stm32cube.ide.mcu.externaltools.gnu-tools-for-stm32.12.3.rel1.win32_1.0.200.202406191623/tools/bin/../lib/gcc/arm-none-eabi/12.3.1/../../../../arm-none-eabi/lib/thumb/v7e-m+fp/hard\libc_nano.a
LOAD F:/CubeIDE/CUBEIDE/STM32CubeIDE_1.16.1/STM32CubeIDE/plugins/com.st.stm32cube.ide.mcu.externaltools.gnu-tools-for-stm32.12.3.rel1.win32_1.0.200.202406191623/tools/bin/../lib/gcc/arm-none-eabi/12.3.1/../../../../arm-none-eabi/lib/thumb/v7e-m+fp/hard\libnosys.a
END GROUP
LOAD F:/CubeIDE/CUBEIDE/STM32CubeIDE_1.16.1/STM32CubeIDE/plugins/com.st.stm32cube.ide.mcu.externaltools.gnu-tools-for-stm32.12.3.rel1.win32_1.0.200.202406191623/tools/bin/../lib/gcc/arm-none-eabi/12.3.1/thumb/v7e-m+fp/hard/crtend.o
LOAD F:/CubeIDE/CUBEIDE/STM32CubeIDE_1.16.1/STM32CubeIDE/plugins/com.st.stm32cube.ide.mcu.externaltools.gnu-tools-for-stm32.12.3.rel1.win32_1.0.200.202406191623/tools/bin/../lib/gcc/arm-none-eabi/12.3.1/thumb/v7e-m+fp/hard/crtn.o
                0x20020000                        _estack = (ORIGIN (RAM) + LENGTH (RAM))
                0x00000200                        _Min_Heap_Size = 0x200
                0x00000400                        _Min_Stack_Size = 0x400

.isr_vector     0x08000000      0x1d8
                0x08000000                        . = ALIGN (0x4)
 *(.isr_vector)
 .isr_vector    0x08000000      0x1d8 ./Core/Startup/startup_stm32g474retx.o
                0x08000000                g_pfnVectors
                0x080001d8                        . = ALIGN (0x4)

.text           0x080001e0    0x12c58
                0x080001e0                        . = ALIGN (0x4)
 *(.text)
 .text          0x080001e0       0x40 F:/CubeIDE/CUBEIDE/STM32CubeIDE_1.16.1/STM32CubeIDE/plugins/com.st.stm32cube.ide.mcu.externaltools.gnu-tools-for-stm32.12.3.rel1.win32_1.0.200.202406191623/tools/bin/../lib/gcc/arm-none-eabi/12.3.1/thumb/v7e-m+fp/hard/crtbegin.o
 .text          0x08000220       0x14 F:/CubeIDE/CUBEIDE/STM32CubeIDE_1.16.1/STM32CubeIDE/plugins/com.st.stm32cube.ide.mcu.externaltools.gnu-tools-for-stm32.12.3.rel1.win32_1.0.200.202406191623/tools/bin/../lib/gcc/arm-none-eabi/12.3.1/../../../../arm-none-eabi/lib/thumb/v7e-m+fp/hard\libc_nano.a(libc_a-strcmp.o)
                0x08000220                strcmp
 *fill*         0x08000234        0xc 
 .text          0x08000240       0xa0 F:/CubeIDE/CUBEIDE/STM32CubeIDE_1.16.1/STM32CubeIDE/plugins/com.st.stm32cube.ide.mcu.externaltools.gnu-tools-for-stm32.12.3.rel1.win32_1.0.200.202406191623/tools/bin/../lib/gcc/arm-none-eabi/12.3.1/../../../../arm-none-eabi/lib/thumb/v7e-m+fp/hard\libc_nano.a(libc_a-memchr.o)
                0x08000240                memchr
 .text          0x080002e0       0x10 F:/CubeIDE/CUBEIDE/STM32CubeIDE_1.16.1/STM32CubeIDE/plugins/com.st.stm32cube.ide.mcu.externaltools.gnu-tools-for-stm32.12.3.rel1.win32_1.0.200.202406191623/tools/bin/../lib/gcc/arm-none-eabi/12.3.1/../../../../arm-none-eabi/lib/thumb/v7e-m+fp/hard\libc_nano.a(libc_a-strlen.o)
                0x080002e0                strlen
 .text          0x080002f0      0x378 F:/CubeIDE/CUBEIDE/STM32CubeIDE_1.16.1/STM32CubeIDE/plugins/com.st.stm32cube.ide.mcu.externaltools.gnu-tools-for-stm32.12.3.rel1.win32_1.0.200.202406191623/tools/bin/../lib/gcc/arm-none-eabi/12.3.1/thumb/v7e-m+fp/hard\libgcc.a(_arm_addsubdf3.o)
                0x080002f0                __aeabi_drsub
                0x080002f8                __aeabi_dsub
                0x080002f8                __subdf3
                0x080002fc                __aeabi_dadd
                0x080002fc                __adddf3
                0x08000574                __floatunsidf
                0x08000574                __aeabi_ui2d
                0x08000594                __floatsidf
                0x08000594                __aeabi_i2d
                0x080005b8                __aeabi_f2d
                0x080005b8                __extendsfdf2
                0x080005fc                __floatundidf
                0x080005fc                __aeabi_ul2d
                0x0800060c                __floatdidf
                0x0800060c                __aeabi_l2d
 .text          0x08000668      0x424 F:/CubeIDE/CUBEIDE/STM32CubeIDE_1.16.1/STM32CubeIDE/plugins/com.st.stm32cube.ide.mcu.externaltools.gnu-tools-for-stm32.12.3.rel1.win32_1.0.200.202406191623/tools/bin/../lib/gcc/arm-none-eabi/12.3.1/thumb/v7e-m+fp/hard\libgcc.a(_arm_muldivdf3.o)
                0x08000668                __aeabi_dmul
                0x08000668                __muldf3
                0x080008bc                __divdf3
                0x080008bc                __aeabi_ddiv
 .text          0x08000a8c      0x110 F:/CubeIDE/CUBEIDE/STM32CubeIDE_1.16.1/STM32CubeIDE/plugins/com.st.stm32cube.ide.mcu.externaltools.gnu-tools-for-stm32.12.3.rel1.win32_1.0.200.202406191623/tools/bin/../lib/gcc/arm-none-eabi/12.3.1/thumb/v7e-m+fp/hard\libgcc.a(_arm_cmpdf2.o)
                0x08000a8c                __gtdf2
                0x08000a8c                __gedf2
                0x08000a94                __ltdf2
                0x08000a94                __ledf2
                0x08000a9c                __nedf2
                0x08000a9c                __eqdf2
                0x08000a9c                __cmpdf2
                0x08000b18                __aeabi_cdrcmple
                0x08000b28                __aeabi_cdcmpeq
                0x08000b28                __aeabi_cdcmple
                0x08000b38                __aeabi_dcmpeq
                0x08000b4c                __aeabi_dcmplt
                0x08000b60                __aeabi_dcmple
                0x08000b74                __aeabi_dcmpge
                0x08000b88                __aeabi_dcmpgt
 .text          0x08000b9c       0x2c F:/CubeIDE/CUBEIDE/STM32CubeIDE_1.16.1/STM32CubeIDE/plugins/com.st.stm32cube.ide.mcu.externaltools.gnu-tools-for-stm32.12.3.rel1.win32_1.0.200.202406191623/tools/bin/../lib/gcc/arm-none-eabi/12.3.1/thumb/v7e-m+fp/hard\libgcc.a(_arm_unorddf2.o)
                0x08000b9c                __unorddf2
                0x08000b9c                __aeabi_dcmpun
 .text          0x08000bc8       0x50 F:/CubeIDE/CUBEIDE/STM32CubeIDE_1.16.1/STM32CubeIDE/plugins/com.st.stm32cube.ide.mcu.externaltools.gnu-tools-for-stm32.12.3.rel1.win32_1.0.200.202406191623/tools/bin/../lib/gcc/arm-none-eabi/12.3.1/thumb/v7e-m+fp/hard\libgcc.a(_arm_fixdfsi.o)
                0x08000bc8                __aeabi_d2iz
                0x08000bc8                __fixdfsi
 .text          0x08000c18       0x40 F:/CubeIDE/CUBEIDE/STM32CubeIDE_1.16.1/STM32CubeIDE/plugins/com.st.stm32cube.ide.mcu.externaltools.gnu-tools-for-stm32.12.3.rel1.win32_1.0.200.202406191623/tools/bin/../lib/gcc/arm-none-eabi/12.3.1/thumb/v7e-m+fp/hard\libgcc.a(_arm_fixunsdfsi.o)
                0x08000c18                __aeabi_d2uiz
                0x08000c18                __fixunsdfsi
 .text          0x08000c58       0xa0 F:/CubeIDE/CUBEIDE/STM32CubeIDE_1.16.1/STM32CubeIDE/plugins/com.st.stm32cube.ide.mcu.externaltools.gnu-tools-for-stm32.12.3.rel1.win32_1.0.200.202406191623/tools/bin/../lib/gcc/arm-none-eabi/12.3.1/thumb/v7e-m+fp/hard\libgcc.a(_arm_truncdfsf2.o)
                0x08000c58                __truncdfsf2
                0x08000c58                __aeabi_d2f
 .text          0x08000cf8       0x30 F:/CubeIDE/CUBEIDE/STM32CubeIDE_1.16.1/STM32CubeIDE/plugins/com.st.stm32cube.ide.mcu.externaltools.gnu-tools-for-stm32.12.3.rel1.win32_1.0.200.202406191623/tools/bin/../lib/gcc/arm-none-eabi/12.3.1/thumb/v7e-m+fp/hard\libgcc.a(_aeabi_uldivmod.o)
                0x08000cf8                __aeabi_uldivmod
 .text          0x08000d28       0x30 F:/CubeIDE/CUBEIDE/STM32CubeIDE_1.16.1/STM32CubeIDE/plugins/com.st.stm32cube.ide.mcu.externaltools.gnu-tools-for-stm32.12.3.rel1.win32_1.0.200.202406191623/tools/bin/../lib/gcc/arm-none-eabi/12.3.1/thumb/v7e-m+fp/hard\libgcc.a(_fixdfdi.o)
                0x08000d28                __fixdfdi
                0x08000d28                __aeabi_d2lz
 .text          0x08000d58       0x3c F:/CubeIDE/CUBEIDE/STM32CubeIDE_1.16.1/STM32CubeIDE/plugins/com.st.stm32cube.ide.mcu.externaltools.gnu-tools-for-stm32.12.3.rel1.win32_1.0.200.202406191623/tools/bin/../lib/gcc/arm-none-eabi/12.3.1/thumb/v7e-m+fp/hard\libgcc.a(_fixunsdfdi.o)
                0x08000d58                __fixunsdfdi
                0x08000d58                __aeabi_d2ulz
 .text          0x08000d94      0x2bc F:/CubeIDE/CUBEIDE/STM32CubeIDE_1.16.1/STM32CubeIDE/plugins/com.st.stm32cube.ide.mcu.externaltools.gnu-tools-for-stm32.12.3.rel1.win32_1.0.200.202406191623/tools/bin/../lib/gcc/arm-none-eabi/12.3.1/thumb/v7e-m+fp/hard\libgcc.a(_udivmoddi4.o)
                0x08000d94                __udivmoddi4
 .text          0x08001050        0x4 F:/CubeIDE/CUBEIDE/STM32CubeIDE_1.16.1/STM32CubeIDE/plugins/com.st.stm32cube.ide.mcu.externaltools.gnu-tools-for-stm32.12.3.rel1.win32_1.0.200.202406191623/tools/bin/../lib/gcc/arm-none-eabi/12.3.1/thumb/v7e-m+fp/hard\libgcc.a(_dvmd_tls.o)
                0x08001050                __aeabi_idiv0
                0x08001050                __aeabi_ldiv0
 *(.text*)
 .text.MX_ADC1_Init
                0x08001054      0x1b4 ./Core/Src/adc.o
                0x08001054                MX_ADC1_Init
 .text.MX_ADC2_Init
                0x08001208      0x18c ./Core/Src/adc.o
                0x08001208                MX_ADC2_Init
 .text.MX_ADC3_Init
                0x08001394      0x114 ./Core/Src/adc.o
                0x08001394                MX_ADC3_Init
 .text.HAL_ADC_MspInit
                0x080014a8      0x310 ./Core/Src/adc.o
                0x080014a8                HAL_ADC_MspInit
 .text.MX_DMA_Init
                0x080017b8       0x94 ./Core/Src/dma.o
                0x080017b8                MX_DMA_Init
 .text.MX_GPIO_Init
                0x0800184c       0xb0 ./Core/Src/gpio.o
                0x0800184c                MX_GPIO_Init
 .text.MX_HRTIM1_Init
                0x080018fc      0x448 ./Core/Src/hrtim.o
                0x080018fc                MX_HRTIM1_Init
 .text.HAL_HRTIM_MspInit
                0x08001d44       0x40 ./Core/Src/hrtim.o
                0x08001d44                HAL_HRTIM_MspInit
 .text.HAL_HRTIM_MspPostInit
                0x08001d84       0xac ./Core/Src/hrtim.o
                0x08001d84                HAL_HRTIM_MspPostInit
 .text._ZSt23__is_constant_evaluatedv
                0x08001e30       0x10 ./Core/Src/main.o
                0x08001e30                std::__is_constant_evaluated()
 .text._ZSt21is_constant_evaluatedv
                0x08001e40       0x10 ./Core/Src/main.o
                0x08001e40                std::is_constant_evaluated()
 .text._ZN14Algorithim_PID5beginEffffff
                0x08001e50       0x70 ./Core/Src/main.o
                0x08001e50                Algorithim_PID::begin(float, float, float, float, float, float)
 .text._ZN14Algorithim_PID12cal_absoluteEff
                0x08001ec0      0x1de ./Core/Src/main.o
                0x08001ec0                Algorithim_PID::cal_absolute(float, float)
 .text._ZN24Hardware_STM32_HRTIM_PWM5beginEP19HRTIM_HandleTypeDef27hw_port_hrtim_pwm_channel_t32hw_port_hrtim_pwm_compare_unit_t
                0x0800209e      0x12e ./Core/Src/main.o
                0x0800209e                Hardware_STM32_HRTIM_PWM::begin(HRTIM_HandleTypeDef*, hw_port_hrtim_pwm_channel_t, hw_port_hrtim_pwm_compare_unit_t)
 .text._ZN24Hardware_STM32_HRTIM_PWM9setOutputEv
                0x080021cc       0x20 ./Core/Src/main.o
                0x080021cc                Hardware_STM32_HRTIM_PWM::setOutput()
 .text._ZN24Hardware_STM32_HRTIM_PWM12setDutyCycleEf
                0x080021ec       0xfc ./Core/Src/main.o
                0x080021ec                Hardware_STM32_HRTIM_PWM::setDutyCycle(float)
 .text._ZN15stm32_hrtim_pwm15getTimerAOutputEv
                0x080022e8       0x24 ./Core/Src/main.o
                0x080022e8                stm32_hrtim_pwm::getTimerAOutput()
 .text._ZnwjPv  0x0800230c       0x18 ./Core/Src/main.o
                0x0800230c                operator new(unsigned int, void*)
 .text._ZSt17__size_to_integerj
                0x08002324       0x16 ./Core/Src/main.o
                0x08002324                std::__size_to_integer(unsigned int)
 .text._ZNSt12_Vector_baseImSaImEE12_Vector_implD2Ev
                0x0800233a       0x18 ./Core/Src/main.o
                0x0800233a                std::_Vector_base<unsigned long, std::allocator<unsigned long> >::_Vector_impl::~_Vector_impl()
                0x0800233a                std::_Vector_base<unsigned long, std::allocator<unsigned long> >::_Vector_impl::~_Vector_impl()
 .text._ZNSt12_Vector_baseImSaImEEC2Ev
                0x08002352       0x1a ./Core/Src/main.o
                0x08002352                std::_Vector_base<unsigned long, std::allocator<unsigned long> >::_Vector_base()
                0x08002352                std::_Vector_base<unsigned long, std::allocator<unsigned long> >::_Vector_base()
 .text._ZNSt6vectorImSaImEEC2Ev
                0x0800236c       0x1a ./Core/Src/main.o
                0x0800236c                std::vector<unsigned long, std::allocator<unsigned long> >::vector()
                0x0800236c                std::vector<unsigned long, std::allocator<unsigned long> >::vector()
 .text._ZN18Hardware_STM32_ADCC2Ev
                0x08002386       0x26 ./Core/Src/main.o
                0x08002386                Hardware_STM32_ADC::Hardware_STM32_ADC()
                0x08002386                Hardware_STM32_ADC::Hardware_STM32_ADC()
 .text._ZN18Hardware_STM32_ADCaSEOS_
                0x080023ac       0x62 ./Core/Src/main.o
                0x080023ac                Hardware_STM32_ADC::operator=(Hardware_STM32_ADC&&)
 .text._ZN18Hardware_STM32_ADC5beginEP17ADC_HandleTypeDef19hw_stm32_adc_mode_t
                0x0800240e       0x70 ./Core/Src/main.o
                0x0800240e                Hardware_STM32_ADC::begin(ADC_HandleTypeDef*, hw_stm32_adc_mode_t)
 .text._ZN18Hardware_STM32_ADC11startSampleEv
                0x0800247e       0x32 ./Core/Src/main.o
                0x0800247e                Hardware_STM32_ADC::startSample()
 .text._ZN18Hardware_STM32_ADC11readVoltageEv
                0x080024b0       0x40 ./Core/Src/main.o
                0x080024b0                Hardware_STM32_ADC::readVoltage()
 .text._ZN18Hardware_STM32_ADC11readCurrentEv
                0x080024f0       0x40 ./Core/Src/main.o
                0x080024f0                Hardware_STM32_ADC::readCurrent()
 .text._ZN18Hardware_STM32_ADCD2Ev
                0x08002530       0x1a ./Core/Src/main.o
                0x08002530                Hardware_STM32_ADC::~Hardware_STM32_ADC()
                0x08002530                Hardware_STM32_ADC::~Hardware_STM32_ADC()
 *fill*         0x0800254a        0x2 
 .text._ZN9stm32_adc7getADC1Ev
                0x0800254c       0x3c ./Core/Src/main.o
                0x0800254c                stm32_adc::getADC1()
 .text._ZN9stm32_adc7getADC3Ev
                0x08002588       0x3c ./Core/Src/main.o
                0x08002588                stm32_adc::getADC3()
 .text._ZN20Hardware_STM32_Relay5beginEP12GPIO_TypeDefth
                0x080025c4       0x3c ./Core/Src/main.o
                0x080025c4                Hardware_STM32_Relay::begin(GPIO_TypeDef*, unsigned short, unsigned char)
 .text._ZN11stm32_relay9getRelay1Ev
                0x08002600       0x24 ./Core/Src/main.o
                0x08002600                stm32_relay::getRelay1()
 .text._ZN18Algorithim_DC_BuckI24Hardware_STM32_HRTIM_PWM18Hardware_STM32_ADCEC2Ev
                0x08002624       0x1a ./Core/Src/main.o
                0x08002624                Algorithim_DC_Buck<Hardware_STM32_HRTIM_PWM, Hardware_STM32_ADC>::Algorithim_DC_Buck()
                0x08002624                Algorithim_DC_Buck<Hardware_STM32_HRTIM_PWM, Hardware_STM32_ADC>::Algorithim_DC_Buck()
 .text._ZN24Algorithim_DC_Buck_BoostI24Hardware_STM32_HRTIM_PWM18Hardware_STM32_ADCEC2Ev
                0x0800263e       0x1a ./Core/Src/main.o
                0x0800263e                Algorithim_DC_Buck_Boost<Hardware_STM32_HRTIM_PWM, Hardware_STM32_ADC>::Algorithim_DC_Buck_Boost()
                0x0800263e                Algorithim_DC_Buck_Boost<Hardware_STM32_HRTIM_PWM, Hardware_STM32_ADC>::Algorithim_DC_Buck_Boost()
 .text._ZN11stm32_dc_dc15getDCBuckBoost1EP24Hardware_STM32_HRTIM_PWMP18Hardware_STM32_ADCS3_
                0x08002658       0x2a ./Core/Src/main.o
                0x08002658                stm32_dc_dc::getDCBuckBoost1(Hardware_STM32_HRTIM_PWM*, Hardware_STM32_ADC*, Hardware_STM32_ADC*)
 .text._ZN22Hardware_STM32_Message5beginEtjP20__UART_HandleTypeDef
                0x08002682       0x90 ./Core/Src/main.o
                0x08002682                Hardware_STM32_Message::begin(unsigned short, unsigned int, __UART_HandleTypeDef*)
 .text._ZN22Hardware_STM32_Message12startReceiveEv
                0x08002712       0x16 ./Core/Src/main.o
                0x08002712                Hardware_STM32_Message::startReceive()
 .text._ZN22Hardware_STM32_Message11attachEventEPFvPhtE12ProcessEvent
                0x08002728       0x28 ./Core/Src/main.o
                0x08002728                Hardware_STM32_Message::attachEvent(void (*)(unsigned char*, unsigned short), ProcessEvent)
 .text._ZN22Hardware_STM32_Message14processHandlerEv
                0x08002750       0x60 ./Core/Src/main.o
                0x08002750                Hardware_STM32_Message::processHandler()
 .text._ZN22Hardware_STM32_Message9_startDMAEv
                0x080027b0       0x30 ./Core/Src/main.o
                0x080027b0                Hardware_STM32_Message::_startDMA()
 .text._ZN22Hardware_STM32_MessageC2Ev
                0x080027e0       0x28 ./Core/Src/main.o
                0x080027e0                Hardware_STM32_Message::Hardware_STM32_Message()
                0x080027e0                Hardware_STM32_Message::Hardware_STM32_Message()
 .text._ZN13stm32_message8getUART1Ev
                0x08002808       0x28 ./Core/Src/main.o
                0x08002808                stm32_message::getUART1()
 .text._ZN10stm32_test29segger_systemview_test_enableEv
                0x08002830       0x14 ./Core/Src/main.o
                0x08002830                stm32_test::segger_systemview_test_enable()
 .text._ZN10nuedc_201519vofaReceiveCallbackEPht
                0x08002844      0x4c4 ./Core/Src/main.o
                0x08002844                nuedc_2015::vofaReceiveCallback(unsigned char*, unsigned short)
 .text._ZN10nuedc_201513hardware_initEv
                0x08002d08      0x164 ./Core/Src/main.o
                0x08002d08                nuedc_2015::hardware_init()
 .text._ZN10nuedc_20154loopEv
                0x08002e6c       0xcc ./Core/Src/main.o
                0x08002e6c                nuedc_2015::loop()
 .text.main     0x08002f38       0x40 ./Core/Src/main.o
                0x08002f38                main
 .text._Z18SystemClock_Configv
                0x08002f78       0xac ./Core/Src/main.o
                0x08002f78                SystemClock_Config()
 .text.Error_Handler
                0x08003024        0xc ./Core/Src/main.o
                0x08003024                Error_Handler
 .text._ZNSt12_Vector_baseImSaImEE12_Vector_implC2Ev
                0x08003030       0x20 ./Core/Src/main.o
                0x08003030                std::_Vector_base<unsigned long, std::allocator<unsigned long> >::_Vector_impl::_Vector_impl()
                0x08003030                std::_Vector_base<unsigned long, std::allocator<unsigned long> >::_Vector_impl::_Vector_impl()
 .text._ZNSaImED2Ev
                0x08003050       0x16 ./Core/Src/main.o
                0x08003050                std::allocator<unsigned long>::~allocator()
                0x08003050                std::allocator<unsigned long>::~allocator()
 .text._ZNSt12_Vector_baseImSaImEED2Ev
                0x08003066       0x32 ./Core/Src/main.o
                0x08003066                std::_Vector_base<unsigned long, std::allocator<unsigned long> >::~_Vector_base()
                0x08003066                std::_Vector_base<unsigned long, std::allocator<unsigned long> >::~_Vector_base()
 .text._ZNSt6vectorImSaImEED2Ev
                0x08003098       0x36 ./Core/Src/main.o
                0x08003098                std::vector<unsigned long, std::allocator<unsigned long> >::~vector()
                0x08003098                std::vector<unsigned long, std::allocator<unsigned long> >::~vector()
 .text._ZSt4swapIP17ADC_HandleTypeDefENSt9enable_ifIXsrSt6__and_IJSt6__not_ISt15__is_tuple_likeIT_EESt21is_move_constructibleIS6_ESt18is_move_assignableIS6_EEE5valueEvE4typeERS6_SG_
                0x080030ce       0x3e ./Core/Src/main.o
                0x080030ce                std::enable_if<std::__and_<std::__not_<std::__is_tuple_like<ADC_HandleTypeDef*> >, std::is_move_constructible<ADC_HandleTypeDef*>, std::is_move_assignable<ADC_HandleTypeDef*> >::value, void>::type std::swap<ADC_HandleTypeDef*>(ADC_HandleTypeDef*&, ADC_HandleTypeDef*&)
 .text._ZSt4swapI24hw_stm32_adc_dma_ready_tENSt9enable_ifIXsrSt6__and_IJSt6__not_ISt15__is_tuple_likeIT_EESt21is_move_constructibleIS5_ESt18is_move_assignableIS5_EEE5valueEvE4typeERS5_SF_
                0x0800310c       0x3e ./Core/Src/main.o
                0x0800310c                std::enable_if<std::__and_<std::__not_<std::__is_tuple_like<hw_stm32_adc_dma_ready_t> >, std::is_move_constructible<hw_stm32_adc_dma_ready_t>, std::is_move_assignable<hw_stm32_adc_dma_ready_t> >::value, void>::type std::swap<hw_stm32_adc_dma_ready_t>(hw_stm32_adc_dma_ready_t&, hw_stm32_adc_dma_ready_t&)
 .text._ZSt4swapI23hw_stm32_adc_it_ready_tENSt9enable_ifIXsrSt6__and_IJSt6__not_ISt15__is_tuple_likeIT_EESt21is_move_constructibleIS5_ESt18is_move_assignableIS5_EEE5valueEvE4typeERS5_SF_
                0x0800314a       0x3e ./Core/Src/main.o
                0x0800314a                std::enable_if<std::__and_<std::__not_<std::__is_tuple_like<hw_stm32_adc_it_ready_t> >, std::is_move_constructible<hw_stm32_adc_it_ready_t>, std::is_move_assignable<hw_stm32_adc_it_ready_t> >::value, void>::type std::swap<hw_stm32_adc_it_ready_t>(hw_stm32_adc_it_ready_t&, hw_stm32_adc_it_ready_t&)
 .text._ZSt4swapImSaImEEvRSt6vectorIT_T0_ES5_
                0x08003188       0x1a ./Core/Src/main.o
                0x08003188                void std::swap<unsigned long, std::allocator<unsigned long> >(std::vector<unsigned long, std::allocator<unsigned long> >&, std::vector<unsigned long, std::allocator<unsigned long> >&)
 .text._ZNSaImEC2Ev
                0x080031a2       0x18 ./Core/Src/main.o
                0x080031a2                std::allocator<unsigned long>::allocator()
                0x080031a2                std::allocator<unsigned long>::allocator()
 .text._ZNSt6vectorImSaImEEC2EjRKmRKS0_
                0x080031ba       0x38 ./Core/Src/main.o
                0x080031ba                std::vector<unsigned long, std::allocator<unsigned long> >::vector(unsigned int, unsigned long const&, std::allocator<unsigned long> const&)
                0x080031ba                std::vector<unsigned long, std::allocator<unsigned long> >::vector(unsigned int, unsigned long const&, std::allocator<unsigned long> const&)
 .text._ZNSt6vectorImSaImEEaSEOS1_
                0x080031f2       0x2a ./Core/Src/main.o
                0x080031f2                std::vector<unsigned long, std::allocator<unsigned long> >::operator=(std::vector<unsigned long, std::allocator<unsigned long> >&&)
 .text._ZNSt6vectorImSaImEE4dataEv
                0x0800321c       0x1e ./Core/Src/main.o
                0x0800321c                std::vector<unsigned long, std::allocator<unsigned long> >::data()
 .text._ZNKSt6vectorImSaImEE4sizeEv
                0x0800323a       0x20 ./Core/Src/main.o
                0x0800323a                std::vector<unsigned long, std::allocator<unsigned long> >::size() const
 .text._ZNSt6vectorImSaImEEixEj
                0x0800325a       0x20 ./Core/Src/main.o
                0x0800325a                std::vector<unsigned long, std::allocator<unsigned long> >::operator[](unsigned int)
 .text._ZN16Algorithim_DC_DCI24Hardware_STM32_HRTIM_PWM18Hardware_STM32_ADCEC2Ev
                0x0800327a       0x1c ./Core/Src/main.o
                0x0800327a                Algorithim_DC_DC<Hardware_STM32_HRTIM_PWM, Hardware_STM32_ADC>::Algorithim_DC_DC()
                0x0800327a                Algorithim_DC_DC<Hardware_STM32_HRTIM_PWM, Hardware_STM32_ADC>::Algorithim_DC_DC()
 .text._ZN16Algorithim_DC_DCI24Hardware_STM32_HRTIM_PWM18Hardware_STM32_ADCE5beginEPS0_PS1_S4_
                0x08003296       0x2c ./Core/Src/main.o
                0x08003296                Algorithim_DC_DC<Hardware_STM32_HRTIM_PWM, Hardware_STM32_ADC>::begin(Hardware_STM32_HRTIM_PWM*, Hardware_STM32_ADC*, Hardware_STM32_ADC*)
 .text._ZN16Algorithim_DC_DCI24Hardware_STM32_HRTIM_PWM18Hardware_STM32_ADCE8isEnableEv
                0x080032c2       0x18 ./Core/Src/main.o
                0x080032c2                Algorithim_DC_DC<Hardware_STM32_HRTIM_PWM, Hardware_STM32_ADC>::isEnable()
 .text._ZN16Algorithim_DC_DCI24Hardware_STM32_HRTIM_PWM18Hardware_STM32_ADCE6enableEv
                0x080032da       0x1a ./Core/Src/main.o
                0x080032da                Algorithim_DC_DC<Hardware_STM32_HRTIM_PWM, Hardware_STM32_ADC>::enable()
 .text._ZN16Algorithim_DC_DCI24Hardware_STM32_HRTIM_PWM18Hardware_STM32_ADCE7disableEv
                0x080032f4       0x1a ./Core/Src/main.o
                0x080032f4                Algorithim_DC_DC<Hardware_STM32_HRTIM_PWM, Hardware_STM32_ADC>::disable()
 .text._ZN16Algorithim_DC_DCI24Hardware_STM32_HRTIM_PWM18Hardware_STM32_ADCE9setCV_PIDEP14Algorithim_PID
                0x0800330e       0x1c ./Core/Src/main.o
                0x0800330e                Algorithim_DC_DC<Hardware_STM32_HRTIM_PWM, Hardware_STM32_ADC>::setCV_PID(Algorithim_PID*)
 .text._ZN16Algorithim_DC_DCI24Hardware_STM32_HRTIM_PWM18Hardware_STM32_ADCE9setCC_PIDEP14Algorithim_PID
                0x0800332a       0x1c ./Core/Src/main.o
                0x0800332a                Algorithim_DC_DC<Hardware_STM32_HRTIM_PWM, Hardware_STM32_ADC>::setCC_PID(Algorithim_PID*)
 .text._ZN16Algorithim_DC_DCI24Hardware_STM32_HRTIM_PWM18Hardware_STM32_ADCE10setCurrentEf
                0x08003346       0x1e ./Core/Src/main.o
                0x08003346                Algorithim_DC_DC<Hardware_STM32_HRTIM_PWM, Hardware_STM32_ADC>::setCurrent(float)
 .text._ZN24Algorithim_DC_Buck_BoostI24Hardware_STM32_HRTIM_PWM18Hardware_STM32_ADCE28closedBuckCurrentLoopControlEv
                0x08003364       0xe8 ./Core/Src/main.o
                0x08003364                Algorithim_DC_Buck_Boost<Hardware_STM32_HRTIM_PWM, Hardware_STM32_ADC>::closedBuckCurrentLoopControl()
 .text._ZN24Algorithim_DC_Buck_BoostI24Hardware_STM32_HRTIM_PWM18Hardware_STM32_ADCE29closedBoostVoltageLoopControlEv
                0x0800344c       0xcc ./Core/Src/main.o
                0x0800344c                Algorithim_DC_Buck_Boost<Hardware_STM32_HRTIM_PWM, Hardware_STM32_ADC>::closedBoostVoltageLoopControl()
 .text._ZNSt12_Vector_baseImSaImEE17_Vector_impl_dataC2Ev
                0x08003518       0x28 ./Core/Src/main.o
                0x08003518                std::_Vector_base<unsigned long, std::allocator<unsigned long> >::_Vector_impl_data::_Vector_impl_data()
                0x08003518                std::_Vector_base<unsigned long, std::allocator<unsigned long> >::_Vector_impl_data::_Vector_impl_data()
 .text._ZNSt12_Vector_baseImSaImEE13_M_deallocateEPmj
                0x08003540       0x26 ./Core/Src/main.o
                0x08003540                std::_Vector_base<unsigned long, std::allocator<unsigned long> >::_M_deallocate(unsigned long*, unsigned int)
 .text._ZNSt12_Vector_baseImSaImEE19_M_get_Tp_allocatorEv
                0x08003566       0x16 ./Core/Src/main.o
                0x08003566                std::_Vector_base<unsigned long, std::allocator<unsigned long> >::_M_get_Tp_allocator()
 .text._ZSt8_DestroyIPmmEvT_S1_RSaIT0_E
                0x0800357c       0x1c ./Core/Src/main.o
                0x0800357c                void std::_Destroy<unsigned long*, unsigned long>(unsigned long*, unsigned long*, std::allocator<unsigned long>&)
 .text._ZSt4moveIRP17ADC_HandleTypeDefEONSt16remove_referenceIT_E4typeEOS4_
                0x08003598       0x16 ./Core/Src/main.o
                0x08003598                std::remove_reference<ADC_HandleTypeDef*&>::type&& std::move<ADC_HandleTypeDef*&>(ADC_HandleTypeDef*&)
 .text._ZSt4moveIR24hw_stm32_adc_dma_ready_tEONSt16remove_referenceIT_E4typeEOS3_
                0x080035ae       0x16 ./Core/Src/main.o
                0x080035ae                std::remove_reference<hw_stm32_adc_dma_ready_t&>::type&& std::move<hw_stm32_adc_dma_ready_t&>(hw_stm32_adc_dma_ready_t&)
 .text._ZSt4moveIR23hw_stm32_adc_it_ready_tEONSt16remove_referenceIT_E4typeEOS3_
                0x080035c4       0x16 ./Core/Src/main.o
                0x080035c4                std::remove_reference<hw_stm32_adc_it_ready_t&>::type&& std::move<hw_stm32_adc_it_ready_t&>(hw_stm32_adc_it_ready_t&)
 .text._ZNSt6vectorImSaImEE4swapERS1_
                0x080035da       0x74 ./Core/Src/main.o
                0x080035da                std::vector<unsigned long, std::allocator<unsigned long> >::swap(std::vector<unsigned long, std::allocator<unsigned long> >&)
 .text._ZNSt15__new_allocatorImEC2Ev
                0x0800364e       0x16 ./Core/Src/main.o
                0x0800364e                std::__new_allocator<unsigned long>::__new_allocator()
                0x0800364e                std::__new_allocator<unsigned long>::__new_allocator()
 .text._ZNSt6vectorImSaImEE17_S_check_init_lenEjRKS0_
                0x08003664       0x50 ./Core/Src/main.o
                0x08003664                std::vector<unsigned long, std::allocator<unsigned long> >::_S_check_init_len(unsigned int, std::allocator<unsigned long> const&)
 .text._ZNSt12_Vector_baseImSaImEEC2EjRKS0_
                0x080036b4       0x28 ./Core/Src/main.o
                0x080036b4                std::_Vector_base<unsigned long, std::allocator<unsigned long> >::_Vector_base(unsigned int, std::allocator<unsigned long> const&)
                0x080036b4                std::_Vector_base<unsigned long, std::allocator<unsigned long> >::_Vector_base(unsigned int, std::allocator<unsigned long> const&)
 .text._ZNSt6vectorImSaImEE18_M_fill_initializeEjRKm
                0x080036dc       0x32 ./Core/Src/main.o
                0x080036dc                std::vector<unsigned long, std::allocator<unsigned long> >::_M_fill_initialize(unsigned int, unsigned long const&)
 .text._ZSt4moveIRSt6vectorImSaImEEEONSt16remove_referenceIT_E4typeEOS5_
                0x0800370e       0x16 ./Core/Src/main.o
                0x0800370e                std::remove_reference<std::vector<unsigned long, std::allocator<unsigned long> >&>::type&& std::move<std::vector<unsigned long, std::allocator<unsigned long> >&>(std::vector<unsigned long, std::allocator<unsigned long> >&)
 .text._ZNSt6vectorImSaImEE14_M_move_assignEOS1_St17integral_constantIbLb1EE
                0x08003724       0x7a ./Core/Src/main.o
                0x08003724                std::vector<unsigned long, std::allocator<unsigned long> >::_M_move_assign(std::vector<unsigned long, std::allocator<unsigned long> >&&, std::integral_constant<bool, true>)
 .text._ZNKSt6vectorImSaImEE11_M_data_ptrImEEPT_S4_
                0x0800379e       0x18 ./Core/Src/main.o
                0x0800379e                unsigned long* std::vector<unsigned long, std::allocator<unsigned long> >::_M_data_ptr<unsigned long>(unsigned long*) const
 .text._ZNSaImEC2ERKS_
                0x080037b6       0x1c ./Core/Src/main.o
                0x080037b6                std::allocator<unsigned long>::allocator(std::allocator<unsigned long> const&)
                0x080037b6                std::allocator<unsigned long>::allocator(std::allocator<unsigned long> const&)
 .text._ZNSt16allocator_traitsISaImEE10deallocateERS0_Pmj
                0x080037d2       0x3e ./Core/Src/main.o
                0x080037d2                std::allocator_traits<std::allocator<unsigned long> >::deallocate(std::allocator<unsigned long>&, unsigned long*, unsigned int)
 .text._ZSt8_DestroyIPmEvT_S1_
                0x08003810       0x2c ./Core/Src/main.o
                0x08003810                void std::_Destroy<unsigned long*>(unsigned long*, unsigned long*)
 .text._ZSteqRKSaImES1_
                0x0800383c       0x18 ./Core/Src/main.o
                0x0800383c                std::operator==(std::allocator<unsigned long> const&, std::allocator<unsigned long> const&)
 .text._ZNSt12_Vector_baseImSaImEE17_Vector_impl_data12_M_swap_dataERS2_
                0x08003854       0x3e ./Core/Src/main.o
                0x08003854                std::_Vector_base<unsigned long, std::allocator<unsigned long> >::_Vector_impl_data::_M_swap_data(std::_Vector_base<unsigned long, std::allocator<unsigned long> >::_Vector_impl_data&)
 .text._ZN9__gnu_cxx14__alloc_traitsISaImEmE10_S_on_swapERS1_S3_
                0x08003892       0x1a ./Core/Src/main.o
                0x08003892                __gnu_cxx::__alloc_traits<std::allocator<unsigned long>, unsigned long>::_S_on_swap(std::allocator<unsigned long>&, std::allocator<unsigned long>&)
 .text._ZNSt16allocator_traitsISaImEE8max_sizeERKS0_
                0x080038ac       0x18 ./Core/Src/main.o
                0x080038ac                std::allocator_traits<std::allocator<unsigned long> >::max_size(std::allocator<unsigned long> const&)
 .text._ZNSt6vectorImSaImEE11_S_max_sizeERKS0_
                0x080038c4       0x34 ./Core/Src/main.o
                0x080038c4                std::vector<unsigned long, std::allocator<unsigned long> >::_S_max_size(std::allocator<unsigned long> const&)
 .text._ZNSt12_Vector_baseImSaImEE12_Vector_implC2ERKS0_
                0x080038f8       0x24 ./Core/Src/main.o
                0x080038f8                std::_Vector_base<unsigned long, std::allocator<unsigned long> >::_Vector_impl::_Vector_impl(std::allocator<unsigned long> const&)
                0x080038f8                std::_Vector_base<unsigned long, std::allocator<unsigned long> >::_Vector_impl::_Vector_impl(std::allocator<unsigned long> const&)
 .text._ZNSt12_Vector_baseImSaImEE17_M_create_storageEj
                0x0800391c       0x36 ./Core/Src/main.o
                0x0800391c                std::_Vector_base<unsigned long, std::allocator<unsigned long> >::_M_create_storage(unsigned int)
 .text._ZSt24__uninitialized_fill_n_aIPmjmmET_S1_T0_RKT1_RSaIT2_E
                0x08003952       0x3c ./Core/Src/main.o
                0x08003952                unsigned long* std::__uninitialized_fill_n_a<unsigned long*, unsigned int, unsigned long, unsigned long>(unsigned long*, unsigned int, unsigned long const&, std::allocator<unsigned long>&)
 .text._ZNKSt12_Vector_baseImSaImEE13get_allocatorEv
                0x0800398e       0x22 ./Core/Src/main.o
                0x0800398e                std::_Vector_base<unsigned long, std::allocator<unsigned long> >::get_allocator() const
 .text._ZNSt6vectorImSaImEEC2ERKS0_
                0x080039b0       0x1e ./Core/Src/main.o
                0x080039b0                std::vector<unsigned long, std::allocator<unsigned long> >::vector(std::allocator<unsigned long> const&)
                0x080039b0                std::vector<unsigned long, std::allocator<unsigned long> >::vector(std::allocator<unsigned long> const&)
 .text._ZSt15__alloc_on_moveISaImEEvRT_S2_
                0x080039ce       0x18 ./Core/Src/main.o
                0x080039ce                void std::__alloc_on_move<std::allocator<unsigned long> >(std::allocator<unsigned long>&, std::allocator<unsigned long>&)
 .text._ZNSt15__new_allocatorImEC2ERKS0_
                0x080039e6       0x18 ./Core/Src/main.o
                0x080039e6                std::__new_allocator<unsigned long>::__new_allocator(std::__new_allocator<unsigned long> const&)
                0x080039e6                std::__new_allocator<unsigned long>::__new_allocator(std::__new_allocator<unsigned long> const&)
 .text._ZNSt12_Destroy_auxILb0EE9__destroyIPmEEvT_S3_
                0x080039fe       0x32 ./Core/Src/main.o
                0x080039fe                void std::_Destroy_aux<false>::__destroy<unsigned long*>(unsigned long*, unsigned long*)
 .text._ZNSt12_Destroy_auxILb1EE9__destroyIPmEEvT_S3_
                0x08003a30       0x16 ./Core/Src/main.o
                0x08003a30                void std::_Destroy_aux<true>::__destroy<unsigned long*>(unsigned long*, unsigned long*)
 .text._ZNSt12_Vector_baseImSaImEE17_Vector_impl_data12_M_copy_dataERKS2_
                0x08003a46       0x2e ./Core/Src/main.o
                0x08003a46                std::_Vector_base<unsigned long, std::allocator<unsigned long> >::_Vector_impl_data::_M_copy_data(std::_Vector_base<unsigned long, std::allocator<unsigned long> >::_Vector_impl_data const&)
 .text._ZSt15__alloc_on_swapISaImEEvRT_S2_
                0x08003a74       0x16 ./Core/Src/main.o
                0x08003a74                void std::__alloc_on_swap<std::allocator<unsigned long> >(std::allocator<unsigned long>&, std::allocator<unsigned long>&)
 .text._ZSt3minIjERKT_S2_S2_
                0x08003a8a       0x28 ./Core/Src/main.o
                0x08003a8a                unsigned int const& std::min<unsigned int>(unsigned int const&, unsigned int const&)
 .text._ZNSt12_Vector_baseImSaImEE11_M_allocateEj
                0x08003ab2       0x28 ./Core/Src/main.o
                0x08003ab2                std::_Vector_base<unsigned long, std::allocator<unsigned long> >::_M_allocate(unsigned int)
 .text._ZSt18__do_uninit_fill_nIPmjmET_S1_T0_RKT1_
                0x08003ada       0x3e ./Core/Src/main.o
                0x08003ada                unsigned long* std::__do_uninit_fill_n<unsigned long*, unsigned int, unsigned long>(unsigned long*, unsigned int, unsigned long const&)
 .text._ZSt20uninitialized_fill_nIPmjmET_S1_T0_RKT1_
                0x08003b18       0x24 ./Core/Src/main.o
                0x08003b18                unsigned long* std::uninitialized_fill_n<unsigned long*, unsigned int, unsigned long>(unsigned long*, unsigned int, unsigned long const&)
 .text._ZNKSt12_Vector_baseImSaImEE19_M_get_Tp_allocatorEv
                0x08003b3c       0x16 ./Core/Src/main.o
                0x08003b3c                std::_Vector_base<unsigned long, std::allocator<unsigned long> >::_M_get_Tp_allocator() const
 .text._ZNSt12_Vector_baseImSaImEEC2ERKS0_
                0x08003b52       0x1e ./Core/Src/main.o
                0x08003b52                std::_Vector_base<unsigned long, std::allocator<unsigned long> >::_Vector_base(std::allocator<unsigned long> const&)
                0x08003b52                std::_Vector_base<unsigned long, std::allocator<unsigned long> >::_Vector_base(std::allocator<unsigned long> const&)
 .text._ZSt4moveIRSaImEEONSt16remove_referenceIT_E4typeEOS3_
                0x08003b70       0x16 ./Core/Src/main.o
                0x08003b70                std::remove_reference<std::allocator<unsigned long>&>::type&& std::move<std::allocator<unsigned long>&>(std::allocator<unsigned long>&)
 .text._ZNSt15__new_allocatorImE10deallocateEPmj
                0x08003b86       0x1e ./Core/Src/main.o
                0x08003b86                std::__new_allocator<unsigned long>::deallocate(unsigned long*, unsigned int)
 .text._ZSt11__addressofImEPT_RS0_
                0x08003ba4       0x16 ./Core/Src/main.o
                0x08003ba4                unsigned long* std::__addressof<unsigned long>(unsigned long&)
 .text._ZSt8_DestroyImEvPT_
                0x08003bba       0x16 ./Core/Src/main.o
                0x08003bba                void std::_Destroy<unsigned long>(unsigned long*)
 .text._ZNSt16allocator_traitsISaImEE8allocateERS0_j
                0x08003bd0       0x62 ./Core/Src/main.o
                0x08003bd0                std::allocator_traits<std::allocator<unsigned long> >::allocate(std::allocator<unsigned long>&, unsigned int)
 .text._ZSt10_ConstructImJRKmEEvPT_DpOT0_
                0x08003c32       0x44 ./Core/Src/main.o
                0x08003c32                void std::_Construct<unsigned long, unsigned long const&>(unsigned long*, unsigned long const&)
 .text._ZNSt22__uninitialized_fill_nILb1EE15__uninit_fill_nIPmjmEET_S3_T0_RKT1_
                0x08003c76       0x20 ./Core/Src/main.o
                0x08003c76                unsigned long* std::__uninitialized_fill_n<true>::__uninit_fill_n<unsigned long*, unsigned int, unsigned long>(unsigned long*, unsigned int, unsigned long const&)
 .text._ZSt10destroy_atImEvPT_
                0x08003c96       0x14 ./Core/Src/main.o
                0x08003c96                void std::destroy_at<unsigned long>(unsigned long*)
 .text._ZSt7forwardIRKmEOT_RNSt16remove_referenceIS2_E4typeE
                0x08003caa       0x16 ./Core/Src/main.o
                0x08003caa                unsigned long const& std::forward<unsigned long const&>(std::remove_reference<unsigned long const&>::type&)
 .text._ZSt12construct_atImJRKmEEDTgsnwcvPvLi0E_T_pispcl7declvalIT0_EEEEPS3_DpOS4_
                0x08003cc0       0x2c ./Core/Src/main.o
                0x08003cc0                decltype (::new ((void*)(0)) unsigned long((declval<unsigned long const&>)())) std::construct_at<unsigned long, unsigned long const&>(unsigned long*, unsigned long const&)
 .text._ZSt6fill_nIPmjmET_S1_T0_RKT1_
                0x08003cec       0x36 ./Core/Src/main.o
                0x08003cec                unsigned long* std::fill_n<unsigned long*, unsigned int, unsigned long>(unsigned long*, unsigned int, unsigned long const&)
 .text._ZNSt15__new_allocatorImE8allocateEjPKv
                0x08003d22       0x54 ./Core/Src/main.o
                0x08003d22                std::__new_allocator<unsigned long>::allocate(unsigned int, void const*)
 .text._ZSt19__iterator_categoryIPmENSt15iterator_traitsIT_E17iterator_categoryERKS2_
                0x08003d76       0x14 ./Core/Src/main.o
                0x08003d76                std::iterator_traits<unsigned long*>::iterator_category std::__iterator_category<unsigned long*>(unsigned long* const&)
 .text._ZSt10__fill_n_aIPmjmET_S1_T0_RKT1_St26random_access_iterator_tag
                0x08003d8a       0x3a ./Core/Src/main.o
                0x08003d8a                unsigned long* std::__fill_n_a<unsigned long*, unsigned int, unsigned long>(unsigned long*, unsigned int, unsigned long const&, std::random_access_iterator_tag)
 .text._ZNKSt15__new_allocatorImE11_M_max_sizeEv
                0x08003dc4       0x18 ./Core/Src/main.o
                0x08003dc4                std::__new_allocator<unsigned long>::_M_max_size() const
 .text._ZSt8__fill_aIPmmEvT_S1_RKT0_
                0x08003ddc       0x1e ./Core/Src/main.o
                0x08003ddc                void std::__fill_a<unsigned long*, unsigned long>(unsigned long*, unsigned long*, unsigned long const&)
 .text._ZSt9__fill_a1IPmmEN9__gnu_cxx11__enable_ifIXsrSt11__is_scalarIT0_E7__valueEvE6__typeET_S8_RKS4_
                0x08003dfa       0x36 ./Core/Src/main.o
                0x08003dfa                __gnu_cxx::__enable_if<std::__is_scalar<unsigned long>::__value, void>::__type std::__fill_a1<unsigned long*, unsigned long>(unsigned long*, unsigned long*, unsigned long const&)
 .text._Z41__static_initialization_and_destruction_0ii
                0x08003e30       0x8c ./Core/Src/main.o
 .text._GLOBAL__sub_I__ZN15stm32_hrtim_pwm15getTimerAOutputEv
                0x08003ebc       0x10 ./Core/Src/main.o
 .text._GLOBAL__sub_D__ZN15stm32_hrtim_pwm15getTimerAOutputEv
                0x08003ecc       0x10 ./Core/Src/main.o
 .text.HAL_MspInit
                0x08003edc       0x48 ./Core/Src/stm32g4xx_hal_msp.o
                0x08003edc                HAL_MspInit
 .text.NMI_Handler
                0x08003f24        0x8 ./Core/Src/stm32g4xx_it.o
                0x08003f24                NMI_Handler
 .text.HardFault_Handler
                0x08003f2c        0x8 ./Core/Src/stm32g4xx_it.o
                0x08003f2c                HardFault_Handler
 .text.MemManage_Handler
                0x08003f34        0x8 ./Core/Src/stm32g4xx_it.o
                0x08003f34                MemManage_Handler
 .text.BusFault_Handler
                0x08003f3c        0x8 ./Core/Src/stm32g4xx_it.o
                0x08003f3c                BusFault_Handler
 .text.UsageFault_Handler
                0x08003f44        0x8 ./Core/Src/stm32g4xx_it.o
                0x08003f44                UsageFault_Handler
 .text.SVC_Handler
                0x08003f4c        0xe ./Core/Src/stm32g4xx_it.o
                0x08003f4c                SVC_Handler
 .text.DebugMon_Handler
                0x08003f5a        0xe ./Core/Src/stm32g4xx_it.o
                0x08003f5a                DebugMon_Handler
 .text.PendSV_Handler
                0x08003f68        0xe ./Core/Src/stm32g4xx_it.o
                0x08003f68                PendSV_Handler
 .text.SysTick_Handler
                0x08003f76        0xc ./Core/Src/stm32g4xx_it.o
                0x08003f76                SysTick_Handler
 *fill*         0x08003f82        0x2 
 .text.DMA1_Channel1_IRQHandler
                0x08003f84       0x14 ./Core/Src/stm32g4xx_it.o
                0x08003f84                DMA1_Channel1_IRQHandler
 .text.DMA1_Channel2_IRQHandler
                0x08003f98       0x14 ./Core/Src/stm32g4xx_it.o
                0x08003f98                DMA1_Channel2_IRQHandler
 .text.DMA1_Channel3_IRQHandler
                0x08003fac       0x20 ./Core/Src/stm32g4xx_it.o
                0x08003fac                DMA1_Channel3_IRQHandler
 .text.DMA1_Channel4_IRQHandler
                0x08003fcc       0x14 ./Core/Src/stm32g4xx_it.o
                0x08003fcc                DMA1_Channel4_IRQHandler
 .text.DMA1_Channel5_IRQHandler
                0x08003fe0       0x14 ./Core/Src/stm32g4xx_it.o
                0x08003fe0                DMA1_Channel5_IRQHandler
 .text.ADC1_2_IRQHandler
                0x08003ff4       0x1c ./Core/Src/stm32g4xx_it.o
                0x08003ff4                ADC1_2_IRQHandler
 .text.TIM1_UP_TIM16_IRQHandler
                0x08004010       0x14 ./Core/Src/stm32g4xx_it.o
                0x08004010                TIM1_UP_TIM16_IRQHandler
 .text.USART1_IRQHandler
                0x08004024       0x14 ./Core/Src/stm32g4xx_it.o
                0x08004024                USART1_IRQHandler
 .text.ADC3_IRQHandler
                0x08004038       0x14 ./Core/Src/stm32g4xx_it.o
                0x08004038                ADC3_IRQHandler
 .text._getpid  0x0800404c       0x10 ./Core/Src/syscalls.o
                0x0800404c                _getpid
 .text._kill    0x0800405c       0x20 ./Core/Src/syscalls.o
                0x0800405c                _kill
 .text._exit    0x0800407c       0x16 ./Core/Src/syscalls.o
                0x0800407c                _exit
 .text._read    0x08004092       0x3a ./Core/Src/syscalls.o
                0x08004092                _read
 .text._write   0x080040cc       0x38 ./Core/Src/syscalls.o
                0x080040cc                _write
 .text._close   0x08004104       0x18 ./Core/Src/syscalls.o
                0x08004104                _close
 .text._fstat   0x0800411c       0x20 ./Core/Src/syscalls.o
                0x0800411c                _fstat
 .text._isatty  0x0800413c       0x16 ./Core/Src/syscalls.o
                0x0800413c                _isatty
 .text._lseek   0x08004152       0x1a ./Core/Src/syscalls.o
                0x08004152                _lseek
 .text._sbrk    0x0800416c       0x6c ./Core/Src/sysmem.o
                0x0800416c                _sbrk
 .text.SystemInit
                0x080041d8       0x24 ./Core/Src/system_stm32g4xx.o
                0x080041d8                SystemInit
 .text.MX_TIM1_Init
                0x080041fc       0xa8 ./Core/Src/tim.o
                0x080041fc                MX_TIM1_Init
 .text.HAL_TIM_Base_MspInit
                0x080042a4       0x4c ./Core/Src/tim.o
                0x080042a4                HAL_TIM_Base_MspInit
 .text.MX_USART1_UART_Init
                0x080042f0       0x98 ./Core/Src/usart.o
                0x080042f0                MX_USART1_UART_Init
 .text.HAL_UART_MspInit
                0x08004388      0x178 ./Core/Src/usart.o
                0x08004388                HAL_UART_MspInit
 .text.__io_putchar
                0x08004500       0x24 ./Core/Src/usart.o
                0x08004500                __io_putchar
 .text.Reset_Handler
                0x08004524       0x50 ./Core/Startup/startup_stm32g474retx.o
                0x08004524                Reset_Handler
 .text.Default_Handler
                0x08004574        0x2 ./Core/Startup/startup_stm32g474retx.o
                0x08004574                RTC_Alarm_IRQHandler
                0x08004574                EXTI2_IRQHandler
                0x08004574                TIM8_TRG_COM_IRQHandler
                0x08004574                TIM8_CC_IRQHandler
                0x08004574                HRTIM1_Master_IRQHandler
                0x08004574                SPI4_IRQHandler
                0x08004574                FDCAN3_IT0_IRQHandler
                0x08004574                TIM1_CC_IRQHandler
                0x08004574                HRTIM1_FLT_IRQHandler
                0x08004574                HRTIM1_TIMF_IRQHandler
                0x08004574                USB_HP_IRQHandler
                0x08004574                CORDIC_IRQHandler
                0x08004574                HRTIM1_TIMD_IRQHandler
                0x08004574                DMA2_Channel8_IRQHandler
                0x08004574                EXTI3_IRQHandler
                0x08004574                I2C3_ER_IRQHandler
                0x08004574                EXTI0_IRQHandler
                0x08004574                I2C2_EV_IRQHandler
                0x08004574                FPU_IRQHandler
                0x08004574                FDCAN1_IT1_IRQHandler
                0x08004574                HRTIM1_TIME_IRQHandler
                0x08004574                SPI1_IRQHandler
                0x08004574                TIM6_DAC_IRQHandler
                0x08004574                HRTIM1_TIMC_IRQHandler
                0x08004574                TIM8_UP_IRQHandler
                0x08004574                DMA2_Channel2_IRQHandler
                0x08004574                TIM20_TRG_COM_IRQHandler
                0x08004574                USART3_IRQHandler
                0x08004574                DMA1_Channel7_IRQHandler
                0x08004574                UART5_IRQHandler
                0x08004574                TIM4_IRQHandler
                0x08004574                DMA2_Channel1_IRQHandler
                0x08004574                QUADSPI_IRQHandler
                0x08004574                I2C1_EV_IRQHandler
                0x08004574                DMA1_Channel6_IRQHandler
                0x08004574                UART4_IRQHandler
                0x08004574                DMA2_Channel4_IRQHandler
                0x08004574                TIM3_IRQHandler
                0x08004574                RCC_IRQHandler
                0x08004574                TIM20_UP_IRQHandler
                0x08004574                Default_Handler
                0x08004574                DMA2_Channel7_IRQHandler
                0x08004574                RTC_TAMP_LSECSS_IRQHandler
                0x08004574                FMAC_IRQHandler
                0x08004574                EXTI15_10_IRQHandler
                0x08004574                DMA1_Channel8_IRQHandler
                0x08004574                HRTIM1_TIMA_IRQHandler
                0x08004574                TIM7_DAC_IRQHandler
                0x08004574                FDCAN3_IT1_IRQHandler
                0x08004574                TIM5_IRQHandler
                0x08004574                UCPD1_IRQHandler
                0x08004574                I2C3_EV_IRQHandler
                0x08004574                EXTI9_5_IRQHandler
                0x08004574                RTC_WKUP_IRQHandler
                0x08004574                PVD_PVM_IRQHandler
                0x08004574                SPI2_IRQHandler
                0x08004574                ADC5_IRQHandler
                0x08004574                DMA2_Channel5_IRQHandler
                0x08004574                CRS_IRQHandler
                0x08004574                USB_LP_IRQHandler
                0x08004574                EXTI4_IRQHandler
                0x08004574                RNG_IRQHandler
                0x08004574                HRTIM1_TIMB_IRQHandler
                0x08004574                TIM1_TRG_COM_TIM17_IRQHandler
                0x08004574                FDCAN2_IT1_IRQHandler
                0x08004574                ADC4_IRQHandler
                0x08004574                WWDG_IRQHandler
                0x08004574                I2C4_EV_IRQHandler
                0x08004574                FDCAN2_IT0_IRQHandler
                0x08004574                LPUART1_IRQHandler
                0x08004574                DMA2_Channel6_IRQHandler
                0x08004574                FDCAN1_IT0_IRQHandler
                0x08004574                TIM2_IRQHandler
                0x08004574                COMP7_IRQHandler
                0x08004574                COMP1_2_3_IRQHandler
                0x08004574                EXTI1_IRQHandler
                0x08004574                USART2_IRQHandler
                0x08004574                COMP4_5_6_IRQHandler
                0x08004574                TIM20_BRK_IRQHandler
                0x08004574                I2C2_ER_IRQHandler
                0x08004574                TIM8_BRK_IRQHandler
                0x08004574                FLASH_IRQHandler
                0x08004574                TIM20_CC_IRQHandler
                0x08004574                SPI3_IRQHandler
                0x08004574                I2C1_ER_IRQHandler
                0x08004574                FMC_IRQHandler
                0x08004574                LPTIM1_IRQHandler
                0x08004574                DMAMUX_OVR_IRQHandler
                0x08004574                I2C4_ER_IRQHandler
                0x08004574                USBWakeUp_IRQHandler
                0x08004574                SAI1_IRQHandler
                0x08004574                DMA2_Channel3_IRQHandler
                0x08004574                TIM1_BRK_TIM15_IRQHandler
 .text.HAL_Init
                0x08004576       0x30 ./Drivers/STM32G4xx_HAL_Driver/Src/stm32g4xx_hal.o
                0x08004576                HAL_Init
 *fill*         0x080045a6        0x2 
 .text.HAL_InitTick
                0x080045a8       0x74 ./Drivers/STM32G4xx_HAL_Driver/Src/stm32g4xx_hal.o
                0x080045a8                HAL_InitTick
 .text.HAL_IncTick
                0x0800461c       0x24 ./Drivers/STM32G4xx_HAL_Driver/Src/stm32g4xx_hal.o
                0x0800461c                HAL_IncTick
 .text.HAL_GetTick
                0x08004640       0x18 ./Drivers/STM32G4xx_HAL_Driver/Src/stm32g4xx_hal.o
                0x08004640                HAL_GetTick
 .text.LL_ADC_SetCommonClock
                0x08004658       0x26 ./Drivers/STM32G4xx_HAL_Driver/Src/stm32g4xx_hal_adc.o
 .text.LL_ADC_SetCommonPathInternalCh
                0x0800467e       0x26 ./Drivers/STM32G4xx_HAL_Driver/Src/stm32g4xx_hal_adc.o
 .text.LL_ADC_GetCommonPathInternalCh
                0x080046a4       0x1c ./Drivers/STM32G4xx_HAL_Driver/Src/stm32g4xx_hal_adc.o
 .text.LL_ADC_SetOffset
                0x080046c0       0x48 ./Drivers/STM32G4xx_HAL_Driver/Src/stm32g4xx_hal_adc.o
 .text.LL_ADC_GetOffsetChannel
                0x08004708       0x2c ./Drivers/STM32G4xx_HAL_Driver/Src/stm32g4xx_hal_adc.o
 .text.LL_ADC_SetOffsetState
                0x08004734       0x36 ./Drivers/STM32G4xx_HAL_Driver/Src/stm32g4xx_hal_adc.o
 .text.LL_ADC_SetOffsetSign
                0x0800476a       0x36 ./Drivers/STM32G4xx_HAL_Driver/Src/stm32g4xx_hal_adc.o
 .text.LL_ADC_SetOffsetSaturation
                0x080047a0       0x36 ./Drivers/STM32G4xx_HAL_Driver/Src/stm32g4xx_hal_adc.o
 .text.LL_ADC_SetSamplingTimeCommonConfig
                0x080047d6       0x26 ./Drivers/STM32G4xx_HAL_Driver/Src/stm32g4xx_hal_adc.o
 .text.LL_ADC_REG_IsTriggerSourceSWStart
                0x080047fc       0x26 ./Drivers/STM32G4xx_HAL_Driver/Src/stm32g4xx_hal_adc.o
 .text.LL_ADC_REG_SetSequencerRanks
                0x08004822       0x58 ./Drivers/STM32G4xx_HAL_Driver/Src/stm32g4xx_hal_adc.o
 .text.LL_ADC_INJ_IsTriggerSourceSWStart
                0x0800487a       0x26 ./Drivers/STM32G4xx_HAL_Driver/Src/stm32g4xx_hal_adc.o
 .text.LL_ADC_SetChannelSamplingTime
                0x080048a0       0x56 ./Drivers/STM32G4xx_HAL_Driver/Src/stm32g4xx_hal_adc.o
 *fill*         0x080048f6        0x2 
 .text.LL_ADC_SetChannelSingleDiff
                0x080048f8       0x48 ./Drivers/STM32G4xx_HAL_Driver/Src/stm32g4xx_hal_adc.o
 .text.LL_ADC_GetMultimode
                0x08004940       0x1c ./Drivers/STM32G4xx_HAL_Driver/Src/stm32g4xx_hal_adc.o
 .text.LL_ADC_GetMultiDMATransfer
                0x0800495c       0x1c ./Drivers/STM32G4xx_HAL_Driver/Src/stm32g4xx_hal_adc.o
 .text.LL_ADC_DisableDeepPowerDown
                0x08004978       0x24 ./Drivers/STM32G4xx_HAL_Driver/Src/stm32g4xx_hal_adc.o
 .text.LL_ADC_IsDeepPowerDownEnabled
                0x0800499c       0x28 ./Drivers/STM32G4xx_HAL_Driver/Src/stm32g4xx_hal_adc.o
 .text.LL_ADC_EnableInternalRegulator
                0x080049c4       0x28 ./Drivers/STM32G4xx_HAL_Driver/Src/stm32g4xx_hal_adc.o
 .text.LL_ADC_IsInternalRegulatorEnabled
                0x080049ec       0x28 ./Drivers/STM32G4xx_HAL_Driver/Src/stm32g4xx_hal_adc.o
 .text.LL_ADC_Enable
                0x08004a14       0x28 ./Drivers/STM32G4xx_HAL_Driver/Src/stm32g4xx_hal_adc.o
 .text.LL_ADC_Disable
                0x08004a3c       0x28 ./Drivers/STM32G4xx_HAL_Driver/Src/stm32g4xx_hal_adc.o
 .text.LL_ADC_IsEnabled
                0x08004a64       0x26 ./Drivers/STM32G4xx_HAL_Driver/Src/stm32g4xx_hal_adc.o
 .text.LL_ADC_IsDisableOngoing
                0x08004a8a       0x26 ./Drivers/STM32G4xx_HAL_Driver/Src/stm32g4xx_hal_adc.o
 .text.LL_ADC_REG_StartConversion
                0x08004ab0       0x28 ./Drivers/STM32G4xx_HAL_Driver/Src/stm32g4xx_hal_adc.o
 .text.LL_ADC_REG_IsConversionOngoing
                0x08004ad8       0x26 ./Drivers/STM32G4xx_HAL_Driver/Src/stm32g4xx_hal_adc.o
 .text.LL_ADC_INJ_IsConversionOngoing
                0x08004afe       0x26 ./Drivers/STM32G4xx_HAL_Driver/Src/stm32g4xx_hal_adc.o
 .text.HAL_ADC_Init
                0x08004b24      0x378 ./Drivers/STM32G4xx_HAL_Driver/Src/stm32g4xx_hal_adc.o
                0x08004b24                HAL_ADC_Init
 .text.HAL_ADC_Start_DMA
                0x08004e9c      0x1a8 ./Drivers/STM32G4xx_HAL_Driver/Src/stm32g4xx_hal_adc.o
                0x08004e9c                HAL_ADC_Start_DMA
 .text.HAL_ADC_IRQHandler
                0x08005044      0x4c0 ./Drivers/STM32G4xx_HAL_Driver/Src/stm32g4xx_hal_adc.o
                0x08005044                HAL_ADC_IRQHandler
 .text.HAL_ADC_ConvHalfCpltCallback
                0x08005504       0x14 ./Drivers/STM32G4xx_HAL_Driver/Src/stm32g4xx_hal_adc.o
                0x08005504                HAL_ADC_ConvHalfCpltCallback
 .text.HAL_ADC_LevelOutOfWindowCallback
                0x08005518       0x14 ./Drivers/STM32G4xx_HAL_Driver/Src/stm32g4xx_hal_adc.o
                0x08005518                HAL_ADC_LevelOutOfWindowCallback
 .text.HAL_ADC_ErrorCallback
                0x0800552c       0x14 ./Drivers/STM32G4xx_HAL_Driver/Src/stm32g4xx_hal_adc.o
                0x0800552c                HAL_ADC_ErrorCallback
 .text.HAL_ADC_ConfigChannel
                0x08005540      0x880 ./Drivers/STM32G4xx_HAL_Driver/Src/stm32g4xx_hal_adc.o
                0x08005540                HAL_ADC_ConfigChannel
 .text.ADC_Enable
                0x08005dc0      0x12c ./Drivers/STM32G4xx_HAL_Driver/Src/stm32g4xx_hal_adc.o
                0x08005dc0                ADC_Enable
 .text.ADC_Disable
                0x08005eec       0xbe ./Drivers/STM32G4xx_HAL_Driver/Src/stm32g4xx_hal_adc.o
                0x08005eec                ADC_Disable
 .text.ADC_DMAConvCplt
                0x08005faa       0xd8 ./Drivers/STM32G4xx_HAL_Driver/Src/stm32g4xx_hal_adc.o
                0x08005faa                ADC_DMAConvCplt
 .text.ADC_DMAHalfConvCplt
                0x08006082       0x1c ./Drivers/STM32G4xx_HAL_Driver/Src/stm32g4xx_hal_adc.o
                0x08006082                ADC_DMAHalfConvCplt
 .text.ADC_DMAError
                0x0800609e       0x34 ./Drivers/STM32G4xx_HAL_Driver/Src/stm32g4xx_hal_adc.o
                0x0800609e                ADC_DMAError
 .text.LL_ADC_SetCommonPathInternalCh
                0x080060d2       0x26 ./Drivers/STM32G4xx_HAL_Driver/Src/stm32g4xx_hal_adc_ex.o
 .text.LL_ADC_GetCommonPathInternalCh
                0x080060f8       0x1c ./Drivers/STM32G4xx_HAL_Driver/Src/stm32g4xx_hal_adc_ex.o
 .text.LL_ADC_SetOffset
                0x08006114       0x48 ./Drivers/STM32G4xx_HAL_Driver/Src/stm32g4xx_hal_adc_ex.o
 .text.LL_ADC_GetOffsetChannel
                0x0800615c       0x2c ./Drivers/STM32G4xx_HAL_Driver/Src/stm32g4xx_hal_adc_ex.o
 .text.LL_ADC_SetOffsetState
                0x08006188       0x36 ./Drivers/STM32G4xx_HAL_Driver/Src/stm32g4xx_hal_adc_ex.o
 .text.LL_ADC_SetOffsetSign
                0x080061be       0x36 ./Drivers/STM32G4xx_HAL_Driver/Src/stm32g4xx_hal_adc_ex.o
 .text.LL_ADC_SetOffsetSaturation
                0x080061f4       0x36 ./Drivers/STM32G4xx_HAL_Driver/Src/stm32g4xx_hal_adc_ex.o
 .text.LL_ADC_SetSamplingTimeCommonConfig
                0x0800622a       0x26 ./Drivers/STM32G4xx_HAL_Driver/Src/stm32g4xx_hal_adc_ex.o
 .text.LL_ADC_SetChannelSamplingTime
                0x08006250       0x56 ./Drivers/STM32G4xx_HAL_Driver/Src/stm32g4xx_hal_adc_ex.o
 *fill*         0x080062a6        0x2 
 .text.LL_ADC_SetChannelSingleDiff
                0x080062a8       0x48 ./Drivers/STM32G4xx_HAL_Driver/Src/stm32g4xx_hal_adc_ex.o
 .text.LL_ADC_IsEnabled
                0x080062f0       0x26 ./Drivers/STM32G4xx_HAL_Driver/Src/stm32g4xx_hal_adc_ex.o
 .text.LL_ADC_StartCalibration
                0x08006316       0x32 ./Drivers/STM32G4xx_HAL_Driver/Src/stm32g4xx_hal_adc_ex.o
 .text.LL_ADC_IsCalibrationOnGoing
                0x08006348       0x28 ./Drivers/STM32G4xx_HAL_Driver/Src/stm32g4xx_hal_adc_ex.o
 .text.LL_ADC_REG_IsConversionOngoing
                0x08006370       0x26 ./Drivers/STM32G4xx_HAL_Driver/Src/stm32g4xx_hal_adc_ex.o
 .text.LL_ADC_INJ_IsConversionOngoing
                0x08006396       0x26 ./Drivers/STM32G4xx_HAL_Driver/Src/stm32g4xx_hal_adc_ex.o
 .text.HAL_ADCEx_Calibration_Start
                0x080063bc       0xc4 ./Drivers/STM32G4xx_HAL_Driver/Src/stm32g4xx_hal_adc_ex.o
                0x080063bc                HAL_ADCEx_Calibration_Start
 .text.HAL_ADCEx_InjectedQueueOverflowCallback
                0x08006480       0x14 ./Drivers/STM32G4xx_HAL_Driver/Src/stm32g4xx_hal_adc_ex.o
                0x08006480                HAL_ADCEx_InjectedQueueOverflowCallback
 .text.HAL_ADCEx_LevelOutOfWindow2Callback
                0x08006494       0x14 ./Drivers/STM32G4xx_HAL_Driver/Src/stm32g4xx_hal_adc_ex.o
                0x08006494                HAL_ADCEx_LevelOutOfWindow2Callback
 .text.HAL_ADCEx_LevelOutOfWindow3Callback
                0x080064a8       0x14 ./Drivers/STM32G4xx_HAL_Driver/Src/stm32g4xx_hal_adc_ex.o
                0x080064a8                HAL_ADCEx_LevelOutOfWindow3Callback
 .text.HAL_ADCEx_EndOfSamplingCallback
                0x080064bc       0x14 ./Drivers/STM32G4xx_HAL_Driver/Src/stm32g4xx_hal_adc_ex.o
                0x080064bc                HAL_ADCEx_EndOfSamplingCallback
 .text.HAL_ADCEx_InjectedConfigChannel
                0x080064d0      0xa58 ./Drivers/STM32G4xx_HAL_Driver/Src/stm32g4xx_hal_adc_ex.o
                0x080064d0                HAL_ADCEx_InjectedConfigChannel
 .text.HAL_ADCEx_MultiModeConfigChannel
                0x08006f28      0x210 ./Drivers/STM32G4xx_HAL_Driver/Src/stm32g4xx_hal_adc_ex.o
                0x08006f28                HAL_ADCEx_MultiModeConfigChannel
 .text.__NVIC_SetPriorityGrouping
                0x08007138       0x48 ./Drivers/STM32G4xx_HAL_Driver/Src/stm32g4xx_hal_cortex.o
 .text.__NVIC_GetPriorityGrouping
                0x08007180       0x1c ./Drivers/STM32G4xx_HAL_Driver/Src/stm32g4xx_hal_cortex.o
 .text.__NVIC_EnableIRQ
                0x0800719c       0x3c ./Drivers/STM32G4xx_HAL_Driver/Src/stm32g4xx_hal_cortex.o
 .text.__NVIC_SetPriority
                0x080071d8       0x54 ./Drivers/STM32G4xx_HAL_Driver/Src/stm32g4xx_hal_cortex.o
 .text.NVIC_EncodePriority
                0x0800722c       0x66 ./Drivers/STM32G4xx_HAL_Driver/Src/stm32g4xx_hal_cortex.o
 *fill*         0x08007292        0x2 
 .text.__NVIC_SystemReset
                0x08007294       0x2c ./Drivers/STM32G4xx_HAL_Driver/Src/stm32g4xx_hal_cortex.o
 .text.SysTick_Config
                0x080072c0       0x44 ./Drivers/STM32G4xx_HAL_Driver/Src/stm32g4xx_hal_cortex.o
 .text.HAL_NVIC_SetPriorityGrouping
                0x08007304       0x16 ./Drivers/STM32G4xx_HAL_Driver/Src/stm32g4xx_hal_cortex.o
                0x08007304                HAL_NVIC_SetPriorityGrouping
 .text.HAL_NVIC_SetPriority
                0x0800731a       0x34 ./Drivers/STM32G4xx_HAL_Driver/Src/stm32g4xx_hal_cortex.o
                0x0800731a                HAL_NVIC_SetPriority
 .text.HAL_NVIC_EnableIRQ
                0x0800734e       0x1c ./Drivers/STM32G4xx_HAL_Driver/Src/stm32g4xx_hal_cortex.o
                0x0800734e                HAL_NVIC_EnableIRQ
 .text.HAL_NVIC_SystemReset
                0x0800736a        0x8 ./Drivers/STM32G4xx_HAL_Driver/Src/stm32g4xx_hal_cortex.o
                0x0800736a                HAL_NVIC_SystemReset
 .text.HAL_SYSTICK_Config
                0x08007372       0x18 ./Drivers/STM32G4xx_HAL_Driver/Src/stm32g4xx_hal_cortex.o
                0x08007372                HAL_SYSTICK_Config
 *fill*         0x0800738a        0x2 
 .text.HAL_DMA_Init
                0x0800738c      0x150 ./Drivers/STM32G4xx_HAL_Driver/Src/stm32g4xx_hal_dma.o
                0x0800738c                HAL_DMA_Init
 .text.HAL_DMA_Start_IT
                0x080074dc       0xf6 ./Drivers/STM32G4xx_HAL_Driver/Src/stm32g4xx_hal_dma.o
                0x080074dc                HAL_DMA_Start_IT
 .text.HAL_DMA_Abort
                0x080075d2       0xb2 ./Drivers/STM32G4xx_HAL_Driver/Src/stm32g4xx_hal_dma.o
                0x080075d2                HAL_DMA_Abort
 .text.HAL_DMA_Abort_IT
                0x08007684       0xce ./Drivers/STM32G4xx_HAL_Driver/Src/stm32g4xx_hal_dma.o
                0x08007684                HAL_DMA_Abort_IT
 .text.HAL_DMA_IRQHandler
                0x08007752      0x15e ./Drivers/STM32G4xx_HAL_Driver/Src/stm32g4xx_hal_dma.o
                0x08007752                HAL_DMA_IRQHandler
 .text.DMA_SetConfig
                0x080078b0       0x7c ./Drivers/STM32G4xx_HAL_Driver/Src/stm32g4xx_hal_dma.o
 .text.DMA_CalcDMAMUXChannelBaseAndMask
                0x0800792c       0x7c ./Drivers/STM32G4xx_HAL_Driver/Src/stm32g4xx_hal_dma.o
 .text.DMA_CalcDMAMUXRequestGenBaseAndMask
                0x080079a8       0x48 ./Drivers/STM32G4xx_HAL_Driver/Src/stm32g4xx_hal_dma.o
 .text.HAL_GPIO_Init
                0x080079f0      0x304 ./Drivers/STM32G4xx_HAL_Driver/Src/stm32g4xx_hal_gpio.o
                0x080079f0                HAL_GPIO_Init
 .text.HAL_GPIO_WritePin
                0x08007cf4       0x30 ./Drivers/STM32G4xx_HAL_Driver/Src/stm32g4xx_hal_gpio.o
                0x08007cf4                HAL_GPIO_WritePin
 .text.HAL_HRTIM_Init
                0x08007d24      0x1a0 ./Drivers/STM32G4xx_HAL_Driver/Src/stm32g4xx_hal_hrtim.o
                0x08007d24                HAL_HRTIM_Init
 .text.HAL_HRTIM_DLLCalibrationStart
                0x08007ec4       0xb0 ./Drivers/STM32G4xx_HAL_Driver/Src/stm32g4xx_hal_hrtim.o
                0x08007ec4                HAL_HRTIM_DLLCalibrationStart
 .text.HAL_HRTIM_PollForDLLCalibration
                0x08007f74       0x68 ./Drivers/STM32G4xx_HAL_Driver/Src/stm32g4xx_hal_hrtim.o
                0x08007f74                HAL_HRTIM_PollForDLLCalibration
 .text.HAL_HRTIM_TimeBaseConfig
                0x08007fdc       0x50 ./Drivers/STM32G4xx_HAL_Driver/Src/stm32g4xx_hal_hrtim.o
                0x08007fdc                HAL_HRTIM_TimeBaseConfig
 .text.HAL_HRTIM_ADCTriggerConfig
                0x0800802c      0x3d8 ./Drivers/STM32G4xx_HAL_Driver/Src/stm32g4xx_hal_hrtim.o
                0x0800802c                HAL_HRTIM_ADCTriggerConfig
 .text.HAL_HRTIM_ADCPostScalerConfig
                0x08008404      0x294 ./Drivers/STM32G4xx_HAL_Driver/Src/stm32g4xx_hal_hrtim.o
                0x08008404                HAL_HRTIM_ADCPostScalerConfig
 .text.HAL_HRTIM_WaveformTimerConfig
                0x08008698      0x11a ./Drivers/STM32G4xx_HAL_Driver/Src/stm32g4xx_hal_hrtim.o
                0x08008698                HAL_HRTIM_WaveformTimerConfig
 .text.HAL_HRTIM_WaveformTimerControl
                0x080087b2       0x66 ./Drivers/STM32G4xx_HAL_Driver/Src/stm32g4xx_hal_hrtim.o
                0x080087b2                HAL_HRTIM_WaveformTimerControl
 .text.HAL_HRTIM_DeadTimeConfig
                0x08008818      0x100 ./Drivers/STM32G4xx_HAL_Driver/Src/stm32g4xx_hal_hrtim.o
                0x08008818                HAL_HRTIM_DeadTimeConfig
 .text.HAL_HRTIM_WaveformCompareConfig
                0x08008918      0x2dc ./Drivers/STM32G4xx_HAL_Driver/Src/stm32g4xx_hal_hrtim.o
                0x08008918                HAL_HRTIM_WaveformCompareConfig
 .text.HAL_HRTIM_WaveformOutputConfig
                0x08008bf4       0x62 ./Drivers/STM32G4xx_HAL_Driver/Src/stm32g4xx_hal_hrtim.o
                0x08008bf4                HAL_HRTIM_WaveformOutputConfig
 .text.HAL_HRTIM_WaveformOutputStart
                0x08008c56       0x5a ./Drivers/STM32G4xx_HAL_Driver/Src/stm32g4xx_hal_hrtim.o
                0x08008c56                HAL_HRTIM_WaveformOutputStart
 .text.HAL_HRTIM_WaveformCountStart
                0x08008cb0       0x56 ./Drivers/STM32G4xx_HAL_Driver/Src/stm32g4xx_hal_hrtim.o
                0x08008cb0                HAL_HRTIM_WaveformCountStart
 .text.HRTIM_MasterBase_Config
                0x08008d06       0x5e ./Drivers/STM32G4xx_HAL_Driver/Src/stm32g4xx_hal_hrtim.o
 .text.HRTIM_TimingUnitBase_Config
                0x08008d64       0x80 ./Drivers/STM32G4xx_HAL_Driver/Src/stm32g4xx_hal_hrtim.o
 .text.HRTIM_MasterWaveform_Config
                0x08008de4      0x13a ./Drivers/STM32G4xx_HAL_Driver/Src/stm32g4xx_hal_hrtim.o
 *fill*         0x08008f1e        0x2 
 .text.HRTIM_TimingUnitWaveform_Config
                0x08008f20      0x30c ./Drivers/STM32G4xx_HAL_Driver/Src/stm32g4xx_hal_hrtim.o
 .text.HRTIM_TimingUnitWaveform_Control
                0x0800922c       0xc0 ./Drivers/STM32G4xx_HAL_Driver/Src/stm32g4xx_hal_hrtim.o
 .text.HRTIM_OutputConfig
                0x080092ec      0x1d0 ./Drivers/STM32G4xx_HAL_Driver/Src/stm32g4xx_hal_hrtim.o
 .text.HRTIM_ForceRegistersUpdate
                0x080094bc       0xdc ./Drivers/STM32G4xx_HAL_Driver/Src/stm32g4xx_hal_hrtim.o
 .text.HAL_PWREx_ControlVoltageScaling
                0x08009598      0x148 ./Drivers/STM32G4xx_HAL_Driver/Src/stm32g4xx_hal_pwr_ex.o
                0x08009598                HAL_PWREx_ControlVoltageScaling
 .text.HAL_PWREx_DisableUCPDDeadBattery
                0x080096e0       0x20 ./Drivers/STM32G4xx_HAL_Driver/Src/stm32g4xx_hal_pwr_ex.o
                0x080096e0                HAL_PWREx_DisableUCPDDeadBattery
 .text.HAL_RCC_OscConfig
                0x08009700      0x624 ./Drivers/STM32G4xx_HAL_Driver/Src/stm32g4xx_hal_rcc.o
                0x08009700                HAL_RCC_OscConfig
 .text.HAL_RCC_ClockConfig
                0x08009d24      0x278 ./Drivers/STM32G4xx_HAL_Driver/Src/stm32g4xx_hal_rcc.o
                0x08009d24                HAL_RCC_ClockConfig
 .text.HAL_RCC_GetSysClockFreq
                0x08009f9c       0xc4 ./Drivers/STM32G4xx_HAL_Driver/Src/stm32g4xx_hal_rcc.o
                0x08009f9c                HAL_RCC_GetSysClockFreq
 .text.HAL_RCC_GetHCLKFreq
                0x0800a060       0x18 ./Drivers/STM32G4xx_HAL_Driver/Src/stm32g4xx_hal_rcc.o
                0x0800a060                HAL_RCC_GetHCLKFreq
 .text.HAL_RCC_GetPCLK1Freq
                0x0800a078       0x2c ./Drivers/STM32G4xx_HAL_Driver/Src/stm32g4xx_hal_rcc.o
                0x0800a078                HAL_RCC_GetPCLK1Freq
 .text.HAL_RCC_GetPCLK2Freq
                0x0800a0a4       0x2c ./Drivers/STM32G4xx_HAL_Driver/Src/stm32g4xx_hal_rcc.o
                0x0800a0a4                HAL_RCC_GetPCLK2Freq
 .text.RCC_GetSysClockFreqFromPLLSource
                0x0800a0d0       0x8c ./Drivers/STM32G4xx_HAL_Driver/Src/stm32g4xx_hal_rcc.o
 .text.HAL_RCCEx_PeriphCLKConfig
                0x0800a15c      0x49c ./Drivers/STM32G4xx_HAL_Driver/Src/stm32g4xx_hal_rcc_ex.o
                0x0800a15c                HAL_RCCEx_PeriphCLKConfig
 .text.HAL_TIM_Base_Init
                0x0800a5f8       0xae ./Drivers/STM32G4xx_HAL_Driver/Src/stm32g4xx_hal_tim.o
                0x0800a5f8                HAL_TIM_Base_Init
 *fill*         0x0800a6a6        0x2 
 .text.HAL_TIM_Base_Start_IT
                0x0800a6a8       0xf0 ./Drivers/STM32G4xx_HAL_Driver/Src/stm32g4xx_hal_tim.o
                0x0800a6a8                HAL_TIM_Base_Start_IT
 .text.HAL_TIM_IRQHandler
                0x0800a798      0x29e ./Drivers/STM32G4xx_HAL_Driver/Src/stm32g4xx_hal_tim.o
                0x0800a798                HAL_TIM_IRQHandler
 *fill*         0x0800aa36        0x2 
 .text.HAL_TIM_ConfigClockSource
                0x0800aa38      0x22c ./Drivers/STM32G4xx_HAL_Driver/Src/stm32g4xx_hal_tim.o
                0x0800aa38                HAL_TIM_ConfigClockSource
 .text.HAL_TIM_OC_DelayElapsedCallback
                0x0800ac64       0x14 ./Drivers/STM32G4xx_HAL_Driver/Src/stm32g4xx_hal_tim.o
                0x0800ac64                HAL_TIM_OC_DelayElapsedCallback
 .text.HAL_TIM_IC_CaptureCallback
                0x0800ac78       0x14 ./Drivers/STM32G4xx_HAL_Driver/Src/stm32g4xx_hal_tim.o
                0x0800ac78                HAL_TIM_IC_CaptureCallback
 .text.HAL_TIM_PWM_PulseFinishedCallback
                0x0800ac8c       0x14 ./Drivers/STM32G4xx_HAL_Driver/Src/stm32g4xx_hal_tim.o
                0x0800ac8c                HAL_TIM_PWM_PulseFinishedCallback
 .text.HAL_TIM_TriggerCallback
                0x0800aca0       0x14 ./Drivers/STM32G4xx_HAL_Driver/Src/stm32g4xx_hal_tim.o
                0x0800aca0                HAL_TIM_TriggerCallback
 .text.TIM_Base_SetConfig
                0x0800acb4      0x168 ./Drivers/STM32G4xx_HAL_Driver/Src/stm32g4xx_hal_tim.o
                0x0800acb4                TIM_Base_SetConfig
 .text.TIM_TI1_ConfigInputStage
                0x0800ae1c       0x5e ./Drivers/STM32G4xx_HAL_Driver/Src/stm32g4xx_hal_tim.o
 .text.TIM_TI2_ConfigInputStage
                0x0800ae7a       0x60 ./Drivers/STM32G4xx_HAL_Driver/Src/stm32g4xx_hal_tim.o
 .text.TIM_ITRx_SetConfig
                0x0800aeda       0x3a ./Drivers/STM32G4xx_HAL_Driver/Src/stm32g4xx_hal_tim.o
 .text.TIM_ETR_SetConfig
                0x0800af14       0x40 ./Drivers/STM32G4xx_HAL_Driver/Src/stm32g4xx_hal_tim.o
                0x0800af14                TIM_ETR_SetConfig
 .text.HAL_TIMEx_MasterConfigSynchronization
                0x0800af54      0x12c ./Drivers/STM32G4xx_HAL_Driver/Src/stm32g4xx_hal_tim_ex.o
                0x0800af54                HAL_TIMEx_MasterConfigSynchronization
 .text.HAL_TIMEx_CommutCallback
                0x0800b080       0x14 ./Drivers/STM32G4xx_HAL_Driver/Src/stm32g4xx_hal_tim_ex.o
                0x0800b080                HAL_TIMEx_CommutCallback
 .text.HAL_TIMEx_BreakCallback
                0x0800b094       0x14 ./Drivers/STM32G4xx_HAL_Driver/Src/stm32g4xx_hal_tim_ex.o
                0x0800b094                HAL_TIMEx_BreakCallback
 .text.HAL_TIMEx_Break2Callback
                0x0800b0a8       0x14 ./Drivers/STM32G4xx_HAL_Driver/Src/stm32g4xx_hal_tim_ex.o
                0x0800b0a8                HAL_TIMEx_Break2Callback
 .text.HAL_TIMEx_EncoderIndexCallback
                0x0800b0bc       0x14 ./Drivers/STM32G4xx_HAL_Driver/Src/stm32g4xx_hal_tim_ex.o
                0x0800b0bc                HAL_TIMEx_EncoderIndexCallback
 .text.HAL_TIMEx_DirectionChangeCallback
                0x0800b0d0       0x14 ./Drivers/STM32G4xx_HAL_Driver/Src/stm32g4xx_hal_tim_ex.o
                0x0800b0d0                HAL_TIMEx_DirectionChangeCallback
 .text.HAL_TIMEx_IndexErrorCallback
                0x0800b0e4       0x14 ./Drivers/STM32G4xx_HAL_Driver/Src/stm32g4xx_hal_tim_ex.o
                0x0800b0e4                HAL_TIMEx_IndexErrorCallback
 .text.HAL_TIMEx_TransitionErrorCallback
                0x0800b0f8       0x14 ./Drivers/STM32G4xx_HAL_Driver/Src/stm32g4xx_hal_tim_ex.o
                0x0800b0f8                HAL_TIMEx_TransitionErrorCallback
 .text.HAL_UART_Init
                0x0800b10c       0xa0 ./Drivers/STM32G4xx_HAL_Driver/Src/stm32g4xx_hal_uart.o
                0x0800b10c                HAL_UART_Init
 .text.HAL_UART_Transmit
                0x0800b1ac      0x11c ./Drivers/STM32G4xx_HAL_Driver/Src/stm32g4xx_hal_uart.o
                0x0800b1ac                HAL_UART_Transmit
 .text.HAL_UART_IRQHandler
                0x0800b2c8      0x684 ./Drivers/STM32G4xx_HAL_Driver/Src/stm32g4xx_hal_uart.o
                0x0800b2c8                HAL_UART_IRQHandler
 .text.HAL_UART_TxCpltCallback
                0x0800b94c       0x14 ./Drivers/STM32G4xx_HAL_Driver/Src/stm32g4xx_hal_uart.o
                0x0800b94c                HAL_UART_TxCpltCallback
 .text.HAL_UART_RxCpltCallback
                0x0800b960       0x14 ./Drivers/STM32G4xx_HAL_Driver/Src/stm32g4xx_hal_uart.o
                0x0800b960                HAL_UART_RxCpltCallback
 .text.HAL_UART_RxHalfCpltCallback
                0x0800b974       0x14 ./Drivers/STM32G4xx_HAL_Driver/Src/stm32g4xx_hal_uart.o
                0x0800b974                HAL_UART_RxHalfCpltCallback
 .text.HAL_UART_ErrorCallback
                0x0800b988       0x14 ./Drivers/STM32G4xx_HAL_Driver/Src/stm32g4xx_hal_uart.o
                0x0800b988                HAL_UART_ErrorCallback
 .text.UART_SetConfig
                0x0800b99c      0x5f8 ./Drivers/STM32G4xx_HAL_Driver/Src/stm32g4xx_hal_uart.o
                0x0800b99c                UART_SetConfig
 .text.UART_AdvFeatureConfig
                0x0800bf94      0x144 ./Drivers/STM32G4xx_HAL_Driver/Src/stm32g4xx_hal_uart.o
                0x0800bf94                UART_AdvFeatureConfig
 .text.UART_CheckIdleState
                0x0800c0d8      0x154 ./Drivers/STM32G4xx_HAL_Driver/Src/stm32g4xx_hal_uart.o
                0x0800c0d8                UART_CheckIdleState
 .text.UART_WaitOnFlagUntilTimeout
                0x0800c22c       0xda ./Drivers/STM32G4xx_HAL_Driver/Src/stm32g4xx_hal_uart.o
                0x0800c22c                UART_WaitOnFlagUntilTimeout
 *fill*         0x0800c306        0x2 
 .text.UART_Start_Receive_DMA
                0x0800c308      0x14c ./Drivers/STM32G4xx_HAL_Driver/Src/stm32g4xx_hal_uart.o
                0x0800c308                UART_Start_Receive_DMA
 .text.UART_EndTxTransfer
                0x0800c454       0x82 ./Drivers/STM32G4xx_HAL_Driver/Src/stm32g4xx_hal_uart.o
 .text.UART_EndRxTransfer
                0x0800c4d6       0xcc ./Drivers/STM32G4xx_HAL_Driver/Src/stm32g4xx_hal_uart.o
 .text.UART_DMAReceiveCplt
                0x0800c5a2      0x12c ./Drivers/STM32G4xx_HAL_Driver/Src/stm32g4xx_hal_uart.o
 .text.UART_DMARxHalfCplt
                0x0800c6ce       0x3e ./Drivers/STM32G4xx_HAL_Driver/Src/stm32g4xx_hal_uart.o
 .text.UART_DMAError
                0x0800c70c       0x80 ./Drivers/STM32G4xx_HAL_Driver/Src/stm32g4xx_hal_uart.o
 .text.UART_DMAAbortOnError
                0x0800c78c       0x24 ./Drivers/STM32G4xx_HAL_Driver/Src/stm32g4xx_hal_uart.o
 .text.UART_EndTransmit_IT
                0x0800c7b0       0x56 ./Drivers/STM32G4xx_HAL_Driver/Src/stm32g4xx_hal_uart.o
 .text.HAL_UARTEx_WakeupCallback
                0x0800c806       0x14 ./Drivers/STM32G4xx_HAL_Driver/Src/stm32g4xx_hal_uart_ex.o
                0x0800c806                HAL_UARTEx_WakeupCallback
 .text.HAL_UARTEx_RxFifoFullCallback
                0x0800c81a       0x14 ./Drivers/STM32G4xx_HAL_Driver/Src/stm32g4xx_hal_uart_ex.o
                0x0800c81a                HAL_UARTEx_RxFifoFullCallback
 .text.HAL_UARTEx_TxFifoEmptyCallback
                0x0800c82e       0x14 ./Drivers/STM32G4xx_HAL_Driver/Src/stm32g4xx_hal_uart_ex.o
                0x0800c82e                HAL_UARTEx_TxFifoEmptyCallback
 .text.HAL_UARTEx_DisableFifoMode
                0x0800c842       0x72 ./Drivers/STM32G4xx_HAL_Driver/Src/stm32g4xx_hal_uart_ex.o
                0x0800c842                HAL_UARTEx_DisableFifoMode
 .text.HAL_UARTEx_SetTxFifoThreshold
                0x0800c8b4       0x7c ./Drivers/STM32G4xx_HAL_Driver/Src/stm32g4xx_hal_uart_ex.o
                0x0800c8b4                HAL_UARTEx_SetTxFifoThreshold
 .text.HAL_UARTEx_SetRxFifoThreshold
                0x0800c930       0x7c ./Drivers/STM32G4xx_HAL_Driver/Src/stm32g4xx_hal_uart_ex.o
                0x0800c930                HAL_UARTEx_SetRxFifoThreshold
 .text.HAL_UARTEx_ReceiveToIdle_DMA
                0x0800c9ac       0xa8 ./Drivers/STM32G4xx_HAL_Driver/Src/stm32g4xx_hal_uart_ex.o
                0x0800c9ac                HAL_UARTEx_ReceiveToIdle_DMA
 .text.UARTEx_SetNbDataToProcess
                0x0800ca54       0x9c ./Drivers/STM32G4xx_HAL_Driver/Src/stm32g4xx_hal_uart_ex.o
 .text._ZN18Hardware_STM32_ADC18dmaCallbackHandlerEP17ADC_HandleTypeDef
                0x0800caf0       0x26 ./Port/Src/stm32_callback.o
                0x0800caf0                Hardware_STM32_ADC::dmaCallbackHandler(ADC_HandleTypeDef*)
 .text._ZN18Hardware_STM32_ADC17iTCallbackHandlerEP17ADC_HandleTypeDef
                0x0800cb16       0x26 ./Port/Src/stm32_callback.o
                0x0800cb16                Hardware_STM32_ADC::iTCallbackHandler(ADC_HandleTypeDef*)
 .text._ZN22Hardware_STM32_Message15callbackHandlerEP20__UART_HandleTypeDeft
                0x0800cb3c       0x4c ./Port/Src/stm32_callback.o
                0x0800cb3c                Hardware_STM32_Message::callbackHandler(__UART_HandleTypeDef*, unsigned short)
 .text.HAL_ADC_ConvCpltCallback
                0x0800cb88       0x34 ./Port/Src/stm32_callback.o
                0x0800cb88                HAL_ADC_ConvCpltCallback
 .text.HAL_ADCEx_InjectedConvCpltCallback
                0x0800cbbc       0x34 ./Port/Src/stm32_callback.o
                0x0800cbbc                HAL_ADCEx_InjectedConvCpltCallback
 .text.HAL_UARTEx_RxEventCallback
                0x0800cbf0       0x34 ./Port/Src/stm32_callback.o
                0x0800cbf0                HAL_UARTEx_RxEventCallback
 .text.HAL_TIM_PeriodElapsedCallback
                0x0800cc24       0x30 ./Port/Src/stm32_callback.o
                0x0800cc24                HAL_TIM_PeriodElapsedCallback
 .text._DoInit  0x0800cc54       0xa4 ./Segger/debug/SEGGER_RTT.o
 .text.SEGGER_RTT_ReadNoLock
                0x0800ccf8      0x104 ./Segger/debug/SEGGER_RTT.o
                0x0800ccf8                SEGGER_RTT_ReadNoLock
 .text.SEGGER_RTT_WriteSkipNoLock
                0x0800cdfc      0x120 ./Segger/debug/SEGGER_RTT.o
                0x0800cdfc                SEGGER_RTT_WriteSkipNoLock
 .text.SEGGER_RTT_ConfigUpBuffer
                0x0800cf1c       0xd4 ./Segger/debug/SEGGER_RTT.o
                0x0800cf1c                SEGGER_RTT_ConfigUpBuffer
 .text.SEGGER_RTT_ConfigDownBuffer
                0x0800cff0       0xd4 ./Segger/debug/SEGGER_RTT.o
                0x0800cff0                SEGGER_RTT_ConfigDownBuffer
 .text._EncodeStr
                0x0800d0c4       0x9a ./Segger/debug/SEGGER_SYSVIEW.o
 .text._PreparePacket
                0x0800d15e       0x18 ./Segger/debug/SEGGER_SYSVIEW.o
 *fill*         0x0800d176        0x2 
 .text._HandleIncomingPacket
                0x0800d178       0xc4 ./Segger/debug/SEGGER_SYSVIEW.o
 .text._TrySendOverflowPacket
                0x0800d23c       0xe0 ./Segger/debug/SEGGER_SYSVIEW.o
 .text._SendPacket
                0x0800d31c      0x1a8 ./Segger/debug/SEGGER_SYSVIEW.o
 .text.SEGGER_SYSVIEW_Init
                0x0800d4c4       0x7c ./Segger/debug/SEGGER_SYSVIEW.o
                0x0800d4c4                SEGGER_SYSVIEW_Init
 .text.SEGGER_SYSVIEW_SetRAMBase
                0x0800d540       0x20 ./Segger/debug/SEGGER_SYSVIEW.o
                0x0800d540                SEGGER_SYSVIEW_SetRAMBase
 .text.SEGGER_SYSVIEW_RecordVoid
                0x0800d560       0x3c ./Segger/debug/SEGGER_SYSVIEW.o
                0x0800d560                SEGGER_SYSVIEW_RecordVoid
 .text.SEGGER_SYSVIEW_RecordU32
                0x0800d59c       0x78 ./Segger/debug/SEGGER_SYSVIEW.o
                0x0800d59c                SEGGER_SYSVIEW_RecordU32
 .text.SEGGER_SYSVIEW_RecordU32x2
                0x0800d614       0xb4 ./Segger/debug/SEGGER_SYSVIEW.o
                0x0800d614                SEGGER_SYSVIEW_RecordU32x2
 .text.SEGGER_SYSVIEW_Start
                0x0800d6c8      0x178 ./Segger/debug/SEGGER_SYSVIEW.o
                0x0800d6c8                SEGGER_SYSVIEW_Start
 .text.SEGGER_SYSVIEW_Stop
                0x0800d840       0x4c ./Segger/debug/SEGGER_SYSVIEW.o
                0x0800d840                SEGGER_SYSVIEW_Stop
 .text.SEGGER_SYSVIEW_GetSysDesc
                0x0800d88c      0x134 ./Segger/debug/SEGGER_SYSVIEW.o
                0x0800d88c                SEGGER_SYSVIEW_GetSysDesc
 .text.SEGGER_SYSVIEW_SendTaskList
                0x0800d9c0       0x28 ./Segger/debug/SEGGER_SYSVIEW.o
                0x0800d9c0                SEGGER_SYSVIEW_SendTaskList
 .text.SEGGER_SYSVIEW_SendSysDesc
                0x0800d9e8       0x48 ./Segger/debug/SEGGER_SYSVIEW.o
                0x0800d9e8                SEGGER_SYSVIEW_SendSysDesc
 .text.SEGGER_SYSVIEW_RecordSystime
                0x0800da30       0x64 ./Segger/debug/SEGGER_SYSVIEW.o
                0x0800da30                SEGGER_SYSVIEW_RecordSystime
 .text.SEGGER_SYSVIEW_RecordEnterISR
                0x0800da94       0x84 ./Segger/debug/SEGGER_SYSVIEW.o
                0x0800da94                SEGGER_SYSVIEW_RecordEnterISR
 .text.SEGGER_SYSVIEW_RecordExitISR
                0x0800db18       0x38 ./Segger/debug/SEGGER_SYSVIEW.o
                0x0800db18                SEGGER_SYSVIEW_RecordExitISR
 .text.SEGGER_SYSVIEW_OnIdle
                0x0800db50       0x38 ./Segger/debug/SEGGER_SYSVIEW.o
                0x0800db50                SEGGER_SYSVIEW_OnIdle
 .text.SEGGER_SYSVIEW_SendModule
                0x0800db88      0x100 ./Segger/debug/SEGGER_SYSVIEW.o
                0x0800db88                SEGGER_SYSVIEW_SendModule
 .text.SEGGER_SYSVIEW_SendModuleDescription
                0x0800dc88       0x3c ./Segger/debug/SEGGER_SYSVIEW.o
                0x0800dc88                SEGGER_SYSVIEW_SendModuleDescription
 .text.SEGGER_SYSVIEW_SendNumModules
                0x0800dcc4       0x7c ./Segger/debug/SEGGER_SYSVIEW.o
                0x0800dcc4                SEGGER_SYSVIEW_SendNumModules
 .text._cbSendSystemDesc
                0x0800dd40       0x1c ./Segger/debug/SEGGER_SYSVIEW_Config_NoOS.o
 .text.SEGGER_SYSVIEW_Conf
                0x0800dd5c       0x54 ./Segger/debug/SEGGER_SYSVIEW_Config_NoOS.o
                0x0800dd5c                SEGGER_SYSVIEW_Conf
 .text._ZdlPv   0x0800ddb0        0x4 F:/CubeIDE/CUBEIDE/STM32CubeIDE_1.16.1/STM32CubeIDE/plugins/com.st.stm32cube.ide.mcu.externaltools.gnu-tools-for-stm32.12.3.rel1.win32_1.0.200.202406191623/tools/bin/../lib/gcc/arm-none-eabi/12.3.1/../../../../arm-none-eabi/lib/thumb/v7e-m+fp/hard\libstdc++_nano.a(del_op.o)
                0x0800ddb0                operator delete(void*)
 .text._ZdlPvj  0x0800ddb4        0x4 F:/CubeIDE/CUBEIDE/STM32CubeIDE_1.16.1/STM32CubeIDE/plugins/com.st.stm32cube.ide.mcu.externaltools.gnu-tools-for-stm32.12.3.rel1.win32_1.0.200.202406191623/tools/bin/../lib/gcc/arm-none-eabi/12.3.1/../../../../arm-none-eabi/lib/thumb/v7e-m+fp/hard\libstdc++_nano.a(del_ops.o)
                0x0800ddb4                operator delete(void*, unsigned int)
 .text._Znwj    0x0800ddb8       0x22 F:/CubeIDE/CUBEIDE/STM32CubeIDE_1.16.1/STM32CubeIDE/plugins/com.st.stm32cube.ide.mcu.externaltools.gnu-tools-for-stm32.12.3.rel1.win32_1.0.200.202406191623/tools/bin/../lib/gcc/arm-none-eabi/12.3.1/../../../../arm-none-eabi/lib/thumb/v7e-m+fp/hard\libstdc++_nano.a(new_op.o)
                0x0800ddb8                operator new(unsigned int)