../Segger/debug/SEGGER_RTT.c:526:10:SEGGER_RTT_ReadNoLock	40	static
../Segger/debug/SEGGER_RTT.c:616:10:SEGGER_RTT_Read	48	static,ignoring_inline_asm
../Segger/debug/SEGGER_RTT.c:655:6:SEGGER_RTT_WriteWithOverwriteNoLock	40	static
../Segger/debug/SEGGER_RTT.c:751:10:SEGGER_RTT_WriteSkipNoLock	40	static
../Segger/debug/SEGGER_RTT.c:895:10:SEGGER_RTT_WriteNoLock	48	static
../Segger/debug/SEGGER_RTT.c:966:10:SEGGER_RTT_Write	48	static,ignoring_inline_asm
../Segger/debug/SEGGER_RTT.c:1003:10:SEGGER_RTT_WriteString	48	static,ignoring_inline_asm
../Segger/debug/SEGGER_RTT.c:1033:10:SEGGER_RTT_PutCharSkipNoLock	16	static
../Segger/debug/SEGGER_RTT.c:1080:10:SEGGER_RTT_PutCharSkip	16	static,ignoring_inline_asm
../Segger/debug/SEGGER_RTT.c:1136:10:SEGGER_RTT_PutChar	20	static,ignoring_inline_asm
../Segger/debug/SEGGER_RTT.c:1197:5:SEGGER_RTT_GetKey	40	static,ignoring_inline_asm
../Segger/debug/SEGGER_RTT.c:1225:5:SEGGER_RTT_WaitKey	48	static,ignoring_inline_asm
../Segger/debug/SEGGER_RTT.c:1248:5:SEGGER_RTT_HasKey	8	static
../Segger/debug/SEGGER_RTT.c:1274:10:SEGGER_RTT_HasData	0	static
../Segger/debug/SEGGER_RTT.c:1302:5:SEGGER_RTT_AllocDownBuffer	16	static,ignoring_inline_asm
../Segger/debug/SEGGER_RTT.c:1347:5:SEGGER_RTT_AllocUpBuffer	20	static,ignoring_inline_asm
../Segger/debug/SEGGER_RTT.c:1398:5:SEGGER_RTT_ConfigUpBuffer	12	static,ignoring_inline_asm
../Segger/debug/SEGGER_RTT.c:1445:5:SEGGER_RTT_ConfigDownBuffer	12	static,ignoring_inline_asm
../Segger/debug/SEGGER_RTT.c:1483:5:SEGGER_RTT_SetNameUpBuffer	8	static,ignoring_inline_asm
../Segger/debug/SEGGER_RTT.c:1514:5:SEGGER_RTT_SetNameDownBuffer	8	static,ignoring_inline_asm
../Segger/debug/SEGGER_RTT.c:1545:5:SEGGER_RTT_SetFlagsUpBuffer	8	static,ignoring_inline_asm
../Segger/debug/SEGGER_RTT.c:1576:5:SEGGER_RTT_SetFlagsDownBuffer	8	static,ignoring_inline_asm
../Segger/debug/SEGGER_RTT.c:1600:6:SEGGER_RTT_Init	4	static
../Segger/debug/SEGGER_RTT.c:1618:5:SEGGER_RTT_SetTerminal	40	static,ignoring_inline_asm
../Segger/debug/SEGGER_RTT.c:1668:5:SEGGER_RTT_TerminalOut	64	static,ignoring_inline_asm
