../Segger/debug/SEGGER_SYSVIEW.c:522:12:_TrySendOverflowPacket.isra	32	static
../Segger/debug/SEGGER_SYSVIEW.c:1226:6:SEGGER_SYSVIEW_Init	40	static
../Segger/debug/SEGGER_SYSVIEW.c:1280:6:SEGGER_SYSVIEW_SetRAMBase	0	static
../Segger/debug/SEGGER_SYSVIEW.c:1777:6:SEGGER_SYSVIEW_SendTaskList	0	static
../Segger/debug/SEGGER_SYSVIEW.c:2239:5:SEGGER_SYSVIEW_EncodeU32	0	static
../Segger/debug/SEGGER_SYSVIEW.c:2266:5:SEGGER_SYSVIEW_EncodeString	24	static
../Segger/debug/SEGGER_SYSVIEW.c:2292:5:SEGGER_SYSVIEW_EncodeData	16	static
../Segger/debug/SEGGER_SYSVIEW.c:2320:5:SEGGER_SYSVIEW_EncodeId	0	static
../Segger/debug/SEGGER_SYSVIEW.c:2348:5:SEGGER_SYSVIEW_ShrinkId	0	static
../Segger/debug/SEGGER_SYSVIEW.c:2452:6:SEGGER_SYSVIEW_SendModule	24	static,ignoring_inline_asm
../Segger/debug/SEGGER_SYSVIEW.c:457:13:_HandleIncomingPacket	24	static,ignoring_inline_asm
../Segger/debug/SEGGER_SYSVIEW.c:624:13:_SendPacket	24	static
../Segger/debug/SEGGER_SYSVIEW.c:886:13:_PrintUnsigned	48	static
../Segger/debug/SEGGER_SYSVIEW.c:1050:13:_VPrintTarget	80	static,ignoring_inline_asm
../Segger/debug/SEGGER_SYSVIEW.c:624:13:_SendPacket.constprop	16	static
../Segger/debug/SEGGER_SYSVIEW.c:2370:6:SEGGER_SYSVIEW_RegisterModule	32	static,ignoring_inline_asm
../Segger/debug/SEGGER_SYSVIEW.c:1722:6:SEGGER_SYSVIEW_GetSysDesc	16	static,ignoring_inline_asm
../Segger/debug/SEGGER_SYSVIEW.c:1314:6:SEGGER_SYSVIEW_RecordU32	8	static,ignoring_inline_asm
../Segger/debug/SEGGER_SYSVIEW.c:1337:6:SEGGER_SYSVIEW_RecordU32x2	16	static,ignoring_inline_asm
../Segger/debug/SEGGER_SYSVIEW.c:1362:6:SEGGER_SYSVIEW_RecordU32x3	8	static,ignoring_inline_asm
../Segger/debug/SEGGER_SYSVIEW.c:1389:6:SEGGER_SYSVIEW_RecordU32x4	16	static,ignoring_inline_asm
../Segger/debug/SEGGER_SYSVIEW.c:1418:6:SEGGER_SYSVIEW_RecordU32x5	16	static,ignoring_inline_asm
../Segger/debug/SEGGER_SYSVIEW.c:1449:6:SEGGER_SYSVIEW_RecordU32x6	24	static,ignoring_inline_asm
../Segger/debug/SEGGER_SYSVIEW.c:1482:6:SEGGER_SYSVIEW_RecordU32x7	24	static,ignoring_inline_asm
../Segger/debug/SEGGER_SYSVIEW.c:1517:6:SEGGER_SYSVIEW_RecordU32x8	32	static,ignoring_inline_asm
../Segger/debug/SEGGER_SYSVIEW.c:1554:6:SEGGER_SYSVIEW_RecordU32x9	32	static,ignoring_inline_asm
../Segger/debug/SEGGER_SYSVIEW.c:1593:6:SEGGER_SYSVIEW_RecordU32x10	40	static,ignoring_inline_asm
../Segger/debug/SEGGER_SYSVIEW.c:1628:6:SEGGER_SYSVIEW_RecordString	24	static,ignoring_inline_asm
../Segger/debug/SEGGER_SYSVIEW.c:1750:6:SEGGER_SYSVIEW_SendTaskInfo	40	static,ignoring_inline_asm
../Segger/debug/SEGGER_SYSVIEW.c:1802:6:SEGGER_SYSVIEW_SendSysDesc	24	static,ignoring_inline_asm
../Segger/debug/SEGGER_SYSVIEW.c:1844:6:SEGGER_SYSVIEW_RecordEnterISR	8	static,ignoring_inline_asm
../Segger/debug/SEGGER_SYSVIEW.c:1911:6:SEGGER_SYSVIEW_RecordEnterTimer	8	static,ignoring_inline_asm
../Segger/debug/SEGGER_SYSVIEW.c:1947:6:SEGGER_SYSVIEW_RecordEndCall	8	static,ignoring_inline_asm
../Segger/debug/SEGGER_SYSVIEW.c:1969:6:SEGGER_SYSVIEW_RecordEndCallU32	8	static,ignoring_inline_asm
../Segger/debug/SEGGER_SYSVIEW.c:2007:6:SEGGER_SYSVIEW_OnTaskCreate	8	static,ignoring_inline_asm
../Segger/debug/SEGGER_SYSVIEW.c:2032:6:SEGGER_SYSVIEW_OnTaskTerminate	8	static,ignoring_inline_asm
../Segger/debug/SEGGER_SYSVIEW.c:2056:6:SEGGER_SYSVIEW_OnTaskStartExec	8	static,ignoring_inline_asm
../Segger/debug/SEGGER_SYSVIEW.c:2094:6:SEGGER_SYSVIEW_OnTaskStartReady	8	static,ignoring_inline_asm
../Segger/debug/SEGGER_SYSVIEW.c:2117:6:SEGGER_SYSVIEW_OnTaskStopReady	8	static,ignoring_inline_asm
../Segger/debug/SEGGER_SYSVIEW.c:2140:6:SEGGER_SYSVIEW_OnUserStart	8	static,ignoring_inline_asm
../Segger/debug/SEGGER_SYSVIEW.c:2161:6:SEGGER_SYSVIEW_OnUserStop	8	static,ignoring_inline_asm
../Segger/debug/SEGGER_SYSVIEW.c:2183:6:SEGGER_SYSVIEW_NameResource	24	static,ignoring_inline_asm
../Segger/debug/SEGGER_SYSVIEW.c:2411:6:SEGGER_SYSVIEW_RecordModuleDescription	24	static,ignoring_inline_asm
../Segger/debug/SEGGER_SYSVIEW.c:763:12:_VPrintHost.isra	104	static,ignoring_inline_asm
../Segger/debug/SEGGER_SYSVIEW.c:1820:6:SEGGER_SYSVIEW_RecordSystime	8	static,ignoring_inline_asm
../Segger/debug/SEGGER_SYSVIEW.c:1657:6:SEGGER_SYSVIEW_Start	16	static,ignoring_inline_asm
../Segger/debug/SEGGER_SYSVIEW.c:2212:5:SEGGER_SYSVIEW_SendPacket	24	static,ignoring_inline_asm
../Segger/debug/SEGGER_SYSVIEW.c:2076:6:SEGGER_SYSVIEW_OnTaskStopExec	16	static,ignoring_inline_asm
../Segger/debug/SEGGER_SYSVIEW.c:1871:6:SEGGER_SYSVIEW_RecordExitISR	16	static,ignoring_inline_asm
../Segger/debug/SEGGER_SYSVIEW.c:1893:6:SEGGER_SYSVIEW_RecordExitISRToScheduler	16	static,ignoring_inline_asm
../Segger/debug/SEGGER_SYSVIEW.c:1929:6:SEGGER_SYSVIEW_RecordExitTimer	16	static,ignoring_inline_asm
../Segger/debug/SEGGER_SYSVIEW.c:1988:6:SEGGER_SYSVIEW_OnIdle	16	static,ignoring_inline_asm
../Segger/debug/SEGGER_SYSVIEW.c:1294:6:SEGGER_SYSVIEW_RecordVoid	16	static,ignoring_inline_asm
../Segger/debug/SEGGER_SYSVIEW.c:1703:6:SEGGER_SYSVIEW_Stop	16	static,ignoring_inline_asm
../Segger/debug/SEGGER_SYSVIEW.c:2491:6:SEGGER_SYSVIEW_SendModuleDescription	8	static
../Segger/debug/SEGGER_SYSVIEW.c:2512:6:SEGGER_SYSVIEW_SendNumModules	16	static,ignoring_inline_asm
../Segger/debug/SEGGER_SYSVIEW.c:2539:6:SEGGER_SYSVIEW_PrintfHostEx	12	static
../Segger/debug/SEGGER_SYSVIEW.c:2573:6:SEGGER_SYSVIEW_PrintfHost	16	static
../Segger/debug/SEGGER_SYSVIEW.c:2608:6:SEGGER_SYSVIEW_WarnfHost	16	static
../Segger/debug/SEGGER_SYSVIEW.c:2643:6:SEGGER_SYSVIEW_ErrorfHost	16	static
../Segger/debug/SEGGER_SYSVIEW.c:2676:6:SEGGER_SYSVIEW_PrintfTargetEx	12	static
../Segger/debug/SEGGER_SYSVIEW.c:2695:6:SEGGER_SYSVIEW_PrintfTarget	16	static
../Segger/debug/SEGGER_SYSVIEW.c:2714:6:SEGGER_SYSVIEW_WarnfTarget	16	static
../Segger/debug/SEGGER_SYSVIEW.c:2733:6:SEGGER_SYSVIEW_ErrorfTarget	16	static
../Segger/debug/SEGGER_SYSVIEW.c:2752:6:SEGGER_SYSVIEW_Print	24	static,ignoring_inline_asm
../Segger/debug/SEGGER_SYSVIEW.c:2774:6:SEGGER_SYSVIEW_Warn	24	static,ignoring_inline_asm
../Segger/debug/SEGGER_SYSVIEW.c:2796:6:SEGGER_SYSVIEW_Error	24	static,ignoring_inline_asm
../Segger/debug/SEGGER_SYSVIEW.c:2818:6:SEGGER_SYSVIEW_EnableEvents	0	static
../Segger/debug/SEGGER_SYSVIEW.c:2832:6:SEGGER_SYSVIEW_DisableEvents	0	static
