../Hardware/port/Inc/hw_port_mk1031.h:58:8:virtual void Hardware_MK1031::updateSensorData(const uint8_t*, size_t)	4	static
../Port/Inc/stm32_test.h:1071:8:void stm32_test::vofa_receive_callback_test(uint8_t*, uint16_t)	16	static
../Port/Inc/stm32_test.h:1109:34:static constexpr void stm32_test::keyboard_test()::<lambda()>::_FUN()	0	static
../Port/Inc/stm32_test.h:110:8:void stm32_test::vofaReceiveCallback(uint8_t*, uint16_t)	32	static
../Core/NUEDC/2015.h:69:8:void nuedc_2015::vofaReceiveCallback(uint8_t*, uint16_t)	32	static
../Port/Inc/stm32_test.h:1172:35:static constexpr void stm32_test::oled_test()::<lambda()>::_FUN()	0	static
../Port/Inc/stm32_test.h:1192:35:static constexpr void stm32_test::oled_test()::<lambda()>::_FUN()	16	static
../Port/Inc/stm32_test.h:1180:35:static constexpr void stm32_test::oled_test()::<lambda()>::_FUN()	8	static
../Hardware/port/Inc/hw_port_message.h:74:8:void Hardware_STM32_Message::begin(uint16_t, size_t, UART_HandleTypeDef*)	16	static
../Hardware/port/Inc/hw_port_message.h:74:8:void Hardware_STM32_Message::begin(uint16_t, size_t, UART_HandleTypeDef*)	16	static
../Hardware/port/Inc/hw_port_message.h:74:8:void Hardware_STM32_Message::begin(uint16_t, size_t, UART_HandleTypeDef*)	16	static
../Hardware/port/Inc/hw_port_message.h:138:8:void Hardware_STM32_Message::_startDMA()	0	static
../Hardware/port/Inc/hw_port_message.h:138:8:void Hardware_STM32_Message::_startDMA()	0	static
../Hardware/port/Inc/hw_port_hrtim_pwm.h:46:8:void Hardware_STM32_HRTIM_PWM::begin(HRTIM_HandleTypeDef*, hw_port_hrtim_pwm_channel_t, hw_port_hrtim_pwm_compare_unit_t)	16	static
../Hardware/port/Inc/hw_port_message.h:48:27:Hardware_STM32_Message& Hardware_STM32_Message::operator=(Hardware_STM32_Message&&)	24	static
../Hardware/port/Inc/hw_port_adc.h:58:8:void Hardware_STM32_ADC::begin(ADC_HandleTypeDef*, hw_stm32_adc_mode_t, size_t)	8	static
../Port/Inc/stm32_test.h:1157:35:static constexpr void stm32_test::oled_test()::<lambda()>::_FUN()	16	static
../Port/Inc/stm32_test.h:1238:35:static constexpr void stm32_test::nuedc_2015_init_test()::<lambda()>::_FUN()	0	static
../Port/Inc/stm32_test.h:1223:35:static constexpr void stm32_test::nuedc_2015_init_test()::<lambda()>::_FUN()	16	static
../Port/Inc/stm32_test.h:1246:35:static constexpr void stm32_test::nuedc_2015_init_test()::<lambda()>::_FUN()	8	static
../Port/Inc/stm32_test.h:1258:35:static constexpr void stm32_test::nuedc_2015_init_test()::<lambda()>::_FUN()	16	static
../Port/Inc/stm32_test.h:1293:45:static constexpr void stm32_test::nuedc_2015_init_test()::<lambda(uint8_t*, uint16_t)>::_FUN(uint8_t*, uint16_t)	8	static
../Port/Inc/stm32_test.h:591:42:static constexpr void stm32_test::dc_dc_currentClosedLoop_test()::<lambda(uint8_t*, uint16_t)>::_FUN(uint8_t*, uint16_t)	8	static
../Port/Inc/stm32_test.h:729:42:static constexpr void stm32_test::boost_VoltageClosedLoop_test()::<lambda(uint8_t*, uint16_t)>::_FUN(uint8_t*, uint16_t)	8	static
../Port/Inc/stm32_test.h:598:45:static constexpr void stm32_test::dc_dc_currentClosedLoop_test()::<lambda(uint8_t*, uint16_t)>::_FUN(uint8_t*, uint16_t)	8	static
../Port/Inc/stm32_test.h:922:42:static constexpr void stm32_test::dc_dc_openLoop_test()::<lambda(uint8_t*, uint16_t)>::_FUN(uint8_t*, uint16_t)	8	static
../Port/Inc/stm32_test.h:1286:42:static constexpr void stm32_test::nuedc_2015_init_test()::<lambda(uint8_t*, uint16_t)>::_FUN(uint8_t*, uint16_t)	8	static
../Port/Inc/stm32_test.h:808:45:static constexpr void stm32_test::boost_CurrentVoltageClosedLoop_test()::<lambda(uint8_t*, uint16_t)>::_FUN(uint8_t*, uint16_t)	8	static
../Port/Inc/stm32_test.h:659:42:static constexpr void stm32_test::boost_currentClosedLoop_test()::<lambda(uint8_t*, uint16_t)>::_FUN(uint8_t*, uint16_t)	8	static
../Port/Inc/stm32_test.h:535:42:static constexpr void stm32_test::dc_dc_current_voltage_ClosedLoop_test()::<lambda(uint8_t*, uint16_t)>::_FUN(uint8_t*, uint16_t)	8	static
../Port/Inc/stm32_test.h:500:42:static constexpr void stm32_test::mk1031_sensor_test()::<lambda(uint8_t*, uint16_t)>::_FUN(uint8_t*, uint16_t)	8	static
../Port/Inc/stm32_test.h:666:45:static constexpr void stm32_test::boost_currentClosedLoop_test()::<lambda(uint8_t*, uint16_t)>::_FUN(uint8_t*, uint16_t)	8	static
../Port/Inc/stm32_test.h:736:45:static constexpr void stm32_test::boost_VoltageClosedLoop_test()::<lambda(uint8_t*, uint16_t)>::_FUN(uint8_t*, uint16_t)	8	static
../Port/Inc/stm32_test.h:870:42:static constexpr void stm32_test::boost_openLoop_test()::<lambda(uint8_t*, uint16_t)>::_FUN(uint8_t*, uint16_t)	8	static
../Port/Inc/stm32_test.h:801:42:static constexpr void stm32_test::boost_CurrentVoltageClosedLoop_test()::<lambda(uint8_t*, uint16_t)>::_FUN(uint8_t*, uint16_t)	8	static
../Hardware/port/Inc/hw_port_dac.h:64:23:Hardware_STM32_DAC<MaxPoints>& Hardware_STM32_DAC<MaxPoints>::operator=(Hardware_STM32_DAC<MaxPoints>&&) [with unsigned int MaxPoints = 200]	32	static
../Port/Inc/stm32_hrtim_pwm.h:15:28:Hardware_STM32_HRTIM_PWM stm32_hrtim_pwm::getTimerAOutput()	16	static
../Port/Inc/stm32_hrtim_pwm.h:22:28:Hardware_STM32_HRTIM_PWM stm32_hrtim_pwm::getTimerBOutput()	16	static
../Port/Inc/stm32_hrtim_pwm.h:29:28:Hardware_STM32_HRTIM_PWM stm32_hrtim_pwm::getTimerCOutput()	16	static
../Port/Inc/stm32_adc.h:16:22:Hardware_STM32_ADC stm32_adc::getADC1()	16	static
../Port/Inc/stm32_adc.h:23:22:Hardware_STM32_ADC stm32_adc::getADC2()	16	static
../Port/Inc/stm32_adc.h:30:22:Hardware_STM32_ADC stm32_adc::getADC3()	16	static
../Port/Inc/stm32_relay.h:15:24:Hardware_STM32_Relay stm32_relay::getRelay1()	4	static
../Port/Inc/stm32_us_timer.h:16:27:Hardware_STM32_US_Timer stm32_us_timer::getUsTimer()	16	static
../Hardware/port/Inc/hw_port_message.h:138:8:void Hardware_STM32_Message::_startDMA()	0	static
../Port/Inc/stm32_dc_dc.h:24:3:Algorithim_DC_Buck<Hardware_STM32_HRTIM_PWM, Hardware_STM32_ADC_Wrapper> stm32_dc_dc::getDCBuckADC(Hardware_STM32_HRTIM_PWM*, Hardware_STM32_ADC_Wrapper*)	0	static
../Port/Inc/stm32_dc_dc.h:32:3:Algorithim_DC_Boost<Hardware_STM32_HRTIM_PWM, Hardware_STM32_ADC_Wrapper> stm32_dc_dc::getDCBoostADC(Hardware_STM32_HRTIM_PWM*, Hardware_STM32_ADC_Wrapper*)	0	static
../Port/Inc/stm32_dc_dc.h:40:3:Algorithim_DC_Buck_Boost<Hardware_STM32_HRTIM_PWM, Hardware_STM32_ADC_Wrapper> stm32_dc_dc::getDCBuckBoostADC(Hardware_STM32_HRTIM_PWM*, Hardware_STM32_ADC_Wrapper*)	0	static
../Port/Inc/stm32_dc_dc.h:49:3:Algorithim_DC_Buck<Hardware_STM32_HRTIM_PWM, Hardware_MK1031_Wrapper> stm32_dc_dc::getDCBuckMK1031(Hardware_STM32_HRTIM_PWM*, Hardware_MK1031_Wrapper*)	0	static
../Port/Inc/stm32_dc_dc.h:57:4:Algorithim_DC_Boost<Hardware_STM32_HRTIM_PWM, Hardware_MK1031_Wrapper> stm32_dc_dc::getDCBoostMK1031(Hardware_STM32_HRTIM_PWM*, Hardware_MK1031_Wrapper*)	0	static
../Port/Inc/stm32_dc_dc.h:65:4:Algorithim_DC_Buck_Boost<Hardware_STM32_HRTIM_PWM, Hardware_MK1031_Wrapper> stm32_dc_dc::getDCBuckBoostMK1031(Hardware_STM32_HRTIM_PWM*, Hardware_MK1031_Wrapper*)	0	static
../Port/Inc/stm32_message.h:18:26:Hardware_STM32_Message stm32_message::getUART1()	16	static
../Port/Inc/stm32_message.h:25:26:Hardware_STM32_Message stm32_message::getUART2()	16	static
../Port/Inc/stm32_message.h:32:26:Hardware_STM32_Message stm32_message::getUART3()	16	static
../Port/Inc/stm32_dac.h:16:27:Hardware_STM32_DAC<200> stm32_dac::getDAC1_CH1()	40	static
../Port/Inc/stm32_dac.h:23:27:Hardware_STM32_DAC<200> stm32_dac::getDAC1_CH2()	40	static
../Port/Inc/stm32_mk1031.h:15:19:Hardware_MK1031 stm32_mk1031::getMK1031(Hardware_STM32_Message*, uint8_t)	16	static
../Port/Inc/stm32_keyboard.h:15:27:Hardware_STM32_Keyboard stm32_keyboard::getKeyboard(uint8_t)	16	static
../Port/Inc/stm32_test.h:255:8:void stm32_test::timerA_pwm_test()	16	static
../Port/Inc/stm32_test.h:266:8:void stm32_test::timerB_pwm_test()	16	static
../Port/Inc/stm32_test.h:276:8:void stm32_test::timerC_pwm_test()	16	static
../Port/Inc/stm32_test.h:287:8:void stm32_test::adc1_dma_test()	32	static
../Port/Inc/stm32_test.h:308:8:void stm32_test::adc1_it_test()	32	static
../Port/Inc/stm32_test.h:324:8:void stm32_test::adc2_dma_test()	32	static
../Port/Inc/stm32_test.h:342:8:void stm32_test::adc2_it_test()	32	static
../Port/Inc/stm32_test.h:359:8:void stm32_test::adc3_dma_test()	8	static
../Port/Inc/stm32_test.h:382:8:void stm32_test::filiter_hilbert_it_singlePoint_test()	32	static
../Port/Inc/stm32_test.h:390:8:void stm32_test::us_timer_test()	8	static
../Port/Inc/stm32_test.h:400:8:void stm32_test::pll_init_test()	872	static
../Port/Inc/stm32_test.h:419:8:void stm32_test::pll_it_test()	56	static
../Port/Inc/stm32_test.h:495:8:void stm32_test::mk1031_sensor_test()	56	static
../Port/Inc/stm32_test.h:525:8:void stm32_test::dc_dc_current_voltage_ClosedLoop_test()	56	static
../Port/Inc/stm32_test.h:578:8:void stm32_test::dc_dc_currentClosedLoop_test()	56	static
../Port/Inc/stm32_test.h:646:8:void stm32_test::boost_currentClosedLoop_test()	56	static
../Port/Inc/stm32_test.h:715:8:void stm32_test::boost_VoltageClosedLoop_test()	64	static
../Port/Inc/stm32_test.h:788:8:void stm32_test::boost_CurrentVoltageClosedLoop_test()	64	static
../Port/Inc/stm32_test.h:860:8:void stm32_test::boost_openLoop_test()	56	static
../Port/Inc/stm32_test.h:912:8:void stm32_test::dc_dc_openLoop_test()	56	static
../Port/Inc/stm32_test.h:961:8:void stm32_test::dc_dc_voltageClosedLoop_test()	40	static
../Port/Inc/stm32_test.h:989:8:void stm32_test::dc_dc_doubleMode_closedLoop_test()	48	static
../Port/Inc/stm32_test.h:1062:8:void stm32_test::vofa_send_test()	8	static
../Port/Inc/stm32_test.h:1082:8:void stm32_test::vofa_receive_test()	32	static
../Port/Inc/stm32_test.h:1097:8:void stm32_test::segger_systemview_test_enable()	8	static
../Port/Inc/stm32_test.h:1106:8:void stm32_test::keyboard_test()	96	static
../Port/Inc/stm32_test.h:1119:8:void stm32_test::oled_menu_test()	24	static
../Port/Inc/stm32_test.h:1152:8:void stm32_test::oled_test()	96	static
../Port/Inc/stm32_test.h:1217:8:void stm32_test::nuedc_2015_init_test()	128	static
../Port/Inc/stm32_test.h:1329:8:void stm32_test::nuedc_2015_tim1Callback_test()	40	static
../Port/Inc/stm32_test.h:1379:8:void stm32_test::nuedc_2015_loop_test()	32	static
../Core/NUEDC/2015.h:179:8:void nuedc_2015::hardware_init()	72	static
../Core/NUEDC/2015.h:212:8:void nuedc_2015::loop()	56	static
../Core/Src/main.cpp:161:6:void SystemClock_Config()	88	static,ignoring_inline_asm
../Core/Src/main.cpp:80:5:int main()	8	static
../Core/Src/main.cpp:211:6:void Error_Handler()	0	static,ignoring_inline_asm
../Hardware/port/Inc/hw_port_dac.h:188:8:void Hardware_STM32_DAC<MaxPoints>::enable() [with unsigned int MaxPoints = 200]	16	static
../Port/Inc/stm32_test.h:373:8:void stm32_test::dac1_dma_test()	848	static
../Port/Inc/stm32_test.h:470:8:void stm32_test::filiter_hilbert_test()	8	static
../Port/Inc/stm32_test.h:481:8:void stm32_test::dq_pll_test()	848	static
../Core/Src/main.cpp:220:1:cpp)	40	static
../Core/Src/main.cpp:220:1:cpp)	8	static
