../Core/Src/stm32g4xx_it.c:91:6:NMI_Handler	0	static
../Core/Src/stm32g4xx_it.c:106:6:HardFault_Handler	0	static
../Core/Src/stm32g4xx_it.c:121:6:MemManage_Handler	0	static
../Core/Src/stm32g4xx_it.c:136:6:BusFault_Handler	0	static
../Core/Src/stm32g4xx_it.c:151:6:UsageFault_Handler	0	static
../Core/Src/stm32g4xx_it.c:166:6:SVC_Handler	0	static
../Core/Src/stm32g4xx_it.c:179:6:DebugMon_Handler	0	static
../Core/Src/stm32g4xx_it.c:192:6:PendSV_Handler	0	static
../Core/Src/stm32g4xx_it.c:205:6:SysTick_Handler	0	static
../Core/Src/stm32g4xx_it.c:226:6:DMA1_Channel1_IRQHandler	0	static
../Core/Src/stm32g4xx_it.c:240:6:DMA1_Channel2_IRQHandler	0	static
../Core/Src/stm32g4xx_it.c:254:6:DMA1_Channel3_IRQHandler	8	static
../Core/Src/stm32g4xx_it.c:270:6:DMA1_Channel4_IRQHandler	0	static
../Core/Src/stm32g4xx_it.c:284:6:DMA1_Channel5_IRQHandler	0	static
../Core/Src/stm32g4xx_it.c:298:6:DMA1_Channel6_IRQHandler	0	static
../Core/Src/stm32g4xx_it.c:312:6:DMA1_Channel7_IRQHandler	0	static
../Core/Src/stm32g4xx_it.c:326:6:ADC1_2_IRQHandler	8	static
../Core/Src/stm32g4xx_it.c:341:6:TIM1_UP_TIM16_IRQHandler	0	static
../Core/Src/stm32g4xx_it.c:355:6:USART1_IRQHandler	0	static
../Core/Src/stm32g4xx_it.c:369:6:USART2_IRQHandler	0	static
../Core/Src/stm32g4xx_it.c:383:6:USART3_IRQHandler	0	static
../Core/Src/stm32g4xx_it.c:397:6:TIM8_UP_IRQHandler	0	static
../Core/Src/stm32g4xx_it.c:411:6:ADC3_IRQHandler	0	static
../Core/Src/stm32g4xx_it.c:425:6:TIM6_DAC_IRQHandler	8	static
../Core/Src/stm32g4xx_it.c:440:6:TIM7_DAC_IRQHandler	0	static
../Core/Src/stm32g4xx_it.c:454:6:DMA2_Channel1_IRQHandler	0	static
../Core/Src/stm32g4xx_it.c:468:6:HRTIM1_TIMC_IRQHandler	0	static
../Core/Src/stm32g4xx_it.c:482:6:DMA1_Channel8_IRQHandler	0	static
../Core/Src/stm32g4xx_it.c:494:6:DMA_TransferComplete	8	static
