../Core/Src/usart.c:35:6:MX_USART1_UART_Init	8	static
../Core/Src/usart.c:79:6:MX_USART2_UART_Init	8	static
../Core/Src/usart.c:122:6:HAL_UART_MspInit	136	static
../Core/Src/usart.c:256:6:HAL_UART_MspDeInit	8	static
../Core/Src/usart.c:316:1:__io_putchar	16	static
F:\CubeIDE\CUBEIDE\STM32CubeIDE_1.16.1\STM32CubeIDE\plugins\com.st.stm32cube.ide.mcu.externaltools.gnu-tools-for-stm32.13.3.rel1.win32_1.0.0.202411081344\tools\bin/../lib/gcc/arm-none-eabi/13.3.1/../../../../arm-none-eabi/include/stdio.h:218:5:fgetc	16	static
