../Hardware/port/Inc/oled.c:10:10:OLED_GET_FPS	0	static
../Hardware/port/Inc/oled.c:17:6:OLED_DrawUpperLowerBorder	64	static
../Hardware/port/Inc/oled.c:50:6:OLED_ShowImage	48	static
../Hardware/port/Inc/oled.c:205:6:OLED_Show_Chinese	184	static
../Hardware/port/Inc/oled.c:248:6:OLED_ShowChar	112	static
../Hardware/port/Inc/oled.c:120:6:OLED_Printf	132	static
../Hardware/port/Inc/oled.c:137:6:OLED_Printf_Centered	128	static
../Hardware/port/Inc/oled.c:167:6:OLED_Printf_Wrap	132	static
../Hardware/port/Inc/oled.c:380:6:OLED_Draw_Rounded_Rect	88	static
../Hardware/port/Inc/oled.c:459:6:OLED_Draw_Clear_Circle	64	static
../Hardware/port/Inc/oled.c:487:6:OLED_Draw_Clear_Line	36	static
../Hardware/port/Inc/oled.c:435:6:OLED_Draw_Clear_Rectangle	32	static
../Hardware/port/Inc/oled.c:325:6:OLED_Draw_Auto_Rounded_Rectangle	72	static
../Hardware/port/Inc/oled.c:541:6:OLED_Draw_Clear_Point	4	static
../Hardware/port/Inc/oled.c:558:9:OLED_Get_Clear_Point	4	static
../Hardware/port/Inc/oled.c:574:6:OLED_Reflash	40	static
../Hardware/port/Inc/oled.c:80:6:OLED_ShowImageWithFadeIn	72	static
../Hardware/port/Inc/oled.c:621:6:OLED_GRAM_CLR	0	static
../Hardware/port/Inc/oled.c:704:6:OLED_WriteCmd	24	static
../Hardware/port/Inc/oled.c:633:6:OLED_Display_On	8	static
../Hardware/port/Inc/oled.c:640:6:OLED_Display_Off	8	static
../Hardware/port/Inc/oled.c:648:6:OLED_Init	8	static
../Hardware/port/Inc/oled.c:718:6:OLED_WriteData	24	static
../Hardware/port/Inc/oled.c:732:6:Software_SPI_Write	24	static
../Hardware/port/Inc/oled.c:744:6:Hardware_SPI_Write	0	static
