F:\CubeIDE\CUBEIDE\STM32CubeIDE_1.16.1\STM32CubeIDE\plugins\com.st.stm32cube.ide.mcu.externaltools.gnu-tools-for-stm32.12.3.rel1.win32_1.0.200.202406191623\tools\arm-none-eabi\include\c++\12.3.1\arm-none-eabi\thumb\v7e-m+fp\hard\bits\c++config.h:516:3:constexpr bool std::__is_constant_evaluated()	4	static
F:\CubeIDE\CUBEIDE\STM32CubeIDE_1.16.1\STM32CubeIDE\plugins\com.st.stm32cube.ide.mcu.externaltools.gnu-tools-for-stm32.12.3.rel1.win32_1.0.200.202406191623\tools\arm-none-eabi\include\c++\12.3.1\type_traits:3520:3:constexpr bool std::is_constant_evaluated()	4	static
../Hardware/port/Inc/hw_port_hrtim_pwm.h:45:8:void Hardware_STM32_HRTIM_PWM::begin(HRTIM_HandleTypeDef*, hw_port_hrtim_pwm_channel_t, hw_port_hrtim_pwm_compare_unit_t)	24	static
../Hardware/port/Inc/hw_port_hrtim_pwm.h:90:8:void Hardware_STM32_HRTIM_PWM::setOutput()	16	static
../Hardware/port/Inc/hw_port_hrtim_pwm.h:107:8:void Hardware_STM32_HRTIM_PWM::setDutyCycle(float)	24	static
../Port/Inc/stm32_hrtim_pwm.h:15:28:Hardware_STM32_HRTIM_PWM stm32_hrtim_pwm::getTimerAOutput()	16	static
../Port/Inc/stm32_hrtim_pwm.h:22:28:Hardware_STM32_HRTIM_PWM stm32_hrtim_pwm::getTimerBOutput()	16	static
../Port/Inc/stm32_hrtim_pwm.h:29:28:Hardware_STM32_HRTIM_PWM stm32_hrtim_pwm::getTimerCOutput()	16	static
F:\CubeIDE\CUBEIDE\STM32CubeIDE_1.16.1\STM32CubeIDE\plugins\com.st.stm32cube.ide.mcu.externaltools.gnu-tools-for-stm32.12.3.rel1.win32_1.0.200.202406191623\tools\bin/../lib/gcc/arm-none-eabi/12.3.1/../../../../arm-none-eabi/include/c++/12.3.1/new:174:33:void* operator new(std::size_t, void*)	16	static
F:\CubeIDE\CUBEIDE\STM32CubeIDE_1.16.1\STM32CubeIDE\plugins\com.st.stm32cube.ide.mcu.externaltools.gnu-tools-for-stm32.12.3.rel1.win32_1.0.200.202406191623\tools\arm-none-eabi\include\c++\12.3.1\bits\stl_algobase.h:1005:3:constexpr unsigned int std::__size_to_integer(unsigned int)	16	static
F:\CubeIDE\CUBEIDE\STM32CubeIDE_1.16.1\STM32CubeIDE\plugins\com.st.stm32cube.ide.mcu.externaltools.gnu-tools-for-stm32.12.3.rel1.win32_1.0.200.202406191623\tools\arm-none-eabi\include\c++\12.3.1\bits\stl_vector.h:133:14:constexpr std::_Vector_base<long unsigned int, std::allocator<long unsigned int> >::_Vector_impl::~_Vector_impl()	16	static
F:\CubeIDE\CUBEIDE\STM32CubeIDE_1.16.1\STM32CubeIDE\plugins\com.st.stm32cube.ide.mcu.externaltools.gnu-tools-for-stm32.12.3.rel1.win32_1.0.200.202406191623\tools\arm-none-eabi\include\c++\12.3.1\bits\stl_vector.h:312:7:constexpr std::_Vector_base<_Tp, _Alloc>::_Vector_base() [with _Tp = long unsigned int; _Alloc = std::allocator<long unsigned int>]	16	static
F:\CubeIDE\CUBEIDE\STM32CubeIDE_1.16.1\STM32CubeIDE\plugins\com.st.stm32cube.ide.mcu.externaltools.gnu-tools-for-stm32.12.3.rel1.win32_1.0.200.202406191623\tools\arm-none-eabi\include\c++\12.3.1\bits\stl_vector.h:526:7:constexpr std::vector<_Tp, _Alloc>::vector() [with _Tp = long unsigned int; _Alloc = std::allocator<long unsigned int>]	16	static
../Hardware/port/Inc/hw_port_adc.h:35:3:Hardware_STM32_ADC::Hardware_STM32_ADC()	16	static
../Hardware/port/Inc/hw_port_adc.h:40:23:Hardware_STM32_ADC& Hardware_STM32_ADC::operator=(Hardware_STM32_ADC&&)	16	static
../Hardware/port/Inc/hw_port_adc.h:56:8:void Hardware_STM32_ADC::begin(ADC_HandleTypeDef*, hw_stm32_adc_mode_t)	48	static
../Hardware/port/Inc/hw_port_adc.h:65:8:void Hardware_STM32_ADC::startSample()	24	static
../Hardware/port/Inc/hw_port_adc.h:82:8:void Hardware_STM32_ADC::startSample_IT()	16	static
../Hardware/port/Inc/hw_port_adc.h:92:9:float Hardware_STM32_ADC::readVoltage()	16	static
../Hardware/port/Inc/hw_port_adc.h:104:9:float Hardware_STM32_ADC::readCurrent()	16	static
../Hardware/port/Inc/hw_port_adc.h:116:10:int8_t Hardware_STM32_ADC::read3Channel_IT(float*, size_t)	24	static
../Hardware/port/Inc/hw_port_adc.h:32:7:constexpr Hardware_STM32_ADC::~Hardware_STM32_ADC()	16	static
../Port/Inc/stm32_adc.h:16:22:Hardware_STM32_ADC stm32_adc::getADC1()	16	static
../Port/Inc/stm32_adc.h:22:22:Hardware_STM32_ADC stm32_adc::getADC2()	16	static
../Port/Inc/stm32_adc.h:28:22:Hardware_STM32_ADC stm32_adc::getADC3()	16	static
../App/algorithim/Inc/alg_pid.h:30:8:void Algorithim_PID::begin(float, float, float, float, float, float)	40	static
../App/algorithim/Inc/alg_pid.h:76:9:float Algorithim_PID::cal_increase(float, float)	48	static
../Hardware/port/Inc/hw_port_relay.h:16:8:void Hardware_STM32_Relay::begin(GPIO_TypeDef*, uint16_t, uint8_t)	24	static
../Hardware/port/Inc/hw_port_relay.h:24:8:void Hardware_STM32_Relay::on()	24	static
../Hardware/port/Inc/hw_port_relay.h:32:8:void Hardware_STM32_Relay::off()	24	static
../Port/Inc/stm32_relay.h:15:24:Hardware_STM32_Relay stm32_relay::getRelay1()	16	static
../Port/Inc/stm32_dc_buck.h:21:3:Algorithim_DC_Buck<Hardware_STM32_HRTIM_PWM, Hardware_STM32_ADC, Hardware_STM32_Relay> stm32_dc_buck::getDCBuck1(Hardware_STM32_HRTIM_PWM*, Hardware_STM32_ADC*, Hardware_STM32_Relay*)	32	static
../Hardware/port/Inc/hw_port_message.h:24:8:void Hardware_STM32_Message::begin(uint16_t, size_t, UART_HandleTypeDef*)	40	static
../Hardware/port/Inc/hw_port_message.h:41:8:void Hardware_STM32_Message::startReceive()	16	static
../Hardware/port/Inc/hw_port_message.h:55:8:void Hardware_STM32_Message::attachEvent(MessageCallback, ProcessEvent)	24	static
../Hardware/port/Inc/hw_port_message.h:63:8:void Hardware_STM32_Message::processHandler()	16	static
../Hardware/port/Inc/hw_port_message.h:83:8:void Hardware_STM32_Message::_startDMA()	16	static
../Hardware/port/Inc/hw_port_message.h:21:7:constexpr Hardware_STM32_Message::Hardware_STM32_Message()	16	static
../Port/Inc/stm32_message.h:18:26:Hardware_STM32_Message stm32_message::getUART1()	16	static
../Port/Inc/stm32_test.h:62:8:void stm32_test::vofaReceiveCallback(uint8_t*, uint16_t)	40	static
../Port/Inc/stm32_test.h:175:8:void stm32_test::timerA_pwm_test()	40	static
../Port/Inc/stm32_test.h:185:8:void stm32_test::timerB_pwm_test()	40	static
../Port/Inc/stm32_test.h:195:8:void stm32_test::timerC_pwm_test()	40	static
../Port/Inc/stm32_test.h:206:8:void stm32_test::adc1_dma_test()	64	static
../Port/Inc/stm32_test.h:227:8:void stm32_test::adc1_it_test()	32	static
../Port/Inc/stm32_test.h:243:8:void stm32_test::adc2_dma_test()	32	static
../Port/Inc/stm32_test.h:261:8:void stm32_test::adc2_it_test()	32	static
../Port/Inc/stm32_test.h:278:8:void stm32_test::adc3_dma_test()	32	static
../Port/Inc/stm32_test.h:298:8:void stm32_test::dc_dc_openLoop_test()	56	static
../Port/Inc/stm32_test.h:313:8:void stm32_test::dc_dc_voltageClosedLoop_test()	56	static
../Port/Inc/stm32_test.h:330:8:void stm32_test::dc_dc_doubleMode_closedLoop_test()	104	static
../Port/Inc/stm32_test.h:398:8:void stm32_test::vofa_send_test()	8	static
../Port/Inc/stm32_test.h:407:8:void stm32_test::vofa_receive_callback_test(uint8_t*, uint16_t)	24	static
../Port/Inc/stm32_test.h:418:8:void stm32_test::vofa_receive_test()	8	static
../Port/Inc/stm32_test.h:430:8:void stm32_test::segger_systemview_test_enable()	8	static
../Core/Src/main.cpp:82:5:int main()	8	static
../Core/Src/main.cpp:138:6:void SystemClock_Config()	88	static
../Core/Src/main.cpp:188:6:void Error_Handler()	4	static,ignoring_inline_asm
F:\CubeIDE\CUBEIDE\STM32CubeIDE_1.16.1\STM32CubeIDE\plugins\com.st.stm32cube.ide.mcu.externaltools.gnu-tools-for-stm32.12.3.rel1.win32_1.0.200.202406191623\tools\arm-none-eabi\include\c++\12.3.1\bits\stl_vector.h:137:2:constexpr std::_Vector_base<_Tp, _Alloc>::_Vector_impl::_Vector_impl() [with _Tp = long unsigned int; _Alloc = std::allocator<long unsigned int>]	16	static
F:\CubeIDE\CUBEIDE\STM32CubeIDE_1.16.1\STM32CubeIDE\plugins\com.st.stm32cube.ide.mcu.externaltools.gnu-tools-for-stm32.12.3.rel1.win32_1.0.200.202406191623\tools\arm-none-eabi\include\c++\12.3.1\bits\allocator.h:174:7:constexpr std::allocator< <template-parameter-1-1> >::~allocator() [with _Tp = long unsigned int]	16	static
F:\CubeIDE\CUBEIDE\STM32CubeIDE_1.16.1\STM32CubeIDE\plugins\com.st.stm32cube.ide.mcu.externaltools.gnu-tools-for-stm32.12.3.rel1.win32_1.0.200.202406191623\tools\arm-none-eabi\include\c++\12.3.1\bits\stl_vector.h:364:7:constexpr std::_Vector_base<_Tp, _Alloc>::~_Vector_base() [with _Tp = long unsigned int; _Alloc = std::allocator<long unsigned int>]	16	static
F:\CubeIDE\CUBEIDE\STM32CubeIDE_1.16.1\STM32CubeIDE\plugins\com.st.stm32cube.ide.mcu.externaltools.gnu-tools-for-stm32.12.3.rel1.win32_1.0.200.202406191623\tools\arm-none-eabi\include\c++\12.3.1\bits\stl_vector.h:728:7:constexpr std::vector<_Tp, _Alloc>::~vector() [with _Tp = long unsigned int; _Alloc = std::allocator<long unsigned int>]	24	static
F:\CubeIDE\CUBEIDE\STM32CubeIDE_1.16.1\STM32CubeIDE\plugins\com.st.stm32cube.ide.mcu.externaltools.gnu-tools-for-stm32.12.3.rel1.win32_1.0.200.202406191623\tools\arm-none-eabi\include\c++\12.3.1\bits\move.h:196:5:constexpr std::_Require<std::__not_<std::__is_tuple_like<_Tp> >, std::is_move_constructible<_Tp>, std::is_move_assignable<_Tp> > std::swap(_Tp&, _Tp&) [with _Tp = ADC_HandleTypeDef*]	24	static
F:\CubeIDE\CUBEIDE\STM32CubeIDE_1.16.1\STM32CubeIDE\plugins\com.st.stm32cube.ide.mcu.externaltools.gnu-tools-for-stm32.12.3.rel1.win32_1.0.200.202406191623\tools\arm-none-eabi\include\c++\12.3.1\bits\move.h:196:5:constexpr std::_Require<std::__not_<std::__is_tuple_like<_Tp> >, std::is_move_constructible<_Tp>, std::is_move_assignable<_Tp> > std::swap(_Tp&, _Tp&) [with _Tp = hw_stm32_adc_dma_ready_t]	24	static
F:\CubeIDE\CUBEIDE\STM32CubeIDE_1.16.1\STM32CubeIDE\plugins\com.st.stm32cube.ide.mcu.externaltools.gnu-tools-for-stm32.12.3.rel1.win32_1.0.200.202406191623\tools\arm-none-eabi\include\c++\12.3.1\bits\move.h:196:5:constexpr std::_Require<std::__not_<std::__is_tuple_like<_Tp> >, std::is_move_constructible<_Tp>, std::is_move_assignable<_Tp> > std::swap(_Tp&, _Tp&) [with _Tp = hw_stm32_adc_it_ready_t]	24	static
F:\CubeIDE\CUBEIDE\STM32CubeIDE_1.16.1\STM32CubeIDE\plugins\com.st.stm32cube.ide.mcu.externaltools.gnu-tools-for-stm32.12.3.rel1.win32_1.0.200.202406191623\tools\arm-none-eabi\include\c++\12.3.1\bits\stl_vector.h:2107:5:constexpr void std::swap(vector<_Tp, _Alloc>&, vector<_Tp, _Alloc>&) [with _Tp = long unsigned int; _Alloc = allocator<long unsigned int>]	16	static
F:\CubeIDE\CUBEIDE\STM32CubeIDE_1.16.1\STM32CubeIDE\plugins\com.st.stm32cube.ide.mcu.externaltools.gnu-tools-for-stm32.12.3.rel1.win32_1.0.200.202406191623\tools\arm-none-eabi\include\c++\12.3.1\bits\allocator.h:156:7:constexpr std::allocator< <template-parameter-1-1> >::allocator() [with _Tp = long unsigned int]	16	static
F:\CubeIDE\CUBEIDE\STM32CubeIDE_1.16.1\STM32CubeIDE\plugins\com.st.stm32cube.ide.mcu.externaltools.gnu-tools-for-stm32.12.3.rel1.win32_1.0.200.202406191623\tools\arm-none-eabi\include\c++\12.3.1\bits\stl_vector.h:564:7:constexpr std::vector<_Tp, _Alloc>::vector(size_type, const value_type&, const allocator_type&) [with _Tp = long unsigned int; _Alloc = std::allocator<long unsigned int>]	32	static
F:\CubeIDE\CUBEIDE\STM32CubeIDE_1.16.1\STM32CubeIDE\plugins\com.st.stm32cube.ide.mcu.externaltools.gnu-tools-for-stm32.12.3.rel1.win32_1.0.200.202406191623\tools\arm-none-eabi\include\c++\12.3.1\bits\stl_vector.h:761:7:constexpr std::vector<_Tp, _Alloc>& std::vector<_Tp, _Alloc>::operator=(std::vector<_Tp, _Alloc>&&) [with _Tp = long unsigned int; _Alloc = std::allocator<long unsigned int>]	32	static
F:\CubeIDE\CUBEIDE\STM32CubeIDE_1.16.1\STM32CubeIDE\plugins\com.st.stm32cube.ide.mcu.externaltools.gnu-tools-for-stm32.12.3.rel1.win32_1.0.200.202406191623\tools\arm-none-eabi\include\c++\12.3.1\bits\stl_vector.h:1255:7:constexpr _Tp* std::vector<_Tp, _Alloc>::data() [with _Tp = long unsigned int; _Alloc = std::allocator<long unsigned int>]	16	static
F:\CubeIDE\CUBEIDE\STM32CubeIDE_1.16.1\STM32CubeIDE\plugins\com.st.stm32cube.ide.mcu.externaltools.gnu-tools-for-stm32.12.3.rel1.win32_1.0.200.202406191623\tools\arm-none-eabi\include\c++\12.3.1\bits\stl_vector.h:987:7:constexpr std::vector<_Tp, _Alloc>::size_type std::vector<_Tp, _Alloc>::size() const [with _Tp = long unsigned int; _Alloc = std::allocator<long unsigned int>]	16	static
F:\CubeIDE\CUBEIDE\STM32CubeIDE_1.16.1\STM32CubeIDE\plugins\com.st.stm32cube.ide.mcu.externaltools.gnu-tools-for-stm32.12.3.rel1.win32_1.0.200.202406191623\tools\arm-none-eabi\include\c++\12.3.1\bits\stl_vector.h:1121:7:constexpr std::vector<_Tp, _Alloc>::reference std::vector<_Tp, _Alloc>::operator[](size_type) [with _Tp = long unsigned int; _Alloc = std::allocator<long unsigned int>]	16	static
../App/algorithim/Inc/alg_dc_buck.h:33:3:Algorithim_DC_Buck<PWM, ADC, RELAY>::Algorithim_DC_Buck() [with PWM = Hardware_STM32_HRTIM_PWM; ADC = Hardware_STM32_ADC; RELAY = Hardware_STM32_Relay]	16	static
../App/algorithim/Inc/alg_dc_buck.h:34:8:void Algorithim_DC_Buck<PWM, ADC, RELAY>::begin(PWM*, float, float, ADC*, RELAY*, float, ADC*) [with PWM = Hardware_STM32_HRTIM_PWM; ADC = Hardware_STM32_ADC; RELAY = Hardware_STM32_Relay]	40	static
../App/algorithim/Inc/alg_dc_buck.h:106:8:bool Algorithim_DC_Buck<PWM, ADC, RELAY>::isEnable() [with PWM = Hardware_STM32_HRTIM_PWM; ADC = Hardware_STM32_ADC; RELAY = Hardware_STM32_Relay]	16	static
../App/algorithim/Inc/alg_dc_buck.h:55:8:void Algorithim_DC_Buck<PWM, ADC, RELAY>::setVin(float) [with PWM = Hardware_STM32_HRTIM_PWM; ADC = Hardware_STM32_ADC; RELAY = Hardware_STM32_Relay]	16	static
../App/algorithim/Inc/alg_dc_buck.h:60:8:void Algorithim_DC_Buck<PWM, ADC, RELAY>::setVout(float) [with PWM = Hardware_STM32_HRTIM_PWM; ADC = Hardware_STM32_ADC; RELAY = Hardware_STM32_Relay]	16	static
../App/algorithim/Inc/alg_dc_buck.h:96:8:void Algorithim_DC_Buck<PWM, ADC, RELAY>::enable() [with PWM = Hardware_STM32_HRTIM_PWM; ADC = Hardware_STM32_ADC; RELAY = Hardware_STM32_Relay]	16	static
../App/algorithim/Inc/alg_dc_buck.h:77:8:void Algorithim_DC_Buck<PWM, ADC, RELAY>::openVoltageLoopControl() [with PWM = Hardware_STM32_HRTIM_PWM; ADC = Hardware_STM32_ADC; RELAY = Hardware_STM32_Relay]	16	static
../App/algorithim/Inc/alg_dc_buck.h:45:8:void Algorithim_DC_Buck<PWM, ADC, RELAY>::setCV_PID(Algorithim_PID*) [with PWM = Hardware_STM32_HRTIM_PWM; ADC = Hardware_STM32_ADC; RELAY = Hardware_STM32_Relay]	16	static
../App/algorithim/Inc/alg_dc_buck.h:81:8:void Algorithim_DC_Buck<PWM, ADC, RELAY>::closedVoltageLoopControl() [with PWM = Hardware_STM32_HRTIM_PWM; ADC = Hardware_STM32_ADC; RELAY = Hardware_STM32_Relay]	40	static
../App/algorithim/Inc/alg_dc_buck.h:50:8:void Algorithim_DC_Buck<PWM, ADC, RELAY>::setCC_PID(Algorithim_PID*) [with PWM = Hardware_STM32_HRTIM_PWM; ADC = Hardware_STM32_ADC; RELAY = Hardware_STM32_Relay]	16	static
../App/algorithim/Inc/alg_dc_buck.h:101:8:void Algorithim_DC_Buck<PWM, ADC, RELAY>::disable() [with PWM = Hardware_STM32_HRTIM_PWM; ADC = Hardware_STM32_ADC; RELAY = Hardware_STM32_Relay]	16	static
../App/algorithim/Inc/alg_dc_buck.h:88:8:void Algorithim_DC_Buck<PWM, ADC, RELAY>::closedCurrentLoopControl() [with PWM = Hardware_STM32_HRTIM_PWM; ADC = Hardware_STM32_ADC; RELAY = Hardware_STM32_Relay]	40	static
F:\CubeIDE\CUBEIDE\STM32CubeIDE_1.16.1\STM32CubeIDE\plugins\com.st.stm32cube.ide.mcu.externaltools.gnu-tools-for-stm32.12.3.rel1.win32_1.0.200.202406191623\tools\arm-none-eabi\include\c++\12.3.1\bits\stl_vector.h:99:2:constexpr std::_Vector_base<_Tp, _Alloc>::_Vector_impl_data::_Vector_impl_data() [with _Tp = long unsigned int; _Alloc = std::allocator<long unsigned int>]	16	static
F:\CubeIDE\CUBEIDE\STM32CubeIDE_1.16.1\STM32CubeIDE\plugins\com.st.stm32cube.ide.mcu.externaltools.gnu-tools-for-stm32.12.3.rel1.win32_1.0.200.202406191623\tools\arm-none-eabi\include\c++\12.3.1\bits\stl_vector.h:383:7:constexpr void std::_Vector_base<_Tp, _Alloc>::_M_deallocate(pointer, std::size_t) [with _Tp = long unsigned int; _Alloc = std::allocator<long unsigned int>]	24	static
F:\CubeIDE\CUBEIDE\STM32CubeIDE_1.16.1\STM32CubeIDE\plugins\com.st.stm32cube.ide.mcu.externaltools.gnu-tools-for-stm32.12.3.rel1.win32_1.0.200.202406191623\tools\arm-none-eabi\include\c++\12.3.1\bits\stl_vector.h:298:7:constexpr std::_Vector_base<_Tp, _Alloc>::_Tp_alloc_type& std::_Vector_base<_Tp, _Alloc>::_M_get_Tp_allocator() [with _Tp = long unsigned int; _Alloc = std::allocator<long unsigned int>]	16	static
F:\CubeIDE\CUBEIDE\STM32CubeIDE_1.16.1\STM32CubeIDE\plugins\com.st.stm32cube.ide.mcu.externaltools.gnu-tools-for-stm32.12.3.rel1.win32_1.0.200.202406191623\tools\arm-none-eabi\include\c++\12.3.1\bits\alloc_traits.h:847:5:constexpr void std::_Destroy(_ForwardIterator, _ForwardIterator, allocator<_T2>&) [with _ForwardIterator = long unsigned int*; _Tp = long unsigned int]	24	static
F:\CubeIDE\CUBEIDE\STM32CubeIDE_1.16.1\STM32CubeIDE\plugins\com.st.stm32cube.ide.mcu.externaltools.gnu-tools-for-stm32.12.3.rel1.win32_1.0.200.202406191623\tools\arm-none-eabi\include\c++\12.3.1\bits\move.h:104:5:constexpr typename std::remove_reference<_Tp>::type&& std::move(_Tp&&) [with _Tp = ADC_HandleTypeDef*&]	16	static
F:\CubeIDE\CUBEIDE\STM32CubeIDE_1.16.1\STM32CubeIDE\plugins\com.st.stm32cube.ide.mcu.externaltools.gnu-tools-for-stm32.12.3.rel1.win32_1.0.200.202406191623\tools\arm-none-eabi\include\c++\12.3.1\bits\move.h:104:5:constexpr typename std::remove_reference<_Tp>::type&& std::move(_Tp&&) [with _Tp = hw_stm32_adc_dma_ready_t&]	16	static
F:\CubeIDE\CUBEIDE\STM32CubeIDE_1.16.1\STM32CubeIDE\plugins\com.st.stm32cube.ide.mcu.externaltools.gnu-tools-for-stm32.12.3.rel1.win32_1.0.200.202406191623\tools\arm-none-eabi\include\c++\12.3.1\bits\move.h:104:5:constexpr typename std::remove_reference<_Tp>::type&& std::move(_Tp&&) [with _Tp = hw_stm32_adc_it_ready_t&]	16	static
F:\CubeIDE\CUBEIDE\STM32CubeIDE_1.16.1\STM32CubeIDE\plugins\com.st.stm32cube.ide.mcu.externaltools.gnu-tools-for-stm32.12.3.rel1.win32_1.0.200.202406191623\tools\arm-none-eabi\include\c++\12.3.1\bits\stl_vector.h:1581:7:constexpr void std::vector<_Tp, _Alloc>::swap(std::vector<_Tp, _Alloc>&) [with _Tp = long unsigned int; _Alloc = std::allocator<long unsigned int>]	24	static
F:\CubeIDE\CUBEIDE\STM32CubeIDE_1.16.1\STM32CubeIDE\plugins\com.st.stm32cube.ide.mcu.externaltools.gnu-tools-for-stm32.12.3.rel1.win32_1.0.200.202406191623\tools\arm-none-eabi\include\c++\12.3.1\bits\new_allocator.h:80:7:constexpr std::__new_allocator<_Tp>::__new_allocator() [with _Tp = long unsigned int]	16	static
F:\CubeIDE\CUBEIDE\STM32CubeIDE_1.16.1\STM32CubeIDE\plugins\com.st.stm32cube.ide.mcu.externaltools.gnu-tools-for-stm32.12.3.rel1.win32_1.0.200.202406191623\tools\arm-none-eabi\include\c++\12.3.1\bits\stl_vector.h:1902:7:static constexpr std::vector<_Tp, _Alloc>::size_type std::vector<_Tp, _Alloc>::_S_check_init_len(size_type, const allocator_type&) [with _Tp = long unsigned int; _Alloc = std::allocator<long unsigned int>]	32	static
F:\CubeIDE\CUBEIDE\STM32CubeIDE_1.16.1\STM32CubeIDE\plugins\com.st.stm32cube.ide.mcu.externaltools.gnu-tools-for-stm32.12.3.rel1.win32_1.0.200.202406191623\tools\arm-none-eabi\include\c++\12.3.1\bits\stl_vector.h:330:7:constexpr std::_Vector_base<_Tp, _Alloc>::_Vector_base(std::size_t, const allocator_type&) [with _Tp = long unsigned int; _Alloc = std::allocator<long unsigned int>]	24	static
F:\CubeIDE\CUBEIDE\STM32CubeIDE_1.16.1\STM32CubeIDE\plugins\com.st.stm32cube.ide.mcu.externaltools.gnu-tools-for-stm32.12.3.rel1.win32_1.0.200.202406191623\tools\arm-none-eabi\include\c++\12.3.1\bits\stl_vector.h:1699:7:constexpr void std::vector<_Tp, _Alloc>::_M_fill_initialize(size_type, const value_type&) [with _Tp = long unsigned int; _Alloc = std::allocator<long unsigned int>]	32	static
F:\CubeIDE\CUBEIDE\STM32CubeIDE_1.16.1\STM32CubeIDE\plugins\com.st.stm32cube.ide.mcu.externaltools.gnu-tools-for-stm32.12.3.rel1.win32_1.0.200.202406191623\tools\arm-none-eabi\include\c++\12.3.1\bits\move.h:104:5:constexpr typename std::remove_reference<_Tp>::type&& std::move(_Tp&&) [with _Tp = vector<long unsigned int>&]	16	static
F:\CubeIDE\CUBEIDE\STM32CubeIDE_1.16.1\STM32CubeIDE\plugins\com.st.stm32cube.ide.mcu.externaltools.gnu-tools-for-stm32.12.3.rel1.win32_1.0.200.202406191623\tools\arm-none-eabi\include\c++\12.3.1\bits\stl_vector.h:1954:7:constexpr void std::vector<_Tp, _Alloc>::_M_move_assign(std::vector<_Tp, _Alloc>&&, std::true_type) [with _Tp = long unsigned int; _Alloc = std::allocator<long unsigned int>]	48	static
F:\CubeIDE\CUBEIDE\STM32CubeIDE_1.16.1\STM32CubeIDE\plugins\com.st.stm32cube.ide.mcu.externaltools.gnu-tools-for-stm32.12.3.rel1.win32_1.0.200.202406191623\tools\arm-none-eabi\include\c++\12.3.1\bits\stl_vector.h:1985:2:constexpr _Up* std::vector<_Tp, _Alloc>::_M_data_ptr(_Up*) const [with _Up = long unsigned int; _Tp = long unsigned int; _Alloc = std::allocator<long unsigned int>]	16	static
F:\CubeIDE\CUBEIDE\STM32CubeIDE_1.16.1\STM32CubeIDE\plugins\com.st.stm32cube.ide.mcu.externaltools.gnu-tools-for-stm32.12.3.rel1.win32_1.0.200.202406191623\tools\arm-none-eabi\include\c++\12.3.1\bits\allocator.h:159:7:constexpr std::allocator< <template-parameter-1-1> >::allocator(const std::allocator< <template-parameter-1-1> >&) [with _Tp = long unsigned int]	16	static
F:\CubeIDE\CUBEIDE\STM32CubeIDE_1.16.1\STM32CubeIDE\plugins\com.st.stm32cube.ide.mcu.externaltools.gnu-tools-for-stm32.12.3.rel1.win32_1.0.200.202406191623\tools\arm-none-eabi\include\c++\12.3.1\bits\alloc_traits.h:495:7:static constexpr void std::allocator_traits<std::allocator<_Up> >::deallocate(allocator_type&, pointer, size_type) [with _Tp = long unsigned int]	40	static
F:\CubeIDE\CUBEIDE\STM32CubeIDE_1.16.1\STM32CubeIDE\plugins\com.st.stm32cube.ide.mcu.externaltools.gnu-tools-for-stm32.12.3.rel1.win32_1.0.200.202406191623\tools\arm-none-eabi\include\c++\12.3.1\bits\stl_construct.h:182:5:constexpr void std::_Destroy(_ForwardIterator, _ForwardIterator) [with _ForwardIterator = long unsigned int*]	16	static
F:\CubeIDE\CUBEIDE\STM32CubeIDE_1.16.1\STM32CubeIDE\plugins\com.st.stm32cube.ide.mcu.externaltools.gnu-tools-for-stm32.12.3.rel1.win32_1.0.200.202406191623\tools\arm-none-eabi\include\c++\12.3.1\bits\allocator.h:205:7:constexpr bool std::operator==(const allocator<long unsigned int>&, const allocator<long unsigned int>&)	16	static
F:\CubeIDE\CUBEIDE\STM32CubeIDE_1.16.1\STM32CubeIDE\plugins\com.st.stm32cube.ide.mcu.externaltools.gnu-tools-for-stm32.12.3.rel1.win32_1.0.200.202406191623\tools\arm-none-eabi\include\c++\12.3.1\bits\stl_vector.h:122:2:constexpr void std::_Vector_base<_Tp, _Alloc>::_Vector_impl_data::_M_swap_data(std::_Vector_base<_Tp, _Alloc>::_Vector_impl_data&) [with _Tp = long unsigned int; _Alloc = std::allocator<long unsigned int>]	32	static
F:\CubeIDE\CUBEIDE\STM32CubeIDE_1.16.1\STM32CubeIDE\plugins\com.st.stm32cube.ide.mcu.externaltools.gnu-tools-for-stm32.12.3.rel1.win32_1.0.200.202406191623\tools\arm-none-eabi\include\c++\12.3.1\ext\alloc_traits.h:100:38:static constexpr void __gnu_cxx::__alloc_traits<_Alloc, <template-parameter-1-2> >::_S_on_swap(_Alloc&, _Alloc&) [with _Alloc = std::allocator<long unsigned int>; <template-parameter-1-2> = long unsigned int]	16	static
F:\CubeIDE\CUBEIDE\STM32CubeIDE_1.16.1\STM32CubeIDE\plugins\com.st.stm32cube.ide.mcu.externaltools.gnu-tools-for-stm32.12.3.rel1.win32_1.0.200.202406191623\tools\arm-none-eabi\include\c++\12.3.1\bits\alloc_traits.h:547:7:static constexpr std::allocator_traits<std::allocator<_Up> >::size_type std::allocator_traits<std::allocator<_Up> >::max_size(const allocator_type&) [with _Tp = long unsigned int]	16	static
F:\CubeIDE\CUBEIDE\STM32CubeIDE_1.16.1\STM32CubeIDE\plugins\com.st.stm32cube.ide.mcu.externaltools.gnu-tools-for-stm32.12.3.rel1.win32_1.0.200.202406191623\tools\arm-none-eabi\include\c++\12.3.1\bits\stl_vector.h:1911:7:static constexpr std::vector<_Tp, _Alloc>::size_type std::vector<_Tp, _Alloc>::_S_max_size(const _Tp_alloc_type&) [with _Tp = long unsigned int; _Alloc = std::allocator<long unsigned int>]	24	static
F:\CubeIDE\CUBEIDE\STM32CubeIDE_1.16.1\STM32CubeIDE\plugins\com.st.stm32cube.ide.mcu.externaltools.gnu-tools-for-stm32.12.3.rel1.win32_1.0.200.202406191623\tools\arm-none-eabi\include\c++\12.3.1\bits\stl_vector.h:143:2:constexpr std::_Vector_base<_Tp, _Alloc>::_Vector_impl::_Vector_impl(const std::_Vector_base<_Tp, _Alloc>::_Tp_alloc_type&) [with _Tp = long unsigned int; _Alloc = std::allocator<long unsigned int>]	16	static
F:\CubeIDE\CUBEIDE\STM32CubeIDE_1.16.1\STM32CubeIDE\plugins\com.st.stm32cube.ide.mcu.externaltools.gnu-tools-for-stm32.12.3.rel1.win32_1.0.200.202406191623\tools\arm-none-eabi\include\c++\12.3.1\bits\stl_vector.h:393:7:constexpr void std::_Vector_base<_Tp, _Alloc>::_M_create_storage(std::size_t) [with _Tp = long unsigned int; _Alloc = std::allocator<long unsigned int>]	16	static
F:\CubeIDE\CUBEIDE\STM32CubeIDE_1.16.1\STM32CubeIDE\plugins\com.st.stm32cube.ide.mcu.externaltools.gnu-tools-for-stm32.12.3.rel1.win32_1.0.200.202406191623\tools\arm-none-eabi\include\c++\12.3.1\bits\stl_uninitialized.h:460:5:constexpr _ForwardIterator std::__uninitialized_fill_n_a(_ForwardIterator, _Size, const _Tp&, allocator<_Tp2>&) [with _ForwardIterator = long unsigned int*; _Size = unsigned int; _Tp = long unsigned int; _Tp2 = long unsigned int]	24	static
F:\CubeIDE\CUBEIDE\STM32CubeIDE_1.16.1\STM32CubeIDE\plugins\com.st.stm32cube.ide.mcu.externaltools.gnu-tools-for-stm32.12.3.rel1.win32_1.0.200.202406191623\tools\arm-none-eabi\include\c++\12.3.1\bits\stl_vector.h:308:7:constexpr std::_Vector_base<_Tp, _Alloc>::allocator_type std::_Vector_base<_Tp, _Alloc>::get_allocator() const [with _Tp = long unsigned int; _Alloc = std::allocator<long unsigned int>]	16	static
F:\CubeIDE\CUBEIDE\STM32CubeIDE_1.16.1\STM32CubeIDE\plugins\com.st.stm32cube.ide.mcu.externaltools.gnu-tools-for-stm32.12.3.rel1.win32_1.0.200.202406191623\tools\arm-none-eabi\include\c++\12.3.1\bits\stl_vector.h:537:7:constexpr std::vector<_Tp, _Alloc>::vector(const allocator_type&) [with _Tp = long unsigned int; _Alloc = std::allocator<long unsigned int>]	16	static
F:\CubeIDE\CUBEIDE\STM32CubeIDE_1.16.1\STM32CubeIDE\plugins\com.st.stm32cube.ide.mcu.externaltools.gnu-tools-for-stm32.12.3.rel1.win32_1.0.200.202406191623\tools\arm-none-eabi\include\c++\12.3.1\bits\alloc_traits.h:710:5:constexpr void std::__alloc_on_move(_Alloc&, _Alloc&) [with _Alloc = allocator<long unsigned int>]	16	static
F:\CubeIDE\CUBEIDE\STM32CubeIDE_1.16.1\STM32CubeIDE\plugins\com.st.stm32cube.ide.mcu.externaltools.gnu-tools-for-stm32.12.3.rel1.win32_1.0.200.202406191623\tools\arm-none-eabi\include\c++\12.3.1\bits\new_allocator.h:83:7:constexpr std::__new_allocator<_Tp>::__new_allocator(const std::__new_allocator<_Tp>&) [with _Tp = long unsigned int]	16	static
F:\CubeIDE\CUBEIDE\STM32CubeIDE_1.16.1\STM32CubeIDE\plugins\com.st.stm32cube.ide.mcu.externaltools.gnu-tools-for-stm32.12.3.rel1.win32_1.0.200.202406191623\tools\arm-none-eabi\include\c++\12.3.1\bits\stl_construct.h:160:2:static constexpr void std::_Destroy_aux<<anonymous> >::__destroy(_ForwardIterator, _ForwardIterator) [with _ForwardIterator = long unsigned int*; bool <anonymous> = false]	16	static
F:\CubeIDE\CUBEIDE\STM32CubeIDE_1.16.1\STM32CubeIDE\plugins\com.st.stm32cube.ide.mcu.externaltools.gnu-tools-for-stm32.12.3.rel1.win32_1.0.200.202406191623\tools\arm-none-eabi\include\c++\12.3.1\bits\stl_construct.h:172:9:static void std::_Destroy_aux<true>::__destroy(_ForwardIterator, _ForwardIterator) [with _ForwardIterator = long unsigned int*]	16	static
F:\CubeIDE\CUBEIDE\STM32CubeIDE_1.16.1\STM32CubeIDE\plugins\com.st.stm32cube.ide.mcu.externaltools.gnu-tools-for-stm32.12.3.rel1.win32_1.0.200.202406191623\tools\arm-none-eabi\include\c++\12.3.1\bits\stl_vector.h:113:2:constexpr void std::_Vector_base<_Tp, _Alloc>::_Vector_impl_data::_M_copy_data(const std::_Vector_base<_Tp, _Alloc>::_Vector_impl_data&) [with _Tp = long unsigned int; _Alloc = std::allocator<long unsigned int>]	16	static
F:\CubeIDE\CUBEIDE\STM32CubeIDE_1.16.1\STM32CubeIDE\plugins\com.st.stm32cube.ide.mcu.externaltools.gnu-tools-for-stm32.12.3.rel1.win32_1.0.200.202406191623\tools\arm-none-eabi\include\c++\12.3.1\bits\alloc_traits.h:737:5:constexpr void std::__alloc_on_swap(_Alloc&, _Alloc&) [with _Alloc = allocator<long unsigned int>]	16	static
F:\CubeIDE\CUBEIDE\STM32CubeIDE_1.16.1\STM32CubeIDE\plugins\com.st.stm32cube.ide.mcu.externaltools.gnu-tools-for-stm32.12.3.rel1.win32_1.0.200.202406191623\tools\arm-none-eabi\include\c++\12.3.1\bits\stl_algobase.h:230:5:constexpr const _Tp& std::min(const _Tp&, const _Tp&) [with _Tp = unsigned int]	16	static
F:\CubeIDE\CUBEIDE\STM32CubeIDE_1.16.1\STM32CubeIDE\plugins\com.st.stm32cube.ide.mcu.externaltools.gnu-tools-for-stm32.12.3.rel1.win32_1.0.200.202406191623\tools\arm-none-eabi\include\c++\12.3.1\bits\stl_vector.h:375:7:constexpr std::_Vector_base<_Tp, _Alloc>::pointer std::_Vector_base<_Tp, _Alloc>::_M_allocate(std::size_t) [with _Tp = long unsigned int; _Alloc = std::allocator<long unsigned int>]	16	static
F:\CubeIDE\CUBEIDE\STM32CubeIDE_1.16.1\STM32CubeIDE\plugins\com.st.stm32cube.ide.mcu.externaltools.gnu-tools-for-stm32.12.3.rel1.win32_1.0.200.202406191623\tools\arm-none-eabi\include\c++\12.3.1\bits\stl_uninitialized.h:261:5:constexpr _ForwardIterator std::__do_uninit_fill_n(_ForwardIterator, _Size, const _Tp&) [with _ForwardIterator = long unsigned int*; _Size = unsigned int; _Tp = long unsigned int]	32	static
F:\CubeIDE\CUBEIDE\STM32CubeIDE_1.16.1\STM32CubeIDE\plugins\com.st.stm32cube.ide.mcu.externaltools.gnu-tools-for-stm32.12.3.rel1.win32_1.0.200.202406191623\tools\arm-none-eabi\include\c++\12.3.1\bits\stl_uninitialized.h:312:5:_ForwardIterator std::uninitialized_fill_n(_ForwardIterator, _Size, const _Tp&) [with _ForwardIterator = long unsigned int*; _Size = unsigned int; _Tp = long unsigned int]	32	static
F:\CubeIDE\CUBEIDE\STM32CubeIDE_1.16.1\STM32CubeIDE\plugins\com.st.stm32cube.ide.mcu.externaltools.gnu-tools-for-stm32.12.3.rel1.win32_1.0.200.202406191623\tools\arm-none-eabi\include\c++\12.3.1\bits\stl_vector.h:303:7:constexpr const std::_Vector_base<_Tp, _Alloc>::_Tp_alloc_type& std::_Vector_base<_Tp, _Alloc>::_M_get_Tp_allocator() const [with _Tp = long unsigned int; _Alloc = std::allocator<long unsigned int>]	16	static
F:\CubeIDE\CUBEIDE\STM32CubeIDE_1.16.1\STM32CubeIDE\plugins\com.st.stm32cube.ide.mcu.externaltools.gnu-tools-for-stm32.12.3.rel1.win32_1.0.200.202406191623\tools\arm-none-eabi\include\c++\12.3.1\bits\stl_vector.h:318:7:constexpr std::_Vector_base<_Tp, _Alloc>::_Vector_base(const allocator_type&) [with _Tp = long unsigned int; _Alloc = std::allocator<long unsigned int>]	16	static
F:\CubeIDE\CUBEIDE\STM32CubeIDE_1.16.1\STM32CubeIDE\plugins\com.st.stm32cube.ide.mcu.externaltools.gnu-tools-for-stm32.12.3.rel1.win32_1.0.200.202406191623\tools\arm-none-eabi\include\c++\12.3.1\bits\move.h:104:5:constexpr typename std::remove_reference<_Tp>::type&& std::move(_Tp&&) [with _Tp = allocator<long unsigned int>&]	16	static
F:\CubeIDE\CUBEIDE\STM32CubeIDE_1.16.1\STM32CubeIDE\plugins\com.st.stm32cube.ide.mcu.externaltools.gnu-tools-for-stm32.12.3.rel1.win32_1.0.200.202406191623\tools\arm-none-eabi\include\c++\12.3.1\bits\new_allocator.h:142:7:void std::__new_allocator<_Tp>::deallocate(_Tp*, size_type) [with _Tp = long unsigned int]	24	static
F:\CubeIDE\CUBEIDE\STM32CubeIDE_1.16.1\STM32CubeIDE\plugins\com.st.stm32cube.ide.mcu.externaltools.gnu-tools-for-stm32.12.3.rel1.win32_1.0.200.202406191623\tools\arm-none-eabi\include\c++\12.3.1\bits\move.h:49:5:constexpr _Tp* std::__addressof(_Tp&) [with _Tp = long unsigned int]	16	static
F:\CubeIDE\CUBEIDE\STM32CubeIDE_1.16.1\STM32CubeIDE\plugins\com.st.stm32cube.ide.mcu.externaltools.gnu-tools-for-stm32.12.3.rel1.win32_1.0.200.202406191623\tools\arm-none-eabi\include\c++\12.3.1\bits\stl_construct.h:146:5:constexpr void std::_Destroy(_Tp*) [with _Tp = long unsigned int]	16	static
F:\CubeIDE\CUBEIDE\STM32CubeIDE_1.16.1\STM32CubeIDE\plugins\com.st.stm32cube.ide.mcu.externaltools.gnu-tools-for-stm32.12.3.rel1.win32_1.0.200.202406191623\tools\arm-none-eabi\include\c++\12.3.1\bits\alloc_traits.h:463:7:static constexpr _Tp* std::allocator_traits<std::allocator<_Up> >::allocate(allocator_type&, size_type) [with _Tp = long unsigned int]	24	static
F:\CubeIDE\CUBEIDE\STM32CubeIDE_1.16.1\STM32CubeIDE\plugins\com.st.stm32cube.ide.mcu.externaltools.gnu-tools-for-stm32.12.3.rel1.win32_1.0.200.202406191623\tools\arm-none-eabi\include\c++\12.3.1\bits\stl_construct.h:109:5:) [with _Tp = long unsigned int; _Args = {const long unsigned int&}]	24	static
F:\CubeIDE\CUBEIDE\STM32CubeIDE_1.16.1\STM32CubeIDE\plugins\com.st.stm32cube.ide.mcu.externaltools.gnu-tools-for-stm32.12.3.rel1.win32_1.0.200.202406191623\tools\arm-none-eabi\include\c++\12.3.1\bits\stl_uninitialized.h:292:9:static _ForwardIterator std::__uninitialized_fill_n<true>::__uninit_fill_n(_ForwardIterator, _Size, const _Tp&) [with _ForwardIterator = long unsigned int*; _Size = unsigned int; _Tp = long unsigned int]	24	static
F:\CubeIDE\CUBEIDE\STM32CubeIDE_1.16.1\STM32CubeIDE\plugins\com.st.stm32cube.ide.mcu.externaltools.gnu-tools-for-stm32.12.3.rel1.win32_1.0.200.202406191623\tools\arm-none-eabi\include\c++\12.3.1\bits\stl_construct.h:80:5:constexpr void std::destroy_at(_Tp*) [with _Tp = long unsigned int]	16	static
F:\CubeIDE\CUBEIDE\STM32CubeIDE_1.16.1\STM32CubeIDE\plugins\com.st.stm32cube.ide.mcu.externaltools.gnu-tools-for-stm32.12.3.rel1.win32_1.0.200.202406191623\tools\arm-none-eabi\include\c++\12.3.1\bits\move.h:77:5:constexpr _Tp&& std::forward(typename remove_reference<_Tp>::type&) [with _Tp = const long unsigned int&]	16	static
F:\CubeIDE\CUBEIDE\STM32CubeIDE_1.16.1\STM32CubeIDE\plugins\com.st.stm32cube.ide.mcu.externaltools.gnu-tools-for-stm32.12.3.rel1.win32_1.0.200.202406191623\tools\arm-none-eabi\include\c++\12.3.1\bits\stl_construct.h:94:5:) [with _Tp = long unsigned int; _Args = {const long unsigned int&}]	24	static
F:\CubeIDE\CUBEIDE\STM32CubeIDE_1.16.1\STM32CubeIDE\plugins\com.st.stm32cube.ide.mcu.externaltools.gnu-tools-for-stm32.12.3.rel1.win32_1.0.200.202406191623\tools\arm-none-eabi\include\c++\12.3.1\bits\stl_algobase.h:1143:5:constexpr _OI std::fill_n(_OI, _Size, const _Tp&) [with _OI = long unsigned int*; _Size = unsigned int; _Tp = long unsigned int]	40	static
F:\CubeIDE\CUBEIDE\STM32CubeIDE_1.16.1\STM32CubeIDE\plugins\com.st.stm32cube.ide.mcu.externaltools.gnu-tools-for-stm32.12.3.rel1.win32_1.0.200.202406191623\tools\arm-none-eabi\include\c++\12.3.1\bits\new_allocator.h:112:7:_Tp* std::__new_allocator<_Tp>::allocate(size_type, const void*) [with _Tp = long unsigned int]	24	static
F:\CubeIDE\CUBEIDE\STM32CubeIDE_1.16.1\STM32CubeIDE\plugins\com.st.stm32cube.ide.mcu.externaltools.gnu-tools-for-stm32.12.3.rel1.win32_1.0.200.202406191623\tools\arm-none-eabi\include\c++\12.3.1\bits\stl_iterator_base_types.h:238:5:constexpr typename std::iterator_traits< <template-parameter-1-1> >::iterator_category std::__iterator_category(const _Iter&) [with _Iter = long unsigned int*]	16	static
F:\CubeIDE\CUBEIDE\STM32CubeIDE_1.16.1\STM32CubeIDE\plugins\com.st.stm32cube.ide.mcu.externaltools.gnu-tools-for-stm32.12.3.rel1.win32_1.0.200.202406191623\tools\arm-none-eabi\include\c++\12.3.1\bits\stl_algobase.h:1108:5:constexpr _OutputIterator std::__fill_n_a(_OutputIterator, _Size, const _Tp&, random_access_iterator_tag) [with _OutputIterator = long unsigned int*; _Size = unsigned int; _Tp = long unsigned int]	24	static
F:\CubeIDE\CUBEIDE\STM32CubeIDE_1.16.1\STM32CubeIDE\plugins\com.st.stm32cube.ide.mcu.externaltools.gnu-tools-for-stm32.12.3.rel1.win32_1.0.200.202406191623\tools\arm-none-eabi\include\c++\12.3.1\bits\new_allocator.h:210:7:constexpr std::__new_allocator<_Tp>::size_type std::__new_allocator<_Tp>::_M_max_size() const [with _Tp = long unsigned int]	16	static
F:\CubeIDE\CUBEIDE\STM32CubeIDE_1.16.1\STM32CubeIDE\plugins\com.st.stm32cube.ide.mcu.externaltools.gnu-tools-for-stm32.12.3.rel1.win32_1.0.200.202406191623\tools\arm-none-eabi\include\c++\12.3.1\bits\stl_algobase.h:967:5:constexpr void std::__fill_a(_FIte, _FIte, const _Tp&) [with _FIte = long unsigned int*; _Tp = long unsigned int]	24	static
F:\CubeIDE\CUBEIDE\STM32CubeIDE_1.16.1\STM32CubeIDE\plugins\com.st.stm32cube.ide.mcu.externaltools.gnu-tools-for-stm32.12.3.rel1.win32_1.0.200.202406191623\tools\arm-none-eabi\include\c++\12.3.1\bits\stl_algobase.h:917:5:constexpr typename __gnu_cxx::__enable_if<std::__is_scalar<_Tp>::__value, void>::__type std::__fill_a1(_ForwardIterator, _ForwardIterator, const _Tp&) [with _ForwardIterator = long unsigned int*; _Tp = long unsigned int]	32	static
../Core/Src/main.cpp:197:1:void __static_initialization_and_destruction_0(int, int)	16	static
../Core/Src/main.cpp:197:1:cpp)	8	static
../Core/Src/main.cpp:197:1:cpp)	8	static
