F:\CubeIDE\CUBEIDE\STM32CubeIDE_1.16.1\STM32CubeIDE\plugins\com.st.stm32cube.ide.mcu.externaltools.gnu-tools-for-stm32.13.3.rel1.win32_1.0.0.202411081344\tools\arm-none-eabi\include\c++\13.3.1\arm-none-eabi\thumb\v7e-m+fp\hard\bits\c++config.h:540:3:constexpr bool std::__is_constant_evaluated()	4	static
F:\CubeIDE\CUBEIDE\STM32CubeIDE_1.16.1\STM32CubeIDE\plugins\com.st.stm32cube.ide.mcu.externaltools.gnu-tools-for-stm32.13.3.rel1.win32_1.0.0.202411081344\tools\arm-none-eabi\include\c++\13.3.1\type_traits:3649:3:constexpr bool std::is_constant_evaluated()	4	static
../Hardware/port/Inc/hw_port_hrtim_pwm.h:46:8:void Hardware_STM32_HRTIM_PWM::begin(HRTIM_HandleTypeDef*, hw_port_hrtim_pwm_channel_t, hw_port_hrtim_pwm_compare_unit_t)	24	static
../Hardware/port/Inc/hw_port_hrtim_pwm.h:91:8:void Hardware_STM32_HRTIM_PWM::setOutput()	16	static
../Hardware/port/Inc/hw_port_hrtim_pwm.h:108:8:void Hardware_STM32_HRTIM_PWM::setDutyCycle(float)	24	static
../Port/Inc/stm32_hrtim_pwm.h:15:28:Hardware_STM32_HRTIM_PWM stm32_hrtim_pwm::getTimerAOutput()	16	static
../Port/Inc/stm32_hrtim_pwm.h:22:28:Hardware_STM32_HRTIM_PWM stm32_hrtim_pwm::getTimerBOutput()	16	static
../Port/Inc/stm32_hrtim_pwm.h:29:28:Hardware_STM32_HRTIM_PWM stm32_hrtim_pwm::getTimerCOutput()	16	static
F:\CubeIDE\CUBEIDE\STM32CubeIDE_1.16.1\STM32CubeIDE\plugins\com.st.stm32cube.ide.mcu.externaltools.gnu-tools-for-stm32.13.3.rel1.win32_1.0.0.202411081344\tools\bin/../lib/gcc/arm-none-eabi/13.3.1/../../../../arm-none-eabi/include/c++/13.3.1/new:174:33:void* operator new(std::size_t, void*)	16	static
F:\CubeIDE\CUBEIDE\STM32CubeIDE_1.16.1\STM32CubeIDE\plugins\com.st.stm32cube.ide.mcu.externaltools.gnu-tools-for-stm32.13.3.rel1.win32_1.0.0.202411081344\tools\arm-none-eabi\include\c++\13.3.1\bits\stl_algobase.h:1014:3:constexpr unsigned int std::__size_to_integer(unsigned int)	16	static
F:\CubeIDE\CUBEIDE\STM32CubeIDE_1.16.1\STM32CubeIDE\plugins\com.st.stm32cube.ide.mcu.externaltools.gnu-tools-for-stm32.13.3.rel1.win32_1.0.0.202411081344\tools\arm-none-eabi\include\c++\13.3.1\bits\stl_vector.h:133:14:constexpr std::_Vector_base<long unsigned int, std::allocator<long unsigned int> >::_Vector_impl::~_Vector_impl()	24	static
F:\CubeIDE\CUBEIDE\STM32CubeIDE_1.16.1\STM32CubeIDE\plugins\com.st.stm32cube.ide.mcu.externaltools.gnu-tools-for-stm32.13.3.rel1.win32_1.0.0.202411081344\tools\arm-none-eabi\include\c++\13.3.1\bits\stl_vector.h:315:7:constexpr std::_Vector_base<_Tp, _Alloc>::_Vector_base() [with _Tp = long unsigned int; _Alloc = std::allocator<long unsigned int>]	16	static
F:\CubeIDE\CUBEIDE\STM32CubeIDE_1.16.1\STM32CubeIDE\plugins\com.st.stm32cube.ide.mcu.externaltools.gnu-tools-for-stm32.13.3.rel1.win32_1.0.0.202411081344\tools\arm-none-eabi\include\c++\13.3.1\bits\stl_vector.h:531:7:constexpr std::vector<_Tp, _Alloc>::vector() [with _Tp = long unsigned int; _Alloc = std::allocator<long unsigned int>]	16	static
../Hardware/port/Inc/hw_port_adc.h:35:3:Hardware_STM32_ADC::Hardware_STM32_ADC()	16	static
../Hardware/port/Inc/hw_port_adc.h:40:23:Hardware_STM32_ADC& Hardware_STM32_ADC::operator=(Hardware_STM32_ADC&&)	16	static
../Hardware/port/Inc/hw_port_adc.h:56:8:void Hardware_STM32_ADC::begin(ADC_HandleTypeDef*, hw_stm32_adc_mode_t, size_t)	48	static
../Hardware/port/Inc/hw_port_adc.h:65:8:void Hardware_STM32_ADC::startSample()	24	static
../Hardware/port/Inc/hw_port_adc.h:82:8:void Hardware_STM32_ADC::startSample_IT()	16	static
../Hardware/port/Inc/hw_port_adc.h:94:10:int8_t Hardware_STM32_ADC::read2Channel(float*, size_t)	24	static
../Hardware/port/Inc/hw_port_adc.h:103:10:int8_t Hardware_STM32_ADC::read3Channel(float*, size_t)	24	static
../Hardware/port/Inc/hw_port_adc.h:112:10:int8_t Hardware_STM32_ADC::read3Channel_IT(float*, size_t)	24	static
../Hardware/port/Inc/hw_port_adc.h:32:7:constexpr Hardware_STM32_ADC::~Hardware_STM32_ADC()	16	static
../Port/Inc/stm32_adc.h:16:22:Hardware_STM32_ADC stm32_adc::getADC1()	16	static
../Port/Inc/stm32_adc.h:23:22:Hardware_STM32_ADC stm32_adc::getADC2()	16	static
../Port/Inc/stm32_adc.h:30:22:Hardware_STM32_ADC stm32_adc::getADC3()	16	static
../Hardware/port/Inc/hw_port_relay.h:16:8:void Hardware_STM32_Relay::begin(GPIO_TypeDef*, uint16_t, uint8_t)	24	static
../Hardware/port/Inc/hw_port_relay.h:24:8:void Hardware_STM32_Relay::on()	24	static
../Hardware/port/Inc/hw_port_relay.h:32:8:void Hardware_STM32_Relay::off()	24	static
../Port/Inc/stm32_relay.h:15:24:Hardware_STM32_Relay stm32_relay::getRelay1()	16	static
../Hardware/port/Inc/hw_port_us_timer.h:22:8:void Hardware_STM32_US_Timer::begin(TIM_HandleTypeDef*)	16	static
../Hardware/port/Inc/hw_port_us_timer.h:27:8:void Hardware_STM32_US_Timer::on()	16	static
../Hardware/port/Inc/hw_port_us_timer.h:54:12:uint32_t Hardware_STM32_US_Timer::getUs()	16	static
../Port/Inc/stm32_us_timer.h:16:27:Hardware_STM32_US_Timer stm32_us_timer::getUsTimer()	16	static
../App/algorithim/Inc/alg_pid.h:30:8:void Algorithim_PID::begin(float, float, float, float, float, float)	40	static
../App/algorithim/Inc/alg_pid.h:44:9:float Algorithim_PID::cal_absolute(float, float)	48	static
../App/algorithim/Inc/alg_pid.h:76:9:float Algorithim_PID::cal_increase(float, float)	48	static
../App/algorithim/Inc/alg_dc_buck.h:18:7:Algorithim_DC_Buck<Hardware_STM32_HRTIM_PWM, Hardware_STM32_ADC>::Algorithim_DC_Buck()	16	static
../Port/Inc/stm32_dc_dc.h:23:3:Algorithim_DC_Buck<Hardware_STM32_HRTIM_PWM, Hardware_STM32_ADC> stm32_dc_dc::getDCBuck1(Hardware_STM32_HRTIM_PWM*, Hardware_STM32_ADC*)	24	static
../Port/Inc/stm32_dc_dc.h:31:3:Algorithim_DC_Boost<Hardware_STM32_HRTIM_PWM, Hardware_STM32_ADC> stm32_dc_dc::getDCBoost1(Hardware_STM32_HRTIM_PWM*, Hardware_STM32_ADC*)	24	static
../App/algorithim/Inc/alg_dc_buck_boost.h:18:7:Algorithim_DC_Buck_Boost<Hardware_STM32_HRTIM_PWM, Hardware_STM32_ADC>::Algorithim_DC_Buck_Boost()	16	static
../Port/Inc/stm32_dc_dc.h:39:3:Algorithim_DC_Buck_Boost<Hardware_STM32_HRTIM_PWM, Hardware_STM32_ADC> stm32_dc_dc::getDCBuckBoost1(Hardware_STM32_HRTIM_PWM*, Hardware_STM32_ADC*)	24	static
../Hardware/port/Inc/hw_port_message.h:24:8:void Hardware_STM32_Message::begin(uint16_t, size_t, UART_HandleTypeDef*)	40	static
../Hardware/port/Inc/hw_port_message.h:46:8:void Hardware_STM32_Message::startReceive()	16	static
../Hardware/port/Inc/hw_port_message.h:60:8:void Hardware_STM32_Message::attachEvent(MessageCallback, ProcessEvent)	24	static
../Hardware/port/Inc/hw_port_message.h:68:8:void Hardware_STM32_Message::processHandler()	16	static
../Hardware/port/Inc/hw_port_message.h:88:8:void Hardware_STM32_Message::_startDMA()	16	static
../Hardware/port/Inc/hw_port_message.h:21:7:constexpr Hardware_STM32_Message::Hardware_STM32_Message()	16	static
../Port/Inc/stm32_message.h:18:26:Hardware_STM32_Message stm32_message::getUART1()	16	static
F:\CubeIDE\CUBEIDE\STM32CubeIDE_1.16.1\STM32CubeIDE\plugins\com.st.stm32cube.ide.mcu.externaltools.gnu-tools-for-stm32.13.3.rel1.win32_1.0.0.202411081344\tools\arm-none-eabi\include\c++\13.3.1\bits\std_abs.h:75:3:constexpr float std::abs(float)	16	static
F:\CubeIDE\CUBEIDE\STM32CubeIDE_1.16.1\STM32CubeIDE\plugins\com.st.stm32cube.ide.mcu.externaltools.gnu-tools-for-stm32.13.3.rel1.win32_1.0.0.202411081344\tools\bin/../lib/gcc/arm-none-eabi/13.3.1/../../../../arm-none-eabi/include/c++/13.3.1/cmath:1171:3:constexpr bool std::isnan(float)	16	static
../Hardware/port/Inc/hw_port_dac.h:59:3:constexpr Hardware_STM32_DAC<MaxPoints>::Hardware_STM32_DAC() [with unsigned int MaxPoints = 200]	16	static
../Port/Inc/stm32_dac.h:16:27:Hardware_STM32_DAC<200> stm32_dac::getDAC1_CH1()	24	static
../Port/Inc/stm32_dac.h:23:27:Hardware_STM32_DAC<200> stm32_dac::getDAC1_CH2()	24	static
../App/filiter/Inc/flt_fir_hilbert.h:26:3:Flt_Fir_Hilbert::Flt_Fir_Hilbert()	16	static
../App/filiter/Inc/flt_fir_hilbert.h:31:9:float Flt_Fir_Hilbert::process(float)	24	static
../App/filiter/Inc/flt_fir_hilbert.h:60:8:void Flt_Fir_Hilbert::reset()	40	static
../Port/Inc/stm32_test.h:73:8:void stm32_test::vofaReceiveCallback(uint8_t*, uint16_t)	56	static
../Port/Inc/stm32_test.h:215:8:void stm32_test::timerA_pwm_test()	40	static
../Port/Inc/stm32_test.h:225:8:void stm32_test::timerB_pwm_test()	40	static
../Port/Inc/stm32_test.h:235:8:void stm32_test::timerC_pwm_test()	40	static
../Port/Inc/stm32_test.h:246:8:void stm32_test::adc1_dma_test()	64	static
../Port/Inc/stm32_test.h:267:8:void stm32_test::adc1_it_test()	32	static
../Port/Inc/stm32_test.h:283:8:void stm32_test::adc2_dma_test()	32	static
../Port/Inc/stm32_test.h:301:8:void stm32_test::adc2_it_test()	32	static
../Port/Inc/stm32_test.h:318:8:void stm32_test::adc3_dma_test()	32	static
../Port/Inc/stm32_test.h:332:8:void stm32_test::dac1_dma_test()	1680	static
../Port/Inc/stm32_test.h:341:8:void stm32_test::filiter_hilbert_it_singlePoint_test()	16	static
../Port/Inc/stm32_test.h:349:8:void stm32_test::us_timer_test()	32	static
../Port/Inc/stm32_test.h:359:8:void stm32_test::pll_init_test()	1712	static
../Port/Inc/stm32_test.h:378:8:void stm32_test::pll_it_test()	32	static
../Port/Inc/stm32_test.h:429:8:void stm32_test::filiter_hilbert_test()	1680	static
../Port/Inc/stm32_test.h:440:8:void stm32_test::dq_pll_test()	856	static
../Port/Inc/stm32_test.h:457:8:void stm32_test::dc_dc_openLoop_test()	72	static
../Port/Inc/stm32_test.h:487:8:void stm32_test::dc_dc_voltageClosedLoop_test()	48	static
../Port/Inc/stm32_test.h:504:8:void stm32_test::dc_dc_doubleMode_closedLoop_test()	96	static
../Port/Inc/stm32_test.h:575:8:void stm32_test::vofa_send_test()	8	static
../Port/Inc/stm32_test.h:584:8:void stm32_test::vofa_receive_callback_test(uint8_t*, uint16_t)	24	static
../Port/Inc/stm32_test.h:595:8:void stm32_test::vofa_receive_test()	40	static
../Port/Inc/stm32_test.h:610:8:void stm32_test::segger_systemview_test_enable()	8	static
../Core/NUEDC/2015.h:67:8:void nuedc_2015::vofaReceiveCallback(uint8_t*, uint16_t)	56	static
../Core/NUEDC/2015.h:180:8:void nuedc_2015::hardware_init()	112	static
../Core/NUEDC/2015.h:208:8:void nuedc_2015::loop()	24	static
F:\CubeIDE\CUBEIDE\STM32CubeIDE_1.16.1\STM32CubeIDE\plugins\com.st.stm32cube.ide.mcu.externaltools.gnu-tools-for-stm32.13.3.rel1.win32_1.0.0.202411081344\tools\arm-none-eabi\include\c++\13.3.1\bits\stl_algobase.h:233:5:constexpr const _Tp& std::min(const _Tp&, const _Tp&) [with _Tp = unsigned int]	16	static
../Core/Src/main.cpp:81:5:int main()	8	static
../Core/Src/main.cpp:146:6:void SystemClock_Config()	88	static
../Core/Src/main.cpp:196:6:void Error_Handler()	4	static,ignoring_inline_asm
F:\CubeIDE\CUBEIDE\STM32CubeIDE_1.16.1\STM32CubeIDE\plugins\com.st.stm32cube.ide.mcu.externaltools.gnu-tools-for-stm32.13.3.rel1.win32_1.0.0.202411081344\tools\arm-none-eabi\include\c++\13.3.1\bits\stl_vector.h:137:2:constexpr std::_Vector_base<_Tp, _Alloc>::_Vector_impl::_Vector_impl() requires  is_default_constructible_v<typename __gnu_cxx::__alloc_traits<_Allocator, typename _Allocator::value_type>::rebind::other> [with _Tp = long unsigned int; _Alloc = std::allocator<long unsigned int>]	24	static
F:\CubeIDE\CUBEIDE\STM32CubeIDE_1.16.1\STM32CubeIDE\plugins\com.st.stm32cube.ide.mcu.externaltools.gnu-tools-for-stm32.13.3.rel1.win32_1.0.0.202411081344\tools\arm-none-eabi\include\c++\13.3.1\bits\stl_vector.h:367:7:constexpr std::_Vector_base<_Tp, _Alloc>::~_Vector_base() [with _Tp = long unsigned int; _Alloc = std::allocator<long unsigned int>]	16	static
F:\CubeIDE\CUBEIDE\STM32CubeIDE_1.16.1\STM32CubeIDE\plugins\com.st.stm32cube.ide.mcu.externaltools.gnu-tools-for-stm32.13.3.rel1.win32_1.0.0.202411081344\tools\arm-none-eabi\include\c++\13.3.1\bits\stl_vector.h:733:7:constexpr std::vector<_Tp, _Alloc>::~vector() [with _Tp = long unsigned int; _Alloc = std::allocator<long unsigned int>]	40	static
F:\CubeIDE\CUBEIDE\STM32CubeIDE_1.16.1\STM32CubeIDE\plugins\com.st.stm32cube.ide.mcu.externaltools.gnu-tools-for-stm32.13.3.rel1.win32_1.0.0.202411081344\tools\arm-none-eabi\include\c++\13.3.1\bits\move.h:189:5:constexpr std::_Require<std::__not_<std::__is_tuple_like<_Tp> >, std::is_move_constructible<_Tp>, std::is_move_assignable<_Tp> > std::swap(_Tp&, _Tp&) [with _Tp = ADC_HandleTypeDef*]	24	static
F:\CubeIDE\CUBEIDE\STM32CubeIDE_1.16.1\STM32CubeIDE\plugins\com.st.stm32cube.ide.mcu.externaltools.gnu-tools-for-stm32.13.3.rel1.win32_1.0.0.202411081344\tools\arm-none-eabi\include\c++\13.3.1\bits\move.h:189:5:constexpr std::_Require<std::__not_<std::__is_tuple_like<_Tp> >, std::is_move_constructible<_Tp>, std::is_move_assignable<_Tp> > std::swap(_Tp&, _Tp&) [with _Tp = hw_stm32_adc_dma_ready_t]	24	static
F:\CubeIDE\CUBEIDE\STM32CubeIDE_1.16.1\STM32CubeIDE\plugins\com.st.stm32cube.ide.mcu.externaltools.gnu-tools-for-stm32.13.3.rel1.win32_1.0.0.202411081344\tools\arm-none-eabi\include\c++\13.3.1\bits\move.h:189:5:constexpr std::_Require<std::__not_<std::__is_tuple_like<_Tp> >, std::is_move_constructible<_Tp>, std::is_move_assignable<_Tp> > std::swap(_Tp&, _Tp&) [with _Tp = hw_stm32_adc_it_ready_t]	24	static
F:\CubeIDE\CUBEIDE\STM32CubeIDE_1.16.1\STM32CubeIDE\plugins\com.st.stm32cube.ide.mcu.externaltools.gnu-tools-for-stm32.13.3.rel1.win32_1.0.0.202411081344\tools\arm-none-eabi\include\c++\13.3.1\bits\stl_vector.h:2112:5:constexpr void std::swap(vector<_Tp, _Alloc>&, vector<_Tp, _Alloc>&) [with _Tp = long unsigned int; _Alloc = allocator<long unsigned int>]	16	static
F:\CubeIDE\CUBEIDE\STM32CubeIDE_1.16.1\STM32CubeIDE\plugins\com.st.stm32cube.ide.mcu.externaltools.gnu-tools-for-stm32.13.3.rel1.win32_1.0.0.202411081344\tools\arm-none-eabi\include\c++\13.3.1\bits\stl_vector.h:569:7:constexpr std::vector<_Tp, _Alloc>::vector(size_type, const value_type&, const allocator_type&) [with _Tp = long unsigned int; _Alloc = std::allocator<long unsigned int>]	32	static
F:\CubeIDE\CUBEIDE\STM32CubeIDE_1.16.1\STM32CubeIDE\plugins\com.st.stm32cube.ide.mcu.externaltools.gnu-tools-for-stm32.13.3.rel1.win32_1.0.0.202411081344\tools\arm-none-eabi\include\c++\13.3.1\bits\stl_vector.h:766:7:constexpr std::vector<_Tp, _Alloc>& std::vector<_Tp, _Alloc>::operator=(std::vector<_Tp, _Alloc>&&) [with _Tp = long unsigned int; _Alloc = std::allocator<long unsigned int>]	32	static
F:\CubeIDE\CUBEIDE\STM32CubeIDE_1.16.1\STM32CubeIDE\plugins\com.st.stm32cube.ide.mcu.externaltools.gnu-tools-for-stm32.13.3.rel1.win32_1.0.0.202411081344\tools\arm-none-eabi\include\c++\13.3.1\bits\stl_vector.h:1260:7:constexpr _Tp* std::vector<_Tp, _Alloc>::data() [with _Tp = long unsigned int; _Alloc = std::allocator<long unsigned int>]	16	static
F:\CubeIDE\CUBEIDE\STM32CubeIDE_1.16.1\STM32CubeIDE\plugins\com.st.stm32cube.ide.mcu.externaltools.gnu-tools-for-stm32.13.3.rel1.win32_1.0.0.202411081344\tools\arm-none-eabi\include\c++\13.3.1\bits\stl_vector.h:992:7:constexpr std::vector<_Tp, _Alloc>::size_type std::vector<_Tp, _Alloc>::size() const [with _Tp = long unsigned int; _Alloc = std::allocator<long unsigned int>]	16	static
F:\CubeIDE\CUBEIDE\STM32CubeIDE_1.16.1\STM32CubeIDE\plugins\com.st.stm32cube.ide.mcu.externaltools.gnu-tools-for-stm32.13.3.rel1.win32_1.0.0.202411081344\tools\arm-none-eabi\include\c++\13.3.1\bits\stl_vector.h:1126:7:constexpr std::vector<_Tp, _Alloc>::reference std::vector<_Tp, _Alloc>::operator[](size_type) [with _Tp = long unsigned int; _Alloc = std::allocator<long unsigned int>]	16	static
../App/algorithim/Inc/alg_dc_dc.h:41:3:Algorithim_DC_DC<PWM, ADC>::Algorithim_DC_DC() [with PWM = Hardware_STM32_HRTIM_PWM; ADC = Hardware_STM32_ADC]	16	static
../App/algorithim/Inc/alg_dc_dc.h:42:8:void Algorithim_DC_DC<PWM, ADC>::begin(PWM*, ADC*) [with PWM = Hardware_STM32_HRTIM_PWM; ADC = Hardware_STM32_ADC]	24	static
../App/algorithim/Inc/alg_dc_boost.h:21:3:Algorithim_DC_Boost<PWM, ADC>::Algorithim_DC_Boost() [with PWM = Hardware_STM32_HRTIM_PWM; ADC = Hardware_STM32_ADC]	16	static
../Hardware/port/Inc/hw_port_dac.h:107:8:void Hardware_STM32_DAC<MaxPoints>::begin(DAC_HandleTypeDef*, TIM_HandleTypeDef*, hw_dac_channel_t, float, uint16_t, hw_dac_mode_t, float) [with unsigned int MaxPoints = 200]	32	static
F:\CubeIDE\CUBEIDE\STM32CubeIDE_1.16.1\STM32CubeIDE\plugins\com.st.stm32cube.ide.mcu.externaltools.gnu-tools-for-stm32.13.3.rel1.win32_1.0.0.202411081344\tools\bin/../lib/gcc/arm-none-eabi/13.3.1/../../../../arm-none-eabi/include/c++/13.3.1/array:115:7:constexpr void std::array<_Tp, _Nm>::fill(const value_type&) [with _Tp = float; unsigned int _Nm = 61]	24	static
F:\CubeIDE\CUBEIDE\STM32CubeIDE_1.16.1\STM32CubeIDE\plugins\com.st.stm32cube.ide.mcu.externaltools.gnu-tools-for-stm32.13.3.rel1.win32_1.0.0.202411081344\tools\bin/../lib/gcc/arm-none-eabi/13.3.1/../../../../arm-none-eabi/include/c++/13.3.1/array:281:7:constexpr const std::array<_Tp, _Nm>::value_type* std::array<_Tp, _Nm>::data() const [with _Tp = float; unsigned int _Nm = 61]	16	static
../App/algorithim/Inc/alg_dc_dc.h:81:8:bool Algorithim_DC_DC<PWM, ADC>::isEnable() [with PWM = Hardware_STM32_HRTIM_PWM; ADC = Hardware_STM32_ADC]	16	static
../Hardware/port/Inc/hw_port_dac.h:64:23:Hardware_STM32_DAC<MaxPoints>& Hardware_STM32_DAC<MaxPoints>::operator=(Hardware_STM32_DAC<MaxPoints>&&) [with unsigned int MaxPoints = 200]	16	static
../Hardware/port/Inc/hw_port_dac.h:188:8:void Hardware_STM32_DAC<MaxPoints>::enable() [with unsigned int MaxPoints = 200]	40	static
../Hardware/port/Inc/hw_port_dac.h:216:12:uint32_t Hardware_STM32_DAC<MaxPoints>::getOutputValue() [with unsigned int MaxPoints = 200]	16	static
../Hardware/port/Inc/hw_port_dac.h:129:8:void Hardware_STM32_DAC<MaxPoints>::update_diy(uint32_t) [with unsigned int MaxPoints = 200]	24	static
../Hardware/port/Inc/hw_port_dac.h:141:8:void Hardware_STM32_DAC<MaxPoints>::update_sin(float, uint16_t, float) [with unsigned int MaxPoints = 200]	56	static
../App/algorithim/Inc/alg_dc_dc.h:58:8:void Algorithim_DC_DC<PWM, ADC>::setVin(float) [with PWM = Hardware_STM32_HRTIM_PWM; ADC = Hardware_STM32_ADC]	16	static
../App/algorithim/Inc/alg_dc_dc.h:73:8:void Algorithim_DC_DC<PWM, ADC>::enable() [with PWM = Hardware_STM32_HRTIM_PWM; ADC = Hardware_STM32_ADC]	16	static
../App/algorithim/Inc/alg_dc_dc.h:77:8:void Algorithim_DC_DC<PWM, ADC>::disable() [with PWM = Hardware_STM32_HRTIM_PWM; ADC = Hardware_STM32_ADC]	16	static
../App/algorithim/Inc/alg_dc_dc.h:63:8:void Algorithim_DC_DC<PWM, ADC>::setVout(float) [with PWM = Hardware_STM32_HRTIM_PWM; ADC = Hardware_STM32_ADC]	16	static
../App/algorithim/Inc/alg_dc_buck.h:22:8:void Algorithim_DC_Buck<PWM, ADC>::openVoltageLoopControl() [with PWM = Hardware_STM32_HRTIM_PWM; ADC = Hardware_STM32_ADC]	16	static
../App/algorithim/Inc/alg_dc_dc.h:48:8:void Algorithim_DC_DC<PWM, ADC>::setCV_PID(Algorithim_PID*) [with PWM = Hardware_STM32_HRTIM_PWM; ADC = Hardware_STM32_ADC]	16	static
../App/algorithim/Inc/alg_dc_buck.h:27:8:void Algorithim_DC_Buck<PWM, ADC>::closedVoltageLoopControl() [with PWM = Hardware_STM32_HRTIM_PWM; ADC = Hardware_STM32_ADC]	32	static
../App/algorithim/Inc/alg_dc_dc.h:53:8:void Algorithim_DC_DC<PWM, ADC>::setCC_PID(Algorithim_PID*) [with PWM = Hardware_STM32_HRTIM_PWM; ADC = Hardware_STM32_ADC]	16	static
../App/algorithim/Inc/alg_dc_buck.h:36:8:void Algorithim_DC_Buck<PWM, ADC>::closedCurrentLoopControl() [with PWM = Hardware_STM32_HRTIM_PWM; ADC = Hardware_STM32_ADC]	32	static
../App/algorithim/Inc/alg_dc_dc.h:68:8:void Algorithim_DC_DC<PWM, ADC>::setCurrent(float) [with PWM = Hardware_STM32_HRTIM_PWM; ADC = Hardware_STM32_ADC]	16	static
../App/algorithim/Inc/alg_dc_buck_boost.h:44:8:void Algorithim_DC_Buck_Boost<PWM, ADC>::closedBuckCurrentLoopControl() [with PWM = Hardware_STM32_HRTIM_PWM; ADC = Hardware_STM32_ADC]	32	static
../App/algorithim/Inc/alg_dc_buck_boost.h:33:8:void Algorithim_DC_Buck_Boost<PWM, ADC>::closedBoostVoltageLoopControl() [with PWM = Hardware_STM32_HRTIM_PWM; ADC = Hardware_STM32_ADC]	40	static
F:\CubeIDE\CUBEIDE\STM32CubeIDE_1.16.1\STM32CubeIDE\plugins\com.st.stm32cube.ide.mcu.externaltools.gnu-tools-for-stm32.13.3.rel1.win32_1.0.0.202411081344\tools\arm-none-eabi\include\c++\13.3.1\bits\stl_vector.h:99:2:constexpr std::_Vector_base<_Tp, _Alloc>::_Vector_impl_data::_Vector_impl_data() [with _Tp = long unsigned int; _Alloc = std::allocator<long unsigned int>]	16	static
F:\CubeIDE\CUBEIDE\STM32CubeIDE_1.16.1\STM32CubeIDE\plugins\com.st.stm32cube.ide.mcu.externaltools.gnu-tools-for-stm32.13.3.rel1.win32_1.0.0.202411081344\tools\arm-none-eabi\include\c++\13.3.1\bits\stl_vector.h:386:7:constexpr void std::_Vector_base<_Tp, _Alloc>::_M_deallocate(pointer, std::size_t) [with _Tp = long unsigned int; _Alloc = std::allocator<long unsigned int>]	48	static
F:\CubeIDE\CUBEIDE\STM32CubeIDE_1.16.1\STM32CubeIDE\plugins\com.st.stm32cube.ide.mcu.externaltools.gnu-tools-for-stm32.13.3.rel1.win32_1.0.0.202411081344\tools\arm-none-eabi\include\c++\13.3.1\bits\stl_vector.h:301:7:constexpr std::_Vector_base<_Tp, _Alloc>::_Tp_alloc_type& std::_Vector_base<_Tp, _Alloc>::_M_get_Tp_allocator() [with _Tp = long unsigned int; _Alloc = std::allocator<long unsigned int>]	16	static
F:\CubeIDE\CUBEIDE\STM32CubeIDE_1.16.1\STM32CubeIDE\plugins\com.st.stm32cube.ide.mcu.externaltools.gnu-tools-for-stm32.13.3.rel1.win32_1.0.0.202411081344\tools\arm-none-eabi\include\c++\13.3.1\bits\move.h:97:5:constexpr typename std::remove_reference<_Tp>::type&& std::move(_Tp&&) [with _Tp = ADC_HandleTypeDef*&]	16	static
F:\CubeIDE\CUBEIDE\STM32CubeIDE_1.16.1\STM32CubeIDE\plugins\com.st.stm32cube.ide.mcu.externaltools.gnu-tools-for-stm32.13.3.rel1.win32_1.0.0.202411081344\tools\arm-none-eabi\include\c++\13.3.1\bits\move.h:97:5:constexpr typename std::remove_reference<_Tp>::type&& std::move(_Tp&&) [with _Tp = hw_stm32_adc_dma_ready_t&]	16	static
F:\CubeIDE\CUBEIDE\STM32CubeIDE_1.16.1\STM32CubeIDE\plugins\com.st.stm32cube.ide.mcu.externaltools.gnu-tools-for-stm32.13.3.rel1.win32_1.0.0.202411081344\tools\arm-none-eabi\include\c++\13.3.1\bits\move.h:97:5:constexpr typename std::remove_reference<_Tp>::type&& std::move(_Tp&&) [with _Tp = hw_stm32_adc_it_ready_t&]	16	static
F:\CubeIDE\CUBEIDE\STM32CubeIDE_1.16.1\STM32CubeIDE\plugins\com.st.stm32cube.ide.mcu.externaltools.gnu-tools-for-stm32.13.3.rel1.win32_1.0.0.202411081344\tools\arm-none-eabi\include\c++\13.3.1\bits\stl_vector.h:1586:7:constexpr void std::vector<_Tp, _Alloc>::swap(std::vector<_Tp, _Alloc>&) [with _Tp = long unsigned int; _Alloc = std::allocator<long unsigned int>]	48	static
F:\CubeIDE\CUBEIDE\STM32CubeIDE_1.16.1\STM32CubeIDE\plugins\com.st.stm32cube.ide.mcu.externaltools.gnu-tools-for-stm32.13.3.rel1.win32_1.0.0.202411081344\tools\arm-none-eabi\include\c++\13.3.1\bits\stl_vector.h:1907:7:static constexpr std::vector<_Tp, _Alloc>::size_type std::vector<_Tp, _Alloc>::_S_check_init_len(size_type, const allocator_type&) [with _Tp = long unsigned int; _Alloc = std::allocator<long unsigned int>]	32	static
F:\CubeIDE\CUBEIDE\STM32CubeIDE_1.16.1\STM32CubeIDE\plugins\com.st.stm32cube.ide.mcu.externaltools.gnu-tools-for-stm32.13.3.rel1.win32_1.0.0.202411081344\tools\arm-none-eabi\include\c++\13.3.1\bits\stl_vector.h:333:7:constexpr std::_Vector_base<_Tp, _Alloc>::_Vector_base(std::size_t, const allocator_type&) [with _Tp = long unsigned int; _Alloc = std::allocator<long unsigned int>]	24	static
F:\CubeIDE\CUBEIDE\STM32CubeIDE_1.16.1\STM32CubeIDE\plugins\com.st.stm32cube.ide.mcu.externaltools.gnu-tools-for-stm32.13.3.rel1.win32_1.0.0.202411081344\tools\arm-none-eabi\include\c++\13.3.1\bits\stl_vector.h:1704:7:constexpr void std::vector<_Tp, _Alloc>::_M_fill_initialize(size_type, const value_type&) [with _Tp = long unsigned int; _Alloc = std::allocator<long unsigned int>]	32	static
F:\CubeIDE\CUBEIDE\STM32CubeIDE_1.16.1\STM32CubeIDE\plugins\com.st.stm32cube.ide.mcu.externaltools.gnu-tools-for-stm32.13.3.rel1.win32_1.0.0.202411081344\tools\arm-none-eabi\include\c++\13.3.1\bits\move.h:97:5:constexpr typename std::remove_reference<_Tp>::type&& std::move(_Tp&&) [with _Tp = vector<long unsigned int>&]	16	static
F:\CubeIDE\CUBEIDE\STM32CubeIDE_1.16.1\STM32CubeIDE\plugins\com.st.stm32cube.ide.mcu.externaltools.gnu-tools-for-stm32.13.3.rel1.win32_1.0.0.202411081344\tools\arm-none-eabi\include\c++\13.3.1\bits\stl_vector.h:1959:7:constexpr void std::vector<_Tp, _Alloc>::_M_move_assign(std::vector<_Tp, _Alloc>&&, std::true_type) [with _Tp = long unsigned int; _Alloc = std::allocator<long unsigned int>]	56	static
F:\CubeIDE\CUBEIDE\STM32CubeIDE_1.16.1\STM32CubeIDE\plugins\com.st.stm32cube.ide.mcu.externaltools.gnu-tools-for-stm32.13.3.rel1.win32_1.0.0.202411081344\tools\arm-none-eabi\include\c++\13.3.1\bits\stl_vector.h:1990:2:constexpr _Up* std::vector<_Tp, _Alloc>::_M_data_ptr(_Up*) const [with _Up = long unsigned int; _Tp = long unsigned int; _Alloc = std::allocator<long unsigned int>]	16	static
F:\CubeIDE\CUBEIDE\STM32CubeIDE_1.16.1\STM32CubeIDE\plugins\com.st.stm32cube.ide.mcu.externaltools.gnu-tools-for-stm32.13.3.rel1.win32_1.0.0.202411081344\tools\bin/../lib/gcc/arm-none-eabi/13.3.1/../../../../arm-none-eabi/include/c++/13.3.1/array:126:7:constexpr std::array<_Tp, _Nm>::value_type* std::array<_Tp, _Nm>::begin() [with _Tp = float; unsigned int _Nm = 61]	24	static
F:\CubeIDE\CUBEIDE\STM32CubeIDE_1.16.1\STM32CubeIDE\plugins\com.st.stm32cube.ide.mcu.externaltools.gnu-tools-for-stm32.13.3.rel1.win32_1.0.0.202411081344\tools\arm-none-eabi\include\c++\13.3.1\bits\stl_algobase.h:1152:5:constexpr _OI std::fill_n(_OI, _Size, const _Tp&) [with _OI = float*; _Size = unsigned int; _Tp = float]	32	static
../Hardware/port/Inc/hw_port_dac.h:199:8:void Hardware_STM32_DAC<MaxPoints>::disable() [with unsigned int MaxPoints = 200]	16	static
F:\CubeIDE\CUBEIDE\STM32CubeIDE_1.16.1\STM32CubeIDE\plugins\com.st.stm32cube.ide.mcu.externaltools.gnu-tools-for-stm32.13.3.rel1.win32_1.0.0.202411081344\tools\arm-none-eabi\include\c++\13.3.1\bits\move.h:189:5:constexpr std::_Require<std::__not_<std::__is_tuple_like<_Tp> >, std::is_move_constructible<_Tp>, std::is_move_assignable<_Tp> > std::swap(_Tp&, _Tp&) [with _Tp = DAC_HandleTypeDef*]	24	static
F:\CubeIDE\CUBEIDE\STM32CubeIDE_1.16.1\STM32CubeIDE\plugins\com.st.stm32cube.ide.mcu.externaltools.gnu-tools-for-stm32.13.3.rel1.win32_1.0.0.202411081344\tools\arm-none-eabi\include\c++\13.3.1\bits\move.h:189:5:constexpr std::_Require<std::__not_<std::__is_tuple_like<_Tp> >, std::is_move_constructible<_Tp>, std::is_move_assignable<_Tp> > std::swap(_Tp&, _Tp&) [with _Tp = TIM_HandleTypeDef*]	24	static
F:\CubeIDE\CUBEIDE\STM32CubeIDE_1.16.1\STM32CubeIDE\plugins\com.st.stm32cube.ide.mcu.externaltools.gnu-tools-for-stm32.13.3.rel1.win32_1.0.0.202411081344\tools\arm-none-eabi\include\c++\13.3.1\bits\move.h:189:5:constexpr std::_Require<std::__not_<std::__is_tuple_like<_Tp> >, std::is_move_constructible<_Tp>, std::is_move_assignable<_Tp> > std::swap(_Tp&, _Tp&) [with _Tp = hw_dac_channel_t]	24	static
F:\CubeIDE\CUBEIDE\STM32CubeIDE_1.16.1\STM32CubeIDE\plugins\com.st.stm32cube.ide.mcu.externaltools.gnu-tools-for-stm32.13.3.rel1.win32_1.0.0.202411081344\tools\arm-none-eabi\include\c++\13.3.1\bits\move.h:189:5:constexpr std::_Require<std::__not_<std::__is_tuple_like<_Tp> >, std::is_move_constructible<_Tp>, std::is_move_assignable<_Tp> > std::swap(_Tp&, _Tp&) [with _Tp = long unsigned int]	24	static
F:\CubeIDE\CUBEIDE\STM32CubeIDE_1.16.1\STM32CubeIDE\plugins\com.st.stm32cube.ide.mcu.externaltools.gnu-tools-for-stm32.13.3.rel1.win32_1.0.0.202411081344\tools\bin/../lib/gcc/arm-none-eabi/13.3.1/../../../../arm-none-eabi/include/c++/13.3.1/array:371:5:constexpr std::__enable_if_t<typename std::__array_traits<_Tp, _Nm>::_Is_swappable::value> std::swap(array<_Tp, _Nm>&, array<_Tp, _Nm>&) [with _Tp = long unsigned int; unsigned int _Nm = 200]	16	static
F:\CubeIDE\CUBEIDE\STM32CubeIDE_1.16.1\STM32CubeIDE\plugins\com.st.stm32cube.ide.mcu.externaltools.gnu-tools-for-stm32.13.3.rel1.win32_1.0.0.202411081344\tools\arm-none-eabi\include\c++\13.3.1\bits\move.h:189:5:constexpr std::_Require<std::__not_<std::__is_tuple_like<_Tp> >, std::is_move_constructible<_Tp>, std::is_move_assignable<_Tp> > std::swap(_Tp&, _Tp&) [with _Tp = float]	24	static
F:\CubeIDE\CUBEIDE\STM32CubeIDE_1.16.1\STM32CubeIDE\plugins\com.st.stm32cube.ide.mcu.externaltools.gnu-tools-for-stm32.13.3.rel1.win32_1.0.0.202411081344\tools\arm-none-eabi\include\c++\13.3.1\bits\move.h:189:5:constexpr std::_Require<std::__not_<std::__is_tuple_like<_Tp> >, std::is_move_constructible<_Tp>, std::is_move_assignable<_Tp> > std::swap(_Tp&, _Tp&) [with _Tp = short unsigned int]	24	static
F:\CubeIDE\CUBEIDE\STM32CubeIDE_1.16.1\STM32CubeIDE\plugins\com.st.stm32cube.ide.mcu.externaltools.gnu-tools-for-stm32.13.3.rel1.win32_1.0.0.202411081344\tools\arm-none-eabi\include\c++\13.3.1\bits\move.h:189:5:constexpr std::_Require<std::__not_<std::__is_tuple_like<_Tp> >, std::is_move_constructible<_Tp>, std::is_move_assignable<_Tp> > std::swap(_Tp&, _Tp&) [with _Tp = bool]	24	static
F:\CubeIDE\CUBEIDE\STM32CubeIDE_1.16.1\STM32CubeIDE\plugins\com.st.stm32cube.ide.mcu.externaltools.gnu-tools-for-stm32.13.3.rel1.win32_1.0.0.202411081344\tools\arm-none-eabi\include\c++\13.3.1\bits\move.h:189:5:constexpr std::_Require<std::__not_<std::__is_tuple_like<_Tp> >, std::is_move_constructible<_Tp>, std::is_move_assignable<_Tp> > std::swap(_Tp&, _Tp&) [with _Tp = hw_dac_mode_t]	24	static
F:\CubeIDE\CUBEIDE\STM32CubeIDE_1.16.1\STM32CubeIDE\plugins\com.st.stm32cube.ide.mcu.externaltools.gnu-tools-for-stm32.13.3.rel1.win32_1.0.0.202411081344\tools\bin/../lib/gcc/arm-none-eabi/13.3.1/../../../../arm-none-eabi/include/c++/13.3.1/array:200:7:constexpr std::array<_Tp, _Nm>::value_type& std::array<_Tp, _Nm>::operator[](size_type) [with _Tp = long unsigned int; unsigned int _Nm = 200]	16	static
../Hardware/port/Inc/hw_port_dac.h:233:9:float Hardware_STM32_DAC<MaxPoints>::calculateSine(float) [with unsigned int MaxPoints = 200]	24	static
F:\CubeIDE\CUBEIDE\STM32CubeIDE_1.16.1\STM32CubeIDE\plugins\com.st.stm32cube.ide.mcu.externaltools.gnu-tools-for-stm32.13.3.rel1.win32_1.0.0.202411081344\tools\arm-none-eabi\include\c++\13.3.1\bits\stl_construct.h:182:5:constexpr void std::_Destroy(_ForwardIterator, _ForwardIterator) [with _ForwardIterator = long unsigned int*]	16	static
F:\CubeIDE\CUBEIDE\STM32CubeIDE_1.16.1\STM32CubeIDE\plugins\com.st.stm32cube.ide.mcu.externaltools.gnu-tools-for-stm32.13.3.rel1.win32_1.0.0.202411081344\tools\arm-none-eabi\include\c++\13.3.1\bits\stl_vector.h:122:2:constexpr void std::_Vector_base<_Tp, _Alloc>::_Vector_impl_data::_M_swap_data(std::_Vector_base<_Tp, _Alloc>::_Vector_impl_data&) [with _Tp = long unsigned int; _Alloc = std::allocator<long unsigned int>]	32	static
F:\CubeIDE\CUBEIDE\STM32CubeIDE_1.16.1\STM32CubeIDE\plugins\com.st.stm32cube.ide.mcu.externaltools.gnu-tools-for-stm32.13.3.rel1.win32_1.0.0.202411081344\tools\arm-none-eabi\include\c++\13.3.1\bits\stl_vector.h:1916:7:static constexpr std::vector<_Tp, _Alloc>::size_type std::vector<_Tp, _Alloc>::_S_max_size(const _Tp_alloc_type&) [with _Tp = long unsigned int; _Alloc = std::allocator<long unsigned int>]	32	static
F:\CubeIDE\CUBEIDE\STM32CubeIDE_1.16.1\STM32CubeIDE\plugins\com.st.stm32cube.ide.mcu.externaltools.gnu-tools-for-stm32.13.3.rel1.win32_1.0.0.202411081344\tools\arm-none-eabi\include\c++\13.3.1\bits\stl_vector.h:146:2:constexpr std::_Vector_base<_Tp, _Alloc>::_Vector_impl::_Vector_impl(const std::_Vector_base<_Tp, _Alloc>::_Tp_alloc_type&) [with _Tp = long unsigned int; _Alloc = std::allocator<long unsigned int>]	32	static
F:\CubeIDE\CUBEIDE\STM32CubeIDE_1.16.1\STM32CubeIDE\plugins\com.st.stm32cube.ide.mcu.externaltools.gnu-tools-for-stm32.13.3.rel1.win32_1.0.0.202411081344\tools\arm-none-eabi\include\c++\13.3.1\bits\stl_vector.h:396:7:constexpr void std::_Vector_base<_Tp, _Alloc>::_M_create_storage(std::size_t) [with _Tp = long unsigned int; _Alloc = std::allocator<long unsigned int>]	16	static
F:\CubeIDE\CUBEIDE\STM32CubeIDE_1.16.1\STM32CubeIDE\plugins\com.st.stm32cube.ide.mcu.externaltools.gnu-tools-for-stm32.13.3.rel1.win32_1.0.0.202411081344\tools\arm-none-eabi\include\c++\13.3.1\bits\stl_uninitialized.h:465:5:constexpr _ForwardIterator std::__uninitialized_fill_n_a(_ForwardIterator, _Size, const _Tp&, allocator<_Tp2>&) [with _ForwardIterator = long unsigned int*; _Size = unsigned int; _Tp = long unsigned int; _Tp2 = long unsigned int]	24	static
F:\CubeIDE\CUBEIDE\STM32CubeIDE_1.16.1\STM32CubeIDE\plugins\com.st.stm32cube.ide.mcu.externaltools.gnu-tools-for-stm32.13.3.rel1.win32_1.0.0.202411081344\tools\arm-none-eabi\include\c++\13.3.1\bits\stl_vector.h:311:7:constexpr std::_Vector_base<_Tp, _Alloc>::allocator_type std::_Vector_base<_Tp, _Alloc>::get_allocator() const [with _Tp = long unsigned int; _Alloc = std::allocator<long unsigned int>]	32	static
F:\CubeIDE\CUBEIDE\STM32CubeIDE_1.16.1\STM32CubeIDE\plugins\com.st.stm32cube.ide.mcu.externaltools.gnu-tools-for-stm32.13.3.rel1.win32_1.0.0.202411081344\tools\arm-none-eabi\include\c++\13.3.1\bits\stl_vector.h:542:7:constexpr std::vector<_Tp, _Alloc>::vector(const allocator_type&) [with _Tp = long unsigned int; _Alloc = std::allocator<long unsigned int>]	16	static
F:\CubeIDE\CUBEIDE\STM32CubeIDE_1.16.1\STM32CubeIDE\plugins\com.st.stm32cube.ide.mcu.externaltools.gnu-tools-for-stm32.13.3.rel1.win32_1.0.0.202411081344\tools\arm-none-eabi\include\c++\13.3.1\bits\stl_algobase.h:1117:5:constexpr _OutputIterator std::__fill_n_a(_OutputIterator, _Size, const _Tp&, random_access_iterator_tag) [with _OutputIterator = float*; _Size = unsigned int; _Tp = float]	24	static
F:\CubeIDE\CUBEIDE\STM32CubeIDE_1.16.1\STM32CubeIDE\plugins\com.st.stm32cube.ide.mcu.externaltools.gnu-tools-for-stm32.13.3.rel1.win32_1.0.0.202411081344\tools\arm-none-eabi\include\c++\13.3.1\bits\move.h:97:5:constexpr typename std::remove_reference<_Tp>::type&& std::move(_Tp&&) [with _Tp = DAC_HandleTypeDef*&]	16	static
F:\CubeIDE\CUBEIDE\STM32CubeIDE_1.16.1\STM32CubeIDE\plugins\com.st.stm32cube.ide.mcu.externaltools.gnu-tools-for-stm32.13.3.rel1.win32_1.0.0.202411081344\tools\arm-none-eabi\include\c++\13.3.1\bits\move.h:97:5:constexpr typename std::remove_reference<_Tp>::type&& std::move(_Tp&&) [with _Tp = TIM_HandleTypeDef*&]	16	static
F:\CubeIDE\CUBEIDE\STM32CubeIDE_1.16.1\STM32CubeIDE\plugins\com.st.stm32cube.ide.mcu.externaltools.gnu-tools-for-stm32.13.3.rel1.win32_1.0.0.202411081344\tools\arm-none-eabi\include\c++\13.3.1\bits\move.h:97:5:constexpr typename std::remove_reference<_Tp>::type&& std::move(_Tp&&) [with _Tp = hw_dac_channel_t&]	16	static
F:\CubeIDE\CUBEIDE\STM32CubeIDE_1.16.1\STM32CubeIDE\plugins\com.st.stm32cube.ide.mcu.externaltools.gnu-tools-for-stm32.13.3.rel1.win32_1.0.0.202411081344\tools\arm-none-eabi\include\c++\13.3.1\bits\move.h:97:5:constexpr typename std::remove_reference<_Tp>::type&& std::move(_Tp&&) [with _Tp = long unsigned int&]	16	static
F:\CubeIDE\CUBEIDE\STM32CubeIDE_1.16.1\STM32CubeIDE\plugins\com.st.stm32cube.ide.mcu.externaltools.gnu-tools-for-stm32.13.3.rel1.win32_1.0.0.202411081344\tools\bin/../lib/gcc/arm-none-eabi/13.3.1/../../../../arm-none-eabi/include/c++/13.3.1/array:119:7:constexpr void std::array<_Tp, _Nm>::swap(std::array<_Tp, _Nm>&) [with _Tp = long unsigned int; unsigned int _Nm = 200]	24	static
F:\CubeIDE\CUBEIDE\STM32CubeIDE_1.16.1\STM32CubeIDE\plugins\com.st.stm32cube.ide.mcu.externaltools.gnu-tools-for-stm32.13.3.rel1.win32_1.0.0.202411081344\tools\arm-none-eabi\include\c++\13.3.1\bits\move.h:97:5:constexpr typename std::remove_reference<_Tp>::type&& std::move(_Tp&&) [with _Tp = float&]	16	static
F:\CubeIDE\CUBEIDE\STM32CubeIDE_1.16.1\STM32CubeIDE\plugins\com.st.stm32cube.ide.mcu.externaltools.gnu-tools-for-stm32.13.3.rel1.win32_1.0.0.202411081344\tools\arm-none-eabi\include\c++\13.3.1\bits\move.h:97:5:constexpr typename std::remove_reference<_Tp>::type&& std::move(_Tp&&) [with _Tp = short unsigned int&]	16	static
F:\CubeIDE\CUBEIDE\STM32CubeIDE_1.16.1\STM32CubeIDE\plugins\com.st.stm32cube.ide.mcu.externaltools.gnu-tools-for-stm32.13.3.rel1.win32_1.0.0.202411081344\tools\arm-none-eabi\include\c++\13.3.1\bits\move.h:97:5:constexpr typename std::remove_reference<_Tp>::type&& std::move(_Tp&&) [with _Tp = bool&]	16	static
F:\CubeIDE\CUBEIDE\STM32CubeIDE_1.16.1\STM32CubeIDE\plugins\com.st.stm32cube.ide.mcu.externaltools.gnu-tools-for-stm32.13.3.rel1.win32_1.0.0.202411081344\tools\arm-none-eabi\include\c++\13.3.1\bits\move.h:97:5:constexpr typename std::remove_reference<_Tp>::type&& std::move(_Tp&&) [with _Tp = hw_dac_mode_t&]	16	static
F:\CubeIDE\CUBEIDE\STM32CubeIDE_1.16.1\STM32CubeIDE\plugins\com.st.stm32cube.ide.mcu.externaltools.gnu-tools-for-stm32.13.3.rel1.win32_1.0.0.202411081344\tools\arm-none-eabi\include\c++\13.3.1\bits\stl_construct.h:160:2:static constexpr void std::_Destroy_aux<<anonymous> >::__destroy(_ForwardIterator, _ForwardIterator) [with _ForwardIterator = long unsigned int*; bool <anonymous> = false]	16	static
F:\CubeIDE\CUBEIDE\STM32CubeIDE_1.16.1\STM32CubeIDE\plugins\com.st.stm32cube.ide.mcu.externaltools.gnu-tools-for-stm32.13.3.rel1.win32_1.0.0.202411081344\tools\arm-none-eabi\include\c++\13.3.1\bits\stl_construct.h:172:9:static void std::_Destroy_aux<true>::__destroy(_ForwardIterator, _ForwardIterator) [with _ForwardIterator = long unsigned int*]	16	static
F:\CubeIDE\CUBEIDE\STM32CubeIDE_1.16.1\STM32CubeIDE\plugins\com.st.stm32cube.ide.mcu.externaltools.gnu-tools-for-stm32.13.3.rel1.win32_1.0.0.202411081344\tools\arm-none-eabi\include\c++\13.3.1\bits\stl_vector.h:113:2:constexpr void std::_Vector_base<_Tp, _Alloc>::_Vector_impl_data::_M_copy_data(const std::_Vector_base<_Tp, _Alloc>::_Vector_impl_data&) [with _Tp = long unsigned int; _Alloc = std::allocator<long unsigned int>]	16	static
F:\CubeIDE\CUBEIDE\STM32CubeIDE_1.16.1\STM32CubeIDE\plugins\com.st.stm32cube.ide.mcu.externaltools.gnu-tools-for-stm32.13.3.rel1.win32_1.0.0.202411081344\tools\arm-none-eabi\include\c++\13.3.1\bits\stl_vector.h:378:7:constexpr std::_Vector_base<_Tp, _Alloc>::pointer std::_Vector_base<_Tp, _Alloc>::_M_allocate(std::size_t) [with _Tp = long unsigned int; _Alloc = std::allocator<long unsigned int>]	32	static
F:\CubeIDE\CUBEIDE\STM32CubeIDE_1.16.1\STM32CubeIDE\plugins\com.st.stm32cube.ide.mcu.externaltools.gnu-tools-for-stm32.13.3.rel1.win32_1.0.0.202411081344\tools\arm-none-eabi\include\c++\13.3.1\bits\stl_uninitialized.h:261:5:constexpr _ForwardIterator std::__do_uninit_fill_n(_ForwardIterator, _Size, const _Tp&) [with _ForwardIterator = long unsigned int*; _Size = unsigned int; _Tp = long unsigned int]	32	static
F:\CubeIDE\CUBEIDE\STM32CubeIDE_1.16.1\STM32CubeIDE\plugins\com.st.stm32cube.ide.mcu.externaltools.gnu-tools-for-stm32.13.3.rel1.win32_1.0.0.202411081344\tools\arm-none-eabi\include\c++\13.3.1\bits\stl_uninitialized.h:312:5:_ForwardIterator std::uninitialized_fill_n(_ForwardIterator, _Size, const _Tp&) [with _ForwardIterator = long unsigned int*; _Size = unsigned int; _Tp = long unsigned int]	32	static
F:\CubeIDE\CUBEIDE\STM32CubeIDE_1.16.1\STM32CubeIDE\plugins\com.st.stm32cube.ide.mcu.externaltools.gnu-tools-for-stm32.13.3.rel1.win32_1.0.0.202411081344\tools\arm-none-eabi\include\c++\13.3.1\bits\stl_vector.h:306:7:constexpr const std::_Vector_base<_Tp, _Alloc>::_Tp_alloc_type& std::_Vector_base<_Tp, _Alloc>::_M_get_Tp_allocator() const [with _Tp = long unsigned int; _Alloc = std::allocator<long unsigned int>]	16	static
F:\CubeIDE\CUBEIDE\STM32CubeIDE_1.16.1\STM32CubeIDE\plugins\com.st.stm32cube.ide.mcu.externaltools.gnu-tools-for-stm32.13.3.rel1.win32_1.0.0.202411081344\tools\arm-none-eabi\include\c++\13.3.1\bits\stl_vector.h:321:7:constexpr std::_Vector_base<_Tp, _Alloc>::_Vector_base(const allocator_type&) [with _Tp = long unsigned int; _Alloc = std::allocator<long unsigned int>]	16	static
F:\CubeIDE\CUBEIDE\STM32CubeIDE_1.16.1\STM32CubeIDE\plugins\com.st.stm32cube.ide.mcu.externaltools.gnu-tools-for-stm32.13.3.rel1.win32_1.0.0.202411081344\tools\arm-none-eabi\include\c++\13.3.1\bits\move.h:97:5:constexpr typename std::remove_reference<_Tp>::type&& std::move(_Tp&&) [with _Tp = allocator<long unsigned int>&]	16	static
F:\CubeIDE\CUBEIDE\STM32CubeIDE_1.16.1\STM32CubeIDE\plugins\com.st.stm32cube.ide.mcu.externaltools.gnu-tools-for-stm32.13.3.rel1.win32_1.0.0.202411081344\tools\arm-none-eabi\include\c++\13.3.1\bits\stl_algobase.h:976:5:constexpr void std::__fill_a(_FIte, _FIte, const _Tp&) [with _FIte = float*; _Tp = float]	24	static
F:\CubeIDE\CUBEIDE\STM32CubeIDE_1.16.1\STM32CubeIDE\plugins\com.st.stm32cube.ide.mcu.externaltools.gnu-tools-for-stm32.13.3.rel1.win32_1.0.0.202411081344\tools\bin/../lib/gcc/arm-none-eabi/13.3.1/../../../../arm-none-eabi/include/c++/13.3.1/array:126:7:constexpr std::array<_Tp, _Nm>::value_type* std::array<_Tp, _Nm>::begin() [with _Tp = long unsigned int; unsigned int _Nm = 200]	24	static
F:\CubeIDE\CUBEIDE\STM32CubeIDE_1.16.1\STM32CubeIDE\plugins\com.st.stm32cube.ide.mcu.externaltools.gnu-tools-for-stm32.13.3.rel1.win32_1.0.0.202411081344\tools\bin/../lib/gcc/arm-none-eabi/13.3.1/../../../../arm-none-eabi/include/c++/13.3.1/array:136:7:constexpr std::array<_Tp, _Nm>::value_type* std::array<_Tp, _Nm>::end() [with _Tp = long unsigned int; unsigned int _Nm = 200]	24	static
F:\CubeIDE\CUBEIDE\STM32CubeIDE_1.16.1\STM32CubeIDE\plugins\com.st.stm32cube.ide.mcu.externaltools.gnu-tools-for-stm32.13.3.rel1.win32_1.0.0.202411081344\tools\arm-none-eabi\include\c++\13.3.1\bits\stl_algobase.h:204:5:constexpr _ForwardIterator2 std::swap_ranges(_ForwardIterator1, _ForwardIterator1, _ForwardIterator2) [with _ForwardIterator1 = long unsigned int*; _ForwardIterator2 = long unsigned int*]	24	static
F:\CubeIDE\CUBEIDE\STM32CubeIDE_1.16.1\STM32CubeIDE\plugins\com.st.stm32cube.ide.mcu.externaltools.gnu-tools-for-stm32.13.3.rel1.win32_1.0.0.202411081344\tools\arm-none-eabi\include\c++\13.3.1\bits\new_allocator.h:156:7:void std::__new_allocator<_Tp>::deallocate(_Tp*, size_type) [with _Tp = long unsigned int]	24	static
F:\CubeIDE\CUBEIDE\STM32CubeIDE_1.16.1\STM32CubeIDE\plugins\com.st.stm32cube.ide.mcu.externaltools.gnu-tools-for-stm32.13.3.rel1.win32_1.0.0.202411081344\tools\arm-none-eabi\include\c++\13.3.1\bits\move.h:51:5:constexpr _Tp* std::__addressof(_Tp&) [with _Tp = long unsigned int]	16	static
F:\CubeIDE\CUBEIDE\STM32CubeIDE_1.16.1\STM32CubeIDE\plugins\com.st.stm32cube.ide.mcu.externaltools.gnu-tools-for-stm32.13.3.rel1.win32_1.0.0.202411081344\tools\arm-none-eabi\include\c++\13.3.1\bits\stl_construct.h:146:5:constexpr void std::_Destroy(_Tp*) [with _Tp = long unsigned int]	16	static
F:\CubeIDE\CUBEIDE\STM32CubeIDE_1.16.1\STM32CubeIDE\plugins\com.st.stm32cube.ide.mcu.externaltools.gnu-tools-for-stm32.13.3.rel1.win32_1.0.0.202411081344\tools\arm-none-eabi\include\c++\13.3.1\bits\stl_construct.h:109:5:) [with _Tp = long unsigned int; _Args = {const long unsigned int&}]	24	static
F:\CubeIDE\CUBEIDE\STM32CubeIDE_1.16.1\STM32CubeIDE\plugins\com.st.stm32cube.ide.mcu.externaltools.gnu-tools-for-stm32.13.3.rel1.win32_1.0.0.202411081344\tools\arm-none-eabi\include\c++\13.3.1\bits\stl_uninitialized.h:292:9:static _ForwardIterator std::__uninitialized_fill_n<true>::__uninit_fill_n(_ForwardIterator, _Size, const _Tp&) [with _ForwardIterator = long unsigned int*; _Size = unsigned int; _Tp = long unsigned int]	24	static
F:\CubeIDE\CUBEIDE\STM32CubeIDE_1.16.1\STM32CubeIDE\plugins\com.st.stm32cube.ide.mcu.externaltools.gnu-tools-for-stm32.13.3.rel1.win32_1.0.0.202411081344\tools\arm-none-eabi\include\c++\13.3.1\bits\stl_algobase.h:926:5:constexpr typename __gnu_cxx::__enable_if<std::__is_scalar<_Tp>::__value, void>::__type std::__fill_a1(_ForwardIterator, _ForwardIterator, const _Tp&) [with _ForwardIterator = float*; _Tp = float]	32	static
F:\CubeIDE\CUBEIDE\STM32CubeIDE_1.16.1\STM32CubeIDE\plugins\com.st.stm32cube.ide.mcu.externaltools.gnu-tools-for-stm32.13.3.rel1.win32_1.0.0.202411081344\tools\arm-none-eabi\include\c++\13.3.1\bits\stl_algobase.h:155:5:constexpr void std::iter_swap(_ForwardIterator1, _ForwardIterator2) [with _ForwardIterator1 = long unsigned int*; _ForwardIterator2 = long unsigned int*]	16	static
F:\CubeIDE\CUBEIDE\STM32CubeIDE_1.16.1\STM32CubeIDE\plugins\com.st.stm32cube.ide.mcu.externaltools.gnu-tools-for-stm32.13.3.rel1.win32_1.0.0.202411081344\tools\arm-none-eabi\include\c++\13.3.1\bits\stl_construct.h:80:5:constexpr void std::destroy_at(_Tp*) [with _Tp = long unsigned int]	16	static
F:\CubeIDE\CUBEIDE\STM32CubeIDE_1.16.1\STM32CubeIDE\plugins\com.st.stm32cube.ide.mcu.externaltools.gnu-tools-for-stm32.13.3.rel1.win32_1.0.0.202411081344\tools\arm-none-eabi\include\c++\13.3.1\bits\move.h:70:5:constexpr _Tp&& std::forward(typename remove_reference<_Functor>::type&) [with _Tp = const long unsigned int&]	16	static
F:\CubeIDE\CUBEIDE\STM32CubeIDE_1.16.1\STM32CubeIDE\plugins\com.st.stm32cube.ide.mcu.externaltools.gnu-tools-for-stm32.13.3.rel1.win32_1.0.0.202411081344\tools\arm-none-eabi\include\c++\13.3.1\bits\stl_construct.h:94:5:) [with _Tp = long unsigned int; _Args = {const long unsigned int&}]	24	static
F:\CubeIDE\CUBEIDE\STM32CubeIDE_1.16.1\STM32CubeIDE\plugins\com.st.stm32cube.ide.mcu.externaltools.gnu-tools-for-stm32.13.3.rel1.win32_1.0.0.202411081344\tools\arm-none-eabi\include\c++\13.3.1\bits\stl_algobase.h:1152:5:constexpr _OI std::fill_n(_OI, _Size, const _Tp&) [with _OI = long unsigned int*; _Size = unsigned int; _Tp = long unsigned int]	32	static
F:\CubeIDE\CUBEIDE\STM32CubeIDE_1.16.1\STM32CubeIDE\plugins\com.st.stm32cube.ide.mcu.externaltools.gnu-tools-for-stm32.13.3.rel1.win32_1.0.0.202411081344\tools\arm-none-eabi\include\c++\13.3.1\bits\new_allocator.h:126:7:_Tp* std::__new_allocator<_Tp>::allocate(size_type, const void*) [with _Tp = long unsigned int]	32	static
F:\CubeIDE\CUBEIDE\STM32CubeIDE_1.16.1\STM32CubeIDE\plugins\com.st.stm32cube.ide.mcu.externaltools.gnu-tools-for-stm32.13.3.rel1.win32_1.0.0.202411081344\tools\arm-none-eabi\include\c++\13.3.1\bits\stl_algobase.h:1117:5:constexpr _OutputIterator std::__fill_n_a(_OutputIterator, _Size, const _Tp&, random_access_iterator_tag) [with _OutputIterator = long unsigned int*; _Size = unsigned int; _Tp = long unsigned int]	24	static
F:\CubeIDE\CUBEIDE\STM32CubeIDE_1.16.1\STM32CubeIDE\plugins\com.st.stm32cube.ide.mcu.externaltools.gnu-tools-for-stm32.13.3.rel1.win32_1.0.0.202411081344\tools\arm-none-eabi\include\c++\13.3.1\bits\stl_algobase.h:976:5:constexpr void std::__fill_a(_FIte, _FIte, const _Tp&) [with _FIte = long unsigned int*; _Tp = long unsigned int]	24	static
F:\CubeIDE\CUBEIDE\STM32CubeIDE_1.16.1\STM32CubeIDE\plugins\com.st.stm32cube.ide.mcu.externaltools.gnu-tools-for-stm32.13.3.rel1.win32_1.0.0.202411081344\tools\arm-none-eabi\include\c++\13.3.1\bits\stl_algobase.h:926:5:constexpr typename __gnu_cxx::__enable_if<std::__is_scalar<_Tp>::__value, void>::__type std::__fill_a1(_ForwardIterator, _ForwardIterator, const _Tp&) [with _ForwardIterator = long unsigned int*; _Tp = long unsigned int]	32	static
../Core/Src/main.cpp:205:1:void __static_initialization_and_destruction_0()	8	static
../Core/Src/main.cpp:205:1:void __static_initialization_and_destruction_1()	8	static
../Core/Src/main.cpp:205:1:cpp)	8	static
../Core/Src/main.cpp:205:1:cpp)	8	static
