../Core/Src/stm32g4xx_it.c:90:6:NMI_Handler	4	static
../Core/Src/stm32g4xx_it.c:105:6:HardFault_Handler	4	static
../Core/Src/stm32g4xx_it.c:120:6:MemManage_Handler	4	static
../Core/Src/stm32g4xx_it.c:135:6:BusFault_Handler	4	static
../Core/Src/stm32g4xx_it.c:150:6:UsageFault_Handler	4	static
../Core/Src/stm32g4xx_it.c:165:6:SVC_Handler	4	static
../Core/Src/stm32g4xx_it.c:178:6:DebugMon_Handler	4	static
../Core/Src/stm32g4xx_it.c:191:6:PendSV_Handler	4	static
../Core/Src/stm32g4xx_it.c:204:6:SysTick_Handler	8	static
../Core/Src/stm32g4xx_it.c:225:6:DMA1_Channel1_IRQHandler	8	static
../Core/Src/stm32g4xx_it.c:239:6:DMA1_Channel2_IRQHandler	8	static
../Core/Src/stm32g4xx_it.c:253:6:DMA1_Channel3_IRQHandler	8	static
../Core/Src/stm32g4xx_it.c:269:6:DMA1_Channel4_IRQHandler	8	static
../Core/Src/stm32g4xx_it.c:283:6:DMA1_Channel5_IRQHandler	8	static
../Core/Src/stm32g4xx_it.c:297:6:DMA1_Channel6_IRQHandler	8	static
../Core/Src/stm32g4xx_it.c:311:6:DMA1_Channel7_IRQHandler	8	static
../Core/Src/stm32g4xx_it.c:325:6:ADC1_2_IRQHandler	8	static
../Core/Src/stm32g4xx_it.c:340:6:TIM1_UP_TIM16_IRQHandler	8	static
../Core/Src/stm32g4xx_it.c:354:6:USART1_IRQHandler	8	static
../Core/Src/stm32g4xx_it.c:368:6:USART2_IRQHandler	8	static
../Core/Src/stm32g4xx_it.c:382:6:USART3_IRQHandler	8	static
../Core/Src/stm32g4xx_it.c:396:6:TIM8_UP_IRQHandler	8	static
../Core/Src/stm32g4xx_it.c:410:6:ADC3_IRQHandler	8	static
../Core/Src/stm32g4xx_it.c:424:6:TIM6_DAC_IRQHandler	8	static
../Core/Src/stm32g4xx_it.c:439:6:TIM7_DAC_IRQHandler	8	static
../Core/Src/stm32g4xx_it.c:453:6:DMA2_Channel1_IRQHandler	8	static
../Core/Src/stm32g4xx_it.c:467:6:DMA1_Channel8_IRQHandler	8	static
../Core/Src/stm32g4xx_it.c:479:6:DMA_TransferComplete	24	static
