../Core/Src/stm32g4xx_it.c:86:6:NMI_Handler	4	static
../Core/Src/stm32g4xx_it.c:101:6:HardFault_Handler	4	static
../Core/Src/stm32g4xx_it.c:116:6:MemManage_Handler	4	static
../Core/Src/stm32g4xx_it.c:131:6:BusFault_Handler	4	static
../Core/Src/stm32g4xx_it.c:146:6:UsageFault_Handler	4	static
../Core/Src/stm32g4xx_it.c:161:6:SVC_Handler	4	static
../Core/Src/stm32g4xx_it.c:174:6:DebugMon_Handler	4	static
../Core/Src/stm32g4xx_it.c:187:6:PendSV_Handler	4	static
../Core/Src/stm32g4xx_it.c:200:6:SysTick_Handler	8	static
../Core/Src/stm32g4xx_it.c:221:6:DMA1_Channel1_IRQHandler	8	static
../Core/Src/stm32g4xx_it.c:235:6:DMA1_Channel2_IRQHandler	8	static
../Core/Src/stm32g4xx_it.c:249:6:DMA1_Channel3_IRQHandler	8	static
../Core/Src/stm32g4xx_it.c:265:6:DMA1_Channel4_IRQHandler	8	static
../Core/Src/stm32g4xx_it.c:279:6:DMA1_Channel5_IRQHandler	8	static
../Core/Src/stm32g4xx_it.c:293:6:DMA1_Channel6_IRQHandler	8	static
../Core/Src/stm32g4xx_it.c:307:6:DMA1_Channel7_IRQHandler	8	static
../Core/Src/stm32g4xx_it.c:321:6:ADC1_2_IRQHandler	8	static
../Core/Src/stm32g4xx_it.c:336:6:TIM1_UP_TIM16_IRQHandler	8	static
../Core/Src/stm32g4xx_it.c:350:6:USART1_IRQHandler	8	static
../Core/Src/stm32g4xx_it.c:364:6:TIM8_UP_IRQHandler	8	static
../Core/Src/stm32g4xx_it.c:378:6:ADC3_IRQHandler	8	static
../Core/Src/stm32g4xx_it.c:392:6:TIM6_DAC_IRQHandler	8	static
../Core/Src/stm32g4xx_it.c:407:6:TIM7_DAC_IRQHandler	8	static
../Core/Src/stm32g4xx_it.c:419:6:DMA_TransferComplete	24	static
