../Core/Src/usart.c:37:6:MX_USART1_UART_Init	8	static
../Core/Src/usart.c:81:6:MX_USART2_UART_Init	8	static
../Core/Src/usart.c:125:6:MX_USART3_UART_Init	8	static
../Core/Src/usart.c:168:6:HAL_UART_MspInit	144	static
../Core/Src/usart.c:357:6:HAL_UART_MspDeInit	16	static
../Core/Src/usart.c:440:1:__io_putchar	16	static
F:\CubeIDE\CUBEIDE\STM32CubeIDE_1.16.1\STM32CubeIDE\plugins\com.st.stm32cube.ide.mcu.externaltools.gnu-tools-for-stm32.13.3.rel1.win32_1.0.0.202411081344\tools\bin/../lib/gcc/arm-none-eabi/13.3.1/../../../../arm-none-eabi/include/stdio.h:218:5:fgetc	24	static
