Archive member included to satisfy reference by file (symbol)

../Middlewares/ST/ARM/DSP/Lib\libarm_cortexM4lf_math.a(arm_fir_init_f32.o)
                              ./Core/Src/main.o (arm_fir_init_f32)
../Middlewares/ST/ARM/DSP/Lib\libarm_cortexM4lf_math.a(arm_fir_f32.o)
                              ./Core/Src/main.o (arm_fir_f32)
../Middlewares/ST/ARM/DSP/Lib\libarm_cortexM4lf_math.a(arm_sin_f32.o)
                              ./Core/Src/main.o (arm_sin_f32)
../Middlewares/ST/ARM/DSP/Lib\libarm_cortexM4lf_math.a(arm_common_tables.o)
                              ../Middlewares/ST/ARM/DSP/Lib\libarm_cortexM4lf_math.a(arm_sin_f32.o) (sinTable_f32)
F:/CubeIDE/CUBEIDE/STM32CubeIDE_1.16.1/STM32CubeIDE/plugins/com.st.stm32cube.ide.mcu.externaltools.gnu-tools-for-stm32.13.3.rel1.win32_1.0.0.202411081344/tools/bin/../lib/gcc/arm-none-eabi/13.3.1/../../../../arm-none-eabi/lib/thumb/v7e-m+fp/hard\libstdc++_nano.a(del_ops.o)
                              ./Core/Src/main.o (operator delete(void*, unsigned int))
F:/CubeIDE/CUBEIDE/STM32CubeIDE_1.16.1/STM32CubeIDE/plugins/com.st.stm32cube.ide.mcu.externaltools.gnu-tools-for-stm32.13.3.rel1.win32_1.0.0.202411081344/tools/bin/../lib/gcc/arm-none-eabi/13.3.1/../../../../arm-none-eabi/lib/thumb/v7e-m+fp/hard\libstdc++_nano.a(del_opv.o)
                              ./Core/Src/main.o (operator delete[](void*))
F:/CubeIDE/CUBEIDE/STM32CubeIDE_1.16.1/STM32CubeIDE/plugins/com.st.stm32cube.ide.mcu.externaltools.gnu-tools-for-stm32.13.3.rel1.win32_1.0.0.202411081344/tools/bin/../lib/gcc/arm-none-eabi/13.3.1/../../../../arm-none-eabi/lib/thumb/v7e-m+fp/hard\libstdc++_nano.a(guard.o)
                              ./Core/Src/main.o (__cxa_guard_acquire)
F:/CubeIDE/CUBEIDE/STM32CubeIDE_1.16.1/STM32CubeIDE/plugins/com.st.stm32cube.ide.mcu.externaltools.gnu-tools-for-stm32.13.3.rel1.win32_1.0.0.202411081344/tools/bin/../lib/gcc/arm-none-eabi/13.3.1/../../../../arm-none-eabi/lib/thumb/v7e-m+fp/hard\libstdc++_nano.a(new_op.o)
                              ./Core/Src/main.o (operator new(unsigned int))
F:/CubeIDE/CUBEIDE/STM32CubeIDE_1.16.1/STM32CubeIDE/plugins/com.st.stm32cube.ide.mcu.externaltools.gnu-tools-for-stm32.13.3.rel1.win32_1.0.0.202411081344/tools/bin/../lib/gcc/arm-none-eabi/13.3.1/../../../../arm-none-eabi/lib/thumb/v7e-m+fp/hard\libstdc++_nano.a(new_opv.o)
                              ./Core/Src/main.o (operator new[](unsigned int))
F:/CubeIDE/CUBEIDE/STM32CubeIDE_1.16.1/STM32CubeIDE/plugins/com.st.stm32cube.ide.mcu.externaltools.gnu-tools-for-stm32.13.3.rel1.win32_1.0.0.202411081344/tools/bin/../lib/gcc/arm-none-eabi/13.3.1/../../../../arm-none-eabi/lib/thumb/v7e-m+fp/hard\libstdc++_nano.a(del_op.o)
                              F:/CubeIDE/CUBEIDE/STM32CubeIDE_1.16.1/STM32CubeIDE/plugins/com.st.stm32cube.ide.mcu.externaltools.gnu-tools-for-stm32.13.3.rel1.win32_1.0.0.202411081344/tools/bin/../lib/gcc/arm-none-eabi/13.3.1/../../../../arm-none-eabi/lib/thumb/v7e-m+fp/hard\libstdc++_nano.a(del_ops.o) (operator delete(void*))
F:/CubeIDE/CUBEIDE/STM32CubeIDE_1.16.1/STM32CubeIDE/plugins/com.st.stm32cube.ide.mcu.externaltools.gnu-tools-for-stm32.13.3.rel1.win32_1.0.0.202411081344/tools/bin/../lib/gcc/arm-none-eabi/13.3.1/../../../../arm-none-eabi/lib/thumb/v7e-m+fp/hard\libstdc++_nano.a(new_handler.o)
                              F:/CubeIDE/CUBEIDE/STM32CubeIDE_1.16.1/STM32CubeIDE/plugins/com.st.stm32cube.ide.mcu.externaltools.gnu-tools-for-stm32.13.3.rel1.win32_1.0.0.202411081344/tools/bin/../lib/gcc/arm-none-eabi/13.3.1/../../../../arm-none-eabi/lib/thumb/v7e-m+fp/hard\libstdc++_nano.a(new_op.o) (std::get_new_handler())
F:/CubeIDE/CUBEIDE/STM32CubeIDE_1.16.1/STM32CubeIDE/plugins/com.st.stm32cube.ide.mcu.externaltools.gnu-tools-for-stm32.13.3.rel1.win32_1.0.0.202411081344/tools/bin/../lib/gcc/arm-none-eabi/13.3.1/../../../../arm-none-eabi/lib/thumb/v7e-m+fp/hard\libc_nano.a(libc_a-abort.o)
                              F:/CubeIDE/CUBEIDE/STM32CubeIDE_1.16.1/STM32CubeIDE/plugins/com.st.stm32cube.ide.mcu.externaltools.gnu-tools-for-stm32.13.3.rel1.win32_1.0.0.202411081344/tools/bin/../lib/gcc/arm-none-eabi/13.3.1/../../../../arm-none-eabi/lib/thumb/v7e-m+fp/hard\libstdc++_nano.a(new_op.o) (abort)
F:/CubeIDE/CUBEIDE/STM32CubeIDE_1.16.1/STM32CubeIDE/plugins/com.st.stm32cube.ide.mcu.externaltools.gnu-tools-for-stm32.13.3.rel1.win32_1.0.0.202411081344/tools/bin/../lib/gcc/arm-none-eabi/13.3.1/../../../../arm-none-eabi/lib/thumb/v7e-m+fp/hard\libc_nano.a(libc_a-exit.o)
                              F:/CubeIDE/CUBEIDE/STM32CubeIDE_1.16.1/STM32CubeIDE/plugins/com.st.stm32cube.ide.mcu.externaltools.gnu-tools-for-stm32.13.3.rel1.win32_1.0.0.202411081344/tools/bin/../lib/gcc/arm-none-eabi/13.3.1/../../../../arm-none-eabi/lib/thumb/v7e-m+fp/hard/crt0.o (exit)
[...]
Memory Configuration

Name             Origin             Length             Attributes
RAM              0x20000000         0x00020000         xrw
FLASH            0x08000000         0x00080000         xr
*default*        0x00000000         0xffffffff

Linker script and memory map

LOAD F:/CubeIDE/CUBEIDE/STM32CubeIDE_1.16.1/STM32CubeIDE/plugins/com.st.stm32cube.ide.mcu.externaltools.gnu-tools-for-stm32.13.3.rel1.win32_1.0.0.202411081344/tools/bin/../lib/gcc/arm-none-eabi/13.3.1/thumb/v7e-m+fp/hard/crti.o
LOAD F:/CubeIDE/CUBEIDE/STM32CubeIDE_1.16.1/STM32CubeIDE/plugins/com.st.stm32cube.ide.mcu.externaltools.gnu-tools-for-stm32.13.3.rel1.win32_1.0.0.202411081344/tools/bin/../lib/gcc/arm-none-eabi/13.3.1/thumb/v7e-m+fp/hard/crtbegin.o
LOAD F:/CubeIDE/CUBEIDE/STM32CubeIDE_1.16.1/STM32CubeIDE/plugins/com.st.stm32cube.ide.mcu.externaltools.gnu-tools-for-stm32.13.3.rel1.win32_1.0.0.202411081344/tools/bin/../lib/gcc/arm-none-eabi/13.3.1/../../../../arm-none-eabi/lib/thumb/v7e-m+fp/hard/crt0.o
LOAD ./Core/Src/adc.o
LOAD ./Core/Src/dac.o
LOAD ./Core/Src/dma.o
LOAD ./Core/Src/gpio.o
LOAD ./Core/Src/hrtim.o
LOAD ./Core/Src/main.o
LOAD ./Core/Src/stm32g4xx_hal_msp.o
LOAD ./Core/Src/stm32g4xx_it.o
LOAD ./Core/Src/syscalls.o
LOAD ./Core/Src/sysmem.o
LOAD ./Core/Src/system_stm32g4xx.o
LOAD ./Core/Src/tim.o
LOAD ./Core/Src/usart.o
LOAD ./Core/Startup/startup_stm32g474retx.o
LOAD ./Drivers/STM32G4xx_HAL_Driver/Src/stm32g4xx_hal.o
LOAD ./Drivers/STM32G4xx_HAL_Driver/Src/stm32g4xx_hal_adc.o
LOAD ./Drivers/STM32G4xx_HAL_Driver/Src/stm32g4xx_hal_adc_ex.o
LOAD ./Drivers/STM32G4xx_HAL_Driver/Src/stm32g4xx_hal_cortex.o
LOAD ./Drivers/STM32G4xx_HAL_Driver/Src/stm32g4xx_hal_dac.o
LOAD ./Drivers/STM32G4xx_HAL_Driver/Src/stm32g4xx_hal_dac_ex.o
LOAD ./Drivers/STM32G4xx_HAL_Driver/Src/stm32g4xx_hal_dma.o
LOAD ./Drivers/STM32G4xx_HAL_Driver/Src/stm32g4xx_hal_dma_ex.o
LOAD ./Drivers/STM32G4xx_HAL_Driver/Src/stm32g4xx_hal_exti.o
LOAD ./Drivers/STM32G4xx_HAL_Driver/Src/stm32g4xx_hal_flash.o
LOAD ./Drivers/STM32G4xx_HAL_Driver/Src/stm32g4xx_hal_flash_ex.o
LOAD ./Drivers/STM32G4xx_HAL_Driver/Src/stm32g4xx_hal_flash_ramfunc.o
LOAD ./Drivers/STM32G4xx_HAL_Driver/Src/stm32g4xx_hal_gpio.o
LOAD ./Drivers/STM32G4xx_HAL_Driver/Src/stm32g4xx_hal_hrtim.o
LOAD ./Drivers/STM32G4xx_HAL_Driver/Src/stm32g4xx_hal_pwr.o
LOAD ./Drivers/STM32G4xx_HAL_Driver/Src/stm32g4xx_hal_pwr_ex.o
LOAD ./Drivers/STM32G4xx_HAL_Driver/Src/stm32g4xx_hal_rcc.o
LOAD ./Drivers/STM32G4xx_HAL_Driver/Src/stm32g4xx_hal_rcc_ex.o
LOAD ./Drivers/STM32G4xx_HAL_Driver/Src/stm32g4xx_hal_tim.o
LOAD ./Drivers/STM32G4xx_HAL_Driver/Src/stm32g4xx_hal_tim_ex.o
LOAD ./Drivers/STM32G4xx_HAL_Driver/Src/stm32g4xx_hal_uart.o
LOAD ./Drivers/STM32G4xx_HAL_Driver/Src/stm32g4xx_hal_uart_ex.o
LOAD ./Drivers/STM32G4xx_HAL_Driver/Src/stm32g4xx_ll_adc.o
LOAD ./Hardware/port/Inc/oled.o
LOAD ./Port/Src/stm32_callback.o
LOAD ./Segger/debug/SEGGER_RTT.o
LOAD ./Segger/debug/SEGGER_SYSVIEW.o
LOAD ./Segger/debug/SEGGER_SYSVIEW_Config_NoOS.o
LOAD ../Middlewares/ST/ARM/DSP/Lib\libarm_cortexM4lf_math.a
START GROUP
LOAD F:/CubeIDE/CUBEIDE/STM32CubeIDE_1.16.1/STM32CubeIDE/plugins/com.st.stm32cube.ide.mcu.externaltools.gnu-tools-for-stm32.13.3.rel1.win32_1.0.0.202411081344/tools/bin/../lib/gcc/arm-none-eabi/13.3.1/../../../../arm-none-eabi/lib/thumb/v7e-m+fp/hard\libstdc++_nano.a
LOAD F:/CubeIDE/CUBEIDE/STM32CubeIDE_1.16.1/STM32CubeIDE/plugins/com.st.stm32cube.ide.mcu.externaltools.gnu-tools-for-stm32.13.3.rel1.win32_1.0.0.202411081344/tools/bin/../lib/gcc/arm-none-eabi/13.3.1/../../../../arm-none-eabi/lib/thumb/v7e-m+fp/hard\libsupc++_nano.a
END GROUP
LOAD F:/CubeIDE/CUBEIDE/STM32CubeIDE_1.16.1/STM32CubeIDE/plugins/com.st.stm32cube.ide.mcu.externaltools.gnu-tools-for-stm32.13.3.rel1.win32_1.0.0.202411081344/tools/bin/../lib/gcc/arm-none-eabi/13.3.1/../../../../arm-none-eabi/lib/thumb/v7e-m+fp/hard\libstdc++_nano.a
LOAD F:/CubeIDE/CUBEIDE/STM32CubeIDE_1.16.1/STM32CubeIDE/plugins/com.st.stm32cube.ide.mcu.externaltools.gnu-tools-for-stm32.13.3.rel1.win32_1.0.0.202411081344/tools/bin/../lib/gcc/arm-none-eabi/13.3.1/../../../../arm-none-eabi/lib/thumb/v7e-m+fp/hard\libm.a
LOAD F:/CubeIDE/CUBEIDE/STM32CubeIDE_1.16.1/STM32CubeIDE/plugins/com.st.stm32cube.ide.mcu.externaltools.gnu-tools-for-stm32.13.3.rel1.win32_1.0.0.202411081344/tools/bin/../lib/gcc/arm-none-eabi/13.3.1/../../../../arm-none-eabi/lib/thumb/v7e-m+fp/hard\libc_nano.a
START GROUP
LOAD F:/CubeIDE/CUBEIDE/STM32CubeIDE_1.16.1/STM32CubeIDE/plugins/com.st.stm32cube.ide.mcu.externaltools.gnu-tools-for-stm32.13.3.rel1.win32_1.0.0.202411081344/tools/bin/../lib/gcc/arm-none-eabi/13.3.1/thumb/v7e-m+fp/hard\libgcc.a
LOAD F:/CubeIDE/CUBEIDE/STM32CubeIDE_1.16.1/STM32CubeIDE/plugins/com.st.stm32cube.ide.mcu.externaltools.gnu-tools-for-stm32.13.3.rel1.win32_1.0.0.202411081344/tools/bin/../lib/gcc/arm-none-eabi/13.3.1/../../../../arm-none-eabi/lib/thumb/v7e-m+fp/hard\libc_nano.a
END GROUP
START GROUP
LOAD F:/CubeIDE/CUBEIDE/STM32CubeIDE_1.16.1/STM32CubeIDE/plugins/com.st.stm32cube.ide.mcu.externaltools.gnu-tools-for-stm32.13.3.rel1.win32_1.0.0.202411081344/tools/bin/../lib/gcc/arm-none-eabi/13.3.1/thumb/v7e-m+fp/hard\libgcc.a
LOAD F:/CubeIDE/CUBEIDE/STM32CubeIDE_1.16.1/STM32CubeIDE/plugins/com.st.stm32cube.ide.mcu.externaltools.gnu-tools-for-stm32.13.3.rel1.win32_1.0.0.202411081344/tools/bin/../lib/gcc/arm-none-eabi/13.3.1/../../../../arm-none-eabi/lib/thumb/v7e-m+fp/hard\libc_nano.a
LOAD F:/CubeIDE/CUBEIDE/STM32CubeIDE_1.16.1/STM32CubeIDE/plugins/com.st.stm32cube.ide.mcu.externaltools.gnu-tools-for-stm32.13.3.rel1.win32_1.0.0.202411081344/tools/bin/../lib/gcc/arm-none-eabi/13.3.1/../../../../arm-none-eabi/lib/thumb/v7e-m+fp/hard\libnosys.a
END GROUP
START GROUP
LOAD F:/CubeIDE/CUBEIDE/STM32CubeIDE_1.16.1/STM32CubeIDE/plugins/com.st.stm32cube.ide.mcu.externaltools.gnu-tools-for-stm32.13.3.rel1.win32_1.0.0.202411081344/tools/bin/../lib/gcc/arm-none-eabi/13.3.1/thumb/v7e-m+fp/hard\libgcc.a
LOAD F:/CubeIDE/CUBEIDE/STM32CubeIDE_1.16.1/STM32CubeIDE/plugins/com.st.stm32cube.ide.mcu.externaltools.gnu-tools-for-stm32.13.3.rel1.win32_1.0.0.202411081344/tools/bin/../lib/gcc/arm-none-eabi/13.3.1/../../../../arm-none-eabi/lib/thumb/v7e-m+fp/hard\libc_nano.a
LOAD F:/CubeIDE/CUBEIDE/STM32CubeIDE_1.16.1/STM32CubeIDE/plugins/com.st.stm32cube.ide.mcu.externaltools.gnu-tools-for-stm32.13.3.rel1.win32_1.0.0.202411081344/tools/bin/../lib/gcc/arm-none-eabi/13.3.1/../../../../arm-none-eabi/lib/thumb/v7e-m+fp/hard\libnosys.a
END GROUP
LOAD F:/CubeIDE/CUBEIDE/STM32CubeIDE_1.16.1/STM32CubeIDE/plugins/com.st.stm32cube.ide.mcu.externaltools.gnu-tools-for-stm32.13.3.rel1.win32_1.0.0.202411081344/tools/bin/../lib/gcc/arm-none-eabi/13.3.1/thumb/v7e-m+fp/hard/crtend.o
LOAD F:/CubeIDE/CUBEIDE/STM32CubeIDE_1.16.1/STM32CubeIDE/plugins/com.st.stm32cube.ide.mcu.externaltools.gnu-tools-for-stm32.13.3.rel1.win32_1.0.0.202411081344/tools/bin/../lib/gcc/arm-none-eabi/13.3.1/thumb/v7e-m+fp/hard/crtn.o
                0x20020000                        _estack = (ORIGIN (RAM) + LENGTH (RAM))
                0x00000200                        _Min_Heap_Size = 0x200
                0x00000400                        _Min_Stack_Size = 0x400

.isr_vector     0x08000000      0x1d8
                0x08000000                        . = ALIGN (0x4)
 *(.isr_vector)
 .isr_vector    0x08000000      0x1d8 ./Core/Startup/startup_stm32g474retx.o
                0x08000000                g_pfnVectors
                0x080001d8                        . = ALIGN (0x4)

.text           0x080001e0     0xfe98
                0x080001e0                        . = ALIGN (0x4)
 *(.text)
 .text          0x080001e0       0x40 F:/CubeIDE/CUBEIDE/STM32CubeIDE_1.16.1/STM32CubeIDE/plugins/com.st.stm32cube.ide.mcu.externaltools.gnu-tools-for-stm32.13.3.rel1.win32_1.0.0.202411081344/tools/bin/../lib/gcc/arm-none-eabi/13.3.1/thumb/v7e-m+fp/hard/crtbegin.o
 .text          0x08000220       0x14 F:/CubeIDE/CUBEIDE/STM32CubeIDE_1.16.1/STM32CubeIDE/plugins/com.st.stm32cube.ide.mcu.externaltools.gnu-tools-for-stm32.13.3.rel1.win32_1.0.0.202411081344/tools/bin/../lib/gcc/arm-none-eabi/13.3.1/../../../../arm-none-eabi/lib/thumb/v7e-m+fp/hard\libc_nano.a(libc_a-strcmp.o)
                0x08000220                strcmp
 *fill*         0x08000234        0xc 
 .text          0x08000240       0xa0 F:/CubeIDE/CUBEIDE/STM32CubeIDE_1.16.1/STM32CubeIDE/plugins/com.st.stm32cube.ide.mcu.externaltools.gnu-tools-for-stm32.13.3.rel1.win32_1.0.0.202411081344/tools/bin/../lib/gcc/arm-none-eabi/13.3.1/../../../../arm-none-eabi/lib/thumb/v7e-m+fp/hard\libc_nano.a(libc_a-memchr.o)
                0x08000240                memchr
 .text          0x080002e0       0x10 F:/CubeIDE/CUBEIDE/STM32CubeIDE_1.16.1/STM32CubeIDE/plugins/com.st.stm32cube.ide.mcu.externaltools.gnu-tools-for-stm32.13.3.rel1.win32_1.0.0.202411081344/tools/bin/../lib/gcc/arm-none-eabi/13.3.1/../../../../arm-none-eabi/lib/thumb/v7e-m+fp/hard\libc_nano.a(libc_a-strlen.o)
                0x080002e0                strlen
 .text          0x080002f0      0x378 F:/CubeIDE/CUBEIDE/STM32CubeIDE_1.16.1/STM32CubeIDE/plugins/com.st.stm32cube.ide.mcu.externaltools.gnu-tools-for-stm32.13.3.rel1.win32_1.0.0.202411081344/tools/bin/../lib/gcc/arm-none-eabi/13.3.1/thumb/v7e-m+fp/hard\libgcc.a(_arm_addsubdf3.o)
                0x080002f0                __aeabi_drsub
                0x080002f8                __aeabi_dsub
                0x080002f8                __subdf3
                0x080002fc                __aeabi_dadd
                0x080002fc                __adddf3
                0x08000574                __floatunsidf
                0x08000574                __aeabi_ui2d
                0x08000594                __floatsidf
                0x08000594                __aeabi_i2d
                0x080005b8                __aeabi_f2d
                0x080005b8                __extendsfdf2
                0x080005fc                __floatundidf
                0x080005fc                __aeabi_ul2d
                0x0800060c                __floatdidf
                0x0800060c                __aeabi_l2d
 .text          0x08000668      0x424 F:/CubeIDE/CUBEIDE/STM32CubeIDE_1.16.1/STM32CubeIDE/plugins/com.st.stm32cube.ide.mcu.externaltools.gnu-tools-for-stm32.13.3.rel1.win32_1.0.0.202411081344/tools/bin/../lib/gcc/arm-none-eabi/13.3.1/thumb/v7e-m+fp/hard\libgcc.a(_arm_muldivdf3.o)
                0x08000668                __aeabi_dmul
                0x08000668                __muldf3
                0x080008bc                __divdf3
                0x080008bc                __aeabi_ddiv
 .text          0x08000a8c      0x110 F:/CubeIDE/CUBEIDE/STM32CubeIDE_1.16.1/STM32CubeIDE/plugins/com.st.stm32cube.ide.mcu.externaltools.gnu-tools-for-stm32.13.3.rel1.win32_1.0.0.202411081344/tools/bin/../lib/gcc/arm-none-eabi/13.3.1/thumb/v7e-m+fp/hard\libgcc.a(_arm_cmpdf2.o)
                0x08000a8c                __gtdf2
                0x08000a8c                __gedf2
                0x08000a94                __ltdf2
                0x08000a94                __ledf2
                0x08000a9c                __nedf2
                0x08000a9c                __eqdf2
                0x08000a9c                __cmpdf2
                0x08000b18                __aeabi_cdrcmple
                0x08000b28                __aeabi_cdcmpeq
                0x08000b28                __aeabi_cdcmple
                0x08000b38                __aeabi_dcmpeq
                0x08000b4c                __aeabi_dcmplt
                0x08000b60                __aeabi_dcmple
                0x08000b74                __aeabi_dcmpge
                0x08000b88                __aeabi_dcmpgt
 .text          0x08000b9c       0x2c F:/CubeIDE/CUBEIDE/STM32CubeIDE_1.16.1/STM32CubeIDE/plugins/com.st.stm32cube.ide.mcu.externaltools.gnu-tools-for-stm32.13.3.rel1.win32_1.0.0.202411081344/tools/bin/../lib/gcc/arm-none-eabi/13.3.1/thumb/v7e-m+fp/hard\libgcc.a(_arm_unorddf2.o)
                0x08000b9c                __unorddf2
                0x08000b9c                __aeabi_dcmpun
 .text          0x08000bc8       0x50 F:/CubeIDE/CUBEIDE/STM32CubeIDE_1.16.1/STM32CubeIDE/plugins/com.st.stm32cube.ide.mcu.externaltools.gnu-tools-for-stm32.13.3.rel1.win32_1.0.0.202411081344/tools/bin/../lib/gcc/arm-none-eabi/13.3.1/thumb/v7e-m+fp/hard\libgcc.a(_arm_fixdfsi.o)
                0x08000bc8                __aeabi_d2iz
                0x08000bc8                __fixdfsi
 .text          0x08000c18       0x40 F:/CubeIDE/CUBEIDE/STM32CubeIDE_1.16.1/STM32CubeIDE/plugins/com.st.stm32cube.ide.mcu.externaltools.gnu-tools-for-stm32.13.3.rel1.win32_1.0.0.202411081344/tools/bin/../lib/gcc/arm-none-eabi/13.3.1/thumb/v7e-m+fp/hard\libgcc.a(_arm_fixunsdfsi.o)
                0x08000c18                __aeabi_d2uiz
                0x08000c18                __fixunsdfsi
 .text          0x08000c58       0xa0 F:/CubeIDE/CUBEIDE/STM32CubeIDE_1.16.1/STM32CubeIDE/plugins/com.st.stm32cube.ide.mcu.externaltools.gnu-tools-for-stm32.13.3.rel1.win32_1.0.0.202411081344/tools/bin/../lib/gcc/arm-none-eabi/13.3.1/thumb/v7e-m+fp/hard\libgcc.a(_arm_truncdfsf2.o)
                0x08000c58                __truncdfsf2
                0x08000c58                __aeabi_d2f
 .text          0x08000cf8       0x30 F:/CubeIDE/CUBEIDE/STM32CubeIDE_1.16.1/STM32CubeIDE/plugins/com.st.stm32cube.ide.mcu.externaltools.gnu-tools-for-stm32.13.3.rel1.win32_1.0.0.202411081344/tools/bin/../lib/gcc/arm-none-eabi/13.3.1/thumb/v7e-m+fp/hard\libgcc.a(_aeabi_uldivmod.o)
                0x08000cf8                __aeabi_uldivmod
 .text          0x08000d28       0x30 F:/CubeIDE/CUBEIDE/STM32CubeIDE_1.16.1/STM32CubeIDE/plugins/com.st.stm32cube.ide.mcu.externaltools.gnu-tools-for-stm32.13.3.rel1.win32_1.0.0.202411081344/tools/bin/../lib/gcc/arm-none-eabi/13.3.1/thumb/v7e-m+fp/hard\libgcc.a(_fixdfdi.o)
                0x08000d28                __fixdfdi
                0x08000d28                __aeabi_d2lz
 .text          0x08000d58       0x3c F:/CubeIDE/CUBEIDE/STM32CubeIDE_1.16.1/STM32CubeIDE/plugins/com.st.stm32cube.ide.mcu.externaltools.gnu-tools-for-stm32.13.3.rel1.win32_1.0.0.202411081344/tools/bin/../lib/gcc/arm-none-eabi/13.3.1/thumb/v7e-m+fp/hard\libgcc.a(_fixunsdfdi.o)
                0x08000d58                __fixunsdfdi
                0x08000d58                __aeabi_d2ulz
 .text          0x08000d94      0x2f8 F:/CubeIDE/CUBEIDE/STM32CubeIDE_1.16.1/STM32CubeIDE/plugins/com.st.stm32cube.ide.mcu.externaltools.gnu-tools-for-stm32.13.3.rel1.win32_1.0.0.202411081344/tools/bin/../lib/gcc/arm-none-eabi/13.3.1/thumb/v7e-m+fp/hard\libgcc.a(_udivmoddi4.o)
                0x08000d94                __udivmoddi4
 .text          0x0800108c        0x4 F:/CubeIDE/CUBEIDE/STM32CubeIDE_1.16.1/STM32CubeIDE/plugins/com.st.stm32cube.ide.mcu.externaltools.gnu-tools-for-stm32.13.3.rel1.win32_1.0.0.202411081344/tools/bin/../lib/gcc/arm-none-eabi/13.3.1/thumb/v7e-m+fp/hard\libgcc.a(_dvmd_tls.o)
                0x0800108c                __aeabi_idiv0
                0x0800108c                __aeabi_ldiv0
 *(.text*)
 .text.MX_ADC1_Init
                0x08001090      0x164 ./Core/Src/adc.o
                0x08001090                MX_ADC1_Init
 .text.MX_ADC2_Init
                0x080011f4      0x150 ./Core/Src/adc.o
                0x080011f4                MX_ADC2_Init
 .text.MX_ADC3_Init
                0x08001344       0xcc ./Core/Src/adc.o
                0x08001344                MX_ADC3_Init
 .text.HAL_ADC_MspInit
                0x08001410      0x228 ./Core/Src/adc.o
                0x08001410                HAL_ADC_MspInit
 .text.MX_DAC1_Init
                0x08001638       0x74 ./Core/Src/dac.o
                0x08001638                MX_DAC1_Init
 .text.HAL_DAC_MspInit
                0x080016ac       0xf8 ./Core/Src/dac.o
                0x080016ac                HAL_DAC_MspInit
 .text.MX_DMA_Init
                0x080017a4       0xd8 ./Core/Src/dma.o
                0x080017a4                MX_DMA_Init
 .text.MX_GPIO_Init
                0x0800187c      0x114 ./Core/Src/gpio.o
                0x0800187c                MX_GPIO_Init
 .text.HAL_HRTIM_MspInit
                0x08001990       0x2c ./Core/Src/hrtim.o
                0x08001990                HAL_HRTIM_MspInit
 .text.HAL_HRTIM_MspPostInit
                0x080019bc       0x84 ./Core/Src/hrtim.o
                0x080019bc                HAL_HRTIM_MspPostInit
 .text.MX_HRTIM1_Init
                0x08001a40      0x3b8 ./Core/Src/hrtim.o
                0x08001a40                MX_HRTIM1_Init
 .text._ZN15Hardware_MK103116updateSensorDataEPKhj
                0x08001df8       0x74 ./Core/Src/main.o
                0x08001df8                Hardware_MK1031::updateSensorData(unsigned char const*, unsigned int)
 .text._ZN10stm32_test19vofaReceiveCallbackEPht
                0x08001e6c      0x448 ./Core/Src/main.o
                0x08001e6c                stm32_test::vofaReceiveCallback(unsigned char*, unsigned short)
 .text._ZZN10stm32_test20nuedc_2015_init_testEvENUlvE0_4_FUNEv
                0x080022b4       0x1c ./Core/Src/main.o
 .text._ZZN10stm32_test20nuedc_2015_init_testEvENUlvE_4_FUNEv
                0x080022d0       0x54 ./Core/Src/main.o
 *fill*         0x08002324        0x4 
 .text._ZZN10stm32_test20nuedc_2015_init_testEvENUlvE1_4_FUNEv
                0x08002328       0x60 ./Core/Src/main.o
 .text._ZZN10stm32_test20nuedc_2015_init_testEvENUlvE2_4_FUNEv
                0x08002388       0x68 ./Core/Src/main.o
 .text._ZZN10stm32_test20nuedc_2015_init_testEvENUlPhtE0_4_FUNES0_t
                0x080023f0      0x108 ./Core/Src/main.o
 .text._ZZN10stm32_test20nuedc_2015_init_testEvENUlPhtE_4_FUNES0_t
                0x080024f8      0x108 ./Core/Src/main.o
 .text._ZN10stm32_test11pll_it_testEv
                0x08002600      0x390 ./Core/Src/main.o
                0x08002600                stm32_test::pll_it_test()
 .text._ZN10stm32_test14oled_menu_testEv
                0x08002990      0x18c ./Core/Src/main.o
                0x08002990                stm32_test::oled_menu_test()
 .text._ZN10stm32_test20nuedc_2015_init_testEv
                0x08002b1c      0x3f8 ./Core/Src/main.o
                0x08002b1c                stm32_test::nuedc_2015_init_test()
 .text._ZN10stm32_test28nuedc_2015_tim1Callback_testEv
                0x08002f14      0xdb0 ./Core/Src/main.o
                0x08002f14                stm32_test::nuedc_2015_tim1Callback_test()
 .text._ZN10stm32_test20nuedc_2015_loop_testEv
                0x08003cc4      0x270 ./Core/Src/main.o
                0x08003cc4                stm32_test::nuedc_2015_loop_test()
 .text._Z18SystemClock_Configv
                0x08003f34       0x70 ./Core/Src/main.o
                0x08003f34                SystemClock_Config()
 .text.startup.main
                0x08003fa4       0x54 ./Core/Src/main.o
                0x08003fa4                main
 .text.Error_Handler
                0x08003ff8        0x4 ./Core/Src/main.o
                0x08003ff8                Error_Handler
 .text.startup._GLOBAL__sub_I__ZN15stm32_hrtim_pwm15getTimerAOutputEv
                0x08003ffc      0x138 ./Core/Src/main.o
 .text.exit._GLOBAL__sub_D__ZN15stm32_hrtim_pwm15getTimerAOutputEv
                0x08004134       0x40 ./Core/Src/main.o
 .text.HAL_MspInit
                0x08004174       0x34 ./Core/Src/stm32g4xx_hal_msp.o
                0x08004174                HAL_MspInit
 .text.NMI_Handler
                0x080041a8        0x4 ./Core/Src/stm32g4xx_it.o
                0x080041a8                NMI_Handler
 .text.HardFault_Handler
                0x080041ac        0x4 ./Core/Src/stm32g4xx_it.o
                0x080041ac                HardFault_Handler
 .text.MemManage_Handler
                0x080041b0        0x4 ./Core/Src/stm32g4xx_it.o
                0x080041b0                MemManage_Handler
 .text.BusFault_Handler
                0x080041b4        0x4 ./Core/Src/stm32g4xx_it.o
                0x080041b4                BusFault_Handler
 .text.UsageFault_Handler
                0x080041b8        0x4 ./Core/Src/stm32g4xx_it.o
                0x080041b8                UsageFault_Handler
 .text.SVC_Handler
                0x080041bc        0x4 ./Core/Src/stm32g4xx_it.o
                0x080041bc                SVC_Handler
 .text.DebugMon_Handler
                0x080041c0        0x4 ./Core/Src/stm32g4xx_it.o
                0x080041c0                DebugMon_Handler
 .text.PendSV_Handler
                0x080041c4        0x4 ./Core/Src/stm32g4xx_it.o
                0x080041c4                PendSV_Handler
 .text.SysTick_Handler
                0x080041c8        0x4 ./Core/Src/stm32g4xx_it.o
                0x080041c8                SysTick_Handler
 .text.DMA1_Channel1_IRQHandler
                0x080041cc        0xc ./Core/Src/stm32g4xx_it.o
                0x080041cc                DMA1_Channel1_IRQHandler
 .text.DMA1_Channel2_IRQHandler
                0x080041d8        0xc ./Core/Src/stm32g4xx_it.o
                0x080041d8                DMA1_Channel2_IRQHandler
 .text.DMA1_Channel3_IRQHandler
                0x080041e4       0x20 ./Core/Src/stm32g4xx_it.o
                0x080041e4                DMA1_Channel3_IRQHandler
 .text.DMA1_Channel4_IRQHandler
                0x08004204        0xc ./Core/Src/stm32g4xx_it.o
                0x08004204                DMA1_Channel4_IRQHandler
 .text.DMA1_Channel5_IRQHandler
                0x08004210        0xc ./Core/Src/stm32g4xx_it.o
                0x08004210                DMA1_Channel5_IRQHandler
 .text.DMA1_Channel6_IRQHandler
                0x0800421c        0xc ./Core/Src/stm32g4xx_it.o
                0x0800421c                DMA1_Channel6_IRQHandler
 .text.DMA1_Channel7_IRQHandler
                0x08004228        0xc ./Core/Src/stm32g4xx_it.o
                0x08004228                DMA1_Channel7_IRQHandler
 .text.ADC1_2_IRQHandler
                0x08004234       0x1c ./Core/Src/stm32g4xx_it.o
                0x08004234                ADC1_2_IRQHandler
 .text.TIM1_UP_TIM16_IRQHandler
                0x08004250        0xc ./Core/Src/stm32g4xx_it.o
                0x08004250                TIM1_UP_TIM16_IRQHandler
 .text.USART1_IRQHandler
                0x0800425c        0xc ./Core/Src/stm32g4xx_it.o
                0x0800425c                USART1_IRQHandler
 .text.USART2_IRQHandler
                0x08004268        0xc ./Core/Src/stm32g4xx_it.o
                0x08004268                USART2_IRQHandler
 .text.USART3_IRQHandler
                0x08004274        0xc ./Core/Src/stm32g4xx_it.o
                0x08004274                USART3_IRQHandler
 .text.TIM8_UP_IRQHandler
                0x08004280        0xc ./Core/Src/stm32g4xx_it.o
                0x08004280                TIM8_UP_IRQHandler
 .text.ADC3_IRQHandler
                0x0800428c        0xc ./Core/Src/stm32g4xx_it.o
                0x0800428c                ADC3_IRQHandler
 .text.TIM6_DAC_IRQHandler
                0x08004298       0x1c ./Core/Src/stm32g4xx_it.o
                0x08004298                TIM6_DAC_IRQHandler
 .text.TIM7_DAC_IRQHandler
                0x080042b4        0xc ./Core/Src/stm32g4xx_it.o
                0x080042b4                TIM7_DAC_IRQHandler
 .text.DMA2_Channel1_IRQHandler
                0x080042c0        0xc ./Core/Src/stm32g4xx_it.o
                0x080042c0                DMA2_Channel1_IRQHandler
 .text.DMA1_Channel8_IRQHandler
                0x080042cc        0xc ./Core/Src/stm32g4xx_it.o
                0x080042cc                DMA1_Channel8_IRQHandler
 .text._getpid  0x080042d8        0x4 ./Core/Src/syscalls.o
                0x080042d8                _getpid
 .text._kill    0x080042dc       0x10 ./Core/Src/syscalls.o
                0x080042dc                _kill
 .text._exit    0x080042ec        0xc ./Core/Src/syscalls.o
                0x080042ec                _exit
 .text._read    0x080042f8       0x1c ./Core/Src/syscalls.o
                0x080042f8                _read
 .text._write   0x08004314       0x1c ./Core/Src/syscalls.o
                0x08004314                _write
 .text._close   0x08004330        0x8 ./Core/Src/syscalls.o
                0x08004330                _close
 .text._fstat   0x08004338        0xc ./Core/Src/syscalls.o
                0x08004338                _fstat
 .text._isatty  0x08004344        0x4 ./Core/Src/syscalls.o
                0x08004344                _isatty
 .text._lseek   0x08004348        0x4 ./Core/Src/syscalls.o
                0x08004348                _lseek
 .text._sbrk    0x0800434c       0x44 ./Core/Src/sysmem.o
                0x0800434c                _sbrk
 .text.SystemInit
                0x08004390       0x14 ./Core/Src/system_stm32g4xx.o
                0x08004390                SystemInit
 *fill*         0x080043a4        0x4 
 .text.MX_TIM1_Init
                0x080043a8       0x88 ./Core/Src/tim.o
                0x080043a8                MX_TIM1_Init
 .text.MX_TIM6_Init
                0x08004430       0x58 ./Core/Src/tim.o
                0x08004430                MX_TIM6_Init
 .text.MX_TIM7_Init
                0x08004488       0x58 ./Core/Src/tim.o
                0x08004488                MX_TIM7_Init
 .text.MX_TIM8_Init
                0x080044e0       0x88 ./Core/Src/tim.o
                0x080044e0                MX_TIM8_Init
 .text.HAL_TIM_Base_MspInit
                0x08004568       0xe0 ./Core/Src/tim.o
                0x08004568                HAL_TIM_Base_MspInit
 .text.MX_USART1_UART_Init
                0x08004648       0x88 ./Core/Src/usart.o
                0x08004648                MX_USART1_UART_Init
 .text.MX_USART2_UART_Init
                0x080046d0       0x88 ./Core/Src/usart.o
                0x080046d0                MX_USART2_UART_Init
 .text.MX_USART3_UART_Init
                0x08004758       0x88 ./Core/Src/usart.o
                0x08004758                MX_USART3_UART_Init
 .text.HAL_UART_MspInit
                0x080047e0      0x29c ./Core/Src/usart.o
                0x080047e0                HAL_UART_MspInit
 .text.__io_putchar
                0x08004a7c       0x20 ./Core/Src/usart.o
                0x08004a7c                __io_putchar
 .text.Reset_Handler
                0x08004a9c       0x50 ./Core/Startup/startup_stm32g474retx.o
                0x08004a9c                Reset_Handler
 .text.Default_Handler
                0x08004aec        0x2 ./Core/Startup/startup_stm32g474retx.o
                0x08004aec                RTC_Alarm_IRQHandler
                0x08004aec                EXTI2_IRQHandler
                0x08004aec                TIM8_TRG_COM_IRQHandler
                0x08004aec                TIM8_CC_IRQHandler
                0x08004aec                HRTIM1_Master_IRQHandler
                0x08004aec                SPI4_IRQHandler
                0x08004aec                FDCAN3_IT0_IRQHandler
                0x08004aec                TIM1_CC_IRQHandler
                0x08004aec                HRTIM1_FLT_IRQHandler
                0x08004aec                HRTIM1_TIMF_IRQHandler
                0x08004aec                USB_HP_IRQHandler
                0x08004aec                CORDIC_IRQHandler
                0x08004aec                HRTIM1_TIMD_IRQHandler
                0x08004aec                DMA2_Channel8_IRQHandler
                0x08004aec                EXTI3_IRQHandler
                0x08004aec                I2C3_ER_IRQHandler
                0x08004aec                EXTI0_IRQHandler
                0x08004aec                I2C2_EV_IRQHandler
                0x08004aec                FPU_IRQHandler
                0x08004aec                FDCAN1_IT1_IRQHandler
                0x08004aec                HRTIM1_TIME_IRQHandler
                0x08004aec                SPI1_IRQHandler
                0x08004aec                HRTIM1_TIMC_IRQHandler
                0x08004aec                DMA2_Channel2_IRQHandler
                0x08004aec                TIM20_TRG_COM_IRQHandler
                0x08004aec                UART5_IRQHandler
                0x08004aec                TIM4_IRQHandler
                0x08004aec                QUADSPI_IRQHandler
                0x08004aec                I2C1_EV_IRQHandler
                0x08004aec                UART4_IRQHandler
                0x08004aec                DMA2_Channel4_IRQHandler
                0x08004aec                TIM3_IRQHandler
                0x08004aec                RCC_IRQHandler
                0x08004aec                TIM20_UP_IRQHandler
                0x08004aec                Default_Handler
                0x08004aec                DMA2_Channel7_IRQHandler
                0x08004aec                RTC_TAMP_LSECSS_IRQHandler
                0x08004aec                FMAC_IRQHandler
                0x08004aec                EXTI15_10_IRQHandler
                0x08004aec                HRTIM1_TIMA_IRQHandler
                0x08004aec                FDCAN3_IT1_IRQHandler
                0x08004aec                TIM5_IRQHandler
                0x08004aec                UCPD1_IRQHandler
                0x08004aec                I2C3_EV_IRQHandler
                0x08004aec                EXTI9_5_IRQHandler
                0x08004aec                RTC_WKUP_IRQHandler
                0x08004aec                PVD_PVM_IRQHandler
                0x08004aec                SPI2_IRQHandler
                0x08004aec                ADC5_IRQHandler
                0x08004aec                DMA2_Channel5_IRQHandler
                0x08004aec                CRS_IRQHandler
                0x08004aec                USB_LP_IRQHandler
                0x08004aec                EXTI4_IRQHandler
                0x08004aec                RNG_IRQHandler
                0x08004aec                HRTIM1_TIMB_IRQHandler
                0x08004aec                TIM1_TRG_COM_TIM17_IRQHandler
                0x08004aec                FDCAN2_IT1_IRQHandler
                0x08004aec                ADC4_IRQHandler
                0x08004aec                WWDG_IRQHandler
                0x08004aec                I2C4_EV_IRQHandler
                0x08004aec                FDCAN2_IT0_IRQHandler
                0x08004aec                LPUART1_IRQHandler
                0x08004aec                DMA2_Channel6_IRQHandler
                0x08004aec                FDCAN1_IT0_IRQHandler
                0x08004aec                TIM2_IRQHandler
                0x08004aec                COMP7_IRQHandler
                0x08004aec                COMP1_2_3_IRQHandler
                0x08004aec                EXTI1_IRQHandler
                0x08004aec                COMP4_5_6_IRQHandler
                0x08004aec                TIM20_BRK_IRQHandler
                0x08004aec                I2C2_ER_IRQHandler
                0x08004aec                TIM8_BRK_IRQHandler
                0x08004aec                FLASH_IRQHandler
                0x08004aec                TIM20_CC_IRQHandler
                0x08004aec                SPI3_IRQHandler
                0x08004aec                I2C1_ER_IRQHandler
                0x08004aec                FMC_IRQHandler
                0x08004aec                LPTIM1_IRQHandler
                0x08004aec                DMAMUX_OVR_IRQHandler
                0x08004aec                I2C4_ER_IRQHandler
                0x08004aec                USBWakeUp_IRQHandler
                0x08004aec                SAI1_IRQHandler
                0x08004aec                DMA2_Channel3_IRQHandler
                0x08004aec                TIM1_BRK_TIM15_IRQHandler
 *fill*         0x08004aee        0x2 
 .text.HAL_InitTick
                0x08004af0       0x4c ./Drivers/STM32G4xx_HAL_Driver/Src/stm32g4xx_hal.o
                0x08004af0                HAL_InitTick
 .text.HAL_Init
                0x08004b3c       0x20 ./Drivers/STM32G4xx_HAL_Driver/Src/stm32g4xx_hal.o
                0x08004b3c                HAL_Init
 .text.HAL_IncTick
                0x08004b5c       0x18 ./Drivers/STM32G4xx_HAL_Driver/Src/stm32g4xx_hal.o
                0x08004b5c                HAL_IncTick
 .text.HAL_GetTick
                0x08004b74        0xc ./Drivers/STM32G4xx_HAL_Driver/Src/stm32g4xx_hal.o
                0x08004b74                HAL_GetTick
 .text.HAL_Delay
                0x08004b80       0x24 ./Drivers/STM32G4xx_HAL_Driver/Src/stm32g4xx_hal.o
                0x08004b80                HAL_Delay
 .text.HAL_ADC_Init
                0x08004ba4      0x214 ./Drivers/STM32G4xx_HAL_Driver/Src/stm32g4xx_hal_adc.o
                0x08004ba4                HAL_ADC_Init
 .text.HAL_ADC_LevelOutOfWindowCallback
                0x08004db8        0x4 ./Drivers/STM32G4xx_HAL_Driver/Src/stm32g4xx_hal_adc.o
                0x08004db8                HAL_ADC_LevelOutOfWindowCallback
 .text.HAL_ADC_ErrorCallback
                0x08004dbc        0x4 ./Drivers/STM32G4xx_HAL_Driver/Src/stm32g4xx_hal_adc.o
                0x08004dbc                HAL_ADC_ErrorCallback
 .text.HAL_ADC_IRQHandler
                0x08004dc0      0x2ac ./Drivers/STM32G4xx_HAL_Driver/Src/stm32g4xx_hal_adc.o
                0x08004dc0                HAL_ADC_IRQHandler
 .text.HAL_ADC_ConfigChannel
                0x0800506c      0x55c ./Drivers/STM32G4xx_HAL_Driver/Src/stm32g4xx_hal_adc.o
                0x0800506c                HAL_ADC_ConfigChannel
 .text.HAL_ADCEx_InjectedQueueOverflowCallback
                0x080055c8        0x4 ./Drivers/STM32G4xx_HAL_Driver/Src/stm32g4xx_hal_adc_ex.o
                0x080055c8                HAL_ADCEx_InjectedQueueOverflowCallback
 .text.HAL_ADCEx_LevelOutOfWindow2Callback
                0x080055cc        0x4 ./Drivers/STM32G4xx_HAL_Driver/Src/stm32g4xx_hal_adc_ex.o
                0x080055cc                HAL_ADCEx_LevelOutOfWindow2Callback
 .text.HAL_ADCEx_LevelOutOfWindow3Callback
                0x080055d0        0x4 ./Drivers/STM32G4xx_HAL_Driver/Src/stm32g4xx_hal_adc_ex.o
                0x080055d0                HAL_ADCEx_LevelOutOfWindow3Callback
 .text.HAL_ADCEx_EndOfSamplingCallback
                0x080055d4        0x4 ./Drivers/STM32G4xx_HAL_Driver/Src/stm32g4xx_hal_adc_ex.o
                0x080055d4                HAL_ADCEx_EndOfSamplingCallback
 .text.HAL_ADCEx_InjectedConfigChannel
                0x080055d8      0x67c ./Drivers/STM32G4xx_HAL_Driver/Src/stm32g4xx_hal_adc_ex.o
                0x080055d8                HAL_ADCEx_InjectedConfigChannel
 .text.HAL_ADCEx_MultiModeConfigChannel
                0x08005c54      0x154 ./Drivers/STM32G4xx_HAL_Driver/Src/stm32g4xx_hal_adc_ex.o
                0x08005c54                HAL_ADCEx_MultiModeConfigChannel
 .text.HAL_NVIC_SetPriorityGrouping
                0x08005da8       0x24 ./Drivers/STM32G4xx_HAL_Driver/Src/stm32g4xx_hal_cortex.o
                0x08005da8                HAL_NVIC_SetPriorityGrouping
 .text.HAL_NVIC_SetPriority
                0x08005dcc       0x78 ./Drivers/STM32G4xx_HAL_Driver/Src/stm32g4xx_hal_cortex.o
                0x08005dcc                HAL_NVIC_SetPriority
 .text.HAL_NVIC_EnableIRQ
                0x08005e44       0x1c ./Drivers/STM32G4xx_HAL_Driver/Src/stm32g4xx_hal_cortex.o
                0x08005e44                HAL_NVIC_EnableIRQ
 .text.HAL_NVIC_SystemReset
                0x08005e60       0x24 ./Drivers/STM32G4xx_HAL_Driver/Src/stm32g4xx_hal_cortex.o
                0x08005e60                HAL_NVIC_SystemReset
 .text.HAL_SYSTICK_Config
                0x08005e84       0x34 ./Drivers/STM32G4xx_HAL_Driver/Src/stm32g4xx_hal_cortex.o
                0x08005e84                HAL_SYSTICK_Config
 .text.HAL_DAC_Init
                0x08005eb8       0x2c ./Drivers/STM32G4xx_HAL_Driver/Src/stm32g4xx_hal_dac.o
                0x08005eb8                HAL_DAC_Init
 .text.HAL_DAC_DMAUnderrunCallbackCh1
                0x08005ee4        0x4 ./Drivers/STM32G4xx_HAL_Driver/Src/stm32g4xx_hal_dac.o
                0x08005ee4                HAL_DAC_DMAUnderrunCallbackCh1
 .text.HAL_DAC_IRQHandler
                0x08005ee8       0x64 ./Drivers/STM32G4xx_HAL_Driver/Src/stm32g4xx_hal_dac.o
                0x08005ee8                HAL_DAC_IRQHandler
 .text.HAL_DAC_GetValue
                0x08005f4c        0xc ./Drivers/STM32G4xx_HAL_Driver/Src/stm32g4xx_hal_dac.o
                0x08005f4c                HAL_DAC_GetValue
 .text.HAL_DAC_ConfigChannel
                0x08005f58      0x1d8 ./Drivers/STM32G4xx_HAL_Driver/Src/stm32g4xx_hal_dac.o
                0x08005f58                HAL_DAC_ConfigChannel
 .text.HAL_DACEx_DMAUnderrunCallbackCh2
                0x08006130        0x4 ./Drivers/STM32G4xx_HAL_Driver/Src/stm32g4xx_hal_dac_ex.o
                0x08006130                HAL_DACEx_DMAUnderrunCallbackCh2
 .text.HAL_DMA_Init
                0x08006134      0x124 ./Drivers/STM32G4xx_HAL_Driver/Src/stm32g4xx_hal_dma.o
                0x08006134                HAL_DMA_Init
 .text.HAL_DMA_Start_IT
                0x08006258       0xb0 ./Drivers/STM32G4xx_HAL_Driver/Src/stm32g4xx_hal_dma.o
                0x08006258                HAL_DMA_Start_IT
 .text.HAL_DMA_Abort
                0x08006308       0x74 ./Drivers/STM32G4xx_HAL_Driver/Src/stm32g4xx_hal_dma.o
                0x08006308                HAL_DMA_Abort
 .text.HAL_DMA_Abort_IT
                0x0800637c       0x78 ./Drivers/STM32G4xx_HAL_Driver/Src/stm32g4xx_hal_dma.o
                0x0800637c                HAL_DMA_Abort_IT
 .text.HAL_DMA_IRQHandler
                0x080063f4       0x9c ./Drivers/STM32G4xx_HAL_Driver/Src/stm32g4xx_hal_dma.o
                0x080063f4                HAL_DMA_IRQHandler
 .text.HAL_GPIO_Init
                0x08006490      0x37c ./Drivers/STM32G4xx_HAL_Driver/Src/stm32g4xx_hal_gpio.o
                0x08006490                HAL_GPIO_Init
 .text.HAL_GPIO_ReadPin
                0x0800680c        0xc ./Drivers/STM32G4xx_HAL_Driver/Src/stm32g4xx_hal_gpio.o
                0x0800680c                HAL_GPIO_ReadPin
 .text.HAL_GPIO_WritePin
                0x08006818        0xc ./Drivers/STM32G4xx_HAL_Driver/Src/stm32g4xx_hal_gpio.o
                0x08006818                HAL_GPIO_WritePin
 .text.HAL_HRTIM_Init
                0x08006824       0xf4 ./Drivers/STM32G4xx_HAL_Driver/Src/stm32g4xx_hal_hrtim.o
                0x08006824                HAL_HRTIM_Init
 .text.HAL_HRTIM_DLLCalibrationStart
                0x08006918       0x70 ./Drivers/STM32G4xx_HAL_Driver/Src/stm32g4xx_hal_hrtim.o
                0x08006918                HAL_HRTIM_DLLCalibrationStart
 .text.HAL_HRTIM_PollForDLLCalibration
                0x08006988       0x4c ./Drivers/STM32G4xx_HAL_Driver/Src/stm32g4xx_hal_hrtim.o
                0x08006988                HAL_HRTIM_PollForDLLCalibration
 .text.HAL_HRTIM_TimeBaseConfig
                0x080069d4       0x6c ./Drivers/STM32G4xx_HAL_Driver/Src/stm32g4xx_hal_hrtim.o
                0x080069d4                HAL_HRTIM_TimeBaseConfig
 .text.HAL_HRTIM_ADCTriggerConfig
                0x08006a40      0x250 ./Drivers/STM32G4xx_HAL_Driver/Src/stm32g4xx_hal_hrtim.o
                0x08006a40                HAL_HRTIM_ADCTriggerConfig
 .text.HAL_HRTIM_ADCPostScalerConfig
                0x08006c90      0x138 ./Drivers/STM32G4xx_HAL_Driver/Src/stm32g4xx_hal_hrtim.o
                0x08006c90                HAL_HRTIM_ADCPostScalerConfig
 .text.HAL_HRTIM_WaveformTimerConfig
                0x08006dc8      0x2f0 ./Drivers/STM32G4xx_HAL_Driver/Src/stm32g4xx_hal_hrtim.o
                0x08006dc8                HAL_HRTIM_WaveformTimerConfig
 .text.HAL_HRTIM_WaveformTimerControl
                0x080070b8       0xf4 ./Drivers/STM32G4xx_HAL_Driver/Src/stm32g4xx_hal_hrtim.o
                0x080070b8                HAL_HRTIM_WaveformTimerControl
 .text.HAL_HRTIM_DeadTimeConfig
                0x080071ac       0x9c ./Drivers/STM32G4xx_HAL_Driver/Src/stm32g4xx_hal_hrtim.o
                0x080071ac                HAL_HRTIM_DeadTimeConfig
 .text.HAL_HRTIM_WaveformCompareConfig
                0x08007248      0x180 ./Drivers/STM32G4xx_HAL_Driver/Src/stm32g4xx_hal_hrtim.o
                0x08007248                HAL_HRTIM_WaveformCompareConfig
 .text.HAL_HRTIM_WaveformOutputConfig
                0x080073c8       0xf0 ./Drivers/STM32G4xx_HAL_Driver/Src/stm32g4xx_hal_hrtim.o
                0x080073c8                HAL_HRTIM_WaveformOutputConfig
 .text.HAL_HRTIM_WaveformOutputStart
                0x080074b8       0x34 ./Drivers/STM32G4xx_HAL_Driver/Src/stm32g4xx_hal_hrtim.o
                0x080074b8                HAL_HRTIM_WaveformOutputStart
 .text.HAL_HRTIM_WaveformCountStart
                0x080074ec       0x30 ./Drivers/STM32G4xx_HAL_Driver/Src/stm32g4xx_hal_hrtim.o
                0x080074ec                HAL_HRTIM_WaveformCountStart
 .text.HAL_PWREx_ControlVoltageScaling
                0x0800751c       0xe4 ./Drivers/STM32G4xx_HAL_Driver/Src/stm32g4xx_hal_pwr_ex.o
                0x0800751c                HAL_PWREx_ControlVoltageScaling
 .text.HAL_PWREx_DisableUCPDDeadBattery
                0x08007600       0x10 ./Drivers/STM32G4xx_HAL_Driver/Src/stm32g4xx_hal_pwr_ex.o
                0x08007600                HAL_PWREx_DisableUCPDDeadBattery
 .text.HAL_RCC_OscConfig
                0x08007610      0x48c ./Drivers/STM32G4xx_HAL_Driver/Src/stm32g4xx_hal_rcc.o
                0x08007610                HAL_RCC_OscConfig
 .text.HAL_RCC_GetSysClockFreq
                0x08007a9c       0x70 ./Drivers/STM32G4xx_HAL_Driver/Src/stm32g4xx_hal_rcc.o
                0x08007a9c                HAL_RCC_GetSysClockFreq
 .text.HAL_RCC_ClockConfig
                0x08007b0c      0x208 ./Drivers/STM32G4xx_HAL_Driver/Src/stm32g4xx_hal_rcc.o
                0x08007b0c                HAL_RCC_ClockConfig
 .text.HAL_RCC_GetHCLKFreq
                0x08007d14        0xc ./Drivers/STM32G4xx_HAL_Driver/Src/stm32g4xx_hal_rcc.o
                0x08007d14                HAL_RCC_GetHCLKFreq
 .text.HAL_RCC_GetPCLK1Freq
                0x08007d20       0x24 ./Drivers/STM32G4xx_HAL_Driver/Src/stm32g4xx_hal_rcc.o
                0x08007d20                HAL_RCC_GetPCLK1Freq
 .text.HAL_RCC_GetPCLK2Freq
                0x08007d44       0x24 ./Drivers/STM32G4xx_HAL_Driver/Src/stm32g4xx_hal_rcc.o
                0x08007d44                HAL_RCC_GetPCLK2Freq
 .text.HAL_RCCEx_PeriphCLKConfig
                0x08007d68      0x318 ./Drivers/STM32G4xx_HAL_Driver/Src/stm32g4xx_hal_rcc_ex.o
                0x08007d68                HAL_RCCEx_PeriphCLKConfig
 .text.HAL_TIM_Base_Init
                0x08008080      0x154 ./Drivers/STM32G4xx_HAL_Driver/Src/stm32g4xx_hal_tim.o
                0x08008080                HAL_TIM_Base_Init
 .text.HAL_TIM_Base_Start_IT
                0x080081d4       0x80 ./Drivers/STM32G4xx_HAL_Driver/Src/stm32g4xx_hal_tim.o
                0x080081d4                HAL_TIM_Base_Start_IT
 .text.HAL_TIM_ConfigClockSource
                0x08008254      0x1b4 ./Drivers/STM32G4xx_HAL_Driver/Src/stm32g4xx_hal_tim.o
                0x08008254                HAL_TIM_ConfigClockSource
 .text.HAL_TIM_OC_DelayElapsedCallback
                0x08008408        0x4 ./Drivers/STM32G4xx_HAL_Driver/Src/stm32g4xx_hal_tim.o
                0x08008408                HAL_TIM_OC_DelayElapsedCallback
 .text.HAL_TIM_IC_CaptureCallback
                0x0800840c        0x4 ./Drivers/STM32G4xx_HAL_Driver/Src/stm32g4xx_hal_tim.o
                0x0800840c                HAL_TIM_IC_CaptureCallback
 .text.HAL_TIM_PWM_PulseFinishedCallback
                0x08008410        0x4 ./Drivers/STM32G4xx_HAL_Driver/Src/stm32g4xx_hal_tim.o
                0x08008410                HAL_TIM_PWM_PulseFinishedCallback
 .text.HAL_TIM_TriggerCallback
                0x08008414        0x4 ./Drivers/STM32G4xx_HAL_Driver/Src/stm32g4xx_hal_tim.o
                0x08008414                HAL_TIM_TriggerCallback
 .text.HAL_TIM_IRQHandler
                0x08008418      0x1c4 ./Drivers/STM32G4xx_HAL_Driver/Src/stm32g4xx_hal_tim.o
                0x08008418                HAL_TIM_IRQHandler
 .text.HAL_TIMEx_MasterConfigSynchronization
                0x080085dc       0xb4 ./Drivers/STM32G4xx_HAL_Driver/Src/stm32g4xx_hal_tim_ex.o
                0x080085dc                HAL_TIMEx_MasterConfigSynchronization
 .text.HAL_TIMEx_CommutCallback
                0x08008690        0x4 ./Drivers/STM32G4xx_HAL_Driver/Src/stm32g4xx_hal_tim_ex.o
                0x08008690                HAL_TIMEx_CommutCallback
 .text.HAL_TIMEx_BreakCallback
                0x08008694        0x4 ./Drivers/STM32G4xx_HAL_Driver/Src/stm32g4xx_hal_tim_ex.o
                0x08008694                HAL_TIMEx_BreakCallback
 .text.HAL_TIMEx_Break2Callback
                0x08008698        0x4 ./Drivers/STM32G4xx_HAL_Driver/Src/stm32g4xx_hal_tim_ex.o
                0x08008698                HAL_TIMEx_Break2Callback
 .text.HAL_TIMEx_EncoderIndexCallback
                0x0800869c        0x4 ./Drivers/STM32G4xx_HAL_Driver/Src/stm32g4xx_hal_tim_ex.o
                0x0800869c                HAL_TIMEx_EncoderIndexCallback
 .text.HAL_TIMEx_DirectionChangeCallback
                0x080086a0        0x4 ./Drivers/STM32G4xx_HAL_Driver/Src/stm32g4xx_hal_tim_ex.o
                0x080086a0                HAL_TIMEx_DirectionChangeCallback
 .text.HAL_TIMEx_IndexErrorCallback
                0x080086a4        0x4 ./Drivers/STM32G4xx_HAL_Driver/Src/stm32g4xx_hal_tim_ex.o
                0x080086a4                HAL_TIMEx_IndexErrorCallback
 .text.HAL_TIMEx_TransitionErrorCallback
                0x080086a8        0x4 ./Drivers/STM32G4xx_HAL_Driver/Src/stm32g4xx_hal_tim_ex.o
                0x080086a8                HAL_TIMEx_TransitionErrorCallback
 .text.HAL_UART_Transmit
                0x080086ac      0x11c ./Drivers/STM32G4xx_HAL_Driver/Src/stm32g4xx_hal_uart.o
                0x080086ac                HAL_UART_Transmit
 .text.HAL_UART_TxCpltCallback
                0x080087c8        0x4 ./Drivers/STM32G4xx_HAL_Driver/Src/stm32g4xx_hal_uart.o
                0x080087c8                HAL_UART_TxCpltCallback
 .text.HAL_UART_RxCpltCallback
                0x080087cc        0x4 ./Drivers/STM32G4xx_HAL_Driver/Src/stm32g4xx_hal_uart.o
                0x080087cc                HAL_UART_RxCpltCallback
 .text.HAL_UART_RxHalfCpltCallback
                0x080087d0        0x4 ./Drivers/STM32G4xx_HAL_Driver/Src/stm32g4xx_hal_uart.o
                0x080087d0                HAL_UART_RxHalfCpltCallback
 .text.HAL_UART_ErrorCallback
                0x080087d4        0x4 ./Drivers/STM32G4xx_HAL_Driver/Src/stm32g4xx_hal_uart.o
                0x080087d4                HAL_UART_ErrorCallback
 .text.UART_DMAError
                0x080087d8       0xd4 ./Drivers/STM32G4xx_HAL_Driver/Src/stm32g4xx_hal_uart.o
 .text.UART_DMAAbortOnError
                0x080088ac       0x10 ./Drivers/STM32G4xx_HAL_Driver/Src/stm32g4xx_hal_uart.o
 .text.HAL_UART_IRQHandler
                0x080088bc      0x3a4 ./Drivers/STM32G4xx_HAL_Driver/Src/stm32g4xx_hal_uart.o
                0x080088bc                HAL_UART_IRQHandler
 .text.UART_DMARxHalfCplt
                0x08008c60       0x20 ./Drivers/STM32G4xx_HAL_Driver/Src/stm32g4xx_hal_uart.o
 .text.UART_DMAReceiveCplt
                0x08008c80       0x9c ./Drivers/STM32G4xx_HAL_Driver/Src/stm32g4xx_hal_uart.o
 .text.UART_SetConfig
                0x08008d1c      0x2a0 ./Drivers/STM32G4xx_HAL_Driver/Src/stm32g4xx_hal_uart.o
                0x08008d1c                UART_SetConfig
 .text.UART_AdvFeatureConfig
                0x08008fbc       0xb0 ./Drivers/STM32G4xx_HAL_Driver/Src/stm32g4xx_hal_uart.o
                0x08008fbc                UART_AdvFeatureConfig
 .text.UART_CheckIdleState
                0x0800906c      0x258 ./Drivers/STM32G4xx_HAL_Driver/Src/stm32g4xx_hal_uart.o
                0x0800906c                UART_CheckIdleState
 .text.HAL_UART_Init
                0x080092c4       0x68 ./Drivers/STM32G4xx_HAL_Driver/Src/stm32g4xx_hal_uart.o
                0x080092c4                HAL_UART_Init
 .text.UART_Start_Receive_DMA
                0x0800932c       0xa0 ./Drivers/STM32G4xx_HAL_Driver/Src/stm32g4xx_hal_uart.o
                0x0800932c                UART_Start_Receive_DMA
 .text.HAL_UARTEx_WakeupCallback
                0x080093cc        0x4 ./Drivers/STM32G4xx_HAL_Driver/Src/stm32g4xx_hal_uart_ex.o
                0x080093cc                HAL_UARTEx_WakeupCallback
 .text.HAL_UARTEx_RxFifoFullCallback
                0x080093d0        0x4 ./Drivers/STM32G4xx_HAL_Driver/Src/stm32g4xx_hal_uart_ex.o
                0x080093d0                HAL_UARTEx_RxFifoFullCallback
 .text.HAL_UARTEx_TxFifoEmptyCallback
                0x080093d4        0x4 ./Drivers/STM32G4xx_HAL_Driver/Src/stm32g4xx_hal_uart_ex.o
                0x080093d4                HAL_UARTEx_TxFifoEmptyCallback
 .text.HAL_UARTEx_DisableFifoMode
                0x080093d8       0x3c ./Drivers/STM32G4xx_HAL_Driver/Src/stm32g4xx_hal_uart_ex.o
                0x080093d8                HAL_UARTEx_DisableFifoMode
 .text.HAL_UARTEx_SetTxFifoThreshold
                0x08009414       0x84 ./Drivers/STM32G4xx_HAL_Driver/Src/stm32g4xx_hal_uart_ex.o
                0x08009414                HAL_UARTEx_SetTxFifoThreshold
 .text.HAL_UARTEx_SetRxFifoThreshold
                0x08009498       0x84 ./Drivers/STM32G4xx_HAL_Driver/Src/stm32g4xx_hal_uart_ex.o
                0x08009498                HAL_UARTEx_SetRxFifoThreshold
 .text.HAL_UARTEx_ReceiveToIdle_DMA
                0x0800951c       0x48 ./Drivers/STM32G4xx_HAL_Driver/Src/stm32g4xx_hal_uart_ex.o
                0x0800951c                HAL_UARTEx_ReceiveToIdle_DMA
 .text.OLED_ShowChar
                0x08009564      0x958 ./Hardware/port/Inc/oled.o
                0x08009564                OLED_ShowChar
 .text.OLED_Printf
                0x08009ebc       0x6c ./Hardware/port/Inc/oled.o
                0x08009ebc                OLED_Printf
 .text.OLED_Reflash
                0x08009f28       0xf0 ./Hardware/port/Inc/oled.o
                0x08009f28                OLED_Reflash
 .text.OLED_GRAM_CLR
                0x0800a018       0x10 ./Hardware/port/Inc/oled.o
                0x0800a018                OLED_GRAM_CLR
 .text.OLED_WriteCmd
                0x0800a028       0x6c ./Hardware/port/Inc/oled.o
                0x0800a028                OLED_WriteCmd
 .text.OLED_Init
                0x0800a094      0x100 ./Hardware/port/Inc/oled.o
                0x0800a094                OLED_Init
 .text.HAL_ADC_ConvCpltCallback
                0x0800a194       0x34 ./Port/Src/stm32_callback.o
                0x0800a194                HAL_ADC_ConvCpltCallback
 .text.HAL_ADCEx_InjectedConvCpltCallback
                0x0800a1c8       0x34 ./Port/Src/stm32_callback.o
                0x0800a1c8                HAL_ADCEx_InjectedConvCpltCallback
 .text.HAL_UARTEx_RxEventCallback
                0x0800a1fc       0xb4 ./Port/Src/stm32_callback.o
                0x0800a1fc                HAL_UARTEx_RxEventCallback
 .text.HAL_TIM_PeriodElapsedCallback
                0x0800a2b0       0x20 ./Port/Src/stm32_callback.o
                0x0800a2b0                HAL_TIM_PeriodElapsedCallback
 .text.SEGGER_RTT_ReadNoLock
                0x0800a2d0      0x118 ./Segger/debug/SEGGER_RTT.o
                0x0800a2d0                SEGGER_RTT_ReadNoLock
 .text.SEGGER_RTT_WriteSkipNoLock
                0x0800a3e8       0xb8 ./Segger/debug/SEGGER_RTT.o
                0x0800a3e8                SEGGER_RTT_WriteSkipNoLock
 .text.SEGGER_RTT_ConfigUpBuffer
                0x0800a4a0       0xc8 ./Segger/debug/SEGGER_RTT.o
                0x0800a4a0                SEGGER_RTT_ConfigUpBuffer
 .text.SEGGER_RTT_ConfigDownBuffer
                0x0800a568       0xb8 ./Segger/debug/SEGGER_RTT.o
                0x0800a568                SEGGER_RTT_ConfigDownBuffer
 .text._TrySendOverflowPacket.isra.0
                0x0800a620       0x70 ./Segger/debug/SEGGER_SYSVIEW.o
 .text.SEGGER_SYSVIEW_Init
                0x0800a690       0x68 ./Segger/debug/SEGGER_SYSVIEW.o
                0x0800a690                SEGGER_SYSVIEW_Init
 .text.SEGGER_SYSVIEW_SetRAMBase
                0x0800a6f8        0xc ./Segger/debug/SEGGER_SYSVIEW.o
                0x0800a6f8                SEGGER_SYSVIEW_SetRAMBase
 .text.SEGGER_SYSVIEW_SendModule
                0x0800a704      0x114 ./Segger/debug/SEGGER_SYSVIEW.o
                0x0800a704                SEGGER_SYSVIEW_SendModule
 .text._HandleIncomingPacket
                0x0800a818      0x114 ./Segger/debug/SEGGER_SYSVIEW.o
 .text._SendPacket.constprop.0
                0x0800a92c      0x100 ./Segger/debug/SEGGER_SYSVIEW.o
 .text.SEGGER_SYSVIEW_GetSysDesc
                0x0800aa2c       0x7c ./Segger/debug/SEGGER_SYSVIEW.o
                0x0800aa2c                SEGGER_SYSVIEW_GetSysDesc
 .text.SEGGER_SYSVIEW_SendSysDesc
                0x0800aaa8       0xb0 ./Segger/debug/SEGGER_SYSVIEW.o
                0x0800aaa8                SEGGER_SYSVIEW_SendSysDesc
 .text.SEGGER_SYSVIEW_RecordEnterISR
                0x0800ab58       0x4c ./Segger/debug/SEGGER_SYSVIEW.o
                0x0800ab58                SEGGER_SYSVIEW_RecordEnterISR
 .text.SEGGER_SYSVIEW_RecordSystime
                0x0800aba4       0x9c ./Segger/debug/SEGGER_SYSVIEW.o
                0x0800aba4                SEGGER_SYSVIEW_RecordSystime
 .text.SEGGER_SYSVIEW_Start
                0x0800ac40      0x100 ./Segger/debug/SEGGER_SYSVIEW.o
                0x0800ac40                SEGGER_SYSVIEW_Start
 .text.SEGGER_SYSVIEW_RecordExitISR
                0x0800ad40       0xa8 ./Segger/debug/SEGGER_SYSVIEW.o
                0x0800ad40                SEGGER_SYSVIEW_RecordExitISR
 .text.SEGGER_SYSVIEW_OnIdle
                0x0800ade8       0xa8 ./Segger/debug/SEGGER_SYSVIEW.o
                0x0800ade8                SEGGER_SYSVIEW_OnIdle
 .text._cbSendSystemDesc
                0x0800ae90       0x1c ./Segger/debug/SEGGER_SYSVIEW_Config_NoOS.o
 .text.SEGGER_SYSVIEW_Conf
                0x0800aeac       0x44 ./Segger/debug/SEGGER_SYSVIEW_Config_NoOS.o
                0x0800aeac                SEGGER_SYSVIEW_Conf
 .text.arm_fir_init_f32
                0x0800aef0       0x20 ../Middlewares/ST/ARM/DSP/Lib\libarm_cortexM4lf_math.a(arm_fir_init_f32.o)
                0x0800aef0                arm_fir_init_f32
 .text.arm_sin_f32
                0x0800af10       0x8c ../Middlewares/ST/ARM/DSP/Lib\libarm_cortexM4lf_math.a(arm_sin_f32.o)
                0x0800af10                arm_sin_f32
 .text._ZdlPvj  0x0800af9c        0x4 F:/CubeIDE/CUBEIDE/STM32CubeIDE_1.16.1/STM32CubeIDE/plugins/com.st.stm32cube.ide.mcu.externaltools.gnu-tools-for-stm32.13.3.rel1.win32_1.0.0.202411081344/tools/bin/../lib/gcc/arm-none-eabi/13.3.1/../../../../arm-none-eabi/lib/thumb/v7e-m+fp/hard\libstdc++_nano.a(del_ops.o)
                0x0800af9c                operator delete(void*, unsigned int)
 .text._ZdaPv   0x0800afa0        0x4 F:/CubeIDE/CUBEIDE/STM32CubeIDE_1.16.1/STM32CubeIDE/plugins/com.st.stm32cube.ide.mcu.externaltools.gnu-tools-for-stm32.13.3.rel1.win32_1.0.0.202411081344/tools/bin/../lib/gcc/arm-none-eabi/13.3.1/../../../../arm-none-eabi/lib/thumb/v7e-m+fp/hard\libstdc++_nano.a(del_opv.o)
                0x0800afa0                operator delete[](void*)
 .text.__cxa_guard_acquire
                0x0800afa4       0x18 F:/CubeIDE/CUBEIDE/STM32CubeIDE_1.16.1/STM32CubeIDE/plugins/com.st.stm32cube.ide.mcu.externaltools.gnu-tools-for-stm32.13.3.rel1.win32_1.0.0.202411081344/tools/bin/../lib/gcc/arm-none-eabi/13.3.1/../../../../arm-none-eabi/lib/thumb/v7e-m+fp/hard\libstdc++_nano.a(guard.o)
                0x0800afa4                __cxa_guard_acquire
 .text.__cxa_guard_release
                0x0800afbc        0x6 F:/CubeIDE/CUBEIDE/STM32CubeIDE_1.16.1/STM32CubeIDE/plugins/com.st.stm32cube.ide.mcu.externaltools.gnu-tools-for-stm32.13.3.rel1.win32_1.0.0.202411081344/tools/bin/../lib/gcc/arm-none-eabi/13.3.1/../../../../arm-none-eabi/lib/thumb/v7e-m+fp/hard\libstdc++_nano.a(guard.o)
                0x0800afbc                __cxa_guard_release
 .text._Znwj    0x0800afc2       0x22 F:/CubeIDE/CUBEIDE/STM32CubeIDE_1.16.1/STM32CubeIDE/plugins/com.st.stm32cube.ide.mcu.externaltools.gnu-tools-for-stm32.13.3.rel1.win32_1.0.0.202411081344/tools/bin/../lib/gcc/arm-none-eabi/13.3.1/../../../../arm-none-eabi/lib/thumb/v7e-m+fp/hard\libstdc++_nano.a(new_op.o)
                0x0800afc2                operator new(unsigned int)
 .text._Znaj    0x0800afe4        0x4 F:/CubeIDE/CUBEIDE/STM32CubeIDE_1.16.1/STM32CubeIDE/plugins/com.st.stm32cube.ide.mcu.externaltools.gnu-tools-for-stm32.13.3.rel1.win32_1.0.0.202411081344/tools/bin/../lib/gcc/arm-none-eabi/13.3.1/../../../../arm-none-eabi/lib/thumb/v7e-m+fp/hard\libstdc++_nano.a(new_opv.o)
                0x0800afe4                operator new[](unsigned int)
 .text._ZdlPv   0x0800afe8        0x4 F:/CubeIDE/CUBEIDE/STM32CubeIDE_1.16.1/STM32CubeIDE/plugins/com.st.stm32cube.ide.mcu.externaltools.gnu-tools-for-stm32.13.3.rel1.win32_1.0.0.202411081344/tools/bin/../lib/gcc/arm-none-eabi/13.3.1/../../../../arm-none-eabi/lib/thumb/v7e-m+fp/hard\libstdc++_nano.a(del_op.o)
                0x0800afe8                operator delete(void*)
 .text._ZSt15get_new_handlerv
                0x0800afec       0x10 F:/CubeIDE/CUBEIDE/STM32CubeIDE_1.16.1/STM32CubeIDE/plugins/com.st.stm32cube.ide.mcu.externaltools.gnu-tools-for-stm32.13.3.rel1.win32_1.0.0.202411081344/tools/bin/../lib/gcc/arm-none-eabi/13.3.1/../../../../arm-none-eabi/lib/thumb/v7e-m+fp/hard\libstdc++_nano.a(new_handler.o)
                0x0800afec                std::get_new_handler()
 .text.abort    0x0800affc        0xe F:/CubeIDE/CUBEIDE/STM32CubeIDE_1.16.1/STM32CubeIDE/plugins/com.st.stm32cube.ide.mcu.externaltools.gnu-tools-for-stm32.13.3.rel1.win32_1.0.0.202411081344/tools/bin/../lib/gcc/arm-none-eabi/13.3.1/../../../../arm-none-eabi/lib/thumb/v7e-m+fp/hard\libc_nano.a(libc_a-abort.o)
                0x0800affc                abort
 *fill*         0x0800b00a        0x2 
 .text.malloc   0x0800b00c       0x10 F:/CubeIDE/CUBEIDE/STM32CubeIDE_1.16.1/STM32CubeIDE/plugins/com.st.stm32cube.ide.mcu.externaltools.gnu-tools-for-stm32.13.3.rel1.win32_1.0.0.202411081344/tools/bin/../lib/gcc/arm-none-eabi/13.3.1/../../../../arm-none-eabi/lib/thumb/v7e-m+fp/hard\libc_nano.a(libc_a-malloc.o)
                0x0800b00c                malloc
 .text.free     0x0800b01c       0x10 F:/CubeIDE/CUBEIDE/STM32CubeIDE_1.16.1/STM32CubeIDE/plugins/com.st.stm32cube.ide.mcu.externaltools.gnu-tools-for-stm32.13.3.rel1.win32_1.0.0.202411081344/tools/bin/../lib/gcc/arm-none-eabi/13.3.1/../../../../arm-none-eabi/lib/thumb/v7e-m+fp/hard\libc_nano.a(libc_a-malloc.o)
                0x0800b01c                free
 .text.sbrk_aligned
                0x0800b02c       0x44 F:/CubeIDE/CUBEIDE/STM32CubeIDE_1.16.1/STM32CubeIDE/plugins/com.st.stm32cube.ide.mcu.externaltools.gnu-tools-for-stm32.13.3.rel1.win32_1.0.0.202411081344/tools/bin/../lib/gcc/arm-none-eabi/13.3.1/../../../../arm-none-eabi/lib/thumb/v7e-m+fp/hard\libc_nano.a(libc_a-mallocr.o)
 .text._malloc_r
                0x0800b070      0x100 F:/CubeIDE/CUBEIDE/STM32CubeIDE_1.16.1/STM32CubeIDE/plugins/com.st.stm32cube.ide.mcu.externaltools.gnu-tools-for-stm32.13.3.rel1.win32_1.0.0.202411081344/tools/bin/../lib/gcc/arm-none-eabi/13.3.1/../../../../arm-none-eabi/lib/thumb/v7e-m+fp/hard\libc_nano.a(libc_a-mallocr.o)
                0x0800b070                _malloc_r
 .text.__malloc_lock
                0x0800b170        0xc F:/CubeIDE/CUBEIDE/STM32CubeIDE_1.16.1/STM32CubeIDE/plugins/com.st.stm32cube.ide.mcu.externaltools.gnu-tools-for-stm32.13.3.rel1.win32_1.0.0.202411081344/tools/bin/../lib/gcc/arm-none-eabi/13.3.1/../../../../arm-none-eabi/lib/thumb/v7e-m+fp/hard\libc_nano.a(libc_a-mlock.o)
                0x0800b170                __malloc_lock
 .text.__malloc_unlock
                0x0800b17c        0xc F:/CubeIDE/CUBEIDE/STM32CubeIDE_1.16.1/STM32CubeIDE/plugins/com.st.stm32cube.ide.mcu.externaltools.gnu-tools-for-stm32.13.3.rel1.win32_1.0.0.202411081344/tools/bin/../lib/gcc/arm-none-eabi/13.3.1/../../../../arm-none-eabi/lib/thumb/v7e-m+fp/hard\libc_nano.a(libc_a-mlock.o)
                0x0800b17c                __malloc_unlock
 .text.__cvt    0x0800b188       0xca F:/CubeIDE/CUBEIDE/STM32CubeIDE_1.16.1/STM32CubeIDE/plugins/com.st.stm32cube.ide.mcu.externaltools.gnu-tools-for-stm32.13.3.rel1.win32_1.0.0.202411081344/tools/bin/../lib/gcc/arm-none-eabi/13.3.1/../../../../arm-none-eabi/lib/thumb/v7e-m+fp/hard\libc_nano.a(libc_a-nano-vfprintf_float.o)
                0x0800b188                __cvt
 .text.__exponent
                0x0800b252       0x74 F:/CubeIDE/CUBEIDE/STM32CubeIDE_1.16.1/STM32CubeIDE/plugins/com.st.stm32cube.ide.mcu.externaltools.gnu-tools-for-stm32.13.3.rel1.win32_1.0.0.202411081344/tools/bin/../lib/gcc/arm-none-eabi/13.3.1/../../../../arm-none-eabi/lib/thumb/v7e-m+fp/hard\libc_nano.a(libc_a-nano-vfprintf_float.o)
                0x0800b252                __exponent
 *fill*         0x0800b2c6        0x2 
 .text._printf_float
                0x0800b2c8      0x454 F:/CubeIDE/CUBEIDE/STM32CubeIDE_1.16.1/STM32CubeIDE/plugins/com.st.stm32cube.ide.mcu.externaltools.gnu-tools-for-stm32.13.3.rel1.win32_1.0.0.202411081344/tools/bin/../lib/gcc/arm-none-eabi/13.3.1/../../../../arm-none-eabi/lib/thumb/v7e-m+fp/hard\libc_nano.a(libc_a-nano-vfprintf_float.o)
                0x0800b2c8                _printf_float
 .text._printf_common
                0x0800b71c       0xda F:/CubeIDE/CUBEIDE/STM32CubeIDE_1.16.1/STM32CubeIDE/plugins/com.st.stm32cube.ide.mcu.externaltools.gnu-tools-for-stm32.13.3.rel1.win32_1.0.0.202411081344/tools/bin/../lib/gcc/arm-none-eabi/13.3.1/../../../../arm-none-eabi/lib/thumb/v7e-m+fp/hard\libc_nano.a(libc_a-nano-vfprintf_i.o)
                0x0800b71c                _printf_common
 *fill*         0x0800b7f6        0x2 
 .text._printf_i
                0x0800b7f8      0x23c F:/CubeIDE/CUBEIDE/STM32CubeIDE_1.16.1/STM32CubeIDE/plugins/com.st.stm32cube.ide.mcu.externaltools.gnu-tools-for-stm32.13.3.rel1.win32_1.0.0.202411081344/tools/bin/../lib/gcc/arm-none-eabi/13.3.1/../../../../arm-none-eabi/lib/thumb/v7e-m+fp/hard\libc_nano.a(libc_a-nano-vfprintf_i.o)
                0x0800b7f8                _printf_i
 .text._scanf_float
                0x0800ba34      0x41c F:/CubeIDE/CUBEIDE/STM32CubeIDE_1.16.1/STM32CubeIDE/plugins/com.st.stm32cube.ide.mcu.externaltools.gnu-tools-for-stm32.13.3.rel1.win32_1.0.0.202411081344/tools/bin/../lib/gcc/arm-none-eabi/13.3.1/../../../../arm-none-eabi/lib/thumb/v7e-m+fp/hard\libc_nano.a(libc_a-nano-vfscanf_float.o)
                0x0800ba34                _scanf_float
 .text.std      0x0800be50       0x6c F:/CubeIDE/CUBEIDE/STM32CubeIDE_1.16.1/STM32CubeIDE/plugins/com.st.stm32cube.ide.mcu.externaltools.gnu-tools-for-stm32.13.3.rel1.win32_1.0.0.202411081344/tools/bin/../lib/gcc/arm-none-eabi/13.3.1/../../../../arm-none-eabi/lib/thumb/v7e-m+fp/hard\libc_nano.a(libc_a-findfp.o)
 .text.stdio_exit_handler
                0x0800bebc       0x18 F:/CubeIDE/CUBEIDE/STM32CubeIDE_1.16.1/STM32CubeIDE/plugins/com.st.stm32cube.ide.mcu.externaltools.gnu-tools-for-stm32.13.3.rel1.win32_1.0.0.202411081344/tools/bin/../lib/gcc/arm-none-eabi/13.3.1/../../../../arm-none-eabi/lib/thumb/v7e-m+fp/hard\libc_nano.a(libc_a-findfp.o)
 .text.cleanup_stdio
                0x0800bed4       0x40 F:/CubeIDE/CUBEIDE/STM32CubeIDE_1.16.1/STM32CubeIDE/plugins/com.st.stm32cube.ide.mcu.externaltools.gnu-tools-for-stm32.13.3.rel1.win32_1.0.0.202411081344/tools/bin/../lib/gcc/arm-none-eabi/13.3.1/../../../../arm-none-eabi/lib/thumb/v7e-m+fp/hard\libc_nano.a(libc_a-findfp.o)
 .text.global_stdio_init.part.0
                0x0800bf14       0x3c F:/CubeIDE/CUBEIDE/STM32CubeIDE_1.16.1/STM32CubeIDE/plugins/com.st.stm32cube.ide.mcu.externaltools.gnu-tools-for-stm32.13.3.rel1.win32_1.0.0.202411081344/tools/bin/../lib/gcc/arm-none-eabi/13.3.1/../../../../arm-none-eabi/lib/thumb/v7e-m+fp/hard\libc_nano.a(libc_a-findfp.o)
 .text.__sfp_lock_acquire
                0x0800bf50        0xc F:/CubeIDE/CUBEIDE/STM32CubeIDE_1.16.1/STM32CubeIDE/plugins/com.st.stm32cube.ide.mcu.externaltools.gnu-tools-for-stm32.13.3.rel1.win32_1.0.0.202411081344/tools/bin/../lib/gcc/arm-none-eabi/13.3.1/../../../../arm-none-eabi/lib/thumb/v7e-m+fp/hard\libc_nano.a(libc_a-findfp.o)
                0x0800bf50                __sfp_lock_acquire
 .text.__sfp_lock_release
                0x0800bf5c        0xc F:/CubeIDE/CUBEIDE/STM32CubeIDE_1.16.1/STM32CubeIDE/plugins/com.st.stm32cube.ide.mcu.externaltools.gnu-tools-for-stm32.13.3.rel1.win32_1.0.0.202411081344/tools/bin/../lib/gcc/arm-none-eabi/13.3.1/../../../../arm-none-eabi/lib/thumb/v7e-m+fp/hard\libc_nano.a(libc_a-findfp.o)
                0x0800bf5c                __sfp_lock_release
 .text.__sinit  0x0800bf68       0x30 F:/CubeIDE/CUBEIDE/STM32CubeIDE_1.16.1/STM32CubeIDE/plugins/com.st.stm32cube.ide.mcu.externaltools.gnu-tools-for-stm32.13.3.rel1.win32_1.0.0.202411081344/tools/bin/../lib/gcc/arm-none-eabi/13.3.1/../../../../arm-none-eabi/lib/thumb/v7e-m+fp/hard\libc_nano.a(libc_a-findfp.o)
                0x0800bf68                __sinit
 .text._fwalk_sglue
                0x0800bf98       0x3c F:/CubeIDE/CUBEIDE/STM32CubeIDE_1.16.1/STM32CubeIDE/plugins/com.st.stm32cube.ide.mcu.externaltools.gnu-tools-for-stm32.13.3.rel1.win32_1.0.0.202411081344/tools/bin/../lib/gcc/arm-none-eabi/13.3.1/../../../../arm-none-eabi/lib/thumb/v7e-m+fp/hard\libc_nano.a(libc_a-fwalk.o)
                0x0800bf98                _fwalk_sglue
 .text.printf   0x0800bfd4       0x24 F:/CubeIDE/CUBEIDE/STM32CubeIDE_1.16.1/STM32CubeIDE/plugins/com.st.stm32cube.ide.mcu.externaltools.gnu-tools-for-stm32.13.3.rel1.win32_1.0.0.202411081344/tools/bin/../lib/gcc/arm-none-eabi/13.3.1/../../../../arm-none-eabi/lib/thumb/v7e-m+fp/hard\libc_nano.a(libc_a-printf.o)
                0x0800bfd4                iprintf
                0x0800bfd4                printf
 .text._puts_r  0x0800bff8       0xaa F:/CubeIDE/CUBEIDE/STM32CubeIDE_1.16.1/STM32CubeIDE/plugins/com.st.stm32cube.ide.mcu.externaltools.gnu-tools-for-stm32.13.3.rel1.win32_1.0.0.202411081344/tools/bin/../lib/gcc/arm-none-eabi/13.3.1/../../../../arm-none-eabi/lib/thumb/v7e-m+fp/hard\libc_nano.a(libc_a-puts.o)
                0x0800bff8                _puts_r
 *fill*         0x0800c0a2        0x2 
 .text.puts     0x0800c0a4       0x10 F:/CubeIDE/CUBEIDE/STM32CubeIDE_1.16.1/STM32CubeIDE/plugins/com.st.stm32cube.ide.mcu.externaltools.gnu-tools-for-stm32.13.3.rel1.win32_1.0.0.202411081344/tools/bin/../lib/gcc/arm-none-eabi/13.3.1/../../../../arm-none-eabi/lib/thumb/v7e-m+fp/hard\libc_nano.a(libc_a-puts.o)
                0x0800c0a4                puts
 .text.sprintf  0x0800c0b4       0x44 F:/CubeIDE/CUBEIDE/STM32CubeIDE_1.16.1/STM32CubeIDE/plugins/com.st.stm32cube.ide.mcu.externaltools.gnu-tools-for-stm32.13.3.rel1.win32_1.0.0.202411081344/tools/bin/../lib/gcc/arm-none-eabi/13.3.1/../../../../arm-none-eabi/lib/thumb/v7e-m+fp/hard\libc_nano.a(libc_a-sprintf.o)
                0x0800c0b4                siprintf
                0x0800c0b4                sprintf
 .text.sscanf   0x0800c0f8       0x58 F:/CubeIDE/CUBEIDE/STM32CubeIDE_1.16.1/STM32CubeIDE/plugins/com.st.stm32cube.ide.mcu.externaltools.gnu-tools-for-stm32.13.3.rel1.win32_1.0.0.202411081344/tools/bin/../lib/gcc/arm-none-eabi/13.3.1/../../../../arm-none-eabi/lib/thumb/v7e-m+fp/hard\libc_nano.a(libc_a-sscanf.o)
                0x0800c0f8                siscanf
                0x0800c0f8                sscanf
 .text.__sread  0x0800c150       0x22 F:/CubeIDE/CUBEIDE/STM32CubeIDE_1.16.1/STM32CubeIDE/plugins/com.st.stm32cube.ide.mcu.externaltools.gnu-tools-for-stm32.13.3.rel1.win32_1.0.0.202411081344/tools/bin/../lib/gcc/arm-none-eabi/13.3.1/../../../../arm-none-eabi/lib/thumb/v7e-m+fp/hard\libc_nano.a(libc_a-stdio.o)
                0x0800c150                __sread
 .text.__seofread
                0x0800c172        0x4 F:/CubeIDE/CUBEIDE/STM32CubeIDE_1.16.1/STM32CubeIDE/plugins/com.st.stm32cube.ide.mcu.externaltools.gnu-tools-for-stm32.13.3.rel1.win32_1.0.0.202411081344/tools/bin/../lib/gcc/arm-none-eabi/13.3.1/../../../../arm-none-eabi/lib/thumb/v7e-m+fp/hard\libc_nano.a(libc_a-stdio.o)
                0x0800c172                __seofread
 .text.__swrite
                0x0800c176       0x38 F:/CubeIDE/CUBEIDE/STM32CubeIDE_1.16.1/STM32CubeIDE/plugins/com.st.stm32cube.ide.mcu.externaltools.gnu-tools-for-stm32.13.3.rel1.win32_1.0.0.202411081344/tools/bin/../lib/gcc/arm-none-eabi/13.3.1/../../../../arm-none-eabi/lib/thumb/v7e-m+fp/hard\libc_nano.a(libc_a-stdio.o)
                0x0800c176                __swrite
 .text.__sseek  0x0800c1ae       0x24 F:/CubeIDE/CUBEIDE/STM32CubeIDE_1.16.1/STM32CubeIDE/plugins/com.st.stm32cube.ide.mcu.externaltools.gnu-tools-for-stm32.13.3.rel1.win32_1.0.0.202411081344/tools/bin/../lib/gcc/arm-none-eabi/13.3.1/../../../../arm-none-eabi/lib/thumb/v7e-m+fp/hard\libc_nano.a(libc_a-stdio.o)
                0x0800c1ae                __sseek
 .text.__sclose
                0x0800c1d2        0x8 F:/CubeIDE/CUBEIDE/STM32CubeIDE_1.16.1/STM32CubeIDE/plugins/com.st.stm32cube.ide.mcu.externaltools.gnu-tools-for-stm32.13.3.rel1.win32_1.0.0.202411081344/tools/bin/../lib/gcc/arm-none-eabi/13.3.1/../../../../arm-none-eabi/lib/thumb/v7e-m+fp/hard\libc_nano.a(libc_a-stdio.o)
                0x0800c1d2                __sclose
 *fill*         0x0800c1da        0x2 
 .text._vsprintf_r
                0x0800c1dc       0x2c F:/CubeIDE/CUBEIDE/STM32CubeIDE_1.16.1/STM32CubeIDE/plugins/com.st.stm32cube.ide.mcu.externaltools.gnu-tools-for-stm32.13.3.rel1.win32_1.0.0.202411081344/tools/bin/../lib/gcc/arm-none-eabi/13.3.1/../../../../arm-none-eabi/lib/thumb/v7e-m+fp/hard\libc_nano.a(libc_a-vsprintf.o)
                0x0800c1dc                _vsprintf_r
                0x0800c1dc                _vsiprintf_r
 .text.vsprintf
                0x0800c208       0x14 F:/CubeIDE/CUBEIDE/STM32CubeIDE_1.16.1/STM32CubeIDE/plugins/com.st.stm32cube.ide.mcu.externaltools.gnu-tools-for-stm32.13.3.rel1.win32_1.0.0.202411081344/tools/bin/../lib/gcc/arm-none-eabi/13.3.1/../../../../arm-none-eabi/lib/thumb/v7e-m+fp/hard\libc_nano.a(libc_a-vsprintf.o)
                0x0800c208                vsiprintf
                0x0800c208                vsprintf
 .text.__swbuf_r
                0x0800c21c       0x7c F:/CubeIDE/CUBEIDE/STM32CubeIDE_1.16.1/STM32CubeIDE/plugins/com.st.stm32cube.ide.mcu.externaltools.gnu-tools-for-stm32.13.3.rel1.win32_1.0.0.202411081344/tools/bin/../lib/gcc/arm-none-eabi/13.3.1/../../../../arm-none-eabi/lib/thumb/v7e-m+fp/hard\libc_nano.a(libc_a-wbuf.o)
                0x0800c21c                __swbuf_r
 .text.__swsetup_r
                0x0800c298       0xac F:/CubeIDE/CUBEIDE/STM32CubeIDE_1.16.1/STM32CubeIDE/plugins/com.st.stm32cube.ide.mcu.externaltools.gnu-tools-for-stm32.13.3.rel1.win32_1.0.0.202411081344/tools/bin/../lib/gcc/arm-none-eabi/13.3.1/../../../../arm-none-eabi/lib/thumb/v7e-m+fp/hard\libc_nano.a(libc_a-wsetup.o)
                0x0800c298                __swsetup_r
 .text.memset   0x0800c344       0x10 F:/CubeIDE/CUBEIDE/STM32CubeIDE_1.16.1/STM32CubeIDE/plugins/com.st.stm32cube.ide.mcu.externaltools.gnu-tools-for-stm32.13.3.rel1.win32_1.0.0.202411081344/tools/bin/../lib/gcc/arm-none-eabi/13.3.1/../../../../arm-none-eabi/lib/thumb/v7e-m+fp/hard\libc_nano.a(libc_a-memset.o)
                0x0800c344                memset
 .text._raise_r
                0x0800c354       0x50 F:/CubeIDE/CUBEIDE/STM32CubeIDE_1.16.1/STM32CubeIDE/plugins/com.st.stm32cube.ide.mcu.externaltools.gnu-tools-for-stm32.13.3.rel1.win32_1.0.0.202411081344/tools/bin/../lib/gcc/arm-none-eabi/13.3.1/../../../../arm-none-eabi/lib/thumb/v7e-m+fp/hard\libc_nano.a(libc_a-signal.o)
                0x0800c354                _raise_r
 .text.raise    0x0800c3a4       0x10 F:/CubeIDE/CUBEIDE/STM32CubeIDE_1.16.1/STM32CubeIDE/plugins/com.st.stm32cube.ide.mcu.externaltools.gnu-tools-for-stm32.13.3.rel1.win32_1.0.0.202411081344/tools/bin/../lib/gcc/arm-none-eabi/13.3.1/../../../../arm-none-eabi/lib/thumb/v7e-m+fp/hard\libc_nano.a(libc_a-signal.o)
                0x0800c3a4                raise
 .text._localeconv_r
                0x0800c3b4        0x8 F:/CubeIDE/CUBEIDE/STM32CubeIDE_1.16.1/STM32CubeIDE/plugins/com.st.stm32cube.ide.mcu.externaltools.gnu-tools-for-stm32.13.3.rel1.win32_1.0.0.202411081344/tools/bin/../lib/gcc/arm-none-eabi/13.3.1/../../../../arm-none-eabi/lib/thumb/v7e-m+fp/hard\libc_nano.a(libc_a-localeconv.o)
                0x0800c3b4                _localeconv_r
 .text._close_r
                0x0800c3bc       0x20 F:/CubeIDE/CUBEIDE/STM32CubeIDE_1.16.1/STM32CubeIDE/plugins/com.st.stm32cube.ide.mcu.externaltools.gnu-tools-for-stm32.13.3.rel1.win32_1.0.0.202411081344/tools/bin/../lib/gcc/arm-none-eabi/13.3.1/../../../../arm-none-eabi/lib/thumb/v7e-m+fp/hard\libc_nano.a(libc_a-closer.o)
                0x0800c3bc                _close_r
 .text._lseek_r
                0x0800c3dc       0x24 F:/CubeIDE/CUBEIDE/STM32CubeIDE_1.16.1/STM32CubeIDE/plugins/com.st.stm32cube.ide.mcu.externaltools.gnu-tools-for-stm32.13.3.rel1.win32_1.0.0.202411081344/tools/bin/../lib/gcc/arm-none-eabi/13.3.1/../../../../arm-none-eabi/lib/thumb/v7e-m+fp/hard\libc_nano.a(libc_a-lseekr.o)
                0x0800c3dc                _lseek_r
 .text._read_r  0x0800c400       0x24 F:/CubeIDE/CUBEIDE/STM32CubeIDE_1.16.1/STM32CubeIDE/plugins/com.st.stm32cube.ide.mcu.externaltools.gnu-tools-for-stm32.13.3.rel1.win32_1.0.0.202411081344/tools/bin/../lib/gcc/arm-none-eabi/13.3.1/../../../../arm-none-eabi/lib/thumb/v7e-m+fp/hard\libc_nano.a(libc_a-readr.o)
                0x0800c400                _read_r
 .text._kill_r  0x0800c424       0x24 F:/CubeIDE/CUBEIDE/STM32CubeIDE_1.16.1/STM32CubeIDE/plugins/com.st.stm32cube.ide.mcu.externaltools.gnu-tools-for-stm32.13.3.rel1.win32_1.0.0.202411081344/tools/bin/../lib/gcc/arm-none-eabi/13.3.1/../../../../arm-none-eabi/lib/thumb/v7e-m+fp/hard\libc_nano.a(libc_a-signalr.o)
                0x0800c424                _kill_r
 .text._getpid_r
                0x0800c448        0x4 F:/CubeIDE/CUBEIDE/STM32CubeIDE_1.16.1/STM32CubeIDE/plugins/com.st.stm32cube.ide.mcu.externaltools.gnu-tools-for-stm32.13.3.rel1.win32_1.0.0.202411081344/tools/bin/../lib/gcc/arm-none-eabi/13.3.1/../../../../arm-none-eabi/lib/thumb/v7e-m+fp/hard\libc_nano.a(libc_a-signalr.o)
                0x0800c448                _getpid_r
 .text._sbrk_r  0x0800c44c       0x20 F:/CubeIDE/CUBEIDE/STM32CubeIDE_1.16.1/STM32CubeIDE/plugins/com.st.stm32cube.ide.mcu.externaltools.gnu-tools-for-stm32.13.3.rel1.win32_1.0.0.202411081344/tools/bin/../lib/gcc/arm-none-eabi/13.3.1/../../../../arm-none-eabi/lib/thumb/v7e-m+fp/hard\libc_nano.a(libc_a-sbrkr.o)
                0x0800c44c                _sbrk_r
 .text._write_r
                0x0800c46c       0x24 F:/CubeIDE/CUBEIDE/STM32CubeIDE_1.16.1/STM32CubeIDE/plugins/com.st.stm32cube.ide.mcu.externaltools.gnu-tools-for-stm32.13.3.rel1.win32_1.0.0.202411081344/tools/bin/../lib/gcc/arm-none-eabi/13.3.1/../../../../arm-none-eabi/lib/thumb/v7e-m+fp/hard\libc_nano.a(libc_a-writer.o)
                0x0800c46c                _write_r
 .text.__errno  0x0800c490        0xc F:/CubeIDE/CUBEIDE/STM32CubeIDE_1.16.1/STM32CubeIDE/plugins/com.st.stm32cube.ide.mcu.externaltools.gnu-tools-for-stm32.13.3.rel1.win32_1.0.0.202411081344/tools/bin/../lib/gcc/arm-none-eabi/13.3.1/../../../../arm-none-eabi/lib/thumb/v7e-m+fp/hard\libc_nano.a(libc_a-errno.o)
                0x0800c490                __errno
 .text.__libc_init_array
                0x0800c49c       0x48 F:/CubeIDE/CUBEIDE/STM32CubeIDE_1.16.1/STM32CubeIDE/plugins/com.st.stm32cube.ide.mcu.externaltools.gnu-tools-for-stm32.13.3.rel1.win32_1.0.0.202411081344/tools/bin/../lib/gcc/arm-none-eabi/13.3.1/../../../../arm-none-eabi/lib/thumb/v7e-m+fp/hard\libc_nano.a(libc_a-init.o)
                0x0800c49c                __libc_init_array
 .text.__retarget_lock_init_recursive
                0x0800c4e4        0x2 F:/CubeIDE/CUBEIDE/STM32CubeIDE_1.16.1/STM32CubeIDE/plugins/com.st.stm32cube.ide.mcu.externaltools.gnu-tools-for-stm32.13.3.rel1.win32_1.0.0.202411081344/tools/bin/../lib/gcc/arm-none-eabi/13.3.1/../../../../arm-none-eabi/lib/thumb/v7e-m+fp/hard\libc_nano.a(libc_a-lock.o)
                0x0800c4e4                __retarget_lock_init_recursive
 .text.__retarget_lock_acquire_recursive
                0x0800c4e6        0x2 F:/CubeIDE/CUBEIDE/STM32CubeIDE_1.16.1/STM32CubeIDE/plugins/com.st.stm32cube.ide.mcu.externaltools.gnu-tools-for-stm32.13.3.rel1.win32_1.0.0.202411081344/tools/bin/../lib/gcc/arm-none-eabi/13.3.1/../../../../arm-none-eabi/lib/thumb/v7e-m+fp/hard\libc_nano.a(libc_a-lock.o)
                0x0800c4e6                __retarget_lock_acquire_recursive
 .text.__retarget_lock_release_recursive
                0x0800c4e8        0x2 F:/CubeIDE/CUBEIDE/STM32CubeIDE_1.16.1/STM32CubeIDE/plugins/com.st.stm32cube.ide.mcu.externaltools.gnu-tools-for-stm32.13.3.rel1.win32_1.0.0.202411081344/tools/bin/../lib/gcc/arm-none-eabi/13.3.1/../../../../arm-none-eabi/lib/thumb/v7e-m+fp/hard\libc_nano.a(libc_a-lock.o)
                0x0800c4e8                __retarget_lock_release_recursive
 .text.memcpy   0x0800c4ea       0x1c F:/CubeIDE/CUBEIDE/STM32CubeIDE_1.16.1/STM32CubeIDE/plugins/com.st.stm32cube.ide.mcu.externaltools.gnu-tools-for-stm32.13.3.rel1.win32_1.0.0.202411081344/tools/bin/../lib/gcc/arm-none-eabi/13.3.1/../../../../arm-none-eabi/lib/thumb/v7e-m+fp/hard\libc_nano.a(libc_a-memcpy-stub.o)
                0x0800c4ea                memcpy
 *fill*         0x0800c506        0x2 
 .text.nanf     0x0800c508        0xc F:/CubeIDE/CUBEIDE/STM32CubeIDE_1.16.1/STM32CubeIDE/plugins/com.st.stm32cube.ide.mcu.externaltools.gnu-tools-for-stm32.13.3.rel1.win32_1.0.0.202411081344/tools/bin/../lib/gcc/arm-none-eabi/13.3.1/../../../../arm-none-eabi/lib/thumb/v7e-m+fp/hard\libc_nano.a(libm_a-sf_nan.o)
                0x0800c508                nanf
 .text.__assert_func
                0x0800c514       0x3c F:/CubeIDE/CUBEIDE/STM32CubeIDE_1.16.1/STM32CubeIDE/plugins/com.st.stm32cube.ide.mcu.externaltools.gnu-tools-for-stm32.13.3.rel1.win32_1.0.0.202411081344/tools/bin/../lib/gcc/arm-none-eabi/13.3.1/../../../../arm-none-eabi/lib/thumb/v7e-m+fp/hard\libc_nano.a(libc_a-assert.o)
                0x0800c514                __assert_func
 .text.quorem   0x0800c550      0x110 F:/CubeIDE/CUBEIDE/STM32CubeIDE_1.16.1/STM32CubeIDE/plugins/com.st.stm32cube.ide.mcu.externaltools.gnu-tools-for-stm32.13.3.rel1.win32_1.0.0.202411081344/tools/bin/../lib/gcc/arm-none-eabi/13.3.1/../../../../arm-none-eabi/lib/thumb/v7e-m+fp/hard\libc_nano.a(libc_a-dtoa.o)
 .text._dtoa_r  0x0800c660      0xba0 F:/CubeIDE/CUBEIDE/STM32CubeIDE_1.16.1/STM32CubeIDE/plugins/com.st.stm32cube.ide.mcu.externaltools.gnu-tools-for-stm32.13.3.rel1.win32_1.0.0.202411081344/tools/bin/../lib/gcc/arm-none-eabi/13.3.1/../../../../arm-none-eabi/lib/thumb/v7e-m+fp/hard\libc_nano.a(libc_a-dtoa.o)
                0x0800c660                _dtoa_r
 .text._free_r  0x0800d200       0x94 F:/CubeIDE/CUBEIDE/STM32CubeIDE_1.16.1/STM32CubeIDE/plugins/com.st.stm32cube.ide.mcu.externaltools.gnu-tools-for-stm32.13.3.rel1.win32_1.0.0.202411081344/tools/bin/../lib/gcc/arm-none-eabi/13.3.1/../../../../arm-none-eabi/lib/thumb/v7e-m+fp/hard\libc_nano.a(libc_a-freer.o)
                0x0800d200                _free_r
 .text._Balloc  0x0800d294       0x80 F:/CubeIDE/CUBEIDE/STM32CubeIDE_1.16.1/STM32CubeIDE/plugins/com.st.stm32cube.ide.mcu.externaltools.gnu-tools-for-stm32.13.3.rel1.win32_1.0.0.202411081344/tools/bin/../lib/gcc/arm-none-eabi/13.3.1/../../../../arm-none-eabi/lib/thumb/v7e-m+fp/hard\libc_nano.a(libc_a-mprec.o)
                0x0800d294                _Balloc
 .text._Bfree   0x0800d314       0x44 F:/CubeIDE/CUBEIDE/STM32CubeIDE_1.16.1/STM32CubeIDE/plugins/com.st.stm32cube.ide.mcu.externaltools.gnu-tools-for-stm32.13.3.rel1.win32_1.0.0.202411081344/tools/bin/../lib/gcc/arm-none-eabi/13.3.1/../../../../arm-none-eabi/lib/thumb/v7e-m+fp/hard\libc_nano.a(libc_a-mprec.o)
                0x0800d314                _Bfree
 .text.__multadd
                0x0800d358       0x8c F:/CubeIDE/CUBEIDE/STM32CubeIDE_1.16.1/STM32CubeIDE/plugins/com.st.stm32cube.ide.mcu.externaltools.gnu-tools-for-stm32.13.3.rel1.win32_1.0.0.202411081344/tools/bin/../lib/gcc/arm-none-eabi/13.3.1/../../../../arm-none-eabi/lib/thumb/v7e-m+fp/hard\libc_nano.a(libc_a-mprec.o)
                0x0800d358                __multadd
 .text.__s2b    0x0800d3e4       0x94 F:/CubeIDE/CUBEIDE/STM32CubeIDE_1.16.1/STM32CubeIDE/plugins/com.st.stm32cube.ide.mcu.externaltools.gnu-tools-for-stm32.13.3.rel1.win32_1.0.0.202411081344/tools/bin/../lib/gcc/arm-none-eabi/13.3.1/../../../../arm-none-eabi/lib/thumb/v7e-m+fp/hard\libc_nano.a(libc_a-mprec.o)
                0x0800d3e4                __s2b
 .text.__hi0bits
                0x0800d478       0x3e F:/CubeIDE/CUBEIDE/STM32CubeIDE_1.16.1/STM32CubeIDE/plugins/com.st.stm32cube.ide.mcu.externaltools.gnu-tools-for-stm32.13.3.rel1.win32_1.0.0.202411081344/tools/bin/../lib/gcc/arm-none-eabi/13.3.1/../../../../arm-none-eabi/lib/thumb/v7e-m+fp/hard\libc_nano.a(libc_a-mprec.o)
                0x0800d478                __hi0bits
 .text.__lo0bits
                0x0800d4b6       0x5a F:/CubeIDE/CUBEIDE/STM32CubeIDE_1.16.1/STM32CubeIDE/plugins/com.st.stm32cube.ide.mcu.externaltools.gnu-tools-for-stm32.13.3.rel1.win32_1.0.0.202411081344/tools/bin/../lib/gcc/arm-none-eabi/13.3.1/../../../../arm-none-eabi/lib/thumb/v7e-m+fp/hard\libc_nano.a(libc_a-mprec.o)
                0x0800d4b6                __lo0bits
 .text.__i2b    0x0800d510       0x2c F:/CubeIDE/CUBEIDE/STM32CubeIDE_1.16.1/STM32CubeIDE/plugins/com.st.stm32cube.ide.mcu.externaltools.gnu-tools-for-stm32.13.3.rel1.win32_1.0.0.202411081344/tools/bin/../lib/gcc/arm-none-eabi/13.3.1/../../../../arm-none-eabi/lib/thumb/v7e-m+fp/hard\libc_nano.a(libc_a-mprec.o)
                0x0800d510                __i2b
 .text.__multiply
                0x0800d53c      0x144 F:/CubeIDE/CUBEIDE/STM32CubeIDE_1.16.1/STM32CubeIDE/plugins/com.st.stm32cube.ide.mcu.externaltools.gnu-tools-for-stm32.13.3.rel1.win32_1.0.0.202411081344/tools/bin/../lib/gcc/arm-none-eabi/13.3.1/../../../../arm-none-eabi/lib/thumb/v7e-m+fp/hard\libc_nano.a(libc_a-mprec.o)
                0x0800d53c                __multiply
 .text.__pow5mult
                0x0800d680       0xb4 F:/CubeIDE/CUBEIDE/STM32CubeIDE_1.16.1/STM32CubeIDE/plugins/com.st.stm32cube.ide.mcu.externaltools.gnu-tools-for-stm32.13.3.rel1.win32_1.0.0.202411081344/tools/bin/../lib/gcc/arm-none-eabi/13.3.1/../../../../arm-none-eabi/lib/thumb/v7e-m+fp/hard\libc_nano.a(libc_a-mprec.o)
                0x0800d680                __pow5mult
 .text.__lshift
                0x0800d734       0xd8 F:/CubeIDE/CUBEIDE/STM32CubeIDE_1.16.1/STM32CubeIDE/plugins/com.st.stm32cube.ide.mcu.externaltools.gnu-tools-for-stm32.13.3.rel1.win32_1.0.0.202411081344/tools/bin/../lib/gcc/arm-none-eabi/13.3.1/../../../../arm-none-eabi/lib/thumb/v7e-m+fp/hard\libc_nano.a(libc_a-mprec.o)
                0x0800d734                __lshift
 .text.__mcmp   0x0800d80c       0x36 F:/CubeIDE/CUBEIDE/STM32CubeIDE_1.16.1/STM32CubeIDE/plugins/com.st.stm32cube.ide.mcu.externaltools.gnu-tools-for-stm32.13.3.rel1.win32_1.0.0.202411081344/tools/bin/../lib/gcc/arm-none-eabi/13.3.1/../../../../arm-none-eabi/lib/thumb/v7e-m+fp/hard\libc_nano.a(libc_a-mprec.o)
                0x0800d80c                __mcmp
 *fill*         0x0800d842        0x2 
 .text.__mdiff  0x0800d844      0x128 F:/CubeIDE/CUBEIDE/STM32CubeIDE_1.16.1/STM32CubeIDE/plugins/com.st.stm32cube.ide.mcu.externaltools.gnu-tools-for-stm32.13.3.rel1.win32_1.0.0.202411081344/tools/bin/../lib/gcc/arm-none-eabi/13.3.1/../../../../arm-none-eabi/lib/thumb/v7e-m+fp/hard\libc_nano.a(libc_a-mprec.o)
                0x0800d844                __mdiff
 .text.__ulp    0x0800d96c       0x4c F:/CubeIDE/CUBEIDE/STM32CubeIDE_1.16.1/STM32CubeIDE/plugins/com.st.stm32cube.ide.mcu.externaltools.gnu-tools-for-stm32.13.3.rel1.win32_1.0.0.202411081344/tools/bin/../lib/gcc/arm-none-eabi/13.3.1/../../../../arm-none-eabi/lib/thumb/v7e-m+fp/hard\libc_nano.a(libc_a-mprec.o)
                0x0800d96c                __ulp
 .text.__b2d    0x0800d9b8       0x94 F:/CubeIDE/CUBEIDE/STM32CubeIDE_1.16.1/STM32CubeIDE/plugins/com.st.stm32cube.ide.mcu.externaltools.gnu-tools-for-stm32.13.3.rel1.win32_1.0.0.202411081344/tools/bin/../lib/gcc/arm-none-eabi/13.3.1/../../../../arm-none-eabi/lib/thumb/v7e-m+fp/hard\libc_nano.a(libc_a-mprec.o)
                0x0800d9b8                __b2d
 .text.__d2b    0x0800da4c       0xb0 F:/CubeIDE/CUBEIDE/STM32CubeIDE_1.16.1/STM32CubeIDE/plugins/com.st.stm32cube.ide.mcu.externaltools.gnu-tools-for-stm32.13.3.rel1.win32_1.0.0.202411081344/tools/bin/../lib/gcc/arm-none-eabi/13.3.1/../../../../arm-none-eabi/lib/thumb/v7e-m+fp/hard\libc_nano.a(libc_a-mprec.o)
                0x0800da4c                __d2b
 .text.__ratio  0x0800dafc       0x64 F:/CubeIDE/CUBEIDE/STM32CubeIDE_1.16.1/STM32CubeIDE/plugins/com.st.stm32cube.ide.mcu.externaltools.gnu-tools-for-stm32.13.3.rel1.win32_1.0.0.202411081344/tools/bin/../lib/gcc/arm-none-eabi/13.3.1/../../../../arm-none-eabi/lib/thumb/v7e-m+fp/hard\libc_nano.a(libc_a-mprec.o)
                0x0800dafc                __ratio
 .text.__copybits
                0x0800db60       0x46 F:/CubeIDE/CUBEIDE/STM32CubeIDE_1.16.1/STM32CubeIDE/plugins/com.st.stm32cube.ide.mcu.externaltools.gnu-tools-for-stm32.13.3.rel1.win32_1.0.0.202411081344/tools/bin/../lib/gcc/arm-none-eabi/13.3.1/../../../../arm-none-eabi/lib/thumb/v7e-m+fp/hard\libc_nano.a(libc_a-mprec.o)
                0x0800db60                __copybits
 .text.__any_on
                0x0800dba6       0x42 F:/CubeIDE/CUBEIDE/STM32CubeIDE_1.16.1/STM32CubeIDE/plugins/com.st.stm32cube.ide.mcu.externaltools.gnu-tools-for-stm32.13.3.rel1.win32_1.0.0.202411081344/tools/bin/../lib/gcc/arm-none-eabi/13.3.1/../../../../arm-none-eabi/lib/thumb/v7e-m+fp/hard\libc_nano.a(libc_a-mprec.o)
                0x0800dba6                __any_on
 .text.sulp     0x0800dbe8       0x3c F:/CubeIDE/CUBEIDE/STM32CubeIDE_1.16.1/STM32CubeIDE/plugins/com.st.stm32cube.ide.mcu.externaltools.gnu-tools-for-stm32.13.3.rel1.win32_1.0.0.202411081344/tools/bin/../lib/gcc/arm-none-eabi/13.3.1/../../../../arm-none-eabi/lib/thumb/v7e-m+fp/hard\libc_nano.a(libc_a-strtod.o)
 *fill*         0x0800dc24        0x4 
 .text._strtod_l
                0x0800dc28      0xbc8 F:/CubeIDE/CUBEIDE/STM32CubeIDE_1.16.1/STM32CubeIDE/plugins/com.st.stm32cube.ide.mcu.externaltools.gnu-tools-for-stm32.13.3.rel1.win32_1.0.0.202411081344/tools/bin/../lib/gcc/arm-none-eabi/13.3.1/../../../../arm-none-eabi/lib/thumb/v7e-m+fp/hard\libc_nano.a(libc_a-strtod.o)
                0x0800dc28                _strtod_l
 .text._strtod_r
                0x0800e7f0        0xc F:/CubeIDE/CUBEIDE/STM32CubeIDE_1.16.1/STM32CubeIDE/plugins/com.st.stm32cube.ide.mcu.externaltools.gnu-tools-for-stm32.13.3.rel1.win32_1.0.0.202411081344/tools/bin/../lib/gcc/arm-none-eabi/13.3.1/../../../../arm-none-eabi/lib/thumb/v7e-m+fp/hard\libc_nano.a(libc_a-strtod.o)
                0x0800e7f0                _strtod_r
 .text._strtol_l.isra.0
                0x0800e7fc       0xf4 F:/CubeIDE/CUBEIDE/STM32CubeIDE_1.16.1/STM32CubeIDE/plugins/com.st.stm32cube.ide.mcu.externaltools.gnu-tools-for-stm32.13.3.rel1.win32_1.0.0.202411081344/tools/bin/../lib/gcc/arm-none-eabi/13.3.1/../../../../arm-none-eabi/lib/thumb/v7e-m+fp/hard\libc_nano.a(libc_a-strtol.o)
 .text._strtol_r
                0x0800e8f0        0x4 F:/CubeIDE/CUBEIDE/STM32CubeIDE_1.16.1/STM32CubeIDE/plugins/com.st.stm32cube.ide.mcu.externaltools.gnu-tools-for-stm32.13.3.rel1.win32_1.0.0.202411081344/tools/bin/../lib/gcc/arm-none-eabi/13.3.1/../../../../arm-none-eabi/lib/thumb/v7e-m+fp/hard\libc_nano.a(libc_a-strtol.o)
                0x0800e8f0                _strtol_r
 .text.__ssputs_r
                0x0800e8f4       0xb6 F:/CubeIDE/CUBEIDE/STM32CubeIDE_1.16.1/STM32CubeIDE/plugins/com.st.stm32cube.ide.mcu.externaltools.gnu-tools-for-stm32.13.3.rel1.win32_1.0.0.202411081344/tools/bin/../lib/gcc/arm-none-eabi/13.3.1/../../../../arm-none-eabi/lib/thumb/v7e-m+fp/hard\libc_nano.a(libc_a-nano-svfprintf.o)
                0x0800e8f4                __ssputs_r
 *fill*         0x0800e9aa        0x2 
 .text._svfprintf_r
                0x0800e9ac      0x1f8 F:/CubeIDE/CUBEIDE/STM32CubeIDE_1.16.1/STM32CubeIDE/plugins/com.st.stm32cube.ide.mcu.externaltools.gnu-tools-for-stm32.13.3.rel1.win32_1.0.0.202411081344/tools/bin/../lib/gcc/arm-none-eabi/13.3.1/../../../../arm-none-eabi/lib/thumb/v7e-m+fp/hard\libc_nano.a(libc_a-nano-svfprintf.o)
                0x0800e9ac                _svfiprintf_r
                0x0800e9ac                _svfprintf_r
 .text._sungetc_r
                0x0800eba4       0x7a F:/CubeIDE/CUBEIDE/STM32CubeIDE_1.16.1/STM32CubeIDE/plugins/com.st.stm32cube.ide.mcu.externaltools.gnu-tools-for-stm32.13.3.rel1.win32_1.0.0.202411081344/tools/bin/../lib/gcc/arm-none-eabi/13.3.1/../../../../arm-none-eabi/lib/thumb/v7e-m+fp/hard\libc_nano.a(libc_a-nano-svfscanf.o)
                0x0800eba4                _sungetc_r
 .text.__ssrefill_r
                0x0800ec1e       0x3a F:/CubeIDE/CUBEIDE/STM32CubeIDE_1.16.1/STM32CubeIDE/plugins/com.st.stm32cube.ide.mcu.externaltools.gnu-tools-for-stm32.13.3.rel1.win32_1.0.0.202411081344/tools/bin/../lib/gcc/arm-none-eabi/13.3.1/../../../../arm-none-eabi/lib/thumb/v7e-m+fp/hard\libc_nano.a(libc_a-nano-svfscanf.o)
                0x0800ec1e                __ssrefill_r
 .text.__ssvfscanf_r
                0x0800ec58      0x2ec F:/CubeIDE/CUBEIDE/STM32CubeIDE_1.16.1/STM32CubeIDE/plugins/com.st.stm32cube.ide.mcu.externaltools.gnu-tools-for-stm32.13.3.rel1.win32_1.0.0.202411081344/tools/bin/../lib/gcc/arm-none-eabi/13.3.1/../../../../arm-none-eabi/lib/thumb/v7e-m+fp/hard\libc_nano.a(libc_a-nano-svfscanf.o)
                0x0800ec58                __ssvfiscanf_r
                0x0800ec58                __ssvfscanf_r
 .text.__sfputc_r
                0x0800ef44       0x2e F:/CubeIDE/CUBEIDE/STM32CubeIDE_1.16.1/STM32CubeIDE/plugins/com.st.stm32cube.ide.mcu.externaltools.gnu-tools-for-stm32.13.3.rel1.win32_1.0.0.202411081344/tools/bin/../lib/gcc/arm-none-eabi/13.3.1/../../../../arm-none-eabi/lib/thumb/v7e-m+fp/hard\libc_nano.a(libc_a-nano-vfprintf.o)
 .text.__sfputs_r
                0x0800ef72       0x24 F:/CubeIDE/CUBEIDE/STM32CubeIDE_1.16.1/STM32CubeIDE/plugins/com.st.stm32cube.ide.mcu.externaltools.gnu-tools-for-stm32.13.3.rel1.win32_1.0.0.202411081344/tools/bin/../lib/gcc/arm-none-eabi/13.3.1/../../../../arm-none-eabi/lib/thumb/v7e-m+fp/hard\libc_nano.a(libc_a-nano-vfprintf.o)
                0x0800ef72                __sfputs_r
 *fill*         0x0800ef96        0x2 
 .text._vfprintf_r
                0x0800ef98      0x230 F:/CubeIDE/CUBEIDE/STM32CubeIDE_1.16.1/STM32CubeIDE/plugins/com.st.stm32cube.ide.mcu.externaltools.gnu-tools-for-stm32.13.3.rel1.win32_1.0.0.202411081344/tools/bin/../lib/gcc/arm-none-eabi/13.3.1/../../../../arm-none-eabi/lib/thumb/v7e-m+fp/hard\libc_nano.a(libc_a-nano-vfprintf.o)
                0x0800ef98                _vfprintf_r
                0x0800ef98                _vfiprintf_r
 .text._scanf_chars
                0x0800f1c8       0xb4 F:/CubeIDE/CUBEIDE/STM32CubeIDE_1.16.1/STM32CubeIDE/plugins/com.st.stm32cube.ide.mcu.externaltools.gnu-tools-for-stm32.13.3.rel1.win32_1.0.0.202411081344/tools/bin/../lib/gcc/arm-none-eabi/13.3.1/../../../../arm-none-eabi/lib/thumb/v7e-m+fp/hard\libc_nano.a(libc_a-nano-vfscanf_i.o)
                0x0800f1c8                _scanf_chars
 .text._scanf_i
                0x0800f27c      0x1e8 F:/CubeIDE/CUBEIDE/STM32CubeIDE_1.16.1/STM32CubeIDE/plugins/com.st.stm32cube.ide.mcu.externaltools.gnu-tools-for-stm32.13.3.rel1.win32_1.0.0.202411081344/tools/bin/../lib/gcc/arm-none-eabi/13.3.1/../../../../arm-none-eabi/lib/thumb/v7e-m+fp/hard\libc_nano.a(libc_a-nano-vfscanf_i.o)
                0x0800f27c                _scanf_i
 .text.__sflush_r
                0x0800f464      0x108 F:/CubeIDE/CUBEIDE/STM32CubeIDE_1.16.1/STM32CubeIDE/plugins/com.st.stm32cube.ide.mcu.externaltools.gnu-tools-for-stm32.13.3.rel1.win32_1.0.0.202411081344/tools/bin/../lib/gcc/arm-none-eabi/13.3.1/../../../../arm-none-eabi/lib/thumb/v7e-m+fp/hard\libc_nano.a(libc_a-fflush.o)
                0x0800f464                __sflush_r
 .text._fflush_r
                0x0800f56c       0x50 F:/CubeIDE/CUBEIDE/STM32CubeIDE_1.16.1/STM32CubeIDE/plugins/com.st.stm32cube.ide.mcu.externaltools.gnu-tools-for-stm32.13.3.rel1.win32_1.0.0.202411081344/tools/bin/../lib/gcc/arm-none-eabi/13.3.1/../../../../arm-none-eabi/lib/thumb/v7e-m+fp/hard\libc_nano.a(libc_a-fflush.o)
                0x0800f56c                _fflush_r
 .text.fprintf  0x0800f5bc       0x24 F:/CubeIDE/CUBEIDE/STM32CubeIDE_1.16.1/STM32CubeIDE/plugins/com.st.stm32cube.ide.mcu.externaltools.gnu-tools-for-stm32.13.3.rel1.win32_1.0.0.202411081344/tools/bin/../lib/gcc/arm-none-eabi/13.3.1/../../../../arm-none-eabi/lib/thumb/v7e-m+fp/hard\libc_nano.a(libc_a-fprintf.o)
                0x0800f5bc                fiprintf
                0x0800f5bc                fprintf
 .text.__swhatbuf_r
                0x0800f5e0       0x4c F:/CubeIDE/CUBEIDE/STM32CubeIDE_1.16.1/STM32CubeIDE/plugins/com.st.stm32cube.ide.mcu.externaltools.gnu-tools-for-stm32.13.3.rel1.win32_1.0.0.202411081344/tools/bin/../lib/gcc/arm-none-eabi/13.3.1/../../../../arm-none-eabi/lib/thumb/v7e-m+fp/hard\libc_nano.a(libc_a-makebuf.o)
                0x0800f5e0                __swhatbuf_r
 .text.__smakebuf_r
                0x0800f62c       0x78 F:/CubeIDE/CUBEIDE/STM32CubeIDE_1.16.1/STM32CubeIDE/plugins/com.st.stm32cube.ide.mcu.externaltools.gnu-tools-for-stm32.13.3.rel1.win32_1.0.0.202411081344/tools/bin/../lib/gcc/arm-none-eabi/13.3.1/../../../../arm-none-eabi/lib/thumb/v7e-m+fp/hard\libc_nano.a(libc_a-makebuf.o)
                0x0800f62c                __smakebuf_r
 .text.__sccl   0x0800f6a4       0x72 F:/CubeIDE/CUBEIDE/STM32CubeIDE_1.16.1/STM32CubeIDE/plugins/com.st.stm32cube.ide.mcu.externaltools.gnu-tools-for-stm32.13.3.rel1.win32_1.0.0.202411081344/tools/bin/../lib/gcc/arm-none-eabi/13.3.1/../../../../arm-none-eabi/lib/thumb/v7e-m+fp/hard\libc_nano.a(libc_a-sccl.o)
                0x0800f6a4                __sccl
 .text.__submore
                0x0800f716       0x74 F:/CubeIDE/CUBEIDE/STM32CubeIDE_1.16.1/STM32CubeIDE/plugins/com.st.stm32cube.ide.mcu.externaltools.gnu-tools-for-stm32.13.3.rel1.win32_1.0.0.202411081344/tools/bin/../lib/gcc/arm-none-eabi/13.3.1/../../../../arm-none-eabi/lib/thumb/v7e-m+fp/hard\libc_nano.a(libc_a-ungetc.o)
                0x0800f716                __submore