Archive member included to satisfy reference by file (symbol)

../Middlewares/ST/ARM/DSP/Lib\libarm_cortexM4lf_math.a(arm_fir_init_f32.o)
                              ./Core/Src/main.o (arm_fir_init_f32)
../Middlewares/ST/ARM/DSP/Lib\libarm_cortexM4lf_math.a(arm_fir_f32.o)
                              ./Core/Src/main.o (arm_fir_f32)
../Middlewares/ST/ARM/DSP/Lib\libarm_cortexM4lf_math.a(arm_sin_f32.o)
                              ./Core/Src/main.o (arm_sin_f32)
../Middlewares/ST/ARM/DSP/Lib\libarm_cortexM4lf_math.a(arm_common_tables.o)
                              ../Middlewares/ST/ARM/DSP/Lib\libarm_cortexM4lf_math.a(arm_sin_f32.o) (sinTable_f32)
F:/CubeIDE/CUBEIDE/STM32CubeIDE_1.16.1/STM32CubeIDE/plugins/com.st.stm32cube.ide.mcu.externaltools.gnu-tools-for-stm32.13.3.rel1.win32_1.0.0.202411081344/tools/bin/../lib/gcc/arm-none-eabi/13.3.1/../../../../arm-none-eabi/lib/thumb/v7e-m+fp/hard\libstdc++_nano.a(del_ops.o)
                              ./Core/Src/main.o (operator delete(void*, unsigned int))
F:/CubeIDE/CUBEIDE/STM32CubeIDE_1.16.1/STM32CubeIDE/plugins/com.st.stm32cube.ide.mcu.externaltools.gnu-tools-for-stm32.13.3.rel1.win32_1.0.0.202411081344/tools/bin/../lib/gcc/arm-none-eabi/13.3.1/../../../../arm-none-eabi/lib/thumb/v7e-m+fp/hard\libstdc++_nano.a(del_opv.o)
                              ./Core/Src/main.o (operator delete[](void*))
F:/CubeIDE/CUBEIDE/STM32CubeIDE_1.16.1/STM32CubeIDE/plugins/com.st.stm32cube.ide.mcu.externaltools.gnu-tools-for-stm32.13.3.rel1.win32_1.0.0.202411081344/tools/bin/../lib/gcc/arm-none-eabi/13.3.1/../../../../arm-none-eabi/lib/thumb/v7e-m+fp/hard\libstdc++_nano.a(guard.o)
                              ./Core/Src/main.o (__cxa_guard_acquire)
F:/CubeIDE/CUBEIDE/STM32CubeIDE_1.16.1/STM32CubeIDE/plugins/com.st.stm32cube.ide.mcu.externaltools.gnu-tools-for-stm32.13.3.rel1.win32_1.0.0.202411081344/tools/bin/../lib/gcc/arm-none-eabi/13.3.1/../../../../arm-none-eabi/lib/thumb/v7e-m+fp/hard\libstdc++_nano.a(new_op.o)
                              ./Core/Src/main.o (operator new(unsigned int))
F:/CubeIDE/CUBEIDE/STM32CubeIDE_1.16.1/STM32CubeIDE/plugins/com.st.stm32cube.ide.mcu.externaltools.gnu-tools-for-stm32.13.3.rel1.win32_1.0.0.202411081344/tools/bin/../lib/gcc/arm-none-eabi/13.3.1/../../../../arm-none-eabi/lib/thumb/v7e-m+fp/hard\libstdc++_nano.a(new_opv.o)
                              ./Core/Src/main.o (operator new[](unsigned int))
F:/CubeIDE/CUBEIDE/STM32CubeIDE_1.16.1/STM32CubeIDE/plugins/com.st.stm32cube.ide.mcu.externaltools.gnu-tools-for-stm32.13.3.rel1.win32_1.0.0.202411081344/tools/bin/../lib/gcc/arm-none-eabi/13.3.1/../../../../arm-none-eabi/lib/thumb/v7e-m+fp/hard\libstdc++_nano.a(functexcept.o)
                              ./Core/Src/main.o (std::__throw_length_error(char const*))
F:/CubeIDE/CUBEIDE/STM32CubeIDE_1.16.1/STM32CubeIDE/plugins/com.st.stm32cube.ide.mcu.externaltools.gnu-tools-for-stm32.13.3.rel1.win32_1.0.0.202411081344/tools/bin/../lib/gcc/arm-none-eabi/13.3.1/../../../../arm-none-eabi/lib/thumb/v7e-m+fp/hard\libstdc++_nano.a(del_op.o)
                              F:/CubeIDE/CUBEIDE/STM32CubeIDE_1.16.1/STM32CubeIDE/plugins/com.st.stm32cube.ide.mcu.externaltools.gnu-tools-for-stm32.13.3.rel1.win32_1.0.0.202411081344/tools/bin/../lib/gcc/arm-none-eabi/13.3.1/../../../../arm-none-eabi/lib/thumb/v7e-m+fp/hard\libstdc++_nano.a(del_ops.o) (operator delete(void*))
F:/CubeIDE/CUBEIDE/STM32CubeIDE_1.16.1/STM32CubeIDE/plugins/com.st.stm32cube.ide.mcu.externaltools.gnu-tools-for-stm32.13.3.rel1.win32_1.0.0.202411081344/tools/bin/../lib/gcc/arm-none-eabi/13.3.1/../../../../arm-none-eabi/lib/thumb/v7e-m+fp/hard\libstdc++_nano.a(new_handler.o)
                              F:/CubeIDE/CUBEIDE/STM32CubeIDE_1.16.1/STM32CubeIDE/plugins/com.st.stm32cube.ide.mcu.externaltools.gnu-tools-for-stm32.13.3.rel1.win32_1.0.0.202411081344/tools/bin/../lib/gcc/arm-none-eabi/13.3.1/../../../../arm-none-eabi/lib/thumb/v7e-m+fp/hard\libstdc++_nano.a(new_op.o) (std::get_new_handler())
F:/CubeIDE/CUBEIDE/STM32CubeIDE_1.16.1/STM32CubeIDE/plugins/com.st.stm32cube.ide.mcu.externaltools.gnu-tools-for-stm32.13.3.rel1.win32_1.0.0.202411081344/tools/bin/../lib/gcc/arm-none-eabi/13.3.1/../../../../arm-none-eabi/lib/thumb/v7e-m+fp/hard\libm.a(libm_a-sf_sin.o)
                              ./Core/Src/main.o (sinf)
F:/CubeIDE/CUBEIDE/STM32CubeIDE_1.16.1/STM32CubeIDE/plugins/com.st.stm32cube.ide.mcu.externaltools.gnu-tools-for-stm32.13.3.rel1.win32_1.0.0.202411081344/tools/bin/../lib/gcc/arm-none-eabi/13.3.1/../../../../arm-none-eabi/lib/thumb/v7e-m+fp/hard\libm.a(libm_a-kf_cos.o)
                              F:/CubeIDE/CUBEIDE/STM32CubeIDE_1.16.1/STM32CubeIDE/plugins/com.st.stm32cube.ide.mcu.externaltools.gnu-tools-for-stm32.13.3.rel1.win32_1.0.0.202411081344/tools/bin/../lib/gcc/arm-none-eabi/13.3.1/../../../../arm-none-eabi/lib/thumb/v7e-m+fp/hard\libm.a(libm_a-sf_sin.o) (__kernel_cosf)
[...]
Memory Configuration

Name             Origin             Length             Attributes
RAM              0x20000000         0x00020000         xrw
FLASH            0x08000000         0x00080000         xr
*default*        0x00000000         0xffffffff

Linker script and memory map

LOAD F:/CubeIDE/CUBEIDE/STM32CubeIDE_1.16.1/STM32CubeIDE/plugins/com.st.stm32cube.ide.mcu.externaltools.gnu-tools-for-stm32.13.3.rel1.win32_1.0.0.202411081344/tools/bin/../lib/gcc/arm-none-eabi/13.3.1/thumb/v7e-m+fp/hard/crti.o
LOAD F:/CubeIDE/CUBEIDE/STM32CubeIDE_1.16.1/STM32CubeIDE/plugins/com.st.stm32cube.ide.mcu.externaltools.gnu-tools-for-stm32.13.3.rel1.win32_1.0.0.202411081344/tools/bin/../lib/gcc/arm-none-eabi/13.3.1/thumb/v7e-m+fp/hard/crtbegin.o
LOAD F:/CubeIDE/CUBEIDE/STM32CubeIDE_1.16.1/STM32CubeIDE/plugins/com.st.stm32cube.ide.mcu.externaltools.gnu-tools-for-stm32.13.3.rel1.win32_1.0.0.202411081344/tools/bin/../lib/gcc/arm-none-eabi/13.3.1/../../../../arm-none-eabi/lib/thumb/v7e-m+fp/hard/crt0.o
LOAD ./Core/Src/adc.o
LOAD ./Core/Src/dac.o
LOAD ./Core/Src/dma.o
LOAD ./Core/Src/gpio.o
LOAD ./Core/Src/hrtim.o
LOAD ./Core/Src/main.o
LOAD ./Core/Src/stm32g4xx_hal_msp.o
LOAD ./Core/Src/stm32g4xx_it.o
LOAD ./Core/Src/syscalls.o
LOAD ./Core/Src/sysmem.o
LOAD ./Core/Src/system_stm32g4xx.o
LOAD ./Core/Src/tim.o
LOAD ./Core/Src/usart.o
LOAD ./Core/Startup/startup_stm32g474retx.o
LOAD ./Drivers/STM32G4xx_HAL_Driver/Src/stm32g4xx_hal.o
LOAD ./Drivers/STM32G4xx_HAL_Driver/Src/stm32g4xx_hal_adc.o
LOAD ./Drivers/STM32G4xx_HAL_Driver/Src/stm32g4xx_hal_adc_ex.o
LOAD ./Drivers/STM32G4xx_HAL_Driver/Src/stm32g4xx_hal_cortex.o
LOAD ./Drivers/STM32G4xx_HAL_Driver/Src/stm32g4xx_hal_dac.o
LOAD ./Drivers/STM32G4xx_HAL_Driver/Src/stm32g4xx_hal_dac_ex.o
LOAD ./Drivers/STM32G4xx_HAL_Driver/Src/stm32g4xx_hal_dma.o
LOAD ./Drivers/STM32G4xx_HAL_Driver/Src/stm32g4xx_hal_dma_ex.o
LOAD ./Drivers/STM32G4xx_HAL_Driver/Src/stm32g4xx_hal_exti.o
LOAD ./Drivers/STM32G4xx_HAL_Driver/Src/stm32g4xx_hal_flash.o
LOAD ./Drivers/STM32G4xx_HAL_Driver/Src/stm32g4xx_hal_flash_ex.o
LOAD ./Drivers/STM32G4xx_HAL_Driver/Src/stm32g4xx_hal_flash_ramfunc.o
LOAD ./Drivers/STM32G4xx_HAL_Driver/Src/stm32g4xx_hal_gpio.o
LOAD ./Drivers/STM32G4xx_HAL_Driver/Src/stm32g4xx_hal_hrtim.o
LOAD ./Drivers/STM32G4xx_HAL_Driver/Src/stm32g4xx_hal_pwr.o
LOAD ./Drivers/STM32G4xx_HAL_Driver/Src/stm32g4xx_hal_pwr_ex.o
LOAD ./Drivers/STM32G4xx_HAL_Driver/Src/stm32g4xx_hal_rcc.o
LOAD ./Drivers/STM32G4xx_HAL_Driver/Src/stm32g4xx_hal_rcc_ex.o
LOAD ./Drivers/STM32G4xx_HAL_Driver/Src/stm32g4xx_hal_tim.o
LOAD ./Drivers/STM32G4xx_HAL_Driver/Src/stm32g4xx_hal_tim_ex.o
LOAD ./Drivers/STM32G4xx_HAL_Driver/Src/stm32g4xx_hal_uart.o
LOAD ./Drivers/STM32G4xx_HAL_Driver/Src/stm32g4xx_hal_uart_ex.o
LOAD ./Drivers/STM32G4xx_HAL_Driver/Src/stm32g4xx_ll_adc.o
LOAD ./Hardware/port/Inc/oled.o
LOAD ./Port/Src/stm32_callback.o
LOAD ./Segger/debug/SEGGER_RTT.o
LOAD ./Segger/debug/SEGGER_SYSVIEW.o
LOAD ./Segger/debug/SEGGER_SYSVIEW_Config_NoOS.o
LOAD ../Middlewares/ST/ARM/DSP/Lib\libarm_cortexM4lf_math.a
START GROUP
LOAD F:/CubeIDE/CUBEIDE/STM32CubeIDE_1.16.1/STM32CubeIDE/plugins/com.st.stm32cube.ide.mcu.externaltools.gnu-tools-for-stm32.13.3.rel1.win32_1.0.0.202411081344/tools/bin/../lib/gcc/arm-none-eabi/13.3.1/../../../../arm-none-eabi/lib/thumb/v7e-m+fp/hard\libstdc++_nano.a
LOAD F:/CubeIDE/CUBEIDE/STM32CubeIDE_1.16.1/STM32CubeIDE/plugins/com.st.stm32cube.ide.mcu.externaltools.gnu-tools-for-stm32.13.3.rel1.win32_1.0.0.202411081344/tools/bin/../lib/gcc/arm-none-eabi/13.3.1/../../../../arm-none-eabi/lib/thumb/v7e-m+fp/hard\libsupc++_nano.a
END GROUP
LOAD F:/CubeIDE/CUBEIDE/STM32CubeIDE_1.16.1/STM32CubeIDE/plugins/com.st.stm32cube.ide.mcu.externaltools.gnu-tools-for-stm32.13.3.rel1.win32_1.0.0.202411081344/tools/bin/../lib/gcc/arm-none-eabi/13.3.1/../../../../arm-none-eabi/lib/thumb/v7e-m+fp/hard\libstdc++_nano.a
LOAD F:/CubeIDE/CUBEIDE/STM32CubeIDE_1.16.1/STM32CubeIDE/plugins/com.st.stm32cube.ide.mcu.externaltools.gnu-tools-for-stm32.13.3.rel1.win32_1.0.0.202411081344/tools/bin/../lib/gcc/arm-none-eabi/13.3.1/../../../../arm-none-eabi/lib/thumb/v7e-m+fp/hard\libm.a
LOAD F:/CubeIDE/CUBEIDE/STM32CubeIDE_1.16.1/STM32CubeIDE/plugins/com.st.stm32cube.ide.mcu.externaltools.gnu-tools-for-stm32.13.3.rel1.win32_1.0.0.202411081344/tools/bin/../lib/gcc/arm-none-eabi/13.3.1/../../../../arm-none-eabi/lib/thumb/v7e-m+fp/hard\libc_nano.a
START GROUP
LOAD F:/CubeIDE/CUBEIDE/STM32CubeIDE_1.16.1/STM32CubeIDE/plugins/com.st.stm32cube.ide.mcu.externaltools.gnu-tools-for-stm32.13.3.rel1.win32_1.0.0.202411081344/tools/bin/../lib/gcc/arm-none-eabi/13.3.1/thumb/v7e-m+fp/hard\libgcc.a
LOAD F:/CubeIDE/CUBEIDE/STM32CubeIDE_1.16.1/STM32CubeIDE/plugins/com.st.stm32cube.ide.mcu.externaltools.gnu-tools-for-stm32.13.3.rel1.win32_1.0.0.202411081344/tools/bin/../lib/gcc/arm-none-eabi/13.3.1/../../../../arm-none-eabi/lib/thumb/v7e-m+fp/hard\libc_nano.a
END GROUP
START GROUP
LOAD F:/CubeIDE/CUBEIDE/STM32CubeIDE_1.16.1/STM32CubeIDE/plugins/com.st.stm32cube.ide.mcu.externaltools.gnu-tools-for-stm32.13.3.rel1.win32_1.0.0.202411081344/tools/bin/../lib/gcc/arm-none-eabi/13.3.1/thumb/v7e-m+fp/hard\libgcc.a
LOAD F:/CubeIDE/CUBEIDE/STM32CubeIDE_1.16.1/STM32CubeIDE/plugins/com.st.stm32cube.ide.mcu.externaltools.gnu-tools-for-stm32.13.3.rel1.win32_1.0.0.202411081344/tools/bin/../lib/gcc/arm-none-eabi/13.3.1/../../../../arm-none-eabi/lib/thumb/v7e-m+fp/hard\libc_nano.a
LOAD F:/CubeIDE/CUBEIDE/STM32CubeIDE_1.16.1/STM32CubeIDE/plugins/com.st.stm32cube.ide.mcu.externaltools.gnu-tools-for-stm32.13.3.rel1.win32_1.0.0.202411081344/tools/bin/../lib/gcc/arm-none-eabi/13.3.1/../../../../arm-none-eabi/lib/thumb/v7e-m+fp/hard\libnosys.a
END GROUP
START GROUP
LOAD F:/CubeIDE/CUBEIDE/STM32CubeIDE_1.16.1/STM32CubeIDE/plugins/com.st.stm32cube.ide.mcu.externaltools.gnu-tools-for-stm32.13.3.rel1.win32_1.0.0.202411081344/tools/bin/../lib/gcc/arm-none-eabi/13.3.1/thumb/v7e-m+fp/hard\libgcc.a
LOAD F:/CubeIDE/CUBEIDE/STM32CubeIDE_1.16.1/STM32CubeIDE/plugins/com.st.stm32cube.ide.mcu.externaltools.gnu-tools-for-stm32.13.3.rel1.win32_1.0.0.202411081344/tools/bin/../lib/gcc/arm-none-eabi/13.3.1/../../../../arm-none-eabi/lib/thumb/v7e-m+fp/hard\libc_nano.a
LOAD F:/CubeIDE/CUBEIDE/STM32CubeIDE_1.16.1/STM32CubeIDE/plugins/com.st.stm32cube.ide.mcu.externaltools.gnu-tools-for-stm32.13.3.rel1.win32_1.0.0.202411081344/tools/bin/../lib/gcc/arm-none-eabi/13.3.1/../../../../arm-none-eabi/lib/thumb/v7e-m+fp/hard\libnosys.a
END GROUP
LOAD F:/CubeIDE/CUBEIDE/STM32CubeIDE_1.16.1/STM32CubeIDE/plugins/com.st.stm32cube.ide.mcu.externaltools.gnu-tools-for-stm32.13.3.rel1.win32_1.0.0.202411081344/tools/bin/../lib/gcc/arm-none-eabi/13.3.1/thumb/v7e-m+fp/hard/crtend.o
LOAD F:/CubeIDE/CUBEIDE/STM32CubeIDE_1.16.1/STM32CubeIDE/plugins/com.st.stm32cube.ide.mcu.externaltools.gnu-tools-for-stm32.13.3.rel1.win32_1.0.0.202411081344/tools/bin/../lib/gcc/arm-none-eabi/13.3.1/thumb/v7e-m+fp/hard/crtn.o
                0x20020000                        _estack = (ORIGIN (RAM) + LENGTH (RAM))
                0x00000200                        _Min_Heap_Size = 0x200
                0x00000400                        _Min_Stack_Size = 0x400

.isr_vector     0x08000000      0x1d8
                0x08000000                        . = ALIGN (0x4)
 *(.isr_vector)
 .isr_vector    0x08000000      0x1d8 ./Core/Startup/startup_stm32g474retx.o
                0x08000000                g_pfnVectors
                0x080001d8                        . = ALIGN (0x4)

.text           0x080001e0     0xeba4
                0x080001e0                        . = ALIGN (0x4)
 *(.text)
 .text          0x080001e0       0x40 F:/CubeIDE/CUBEIDE/STM32CubeIDE_1.16.1/STM32CubeIDE/plugins/com.st.stm32cube.ide.mcu.externaltools.gnu-tools-for-stm32.13.3.rel1.win32_1.0.0.202411081344/tools/bin/../lib/gcc/arm-none-eabi/13.3.1/thumb/v7e-m+fp/hard/crtbegin.o
 .text          0x08000220       0xa0 F:/CubeIDE/CUBEIDE/STM32CubeIDE_1.16.1/STM32CubeIDE/plugins/com.st.stm32cube.ide.mcu.externaltools.gnu-tools-for-stm32.13.3.rel1.win32_1.0.0.202411081344/tools/bin/../lib/gcc/arm-none-eabi/13.3.1/../../../../arm-none-eabi/lib/thumb/v7e-m+fp/hard\libc_nano.a(libc_a-memchr.o)
                0x08000220                memchr
 .text          0x080002c0       0x10 F:/CubeIDE/CUBEIDE/STM32CubeIDE_1.16.1/STM32CubeIDE/plugins/com.st.stm32cube.ide.mcu.externaltools.gnu-tools-for-stm32.13.3.rel1.win32_1.0.0.202411081344/tools/bin/../lib/gcc/arm-none-eabi/13.3.1/../../../../arm-none-eabi/lib/thumb/v7e-m+fp/hard\libc_nano.a(libc_a-strlen.o)
                0x080002c0                strlen
 .text          0x080002d0      0x378 F:/CubeIDE/CUBEIDE/STM32CubeIDE_1.16.1/STM32CubeIDE/plugins/com.st.stm32cube.ide.mcu.externaltools.gnu-tools-for-stm32.13.3.rel1.win32_1.0.0.202411081344/tools/bin/../lib/gcc/arm-none-eabi/13.3.1/thumb/v7e-m+fp/hard\libgcc.a(_arm_addsubdf3.o)
                0x080002d0                __aeabi_drsub
                0x080002d8                __aeabi_dsub
                0x080002d8                __subdf3
                0x080002dc                __aeabi_dadd
                0x080002dc                __adddf3
                0x08000554                __floatunsidf
                0x08000554                __aeabi_ui2d
                0x08000574                __floatsidf
                0x08000574                __aeabi_i2d
                0x08000598                __aeabi_f2d
                0x08000598                __extendsfdf2
                0x080005dc                __floatundidf
                0x080005dc                __aeabi_ul2d
                0x080005ec                __floatdidf
                0x080005ec                __aeabi_l2d
 .text          0x08000648      0x424 F:/CubeIDE/CUBEIDE/STM32CubeIDE_1.16.1/STM32CubeIDE/plugins/com.st.stm32cube.ide.mcu.externaltools.gnu-tools-for-stm32.13.3.rel1.win32_1.0.0.202411081344/tools/bin/../lib/gcc/arm-none-eabi/13.3.1/thumb/v7e-m+fp/hard\libgcc.a(_arm_muldivdf3.o)
                0x08000648                __aeabi_dmul
                0x08000648                __muldf3
                0x0800089c                __divdf3
                0x0800089c                __aeabi_ddiv
 .text          0x08000a6c      0x110 F:/CubeIDE/CUBEIDE/STM32CubeIDE_1.16.1/STM32CubeIDE/plugins/com.st.stm32cube.ide.mcu.externaltools.gnu-tools-for-stm32.13.3.rel1.win32_1.0.0.202411081344/tools/bin/../lib/gcc/arm-none-eabi/13.3.1/thumb/v7e-m+fp/hard\libgcc.a(_arm_cmpdf2.o)
                0x08000a6c                __gtdf2
                0x08000a6c                __gedf2
                0x08000a74                __ltdf2
                0x08000a74                __ledf2
                0x08000a7c                __nedf2
                0x08000a7c                __eqdf2
                0x08000a7c                __cmpdf2
                0x08000af8                __aeabi_cdrcmple
                0x08000b08                __aeabi_cdcmpeq
                0x08000b08                __aeabi_cdcmple
                0x08000b18                __aeabi_dcmpeq
                0x08000b2c                __aeabi_dcmplt
                0x08000b40                __aeabi_dcmple
                0x08000b54                __aeabi_dcmpge
                0x08000b68                __aeabi_dcmpgt
 .text          0x08000b7c       0x2c F:/CubeIDE/CUBEIDE/STM32CubeIDE_1.16.1/STM32CubeIDE/plugins/com.st.stm32cube.ide.mcu.externaltools.gnu-tools-for-stm32.13.3.rel1.win32_1.0.0.202411081344/tools/bin/../lib/gcc/arm-none-eabi/13.3.1/thumb/v7e-m+fp/hard\libgcc.a(_arm_unorddf2.o)
                0x08000b7c                __unorddf2
                0x08000b7c                __aeabi_dcmpun
 .text          0x08000ba8       0x50 F:/CubeIDE/CUBEIDE/STM32CubeIDE_1.16.1/STM32CubeIDE/plugins/com.st.stm32cube.ide.mcu.externaltools.gnu-tools-for-stm32.13.3.rel1.win32_1.0.0.202411081344/tools/bin/../lib/gcc/arm-none-eabi/13.3.1/thumb/v7e-m+fp/hard\libgcc.a(_arm_fixdfsi.o)
                0x08000ba8                __aeabi_d2iz
                0x08000ba8                __fixdfsi
 .text          0x08000bf8       0x40 F:/CubeIDE/CUBEIDE/STM32CubeIDE_1.16.1/STM32CubeIDE/plugins/com.st.stm32cube.ide.mcu.externaltools.gnu-tools-for-stm32.13.3.rel1.win32_1.0.0.202411081344/tools/bin/../lib/gcc/arm-none-eabi/13.3.1/thumb/v7e-m+fp/hard\libgcc.a(_arm_fixunsdfsi.o)
                0x08000bf8                __aeabi_d2uiz
                0x08000bf8                __fixunsdfsi
 .text          0x08000c38       0xa0 F:/CubeIDE/CUBEIDE/STM32CubeIDE_1.16.1/STM32CubeIDE/plugins/com.st.stm32cube.ide.mcu.externaltools.gnu-tools-for-stm32.13.3.rel1.win32_1.0.0.202411081344/tools/bin/../lib/gcc/arm-none-eabi/13.3.1/thumb/v7e-m+fp/hard\libgcc.a(_arm_truncdfsf2.o)
                0x08000c38                __truncdfsf2
                0x08000c38                __aeabi_d2f
 .text          0x08000cd8       0x30 F:/CubeIDE/CUBEIDE/STM32CubeIDE_1.16.1/STM32CubeIDE/plugins/com.st.stm32cube.ide.mcu.externaltools.gnu-tools-for-stm32.13.3.rel1.win32_1.0.0.202411081344/tools/bin/../lib/gcc/arm-none-eabi/13.3.1/thumb/v7e-m+fp/hard\libgcc.a(_aeabi_uldivmod.o)
                0x08000cd8                __aeabi_uldivmod
 .text          0x08000d08       0x30 F:/CubeIDE/CUBEIDE/STM32CubeIDE_1.16.1/STM32CubeIDE/plugins/com.st.stm32cube.ide.mcu.externaltools.gnu-tools-for-stm32.13.3.rel1.win32_1.0.0.202411081344/tools/bin/../lib/gcc/arm-none-eabi/13.3.1/thumb/v7e-m+fp/hard\libgcc.a(_fixdfdi.o)
                0x08000d08                __fixdfdi
                0x08000d08                __aeabi_d2lz
 .text          0x08000d38       0x3c F:/CubeIDE/CUBEIDE/STM32CubeIDE_1.16.1/STM32CubeIDE/plugins/com.st.stm32cube.ide.mcu.externaltools.gnu-tools-for-stm32.13.3.rel1.win32_1.0.0.202411081344/tools/bin/../lib/gcc/arm-none-eabi/13.3.1/thumb/v7e-m+fp/hard\libgcc.a(_fixunsdfdi.o)
                0x08000d38                __fixunsdfdi
                0x08000d38                __aeabi_d2ulz
 .text          0x08000d74      0x2f8 F:/CubeIDE/CUBEIDE/STM32CubeIDE_1.16.1/STM32CubeIDE/plugins/com.st.stm32cube.ide.mcu.externaltools.gnu-tools-for-stm32.13.3.rel1.win32_1.0.0.202411081344/tools/bin/../lib/gcc/arm-none-eabi/13.3.1/thumb/v7e-m+fp/hard\libgcc.a(_udivmoddi4.o)
                0x08000d74                __udivmoddi4
 .text          0x0800106c        0x4 F:/CubeIDE/CUBEIDE/STM32CubeIDE_1.16.1/STM32CubeIDE/plugins/com.st.stm32cube.ide.mcu.externaltools.gnu-tools-for-stm32.13.3.rel1.win32_1.0.0.202411081344/tools/bin/../lib/gcc/arm-none-eabi/13.3.1/thumb/v7e-m+fp/hard\libgcc.a(_dvmd_tls.o)
                0x0800106c                __aeabi_idiv0
                0x0800106c                __aeabi_ldiv0
 *(.text*)
 .text.MX_ADC1_Init
                0x08001070      0x164 ./Core/Src/adc.o
                0x08001070                MX_ADC1_Init
 .text.MX_ADC2_Init
                0x080011d4      0x150 ./Core/Src/adc.o
                0x080011d4                MX_ADC2_Init
 .text.MX_ADC3_Init
                0x08001324       0xcc ./Core/Src/adc.o
                0x08001324                MX_ADC3_Init
 .text.HAL_ADC_MspInit
                0x080013f0      0x228 ./Core/Src/adc.o
                0x080013f0                HAL_ADC_MspInit
 .text.MX_DAC1_Init
                0x08001618       0x74 ./Core/Src/dac.o
                0x08001618                MX_DAC1_Init
 .text.HAL_DAC_MspInit
                0x0800168c       0xf8 ./Core/Src/dac.o
                0x0800168c                HAL_DAC_MspInit
 .text.MX_DMA_Init
                0x08001784       0xd8 ./Core/Src/dma.o
                0x08001784                MX_DMA_Init
 .text.MX_GPIO_Init
                0x0800185c      0x114 ./Core/Src/gpio.o
                0x0800185c                MX_GPIO_Init
 .text.HAL_HRTIM_MspInit
                0x08001970       0x40 ./Core/Src/hrtim.o
                0x08001970                HAL_HRTIM_MspInit
 .text.HAL_HRTIM_MspPostInit
                0x080019b0       0x84 ./Core/Src/hrtim.o
                0x080019b0                HAL_HRTIM_MspPostInit
 *fill*         0x08001a34        0x4 
 .text.MX_HRTIM1_Init
                0x08001a38      0x3dc ./Core/Src/hrtim.o
                0x08001a38                MX_HRTIM1_Init
 .text._ZN15Hardware_MK103116updateSensorDataEPKhj
                0x08001e14       0x74 ./Core/Src/main.o
                0x08001e14                Hardware_MK1031::updateSensorData(unsigned char const*, unsigned int)
 .text._ZN24Hardware_STM32_HRTIM_PWM5beginEP19HRTIM_HandleTypeDef27hw_port_hrtim_pwm_channel_t32hw_port_hrtim_pwm_compare_unit_t.constprop.0
                0x08001e88       0xac ./Core/Src/main.o
 .text._ZN10stm32_test11pll_it_testEv
                0x08001f34      0x390 ./Core/Src/main.o
                0x08001f34                stm32_test::pll_it_test()
 .text._ZN10stm32_test28nuedc_2015_tim1Callback_testEv
                0x080022c4      0xdb0 ./Core/Src/main.o
                0x080022c4                stm32_test::nuedc_2015_tim1Callback_test()
 .text._Z18SystemClock_Configv
                0x08003074       0x70 ./Core/Src/main.o
                0x08003074                SystemClock_Config()
 .text.Error_Handler
                0x080030e4        0x4 ./Core/Src/main.o
                0x080030e4                Error_Handler
 .text._ZN16Algorithim_DC_ACI24Hardware_STM32_HRTIM_PWM23Hardware_MK1031_WrapperE17generateSPWMTableEv
                0x080030e8      0x164 ./Core/Src/main.o
                0x080030e8                Algorithim_DC_AC<Hardware_STM32_HRTIM_PWM, Hardware_MK1031_Wrapper>::generateSPWMTable()
 .text._ZN10stm32_test19dc_ac_openLoop_testEv
                0x0800324c       0xb8 ./Core/Src/main.o
                0x0800324c                stm32_test::dc_ac_openLoop_test()
 .text.startup.main
                0x08003304       0x54 ./Core/Src/main.o
                0x08003304                main
 .text.startup._GLOBAL__sub_I__ZN15stm32_hrtim_pwm15getTimerAOutputEv
                0x08003358      0x15c ./Core/Src/main.o
 .text.exit._GLOBAL__sub_D__ZN15stm32_hrtim_pwm15getTimerAOutputEv
                0x080034b4       0x50 ./Core/Src/main.o
 .text.HAL_MspInit
                0x08003504       0x34 ./Core/Src/stm32g4xx_hal_msp.o
                0x08003504                HAL_MspInit
 .text.NMI_Handler
                0x08003538        0x4 ./Core/Src/stm32g4xx_it.o
                0x08003538                NMI_Handler
 .text.HardFault_Handler
                0x0800353c        0x4 ./Core/Src/stm32g4xx_it.o
                0x0800353c                HardFault_Handler
 .text.MemManage_Handler
                0x08003540        0x4 ./Core/Src/stm32g4xx_it.o
                0x08003540                MemManage_Handler
 .text.BusFault_Handler
                0x08003544        0x4 ./Core/Src/stm32g4xx_it.o
                0x08003544                BusFault_Handler
 .text.UsageFault_Handler
                0x08003548        0x4 ./Core/Src/stm32g4xx_it.o
                0x08003548                UsageFault_Handler
 .text.SVC_Handler
                0x0800354c        0x4 ./Core/Src/stm32g4xx_it.o
                0x0800354c                SVC_Handler
 .text.DebugMon_Handler
                0x08003550        0x4 ./Core/Src/stm32g4xx_it.o
                0x08003550                DebugMon_Handler
 .text.PendSV_Handler
                0x08003554        0x4 ./Core/Src/stm32g4xx_it.o
                0x08003554                PendSV_Handler
 .text.SysTick_Handler
                0x08003558        0x4 ./Core/Src/stm32g4xx_it.o
                0x08003558                SysTick_Handler
 .text.DMA1_Channel1_IRQHandler
                0x0800355c        0xc ./Core/Src/stm32g4xx_it.o
                0x0800355c                DMA1_Channel1_IRQHandler
 .text.DMA1_Channel2_IRQHandler
                0x08003568        0xc ./Core/Src/stm32g4xx_it.o
                0x08003568                DMA1_Channel2_IRQHandler
 .text.DMA1_Channel3_IRQHandler
                0x08003574       0x20 ./Core/Src/stm32g4xx_it.o
                0x08003574                DMA1_Channel3_IRQHandler
 .text.DMA1_Channel4_IRQHandler
                0x08003594        0xc ./Core/Src/stm32g4xx_it.o
                0x08003594                DMA1_Channel4_IRQHandler
 .text.DMA1_Channel5_IRQHandler
                0x080035a0        0xc ./Core/Src/stm32g4xx_it.o
                0x080035a0                DMA1_Channel5_IRQHandler
 .text.DMA1_Channel6_IRQHandler
                0x080035ac        0xc ./Core/Src/stm32g4xx_it.o
                0x080035ac                DMA1_Channel6_IRQHandler
 .text.DMA1_Channel7_IRQHandler
                0x080035b8        0xc ./Core/Src/stm32g4xx_it.o
                0x080035b8                DMA1_Channel7_IRQHandler
 .text.ADC1_2_IRQHandler
                0x080035c4       0x1c ./Core/Src/stm32g4xx_it.o
                0x080035c4                ADC1_2_IRQHandler
 .text.TIM1_UP_TIM16_IRQHandler
                0x080035e0        0xc ./Core/Src/stm32g4xx_it.o
                0x080035e0                TIM1_UP_TIM16_IRQHandler
 .text.USART1_IRQHandler
                0x080035ec        0xc ./Core/Src/stm32g4xx_it.o
                0x080035ec                USART1_IRQHandler
 .text.USART2_IRQHandler
                0x080035f8        0xc ./Core/Src/stm32g4xx_it.o
                0x080035f8                USART2_IRQHandler
 .text.USART3_IRQHandler
                0x08003604        0xc ./Core/Src/stm32g4xx_it.o
                0x08003604                USART3_IRQHandler
 .text.TIM8_UP_IRQHandler
                0x08003610        0xc ./Core/Src/stm32g4xx_it.o
                0x08003610                TIM8_UP_IRQHandler
 .text.ADC3_IRQHandler
                0x0800361c        0xc ./Core/Src/stm32g4xx_it.o
                0x0800361c                ADC3_IRQHandler
 .text.TIM6_DAC_IRQHandler
                0x08003628       0x1c ./Core/Src/stm32g4xx_it.o
                0x08003628                TIM6_DAC_IRQHandler
 .text.TIM7_DAC_IRQHandler
                0x08003644        0xc ./Core/Src/stm32g4xx_it.o
                0x08003644                TIM7_DAC_IRQHandler
 .text.DMA2_Channel1_IRQHandler
                0x08003650        0xc ./Core/Src/stm32g4xx_it.o
                0x08003650                DMA2_Channel1_IRQHandler
 .text.HRTIM1_TIMC_IRQHandler
                0x0800365c        0xc ./Core/Src/stm32g4xx_it.o
                0x0800365c                HRTIM1_TIMC_IRQHandler
 .text.DMA1_Channel8_IRQHandler
                0x08003668        0xc ./Core/Src/stm32g4xx_it.o
                0x08003668                DMA1_Channel8_IRQHandler
 .text._getpid  0x08003674        0x4 ./Core/Src/syscalls.o
                0x08003674                _getpid
 .text._kill    0x08003678       0x10 ./Core/Src/syscalls.o
                0x08003678                _kill
 .text._exit    0x08003688        0xc ./Core/Src/syscalls.o
                0x08003688                _exit
 .text._read    0x08003694       0x1c ./Core/Src/syscalls.o
                0x08003694                _read
 .text._write   0x080036b0       0x1c ./Core/Src/syscalls.o
                0x080036b0                _write
 .text._close   0x080036cc        0x8 ./Core/Src/syscalls.o
                0x080036cc                _close
 .text._fstat   0x080036d4        0xc ./Core/Src/syscalls.o
                0x080036d4                _fstat
 .text._isatty  0x080036e0        0x4 ./Core/Src/syscalls.o
                0x080036e0                _isatty
 .text._lseek   0x080036e4        0x4 ./Core/Src/syscalls.o
                0x080036e4                _lseek
 .text._sbrk    0x080036e8       0x44 ./Core/Src/sysmem.o
                0x080036e8                _sbrk
 .text.SystemInit
                0x0800372c       0x14 ./Core/Src/system_stm32g4xx.o
                0x0800372c                SystemInit
 .text.MX_TIM1_Init
                0x08003740       0x88 ./Core/Src/tim.o
                0x08003740                MX_TIM1_Init
 .text.MX_TIM6_Init
                0x080037c8       0x58 ./Core/Src/tim.o
                0x080037c8                MX_TIM6_Init
 .text.MX_TIM7_Init
                0x08003820       0x58 ./Core/Src/tim.o
                0x08003820                MX_TIM7_Init
 .text.MX_TIM8_Init
                0x08003878       0x88 ./Core/Src/tim.o
                0x08003878                MX_TIM8_Init
 .text.HAL_TIM_Base_MspInit
                0x08003900       0xe0 ./Core/Src/tim.o
                0x08003900                HAL_TIM_Base_MspInit
 .text.MX_USART1_UART_Init
                0x080039e0       0x88 ./Core/Src/usart.o
                0x080039e0                MX_USART1_UART_Init
 .text.MX_USART2_UART_Init
                0x08003a68       0x88 ./Core/Src/usart.o
                0x08003a68                MX_USART2_UART_Init
 .text.MX_USART3_UART_Init
                0x08003af0       0x88 ./Core/Src/usart.o
                0x08003af0                MX_USART3_UART_Init
 .text.HAL_UART_MspInit
                0x08003b78      0x29c ./Core/Src/usart.o
                0x08003b78                HAL_UART_MspInit
 .text.__io_putchar
                0x08003e14       0x20 ./Core/Src/usart.o
                0x08003e14                __io_putchar
 .text.Reset_Handler
                0x08003e34       0x50 ./Core/Startup/startup_stm32g474retx.o
                0x08003e34                Reset_Handler
 .text.Default_Handler
                0x08003e84        0x2 ./Core/Startup/startup_stm32g474retx.o
                0x08003e84                RTC_Alarm_IRQHandler
                0x08003e84                EXTI2_IRQHandler
                0x08003e84                TIM8_TRG_COM_IRQHandler
                0x08003e84                TIM8_CC_IRQHandler
                0x08003e84                HRTIM1_Master_IRQHandler
                0x08003e84                SPI4_IRQHandler
                0x08003e84                FDCAN3_IT0_IRQHandler
                0x08003e84                TIM1_CC_IRQHandler
                0x08003e84                HRTIM1_FLT_IRQHandler
                0x08003e84                HRTIM1_TIMF_IRQHandler
                0x08003e84                USB_HP_IRQHandler
                0x08003e84                CORDIC_IRQHandler
                0x08003e84                HRTIM1_TIMD_IRQHandler
                0x08003e84                DMA2_Channel8_IRQHandler
                0x08003e84                EXTI3_IRQHandler
                0x08003e84                I2C3_ER_IRQHandler
                0x08003e84                EXTI0_IRQHandler
                0x08003e84                I2C2_EV_IRQHandler
                0x08003e84                FPU_IRQHandler
                0x08003e84                FDCAN1_IT1_IRQHandler
                0x08003e84                HRTIM1_TIME_IRQHandler
                0x08003e84                SPI1_IRQHandler
                0x08003e84                DMA2_Channel2_IRQHandler
                0x08003e84                TIM20_TRG_COM_IRQHandler
                0x08003e84                UART5_IRQHandler
                0x08003e84                TIM4_IRQHandler
                0x08003e84                QUADSPI_IRQHandler
                0x08003e84                I2C1_EV_IRQHandler
                0x08003e84                UART4_IRQHandler
                0x08003e84                DMA2_Channel4_IRQHandler
                0x08003e84                TIM3_IRQHandler
                0x08003e84                RCC_IRQHandler
                0x08003e84                TIM20_UP_IRQHandler
                0x08003e84                Default_Handler
                0x08003e84                DMA2_Channel7_IRQHandler
                0x08003e84                RTC_TAMP_LSECSS_IRQHandler
                0x08003e84                FMAC_IRQHandler
                0x08003e84                EXTI15_10_IRQHandler
                0x08003e84                HRTIM1_TIMA_IRQHandler
                0x08003e84                FDCAN3_IT1_IRQHandler
                0x08003e84                TIM5_IRQHandler
                0x08003e84                UCPD1_IRQHandler
                0x08003e84                I2C3_EV_IRQHandler
                0x08003e84                EXTI9_5_IRQHandler
                0x08003e84                RTC_WKUP_IRQHandler
                0x08003e84                PVD_PVM_IRQHandler
                0x08003e84                SPI2_IRQHandler
                0x08003e84                ADC5_IRQHandler
                0x08003e84                DMA2_Channel5_IRQHandler
                0x08003e84                CRS_IRQHandler
                0x08003e84                USB_LP_IRQHandler
                0x08003e84                EXTI4_IRQHandler
                0x08003e84                RNG_IRQHandler
                0x08003e84                HRTIM1_TIMB_IRQHandler
                0x08003e84                TIM1_TRG_COM_TIM17_IRQHandler
                0x08003e84                FDCAN2_IT1_IRQHandler
                0x08003e84                ADC4_IRQHandler
                0x08003e84                WWDG_IRQHandler
                0x08003e84                I2C4_EV_IRQHandler
                0x08003e84                FDCAN2_IT0_IRQHandler
                0x08003e84                LPUART1_IRQHandler
                0x08003e84                DMA2_Channel6_IRQHandler
                0x08003e84                FDCAN1_IT0_IRQHandler
                0x08003e84                TIM2_IRQHandler
                0x08003e84                COMP7_IRQHandler
                0x08003e84                COMP1_2_3_IRQHandler
                0x08003e84                EXTI1_IRQHandler
                0x08003e84                COMP4_5_6_IRQHandler
                0x08003e84                TIM20_BRK_IRQHandler
                0x08003e84                I2C2_ER_IRQHandler
                0x08003e84                TIM8_BRK_IRQHandler
                0x08003e84                FLASH_IRQHandler
                0x08003e84                TIM20_CC_IRQHandler
                0x08003e84                SPI3_IRQHandler
                0x08003e84                I2C1_ER_IRQHandler
                0x08003e84                FMC_IRQHandler
                0x08003e84                LPTIM1_IRQHandler
                0x08003e84                DMAMUX_OVR_IRQHandler
                0x08003e84                I2C4_ER_IRQHandler
                0x08003e84                USBWakeUp_IRQHandler
                0x08003e84                SAI1_IRQHandler
                0x08003e84                DMA2_Channel3_IRQHandler
                0x08003e84                TIM1_BRK_TIM15_IRQHandler
 *fill*         0x08003e86        0x2 
 .text.HAL_InitTick
                0x08003e88       0x4c ./Drivers/STM32G4xx_HAL_Driver/Src/stm32g4xx_hal.o
                0x08003e88                HAL_InitTick
 .text.HAL_Init
                0x08003ed4       0x20 ./Drivers/STM32G4xx_HAL_Driver/Src/stm32g4xx_hal.o
                0x08003ed4                HAL_Init
 .text.HAL_IncTick
                0x08003ef4       0x18 ./Drivers/STM32G4xx_HAL_Driver/Src/stm32g4xx_hal.o
                0x08003ef4                HAL_IncTick
 .text.HAL_GetTick
                0x08003f0c        0xc ./Drivers/STM32G4xx_HAL_Driver/Src/stm32g4xx_hal.o
                0x08003f0c                HAL_GetTick
 .text.HAL_ADC_Init
                0x08003f18      0x214 ./Drivers/STM32G4xx_HAL_Driver/Src/stm32g4xx_hal_adc.o
                0x08003f18                HAL_ADC_Init
 .text.HAL_ADC_LevelOutOfWindowCallback
                0x0800412c        0x4 ./Drivers/STM32G4xx_HAL_Driver/Src/stm32g4xx_hal_adc.o
                0x0800412c                HAL_ADC_LevelOutOfWindowCallback
 .text.HAL_ADC_ErrorCallback
                0x08004130        0x4 ./Drivers/STM32G4xx_HAL_Driver/Src/stm32g4xx_hal_adc.o
                0x08004130                HAL_ADC_ErrorCallback
 .text.HAL_ADC_IRQHandler
                0x08004134      0x2ac ./Drivers/STM32G4xx_HAL_Driver/Src/stm32g4xx_hal_adc.o
                0x08004134                HAL_ADC_IRQHandler
 .text.HAL_ADC_ConfigChannel
                0x080043e0      0x55c ./Drivers/STM32G4xx_HAL_Driver/Src/stm32g4xx_hal_adc.o
                0x080043e0                HAL_ADC_ConfigChannel
 .text.HAL_ADCEx_InjectedQueueOverflowCallback
                0x0800493c        0x4 ./Drivers/STM32G4xx_HAL_Driver/Src/stm32g4xx_hal_adc_ex.o
                0x0800493c                HAL_ADCEx_InjectedQueueOverflowCallback
 .text.HAL_ADCEx_LevelOutOfWindow2Callback
                0x08004940        0x4 ./Drivers/STM32G4xx_HAL_Driver/Src/stm32g4xx_hal_adc_ex.o
                0x08004940                HAL_ADCEx_LevelOutOfWindow2Callback
 .text.HAL_ADCEx_LevelOutOfWindow3Callback
                0x08004944        0x4 ./Drivers/STM32G4xx_HAL_Driver/Src/stm32g4xx_hal_adc_ex.o
                0x08004944                HAL_ADCEx_LevelOutOfWindow3Callback
 .text.HAL_ADCEx_EndOfSamplingCallback
                0x08004948        0x4 ./Drivers/STM32G4xx_HAL_Driver/Src/stm32g4xx_hal_adc_ex.o
                0x08004948                HAL_ADCEx_EndOfSamplingCallback
 .text.HAL_ADCEx_InjectedConfigChannel
                0x0800494c      0x67c ./Drivers/STM32G4xx_HAL_Driver/Src/stm32g4xx_hal_adc_ex.o
                0x0800494c                HAL_ADCEx_InjectedConfigChannel
 .text.HAL_ADCEx_MultiModeConfigChannel
                0x08004fc8      0x154 ./Drivers/STM32G4xx_HAL_Driver/Src/stm32g4xx_hal_adc_ex.o
                0x08004fc8                HAL_ADCEx_MultiModeConfigChannel
 .text.HAL_NVIC_SetPriorityGrouping
                0x0800511c       0x24 ./Drivers/STM32G4xx_HAL_Driver/Src/stm32g4xx_hal_cortex.o
                0x0800511c                HAL_NVIC_SetPriorityGrouping
 .text.HAL_NVIC_SetPriority
                0x08005140       0x78 ./Drivers/STM32G4xx_HAL_Driver/Src/stm32g4xx_hal_cortex.o
                0x08005140                HAL_NVIC_SetPriority
 .text.HAL_NVIC_EnableIRQ
                0x080051b8       0x1c ./Drivers/STM32G4xx_HAL_Driver/Src/stm32g4xx_hal_cortex.o
                0x080051b8                HAL_NVIC_EnableIRQ
 .text.HAL_SYSTICK_Config
                0x080051d4       0x34 ./Drivers/STM32G4xx_HAL_Driver/Src/stm32g4xx_hal_cortex.o
                0x080051d4                HAL_SYSTICK_Config
 .text.HAL_DAC_Init
                0x08005208       0x2c ./Drivers/STM32G4xx_HAL_Driver/Src/stm32g4xx_hal_dac.o
                0x08005208                HAL_DAC_Init
 .text.HAL_DAC_DMAUnderrunCallbackCh1
                0x08005234        0x4 ./Drivers/STM32G4xx_HAL_Driver/Src/stm32g4xx_hal_dac.o
                0x08005234                HAL_DAC_DMAUnderrunCallbackCh1
 .text.HAL_DAC_IRQHandler
                0x08005238       0x64 ./Drivers/STM32G4xx_HAL_Driver/Src/stm32g4xx_hal_dac.o
                0x08005238                HAL_DAC_IRQHandler
 .text.HAL_DAC_GetValue
                0x0800529c        0xc ./Drivers/STM32G4xx_HAL_Driver/Src/stm32g4xx_hal_dac.o
                0x0800529c                HAL_DAC_GetValue
 .text.HAL_DAC_ConfigChannel
                0x080052a8      0x1d8 ./Drivers/STM32G4xx_HAL_Driver/Src/stm32g4xx_hal_dac.o
                0x080052a8                HAL_DAC_ConfigChannel
 .text.HAL_DACEx_DMAUnderrunCallbackCh2
                0x08005480        0x4 ./Drivers/STM32G4xx_HAL_Driver/Src/stm32g4xx_hal_dac_ex.o
                0x08005480                HAL_DACEx_DMAUnderrunCallbackCh2
 .text.HAL_DMA_Init
                0x08005484      0x124 ./Drivers/STM32G4xx_HAL_Driver/Src/stm32g4xx_hal_dma.o
                0x08005484                HAL_DMA_Init
 .text.HAL_DMA_Start_IT
                0x080055a8       0xb0 ./Drivers/STM32G4xx_HAL_Driver/Src/stm32g4xx_hal_dma.o
                0x080055a8                HAL_DMA_Start_IT
 .text.HAL_DMA_Abort
                0x08005658       0x74 ./Drivers/STM32G4xx_HAL_Driver/Src/stm32g4xx_hal_dma.o
                0x08005658                HAL_DMA_Abort
 .text.HAL_DMA_Abort_IT
                0x080056cc       0x78 ./Drivers/STM32G4xx_HAL_Driver/Src/stm32g4xx_hal_dma.o
                0x080056cc                HAL_DMA_Abort_IT
 .text.HAL_DMA_IRQHandler
                0x08005744       0x9c ./Drivers/STM32G4xx_HAL_Driver/Src/stm32g4xx_hal_dma.o
                0x08005744                HAL_DMA_IRQHandler
 .text.HAL_GPIO_Init
                0x080057e0      0x37c ./Drivers/STM32G4xx_HAL_Driver/Src/stm32g4xx_hal_gpio.o
                0x080057e0                HAL_GPIO_Init
 .text.HAL_GPIO_WritePin
                0x08005b5c        0xc ./Drivers/STM32G4xx_HAL_Driver/Src/stm32g4xx_hal_gpio.o
                0x08005b5c                HAL_GPIO_WritePin
 .text.HAL_HRTIM_Init
                0x08005b68       0xf4 ./Drivers/STM32G4xx_HAL_Driver/Src/stm32g4xx_hal_hrtim.o
                0x08005b68                HAL_HRTIM_Init
 .text.HAL_HRTIM_DLLCalibrationStart
                0x08005c5c       0x70 ./Drivers/STM32G4xx_HAL_Driver/Src/stm32g4xx_hal_hrtim.o
                0x08005c5c                HAL_HRTIM_DLLCalibrationStart
 .text.HAL_HRTIM_PollForDLLCalibration
                0x08005ccc       0x4c ./Drivers/STM32G4xx_HAL_Driver/Src/stm32g4xx_hal_hrtim.o
                0x08005ccc                HAL_HRTIM_PollForDLLCalibration
 .text.HAL_HRTIM_TimeBaseConfig
                0x08005d18       0x6c ./Drivers/STM32G4xx_HAL_Driver/Src/stm32g4xx_hal_hrtim.o
                0x08005d18                HAL_HRTIM_TimeBaseConfig
 .text.HAL_HRTIM_ADCTriggerConfig
                0x08005d84      0x250 ./Drivers/STM32G4xx_HAL_Driver/Src/stm32g4xx_hal_hrtim.o
                0x08005d84                HAL_HRTIM_ADCTriggerConfig
 .text.HAL_HRTIM_ADCPostScalerConfig
                0x08005fd4      0x138 ./Drivers/STM32G4xx_HAL_Driver/Src/stm32g4xx_hal_hrtim.o
                0x08005fd4                HAL_HRTIM_ADCPostScalerConfig
 .text.HAL_HRTIM_RollOverModeConfig
                0x0800610c       0x54 ./Drivers/STM32G4xx_HAL_Driver/Src/stm32g4xx_hal_hrtim.o
                0x0800610c                HAL_HRTIM_RollOverModeConfig
 .text.HAL_HRTIM_WaveformTimerConfig
                0x08006160      0x2f0 ./Drivers/STM32G4xx_HAL_Driver/Src/stm32g4xx_hal_hrtim.o
                0x08006160                HAL_HRTIM_WaveformTimerConfig
 .text.HAL_HRTIM_WaveformTimerControl
                0x08006450       0xf4 ./Drivers/STM32G4xx_HAL_Driver/Src/stm32g4xx_hal_hrtim.o
                0x08006450                HAL_HRTIM_WaveformTimerControl
 .text.HAL_HRTIM_DeadTimeConfig
                0x08006544       0x9c ./Drivers/STM32G4xx_HAL_Driver/Src/stm32g4xx_hal_hrtim.o
                0x08006544                HAL_HRTIM_DeadTimeConfig
 .text.HAL_HRTIM_WaveformCompareConfig
                0x080065e0      0x180 ./Drivers/STM32G4xx_HAL_Driver/Src/stm32g4xx_hal_hrtim.o
                0x080065e0                HAL_HRTIM_WaveformCompareConfig
 .text.HAL_HRTIM_WaveformOutputConfig
                0x08006760       0xf0 ./Drivers/STM32G4xx_HAL_Driver/Src/stm32g4xx_hal_hrtim.o
                0x08006760                HAL_HRTIM_WaveformOutputConfig
 .text.HAL_HRTIM_WaveformOutputStart
                0x08006850       0x34 ./Drivers/STM32G4xx_HAL_Driver/Src/stm32g4xx_hal_hrtim.o
                0x08006850                HAL_HRTIM_WaveformOutputStart
 .text.HAL_HRTIM_WaveformCountStart_IT
                0x08006884       0xb0 ./Drivers/STM32G4xx_HAL_Driver/Src/stm32g4xx_hal_hrtim.o
                0x08006884                HAL_HRTIM_WaveformCountStart_IT
 .text.HAL_HRTIM_Fault1Callback
                0x08006934        0x4 ./Drivers/STM32G4xx_HAL_Driver/Src/stm32g4xx_hal_hrtim.o
                0x08006934                HAL_HRTIM_Fault1Callback
 .text.HAL_HRTIM_Fault2Callback
                0x08006938        0x4 ./Drivers/STM32G4xx_HAL_Driver/Src/stm32g4xx_hal_hrtim.o
                0x08006938                HAL_HRTIM_Fault2Callback
 .text.HAL_HRTIM_Fault3Callback
                0x0800693c        0x4 ./Drivers/STM32G4xx_HAL_Driver/Src/stm32g4xx_hal_hrtim.o
                0x0800693c                HAL_HRTIM_Fault3Callback
 .text.HAL_HRTIM_Fault4Callback
                0x08006940        0x4 ./Drivers/STM32G4xx_HAL_Driver/Src/stm32g4xx_hal_hrtim.o
                0x08006940                HAL_HRTIM_Fault4Callback
 .text.HAL_HRTIM_Fault5Callback
                0x08006944        0x4 ./Drivers/STM32G4xx_HAL_Driver/Src/stm32g4xx_hal_hrtim.o
                0x08006944                HAL_HRTIM_Fault5Callback
 .text.HAL_HRTIM_Fault6Callback
                0x08006948        0x4 ./Drivers/STM32G4xx_HAL_Driver/Src/stm32g4xx_hal_hrtim.o
                0x08006948                HAL_HRTIM_Fault6Callback
 .text.HAL_HRTIM_SystemFaultCallback
                0x0800694c        0x4 ./Drivers/STM32G4xx_HAL_Driver/Src/stm32g4xx_hal_hrtim.o
                0x0800694c                HAL_HRTIM_SystemFaultCallback
 .text.HAL_HRTIM_DLLCalibrationReadyCallback
                0x08006950        0x4 ./Drivers/STM32G4xx_HAL_Driver/Src/stm32g4xx_hal_hrtim.o
                0x08006950                HAL_HRTIM_DLLCalibrationReadyCallback
 .text.HAL_HRTIM_BurstModePeriodCallback
                0x08006954        0x4 ./Drivers/STM32G4xx_HAL_Driver/Src/stm32g4xx_hal_hrtim.o
                0x08006954                HAL_HRTIM_BurstModePeriodCallback
 .text.HAL_HRTIM_SynchronizationEventCallback
                0x08006958        0x4 ./Drivers/STM32G4xx_HAL_Driver/Src/stm32g4xx_hal_hrtim.o
                0x08006958                HAL_HRTIM_SynchronizationEventCallback
 .text.HAL_HRTIM_RegistersUpdateCallback
                0x0800695c        0x4 ./Drivers/STM32G4xx_HAL_Driver/Src/stm32g4xx_hal_hrtim.o
                0x0800695c                HAL_HRTIM_RegistersUpdateCallback
 .text.HAL_HRTIM_RepetitionEventCallback
                0x08006960        0x4 ./Drivers/STM32G4xx_HAL_Driver/Src/stm32g4xx_hal_hrtim.o
                0x08006960                HAL_HRTIM_RepetitionEventCallback
 .text.HAL_HRTIM_Compare1EventCallback
                0x08006964        0x4 ./Drivers/STM32G4xx_HAL_Driver/Src/stm32g4xx_hal_hrtim.o
                0x08006964                HAL_HRTIM_Compare1EventCallback
 .text.HAL_HRTIM_Compare2EventCallback
                0x08006968        0x4 ./Drivers/STM32G4xx_HAL_Driver/Src/stm32g4xx_hal_hrtim.o
                0x08006968                HAL_HRTIM_Compare2EventCallback
 .text.HAL_HRTIM_Compare3EventCallback
                0x0800696c        0x4 ./Drivers/STM32G4xx_HAL_Driver/Src/stm32g4xx_hal_hrtim.o
                0x0800696c                HAL_HRTIM_Compare3EventCallback
 .text.HAL_HRTIM_Compare4EventCallback
                0x08006970        0x4 ./Drivers/STM32G4xx_HAL_Driver/Src/stm32g4xx_hal_hrtim.o
                0x08006970                HAL_HRTIM_Compare4EventCallback
 .text.HAL_HRTIM_Capture1EventCallback
                0x08006974        0x4 ./Drivers/STM32G4xx_HAL_Driver/Src/stm32g4xx_hal_hrtim.o
                0x08006974                HAL_HRTIM_Capture1EventCallback
 .text.HAL_HRTIM_Capture2EventCallback
                0x08006978        0x4 ./Drivers/STM32G4xx_HAL_Driver/Src/stm32g4xx_hal_hrtim.o
                0x08006978                HAL_HRTIM_Capture2EventCallback
 .text.HAL_HRTIM_DelayedProtectionCallback
                0x0800697c        0x4 ./Drivers/STM32G4xx_HAL_Driver/Src/stm32g4xx_hal_hrtim.o
                0x0800697c                HAL_HRTIM_DelayedProtectionCallback
 .text.HAL_HRTIM_Output1SetCallback
                0x08006980        0x4 ./Drivers/STM32G4xx_HAL_Driver/Src/stm32g4xx_hal_hrtim.o
                0x08006980                HAL_HRTIM_Output1SetCallback
 .text.HAL_HRTIM_Output1ResetCallback
                0x08006984        0x4 ./Drivers/STM32G4xx_HAL_Driver/Src/stm32g4xx_hal_hrtim.o
                0x08006984                HAL_HRTIM_Output1ResetCallback
 .text.HAL_HRTIM_Output2SetCallback
                0x08006988        0x4 ./Drivers/STM32G4xx_HAL_Driver/Src/stm32g4xx_hal_hrtim.o
                0x08006988                HAL_HRTIM_Output2SetCallback
 .text.HAL_HRTIM_Output2ResetCallback
                0x0800698c        0x4 ./Drivers/STM32G4xx_HAL_Driver/Src/stm32g4xx_hal_hrtim.o
                0x0800698c                HAL_HRTIM_Output2ResetCallback
 .text.HAL_HRTIM_IRQHandler
                0x08006990      0x390 ./Drivers/STM32G4xx_HAL_Driver/Src/stm32g4xx_hal_hrtim.o
                0x08006990                HAL_HRTIM_IRQHandler
 .text.HAL_PWREx_ControlVoltageScaling
                0x08006d20       0xe4 ./Drivers/STM32G4xx_HAL_Driver/Src/stm32g4xx_hal_pwr_ex.o
                0x08006d20                HAL_PWREx_ControlVoltageScaling
 .text.HAL_PWREx_DisableUCPDDeadBattery
                0x08006e04       0x10 ./Drivers/STM32G4xx_HAL_Driver/Src/stm32g4xx_hal_pwr_ex.o
                0x08006e04                HAL_PWREx_DisableUCPDDeadBattery
 .text.HAL_RCC_OscConfig
                0x08006e14      0x48c ./Drivers/STM32G4xx_HAL_Driver/Src/stm32g4xx_hal_rcc.o
                0x08006e14                HAL_RCC_OscConfig
 .text.HAL_RCC_GetSysClockFreq
                0x080072a0       0x70 ./Drivers/STM32G4xx_HAL_Driver/Src/stm32g4xx_hal_rcc.o
                0x080072a0                HAL_RCC_GetSysClockFreq
 .text.HAL_RCC_ClockConfig
                0x08007310      0x208 ./Drivers/STM32G4xx_HAL_Driver/Src/stm32g4xx_hal_rcc.o
                0x08007310                HAL_RCC_ClockConfig
 .text.HAL_RCC_GetHCLKFreq
                0x08007518        0xc ./Drivers/STM32G4xx_HAL_Driver/Src/stm32g4xx_hal_rcc.o
                0x08007518                HAL_RCC_GetHCLKFreq
 .text.HAL_RCC_GetPCLK1Freq
                0x08007524       0x24 ./Drivers/STM32G4xx_HAL_Driver/Src/stm32g4xx_hal_rcc.o
                0x08007524                HAL_RCC_GetPCLK1Freq
 .text.HAL_RCC_GetPCLK2Freq
                0x08007548       0x24 ./Drivers/STM32G4xx_HAL_Driver/Src/stm32g4xx_hal_rcc.o
                0x08007548                HAL_RCC_GetPCLK2Freq
 .text.HAL_RCCEx_PeriphCLKConfig
                0x0800756c      0x318 ./Drivers/STM32G4xx_HAL_Driver/Src/stm32g4xx_hal_rcc_ex.o
                0x0800756c                HAL_RCCEx_PeriphCLKConfig
 .text.HAL_TIM_Base_Init
                0x08007884      0x154 ./Drivers/STM32G4xx_HAL_Driver/Src/stm32g4xx_hal_tim.o
                0x08007884                HAL_TIM_Base_Init
 .text.HAL_TIM_ConfigClockSource
                0x080079d8      0x1b4 ./Drivers/STM32G4xx_HAL_Driver/Src/stm32g4xx_hal_tim.o
                0x080079d8                HAL_TIM_ConfigClockSource
 .text.HAL_TIM_OC_DelayElapsedCallback
                0x08007b8c        0x4 ./Drivers/STM32G4xx_HAL_Driver/Src/stm32g4xx_hal_tim.o
                0x08007b8c                HAL_TIM_OC_DelayElapsedCallback
 .text.HAL_TIM_IC_CaptureCallback
                0x08007b90        0x4 ./Drivers/STM32G4xx_HAL_Driver/Src/stm32g4xx_hal_tim.o
                0x08007b90                HAL_TIM_IC_CaptureCallback
 .text.HAL_TIM_PWM_PulseFinishedCallback
                0x08007b94        0x4 ./Drivers/STM32G4xx_HAL_Driver/Src/stm32g4xx_hal_tim.o
                0x08007b94                HAL_TIM_PWM_PulseFinishedCallback
 .text.HAL_TIM_TriggerCallback
                0x08007b98        0x4 ./Drivers/STM32G4xx_HAL_Driver/Src/stm32g4xx_hal_tim.o
                0x08007b98                HAL_TIM_TriggerCallback
 .text.HAL_TIM_IRQHandler
                0x08007b9c      0x1c4 ./Drivers/STM32G4xx_HAL_Driver/Src/stm32g4xx_hal_tim.o
                0x08007b9c                HAL_TIM_IRQHandler
 .text.HAL_TIMEx_MasterConfigSynchronization
                0x08007d60       0xb4 ./Drivers/STM32G4xx_HAL_Driver/Src/stm32g4xx_hal_tim_ex.o
                0x08007d60                HAL_TIMEx_MasterConfigSynchronization
 .text.HAL_TIMEx_CommutCallback
                0x08007e14        0x4 ./Drivers/STM32G4xx_HAL_Driver/Src/stm32g4xx_hal_tim_ex.o
                0x08007e14                HAL_TIMEx_CommutCallback
 .text.HAL_TIMEx_BreakCallback
                0x08007e18        0x4 ./Drivers/STM32G4xx_HAL_Driver/Src/stm32g4xx_hal_tim_ex.o
                0x08007e18                HAL_TIMEx_BreakCallback
 .text.HAL_TIMEx_Break2Callback
                0x08007e1c        0x4 ./Drivers/STM32G4xx_HAL_Driver/Src/stm32g4xx_hal_tim_ex.o
                0x08007e1c                HAL_TIMEx_Break2Callback
 .text.HAL_TIMEx_EncoderIndexCallback
                0x08007e20        0x4 ./Drivers/STM32G4xx_HAL_Driver/Src/stm32g4xx_hal_tim_ex.o
                0x08007e20                HAL_TIMEx_EncoderIndexCallback
 .text.HAL_TIMEx_DirectionChangeCallback
                0x08007e24        0x4 ./Drivers/STM32G4xx_HAL_Driver/Src/stm32g4xx_hal_tim_ex.o
                0x08007e24                HAL_TIMEx_DirectionChangeCallback
 .text.HAL_TIMEx_IndexErrorCallback
                0x08007e28        0x4 ./Drivers/STM32G4xx_HAL_Driver/Src/stm32g4xx_hal_tim_ex.o
                0x08007e28                HAL_TIMEx_IndexErrorCallback
 .text.HAL_TIMEx_TransitionErrorCallback
                0x08007e2c        0x4 ./Drivers/STM32G4xx_HAL_Driver/Src/stm32g4xx_hal_tim_ex.o
                0x08007e2c                HAL_TIMEx_TransitionErrorCallback
 .text.HAL_UART_Transmit
                0x08007e30      0x11c ./Drivers/STM32G4xx_HAL_Driver/Src/stm32g4xx_hal_uart.o
                0x08007e30                HAL_UART_Transmit
 .text.HAL_UART_TxCpltCallback
                0x08007f4c        0x4 ./Drivers/STM32G4xx_HAL_Driver/Src/stm32g4xx_hal_uart.o
                0x08007f4c                HAL_UART_TxCpltCallback
 .text.HAL_UART_RxCpltCallback
                0x08007f50        0x4 ./Drivers/STM32G4xx_HAL_Driver/Src/stm32g4xx_hal_uart.o
                0x08007f50                HAL_UART_RxCpltCallback
 .text.HAL_UART_RxHalfCpltCallback
                0x08007f54        0x4 ./Drivers/STM32G4xx_HAL_Driver/Src/stm32g4xx_hal_uart.o
                0x08007f54                HAL_UART_RxHalfCpltCallback
 .text.HAL_UART_ErrorCallback
                0x08007f58        0x4 ./Drivers/STM32G4xx_HAL_Driver/Src/stm32g4xx_hal_uart.o
                0x08007f58                HAL_UART_ErrorCallback
 .text.UART_DMAError
                0x08007f5c       0xd4 ./Drivers/STM32G4xx_HAL_Driver/Src/stm32g4xx_hal_uart.o
 .text.UART_DMAAbortOnError
                0x08008030       0x10 ./Drivers/STM32G4xx_HAL_Driver/Src/stm32g4xx_hal_uart.o
 .text.HAL_UART_IRQHandler
                0x08008040      0x3a4 ./Drivers/STM32G4xx_HAL_Driver/Src/stm32g4xx_hal_uart.o
                0x08008040                HAL_UART_IRQHandler
 .text.UART_DMARxHalfCplt
                0x080083e4       0x20 ./Drivers/STM32G4xx_HAL_Driver/Src/stm32g4xx_hal_uart.o
 .text.UART_DMAReceiveCplt
                0x08008404       0x9c ./Drivers/STM32G4xx_HAL_Driver/Src/stm32g4xx_hal_uart.o
 .text.UART_SetConfig
                0x080084a0      0x2a0 ./Drivers/STM32G4xx_HAL_Driver/Src/stm32g4xx_hal_uart.o
                0x080084a0                UART_SetConfig
 .text.UART_AdvFeatureConfig
                0x08008740       0xb0 ./Drivers/STM32G4xx_HAL_Driver/Src/stm32g4xx_hal_uart.o
                0x08008740                UART_AdvFeatureConfig
 .text.UART_CheckIdleState
                0x080087f0      0x258 ./Drivers/STM32G4xx_HAL_Driver/Src/stm32g4xx_hal_uart.o
                0x080087f0                UART_CheckIdleState
 .text.HAL_UART_Init
                0x08008a48       0x68 ./Drivers/STM32G4xx_HAL_Driver/Src/stm32g4xx_hal_uart.o
                0x08008a48                HAL_UART_Init
 .text.UART_Start_Receive_DMA
                0x08008ab0       0xa0 ./Drivers/STM32G4xx_HAL_Driver/Src/stm32g4xx_hal_uart.o
                0x08008ab0                UART_Start_Receive_DMA
 .text.HAL_UARTEx_WakeupCallback
                0x08008b50        0x4 ./Drivers/STM32G4xx_HAL_Driver/Src/stm32g4xx_hal_uart_ex.o
                0x08008b50                HAL_UARTEx_WakeupCallback
 .text.HAL_UARTEx_RxFifoFullCallback
                0x08008b54        0x4 ./Drivers/STM32G4xx_HAL_Driver/Src/stm32g4xx_hal_uart_ex.o
                0x08008b54                HAL_UARTEx_RxFifoFullCallback
 .text.HAL_UARTEx_TxFifoEmptyCallback
                0x08008b58        0x4 ./Drivers/STM32G4xx_HAL_Driver/Src/stm32g4xx_hal_uart_ex.o
                0x08008b58                HAL_UARTEx_TxFifoEmptyCallback
 .text.HAL_UARTEx_DisableFifoMode
                0x08008b5c       0x3c ./Drivers/STM32G4xx_HAL_Driver/Src/stm32g4xx_hal_uart_ex.o
                0x08008b5c                HAL_UARTEx_DisableFifoMode
 .text.HAL_UARTEx_SetTxFifoThreshold
                0x08008b98       0x84 ./Drivers/STM32G4xx_HAL_Driver/Src/stm32g4xx_hal_uart_ex.o
                0x08008b98                HAL_UARTEx_SetTxFifoThreshold
 .text.HAL_UARTEx_SetRxFifoThreshold
                0x08008c1c       0x84 ./Drivers/STM32G4xx_HAL_Driver/Src/stm32g4xx_hal_uart_ex.o
                0x08008c1c                HAL_UARTEx_SetRxFifoThreshold
 .text.HAL_UARTEx_ReceiveToIdle_DMA
                0x08008ca0       0x48 ./Drivers/STM32G4xx_HAL_Driver/Src/stm32g4xx_hal_uart_ex.o
                0x08008ca0                HAL_UARTEx_ReceiveToIdle_DMA
 .text.HAL_ADC_ConvCpltCallback
                0x08008ce8       0x34 ./Port/Src/stm32_callback.o
                0x08008ce8                HAL_ADC_ConvCpltCallback
 .text.HAL_ADCEx_InjectedConvCpltCallback
                0x08008d1c       0x34 ./Port/Src/stm32_callback.o
                0x08008d1c                HAL_ADCEx_InjectedConvCpltCallback
 .text.HAL_UARTEx_RxEventCallback
                0x08008d50       0xb4 ./Port/Src/stm32_callback.o
                0x08008d50                HAL_UARTEx_RxEventCallback
 .text.HAL_HRTIM_CounterResetCallback
                0x08008e04       0xd8 ./Port/Src/stm32_callback.o
                0x08008e04                HAL_HRTIM_CounterResetCallback
 .text.HAL_TIM_PeriodElapsedCallback
                0x08008edc       0x20 ./Port/Src/stm32_callback.o
                0x08008edc                HAL_TIM_PeriodElapsedCallback
 .text.SEGGER_RTT_ReadNoLock
                0x08008efc      0x118 ./Segger/debug/SEGGER_RTT.o
                0x08008efc                SEGGER_RTT_ReadNoLock
 .text.SEGGER_RTT_WriteSkipNoLock
                0x08009014       0xb8 ./Segger/debug/SEGGER_RTT.o
                0x08009014                SEGGER_RTT_WriteSkipNoLock
 *fill*         0x080090cc        0x4 
 .text.SEGGER_RTT_ConfigUpBuffer
                0x080090d0       0xc8 ./Segger/debug/SEGGER_RTT.o
                0x080090d0                SEGGER_RTT_ConfigUpBuffer
 .text.SEGGER_RTT_ConfigDownBuffer
                0x08009198       0xb8 ./Segger/debug/SEGGER_RTT.o
                0x08009198                SEGGER_RTT_ConfigDownBuffer
 .text._TrySendOverflowPacket.isra.0
                0x08009250       0x70 ./Segger/debug/SEGGER_SYSVIEW.o
 .text.SEGGER_SYSVIEW_Init
                0x080092c0       0x68 ./Segger/debug/SEGGER_SYSVIEW.o
                0x080092c0                SEGGER_SYSVIEW_Init
 .text.SEGGER_SYSVIEW_SetRAMBase
                0x08009328        0xc ./Segger/debug/SEGGER_SYSVIEW.o
                0x08009328                SEGGER_SYSVIEW_SetRAMBase
 .text.SEGGER_SYSVIEW_SendModule
                0x08009334      0x114 ./Segger/debug/SEGGER_SYSVIEW.o
                0x08009334                SEGGER_SYSVIEW_SendModule
 .text._HandleIncomingPacket
                0x08009448      0x114 ./Segger/debug/SEGGER_SYSVIEW.o
 .text._SendPacket.constprop.0
                0x0800955c      0x100 ./Segger/debug/SEGGER_SYSVIEW.o
 .text.SEGGER_SYSVIEW_GetSysDesc
                0x0800965c       0x7c ./Segger/debug/SEGGER_SYSVIEW.o
                0x0800965c                SEGGER_SYSVIEW_GetSysDesc
 .text.SEGGER_SYSVIEW_SendSysDesc
                0x080096d8       0xb0 ./Segger/debug/SEGGER_SYSVIEW.o
                0x080096d8                SEGGER_SYSVIEW_SendSysDesc
 .text.SEGGER_SYSVIEW_RecordEnterISR
                0x08009788       0x4c ./Segger/debug/SEGGER_SYSVIEW.o
                0x08009788                SEGGER_SYSVIEW_RecordEnterISR
 .text.SEGGER_SYSVIEW_RecordSystime
                0x080097d4       0x9c ./Segger/debug/SEGGER_SYSVIEW.o
                0x080097d4                SEGGER_SYSVIEW_RecordSystime
 .text.SEGGER_SYSVIEW_Start
                0x08009870      0x100 ./Segger/debug/SEGGER_SYSVIEW.o
                0x08009870                SEGGER_SYSVIEW_Start
 .text.SEGGER_SYSVIEW_RecordExitISR
                0x08009970       0xa8 ./Segger/debug/SEGGER_SYSVIEW.o
                0x08009970                SEGGER_SYSVIEW_RecordExitISR
 .text.SEGGER_SYSVIEW_OnIdle
                0x08009a18       0xa8 ./Segger/debug/SEGGER_SYSVIEW.o
                0x08009a18                SEGGER_SYSVIEW_OnIdle
 .text._cbSendSystemDesc
                0x08009ac0       0x1c ./Segger/debug/SEGGER_SYSVIEW_Config_NoOS.o
 .text.SEGGER_SYSVIEW_Conf
                0x08009adc       0x44 ./Segger/debug/SEGGER_SYSVIEW_Config_NoOS.o
                0x08009adc                SEGGER_SYSVIEW_Conf
 .text.arm_fir_init_f32
                0x08009b20       0x20 ../Middlewares/ST/ARM/DSP/Lib\libarm_cortexM4lf_math.a(arm_fir_init_f32.o)
                0x08009b20                arm_fir_init_f32
 .text.arm_sin_f32
                0x08009b40       0x8c ../Middlewares/ST/ARM/DSP/Lib\libarm_cortexM4lf_math.a(arm_sin_f32.o)
                0x08009b40                arm_sin_f32
 .text._ZdlPvj  0x08009bcc        0x4 F:/CubeIDE/CUBEIDE/STM32CubeIDE_1.16.1/STM32CubeIDE/plugins/com.st.stm32cube.ide.mcu.externaltools.gnu-tools-for-stm32.13.3.rel1.win32_1.0.0.202411081344/tools/bin/../lib/gcc/arm-none-eabi/13.3.1/../../../../arm-none-eabi/lib/thumb/v7e-m+fp/hard\libstdc++_nano.a(del_ops.o)
                0x08009bcc                operator delete(void*, unsigned int)
 .text.__cxa_guard_acquire
                0x08009bd0       0x18 F:/CubeIDE/CUBEIDE/STM32CubeIDE_1.16.1/STM32CubeIDE/plugins/com.st.stm32cube.ide.mcu.externaltools.gnu-tools-for-stm32.13.3.rel1.win32_1.0.0.202411081344/tools/bin/../lib/gcc/arm-none-eabi/13.3.1/../../../../arm-none-eabi/lib/thumb/v7e-m+fp/hard\libstdc++_nano.a(guard.o)
                0x08009bd0                __cxa_guard_acquire
 .text.__cxa_guard_release
                0x08009be8        0x6 F:/CubeIDE/CUBEIDE/STM32CubeIDE_1.16.1/STM32CubeIDE/plugins/com.st.stm32cube.ide.mcu.externaltools.gnu-tools-for-stm32.13.3.rel1.win32_1.0.0.202411081344/tools/bin/../lib/gcc/arm-none-eabi/13.3.1/../../../../arm-none-eabi/lib/thumb/v7e-m+fp/hard\libstdc++_nano.a(guard.o)
                0x08009be8                __cxa_guard_release
 .text._Znwj    0x08009bee       0x22 F:/CubeIDE/CUBEIDE/STM32CubeIDE_1.16.1/STM32CubeIDE/plugins/com.st.stm32cube.ide.mcu.externaltools.gnu-tools-for-stm32.13.3.rel1.win32_1.0.0.202411081344/tools/bin/../lib/gcc/arm-none-eabi/13.3.1/../../../../arm-none-eabi/lib/thumb/v7e-m+fp/hard\libstdc++_nano.a(new_op.o)
                0x08009bee                operator new(unsigned int)
 .text.unlikely._ZSt20__throw_length_errorPKc
                0x08009c10        0x6 F:/CubeIDE/CUBEIDE/STM32CubeIDE_1.16.1/STM32CubeIDE/plugins/com.st.stm32cube.ide.mcu.externaltools.gnu-tools-for-stm32.13.3.rel1.win32_1.0.0.202411081344/tools/bin/../lib/gcc/arm-none-eabi/13.3.1/../../../../arm-none-eabi/lib/thumb/v7e-m+fp/hard\libstdc++_nano.a(functexcept.o)
                0x08009c10                std::__throw_length_error(char const*)
 .text._ZdlPv   0x08009c16        0x4 F:/CubeIDE/CUBEIDE/STM32CubeIDE_1.16.1/STM32CubeIDE/plugins/com.st.stm32cube.ide.mcu.externaltools.gnu-tools-for-stm32.13.3.rel1.win32_1.0.0.202411081344/tools/bin/../lib/gcc/arm-none-eabi/13.3.1/../../../../arm-none-eabi/lib/thumb/v7e-m+fp/hard\libstdc++_nano.a(del_op.o)
                0x08009c16                operator delete(void*)
 *fill*         0x08009c1a        0x2 
 .text._ZSt15get_new_handlerv
                0x08009c1c       0x10 F:/CubeIDE/CUBEIDE/STM32CubeIDE_1.16.1/STM32CubeIDE/plugins/com.st.stm32cube.ide.mcu.externaltools.gnu-tools-for-stm32.13.3.rel1.win32_1.0.0.202411081344/tools/bin/../lib/gcc/arm-none-eabi/13.3.1/../../../../arm-none-eabi/lib/thumb/v7e-m+fp/hard\libstdc++_nano.a(new_handler.o)
                0x08009c1c                std::get_new_handler()
 .text.sinf     0x08009c2c       0x8c F:/CubeIDE/CUBEIDE/STM32CubeIDE_1.16.1/STM32CubeIDE/plugins/com.st.stm32cube.ide.mcu.externaltools.gnu-tools-for-stm32.13.3.rel1.win32_1.0.0.202411081344/tools/bin/../lib/gcc/arm-none-eabi/13.3.1/../../../../arm-none-eabi/lib/thumb/v7e-m+fp/hard\libm.a(libm_a-sf_sin.o)
                0x08009c2c                sinf
 .text.__kernel_cosf
                0x08009cb8       0xb0 F:/CubeIDE/CUBEIDE/STM32CubeIDE_1.16.1/STM32CubeIDE/plugins/com.st.stm32cube.ide.mcu.externaltools.gnu-tools-for-stm32.13.3.rel1.win32_1.0.0.202411081344/tools/bin/../lib/gcc/arm-none-eabi/13.3.1/../../../../arm-none-eabi/lib/thumb/v7e-m+fp/hard\libm.a(libm_a-kf_cos.o)
                0x08009cb8                __kernel_cosf
 .text.__kernel_sinf
                0x08009d68       0x90 F:/CubeIDE/CUBEIDE/STM32CubeIDE_1.16.1/STM32CubeIDE/plugins/com.st.stm32cube.ide.mcu.externaltools.gnu-tools-for-stm32.13.3.rel1.win32_1.0.0.202411081344/tools/bin/../lib/gcc/arm-none-eabi/13.3.1/../../../../arm-none-eabi/lib/thumb/v7e-m+fp/hard\libm.a(libm_a-kf_sin.o)
                0x08009d68                __kernel_sinf
 .text.__ieee754_rem_pio2f
                0x08009df8      0x260 F:/CubeIDE/CUBEIDE/STM32CubeIDE_1.16.1/STM32CubeIDE/plugins/com.st.stm32cube.ide.mcu.externaltools.gnu-tools-for-stm32.13.3.rel1.win32_1.0.0.202411081344/tools/bin/../lib/gcc/arm-none-eabi/13.3.1/../../../../arm-none-eabi/lib/thumb/v7e-m+fp/hard\libm.a(libm_a-ef_rem_pio2.o)
                0x08009df8                __ieee754_rem_pio2f
 .text.fabsf    0x0800a058        0xe F:/CubeIDE/CUBEIDE/STM32CubeIDE_1.16.1/STM32CubeIDE/plugins/com.st.stm32cube.ide.mcu.externaltools.gnu-tools-for-stm32.13.3.rel1.win32_1.0.0.202411081344/tools/bin/../lib/gcc/arm-none-eabi/13.3.1/../../../../arm-none-eabi/lib/thumb/v7e-m+fp/hard\libm.a(libm_a-sf_fabs.o)
                0x0800a058                fabsf
 *fill*         0x0800a066        0x2 
 .text.__kernel_rem_pio2f
                0x0800a068      0x4d0 F:/CubeIDE/CUBEIDE/STM32CubeIDE_1.16.1/STM32CubeIDE/plugins/com.st.stm32cube.ide.mcu.externaltools.gnu-tools-for-stm32.13.3.rel1.win32_1.0.0.202411081344/tools/bin/../lib/gcc/arm-none-eabi/13.3.1/../../../../arm-none-eabi/lib/thumb/v7e-m+fp/hard\libm.a(libm_a-kf_rem_pio2.o)
                0x0800a068                __kernel_rem_pio2f
 .text.scalbnf  0x0800a538       0xcc F:/CubeIDE/CUBEIDE/STM32CubeIDE_1.16.1/STM32CubeIDE/plugins/com.st.stm32cube.ide.mcu.externaltools.gnu-tools-for-stm32.13.3.rel1.win32_1.0.0.202411081344/tools/bin/../lib/gcc/arm-none-eabi/13.3.1/../../../../arm-none-eabi/lib/thumb/v7e-m+fp/hard\libm.a(libm_a-sf_scalbn.o)
                0x0800a538                scalbnf
 .text.floorf   0x0800a604       0x88 F:/CubeIDE/CUBEIDE/STM32CubeIDE_1.16.1/STM32CubeIDE/plugins/com.st.stm32cube.ide.mcu.externaltools.gnu-tools-for-stm32.13.3.rel1.win32_1.0.0.202411081344/tools/bin/../lib/gcc/arm-none-eabi/13.3.1/../../../../arm-none-eabi/lib/thumb/v7e-m+fp/hard\libm.a(libm_a-sf_floor.o)
                0x0800a604                floorf
 .text.abort    0x0800a68c        0xe F:/CubeIDE/CUBEIDE/STM32CubeIDE_1.16.1/STM32CubeIDE/plugins/com.st.stm32cube.ide.mcu.externaltools.gnu-tools-for-stm32.13.3.rel1.win32_1.0.0.202411081344/tools/bin/../lib/gcc/arm-none-eabi/13.3.1/../../../../arm-none-eabi/lib/thumb/v7e-m+fp/hard\libc_nano.a(libc_a-abort.o)
                0x0800a68c                abort
 *fill*         0x0800a69a        0x2 
 .text.malloc   0x0800a69c       0x10 F:/CubeIDE/CUBEIDE/STM32CubeIDE_1.16.1/STM32CubeIDE/plugins/com.st.stm32cube.ide.mcu.externaltools.gnu-tools-for-stm32.13.3.rel1.win32_1.0.0.202411081344/tools/bin/../lib/gcc/arm-none-eabi/13.3.1/../../../../arm-none-eabi/lib/thumb/v7e-m+fp/hard\libc_nano.a(libc_a-malloc.o)
                0x0800a69c                malloc
 .text.free     0x0800a6ac       0x10 F:/CubeIDE/CUBEIDE/STM32CubeIDE_1.16.1/STM32CubeIDE/plugins/com.st.stm32cube.ide.mcu.externaltools.gnu-tools-for-stm32.13.3.rel1.win32_1.0.0.202411081344/tools/bin/../lib/gcc/arm-none-eabi/13.3.1/../../../../arm-none-eabi/lib/thumb/v7e-m+fp/hard\libc_nano.a(libc_a-malloc.o)
                0x0800a6ac                free
 .text.sbrk_aligned
                0x0800a6bc       0x44 F:/CubeIDE/CUBEIDE/STM32CubeIDE_1.16.1/STM32CubeIDE/plugins/com.st.stm32cube.ide.mcu.externaltools.gnu-tools-for-stm32.13.3.rel1.win32_1.0.0.202411081344/tools/bin/../lib/gcc/arm-none-eabi/13.3.1/../../../../arm-none-eabi/lib/thumb/v7e-m+fp/hard\libc_nano.a(libc_a-mallocr.o)
 .text._malloc_r
                0x0800a700      0x100 F:/CubeIDE/CUBEIDE/STM32CubeIDE_1.16.1/STM32CubeIDE/plugins/com.st.stm32cube.ide.mcu.externaltools.gnu-tools-for-stm32.13.3.rel1.win32_1.0.0.202411081344/tools/bin/../lib/gcc/arm-none-eabi/13.3.1/../../../../arm-none-eabi/lib/thumb/v7e-m+fp/hard\libc_nano.a(libc_a-mallocr.o)
                0x0800a700                _malloc_r
 .text.__malloc_lock
                0x0800a800        0xc F:/CubeIDE/CUBEIDE/STM32CubeIDE_1.16.1/STM32CubeIDE/plugins/com.st.stm32cube.ide.mcu.externaltools.gnu-tools-for-stm32.13.3.rel1.win32_1.0.0.202411081344/tools/bin/../lib/gcc/arm-none-eabi/13.3.1/../../../../arm-none-eabi/lib/thumb/v7e-m+fp/hard\libc_nano.a(libc_a-mlock.o)
                0x0800a800                __malloc_lock
 .text.__malloc_unlock
                0x0800a80c        0xc F:/CubeIDE/CUBEIDE/STM32CubeIDE_1.16.1/STM32CubeIDE/plugins/com.st.stm32cube.ide.mcu.externaltools.gnu-tools-for-stm32.13.3.rel1.win32_1.0.0.202411081344/tools/bin/../lib/gcc/arm-none-eabi/13.3.1/../../../../arm-none-eabi/lib/thumb/v7e-m+fp/hard\libc_nano.a(libc_a-mlock.o)
                0x0800a80c                __malloc_unlock
 .text.__cvt    0x0800a818       0xca F:/CubeIDE/CUBEIDE/STM32CubeIDE_1.16.1/STM32CubeIDE/plugins/com.st.stm32cube.ide.mcu.externaltools.gnu-tools-for-stm32.13.3.rel1.win32_1.0.0.202411081344/tools/bin/../lib/gcc/arm-none-eabi/13.3.1/../../../../arm-none-eabi/lib/thumb/v7e-m+fp/hard\libc_nano.a(libc_a-nano-vfprintf_float.o)
                0x0800a818                __cvt
 .text.__exponent
                0x0800a8e2       0x74 F:/CubeIDE/CUBEIDE/STM32CubeIDE_1.16.1/STM32CubeIDE/plugins/com.st.stm32cube.ide.mcu.externaltools.gnu-tools-for-stm32.13.3.rel1.win32_1.0.0.202411081344/tools/bin/../lib/gcc/arm-none-eabi/13.3.1/../../../../arm-none-eabi/lib/thumb/v7e-m+fp/hard\libc_nano.a(libc_a-nano-vfprintf_float.o)
                0x0800a8e2                __exponent
 *fill*         0x0800a956        0x2 
 .text._printf_float
                0x0800a958      0x454 F:/CubeIDE/CUBEIDE/STM32CubeIDE_1.16.1/STM32CubeIDE/plugins/com.st.stm32cube.ide.mcu.externaltools.gnu-tools-for-stm32.13.3.rel1.win32_1.0.0.202411081344/tools/bin/../lib/gcc/arm-none-eabi/13.3.1/../../../../arm-none-eabi/lib/thumb/v7e-m+fp/hard\libc_nano.a(libc_a-nano-vfprintf_float.o)
                0x0800a958                _printf_float
 .text._printf_common
                0x0800adac       0xda F:/CubeIDE/CUBEIDE/STM32CubeIDE_1.16.1/STM32CubeIDE/plugins/com.st.stm32cube.ide.mcu.externaltools.gnu-tools-for-stm32.13.3.rel1.win32_1.0.0.202411081344/tools/bin/../lib/gcc/arm-none-eabi/13.3.1/../../../../arm-none-eabi/lib/thumb/v7e-m+fp/hard\libc_nano.a(libc_a-nano-vfprintf_i.o)
                0x0800adac                _printf_common
 *fill*         0x0800ae86        0x2 
 .text._printf_i
                0x0800ae88      0x23c F:/CubeIDE/CUBEIDE/STM32CubeIDE_1.16.1/STM32CubeIDE/plugins/com.st.stm32cube.ide.mcu.externaltools.gnu-tools-for-stm32.13.3.rel1.win32_1.0.0.202411081344/tools/bin/../lib/gcc/arm-none-eabi/13.3.1/../../../../arm-none-eabi/lib/thumb/v7e-m+fp/hard\libc_nano.a(libc_a-nano-vfprintf_i.o)
                0x0800ae88                _printf_i
 .text._scanf_float
                0x0800b0c4      0x41c F:/CubeIDE/CUBEIDE/STM32CubeIDE_1.16.1/STM32CubeIDE/plugins/com.st.stm32cube.ide.mcu.externaltools.gnu-tools-for-stm32.13.3.rel1.win32_1.0.0.202411081344/tools/bin/../lib/gcc/arm-none-eabi/13.3.1/../../../../arm-none-eabi/lib/thumb/v7e-m+fp/hard\libc_nano.a(libc_a-nano-vfscanf_float.o)
                0x0800b0c4                _scanf_float
 .text.std      0x0800b4e0       0x6c F:/CubeIDE/CUBEIDE/STM32CubeIDE_1.16.1/STM32CubeIDE/plugins/com.st.stm32cube.ide.mcu.externaltools.gnu-tools-for-stm32.13.3.rel1.win32_1.0.0.202411081344/tools/bin/../lib/gcc/arm-none-eabi/13.3.1/../../../../arm-none-eabi/lib/thumb/v7e-m+fp/hard\libc_nano.a(libc_a-findfp.o)
 .text.stdio_exit_handler
                0x0800b54c       0x18 F:/CubeIDE/CUBEIDE/STM32CubeIDE_1.16.1/STM32CubeIDE/plugins/com.st.stm32cube.ide.mcu.externaltools.gnu-tools-for-stm32.13.3.rel1.win32_1.0.0.202411081344/tools/bin/../lib/gcc/arm-none-eabi/13.3.1/../../../../arm-none-eabi/lib/thumb/v7e-m+fp/hard\libc_nano.a(libc_a-findfp.o)
 .text.cleanup_stdio
                0x0800b564       0x40 F:/CubeIDE/CUBEIDE/STM32CubeIDE_1.16.1/STM32CubeIDE/plugins/com.st.stm32cube.ide.mcu.externaltools.gnu-tools-for-stm32.13.3.rel1.win32_1.0.0.202411081344/tools/bin/../lib/gcc/arm-none-eabi/13.3.1/../../../../arm-none-eabi/lib/thumb/v7e-m+fp/hard\libc_nano.a(libc_a-findfp.o)
 .text.global_stdio_init.part.0
                0x0800b5a4       0x3c F:/CubeIDE/CUBEIDE/STM32CubeIDE_1.16.1/STM32CubeIDE/plugins/com.st.stm32cube.ide.mcu.externaltools.gnu-tools-for-stm32.13.3.rel1.win32_1.0.0.202411081344/tools/bin/../lib/gcc/arm-none-eabi/13.3.1/../../../../arm-none-eabi/lib/thumb/v7e-m+fp/hard\libc_nano.a(libc_a-findfp.o)
 .text.__sfp_lock_acquire
                0x0800b5e0        0xc F:/CubeIDE/CUBEIDE/STM32CubeIDE_1.16.1/STM32CubeIDE/plugins/com.st.stm32cube.ide.mcu.externaltools.gnu-tools-for-stm32.13.3.rel1.win32_1.0.0.202411081344/tools/bin/../lib/gcc/arm-none-eabi/13.3.1/../../../../arm-none-eabi/lib/thumb/v7e-m+fp/hard\libc_nano.a(libc_a-findfp.o)
                0x0800b5e0                __sfp_lock_acquire
 .text.__sfp_lock_release
                0x0800b5ec        0xc F:/CubeIDE/CUBEIDE/STM32CubeIDE_1.16.1/STM32CubeIDE/plugins/com.st.stm32cube.ide.mcu.externaltools.gnu-tools-for-stm32.13.3.rel1.win32_1.0.0.202411081344/tools/bin/../lib/gcc/arm-none-eabi/13.3.1/../../../../arm-none-eabi/lib/thumb/v7e-m+fp/hard\libc_nano.a(libc_a-findfp.o)
                0x0800b5ec                __sfp_lock_release
 .text.__sinit  0x0800b5f8       0x30 F:/CubeIDE/CUBEIDE/STM32CubeIDE_1.16.1/STM32CubeIDE/plugins/com.st.stm32cube.ide.mcu.externaltools.gnu-tools-for-stm32.13.3.rel1.win32_1.0.0.202411081344/tools/bin/../lib/gcc/arm-none-eabi/13.3.1/../../../../arm-none-eabi/lib/thumb/v7e-m+fp/hard\libc_nano.a(libc_a-findfp.o)
                0x0800b5f8                __sinit
 .text._fwalk_sglue
                0x0800b628       0x3c F:/CubeIDE/CUBEIDE/STM32CubeIDE_1.16.1/STM32CubeIDE/plugins/com.st.stm32cube.ide.mcu.externaltools.gnu-tools-for-stm32.13.3.rel1.win32_1.0.0.202411081344/tools/bin/../lib/gcc/arm-none-eabi/13.3.1/../../../../arm-none-eabi/lib/thumb/v7e-m+fp/hard\libc_nano.a(libc_a-fwalk.o)
                0x0800b628                _fwalk_sglue
 .text.sprintf  0x0800b664       0x44 F:/CubeIDE/CUBEIDE/STM32CubeIDE_1.16.1/STM32CubeIDE/plugins/com.st.stm32cube.ide.mcu.externaltools.gnu-tools-for-stm32.13.3.rel1.win32_1.0.0.202411081344/tools/bin/../lib/gcc/arm-none-eabi/13.3.1/../../../../arm-none-eabi/lib/thumb/v7e-m+fp/hard\libc_nano.a(libc_a-sprintf.o)
                0x0800b664                siprintf
                0x0800b664                sprintf
 .text.__sread  0x0800b6a8       0x22 F:/CubeIDE/CUBEIDE/STM32CubeIDE_1.16.1/STM32CubeIDE/plugins/com.st.stm32cube.ide.mcu.externaltools.gnu-tools-for-stm32.13.3.rel1.win32_1.0.0.202411081344/tools/bin/../lib/gcc/arm-none-eabi/13.3.1/../../../../arm-none-eabi/lib/thumb/v7e-m+fp/hard\libc_nano.a(libc_a-stdio.o)
                0x0800b6a8                __sread
 .text.__swrite
                0x0800b6ca       0x38 F:/CubeIDE/CUBEIDE/STM32CubeIDE_1.16.1/STM32CubeIDE/plugins/com.st.stm32cube.ide.mcu.externaltools.gnu-tools-for-stm32.13.3.rel1.win32_1.0.0.202411081344/tools/bin/../lib/gcc/arm-none-eabi/13.3.1/../../../../arm-none-eabi/lib/thumb/v7e-m+fp/hard\libc_nano.a(libc_a-stdio.o)
                0x0800b6ca                __swrite
 .text.__sseek  0x0800b702       0x24 F:/CubeIDE/CUBEIDE/STM32CubeIDE_1.16.1/STM32CubeIDE/plugins/com.st.stm32cube.ide.mcu.externaltools.gnu-tools-for-stm32.13.3.rel1.win32_1.0.0.202411081344/tools/bin/../lib/gcc/arm-none-eabi/13.3.1/../../../../arm-none-eabi/lib/thumb/v7e-m+fp/hard\libc_nano.a(libc_a-stdio.o)
                0x0800b702                __sseek
 .text.__sclose
                0x0800b726        0x8 F:/CubeIDE/CUBEIDE/STM32CubeIDE_1.16.1/STM32CubeIDE/plugins/com.st.stm32cube.ide.mcu.externaltools.gnu-tools-for-stm32.13.3.rel1.win32_1.0.0.202411081344/tools/bin/../lib/gcc/arm-none-eabi/13.3.1/../../../../arm-none-eabi/lib/thumb/v7e-m+fp/hard\libc_nano.a(libc_a-stdio.o)
                0x0800b726                __sclose
 .text.__swbuf_r
                0x0800b72e       0x7c F:/CubeIDE/CUBEIDE/STM32CubeIDE_1.16.1/STM32CubeIDE/plugins/com.st.stm32cube.ide.mcu.externaltools.gnu-tools-for-stm32.13.3.rel1.win32_1.0.0.202411081344/tools/bin/../lib/gcc/arm-none-eabi/13.3.1/../../../../arm-none-eabi/lib/thumb/v7e-m+fp/hard\libc_nano.a(libc_a-wbuf.o)
                0x0800b72e                __swbuf_r
 *fill*         0x0800b7aa        0x2 
 .text.__swsetup_r
                0x0800b7ac       0xac F:/CubeIDE/CUBEIDE/STM32CubeIDE_1.16.1/STM32CubeIDE/plugins/com.st.stm32cube.ide.mcu.externaltools.gnu-tools-for-stm32.13.3.rel1.win32_1.0.0.202411081344/tools/bin/../lib/gcc/arm-none-eabi/13.3.1/../../../../arm-none-eabi/lib/thumb/v7e-m+fp/hard\libc_nano.a(libc_a-wsetup.o)
                0x0800b7ac                __swsetup_r
 .text.memmove  0x0800b858       0x34 F:/CubeIDE/CUBEIDE/STM32CubeIDE_1.16.1/STM32CubeIDE/plugins/com.st.stm32cube.ide.mcu.externaltools.gnu-tools-for-stm32.13.3.rel1.win32_1.0.0.202411081344/tools/bin/../lib/gcc/arm-none-eabi/13.3.1/../../../../arm-none-eabi/lib/thumb/v7e-m+fp/hard\libc_nano.a(libc_a-memmove.o)
                0x0800b858                memmove
 .text.memset   0x0800b88c       0x10 F:/CubeIDE/CUBEIDE/STM32CubeIDE_1.16.1/STM32CubeIDE/plugins/com.st.stm32cube.ide.mcu.externaltools.gnu-tools-for-stm32.13.3.rel1.win32_1.0.0.202411081344/tools/bin/../lib/gcc/arm-none-eabi/13.3.1/../../../../arm-none-eabi/lib/thumb/v7e-m+fp/hard\libc_nano.a(libc_a-memset.o)
                0x0800b88c                memset
 .text._raise_r
                0x0800b89c       0x50 F:/CubeIDE/CUBEIDE/STM32CubeIDE_1.16.1/STM32CubeIDE/plugins/com.st.stm32cube.ide.mcu.externaltools.gnu-tools-for-stm32.13.3.rel1.win32_1.0.0.202411081344/tools/bin/../lib/gcc/arm-none-eabi/13.3.1/../../../../arm-none-eabi/lib/thumb/v7e-m+fp/hard\libc_nano.a(libc_a-signal.o)
                0x0800b89c                _raise_r
 .text.raise    0x0800b8ec       0x10 F:/CubeIDE/CUBEIDE/STM32CubeIDE_1.16.1/STM32CubeIDE/plugins/com.st.stm32cube.ide.mcu.externaltools.gnu-tools-for-stm32.13.3.rel1.win32_1.0.0.202411081344/tools/bin/../lib/gcc/arm-none-eabi/13.3.1/../../../../arm-none-eabi/lib/thumb/v7e-m+fp/hard\libc_nano.a(libc_a-signal.o)
                0x0800b8ec                raise
 .text._localeconv_r
                0x0800b8fc        0x8 F:/CubeIDE/CUBEIDE/STM32CubeIDE_1.16.1/STM32CubeIDE/plugins/com.st.stm32cube.ide.mcu.externaltools.gnu-tools-for-stm32.13.3.rel1.win32_1.0.0.202411081344/tools/bin/../lib/gcc/arm-none-eabi/13.3.1/../../../../arm-none-eabi/lib/thumb/v7e-m+fp/hard\libc_nano.a(libc_a-localeconv.o)
                0x0800b8fc                _localeconv_r
 .text._close_r
                0x0800b904       0x20 F:/CubeIDE/CUBEIDE/STM32CubeIDE_1.16.1/STM32CubeIDE/plugins/com.st.stm32cube.ide.mcu.externaltools.gnu-tools-for-stm32.13.3.rel1.win32_1.0.0.202411081344/tools/bin/../lib/gcc/arm-none-eabi/13.3.1/../../../../arm-none-eabi/lib/thumb/v7e-m+fp/hard\libc_nano.a(libc_a-closer.o)
                0x0800b904                _close_r
 .text._lseek_r
                0x0800b924       0x24 F:/CubeIDE/CUBEIDE/STM32CubeIDE_1.16.1/STM32CubeIDE/plugins/com.st.stm32cube.ide.mcu.externaltools.gnu-tools-for-stm32.13.3.rel1.win32_1.0.0.202411081344/tools/bin/../lib/gcc/arm-none-eabi/13.3.1/../../../../arm-none-eabi/lib/thumb/v7e-m+fp/hard\libc_nano.a(libc_a-lseekr.o)
                0x0800b924                _lseek_r
 .text._read_r  0x0800b948       0x24 F:/CubeIDE/CUBEIDE/STM32CubeIDE_1.16.1/STM32CubeIDE/plugins/com.st.stm32cube.ide.mcu.externaltools.gnu-tools-for-stm32.13.3.rel1.win32_1.0.0.202411081344/tools/bin/../lib/gcc/arm-none-eabi/13.3.1/../../../../arm-none-eabi/lib/thumb/v7e-m+fp/hard\libc_nano.a(libc_a-readr.o)
                0x0800b948                _read_r
 .text._kill_r  0x0800b96c       0x24 F:/CubeIDE/CUBEIDE/STM32CubeIDE_1.16.1/STM32CubeIDE/plugins/com.st.stm32cube.ide.mcu.externaltools.gnu-tools-for-stm32.13.3.rel1.win32_1.0.0.202411081344/tools/bin/../lib/gcc/arm-none-eabi/13.3.1/../../../../arm-none-eabi/lib/thumb/v7e-m+fp/hard\libc_nano.a(libc_a-signalr.o)
                0x0800b96c                _kill_r
 .text._getpid_r
                0x0800b990        0x4 F:/CubeIDE/CUBEIDE/STM32CubeIDE_1.16.1/STM32CubeIDE/plugins/com.st.stm32cube.ide.mcu.externaltools.gnu-tools-for-stm32.13.3.rel1.win32_1.0.0.202411081344/tools/bin/../lib/gcc/arm-none-eabi/13.3.1/../../../../arm-none-eabi/lib/thumb/v7e-m+fp/hard\libc_nano.a(libc_a-signalr.o)
                0x0800b990                _getpid_r
 .text._sbrk_r  0x0800b994       0x20 F:/CubeIDE/CUBEIDE/STM32CubeIDE_1.16.1/STM32CubeIDE/plugins/com.st.stm32cube.ide.mcu.externaltools.gnu-tools-for-stm32.13.3.rel1.win32_1.0.0.202411081344/tools/bin/../lib/gcc/arm-none-eabi/13.3.1/../../../../arm-none-eabi/lib/thumb/v7e-m+fp/hard\libc_nano.a(libc_a-sbrkr.o)
                0x0800b994                _sbrk_r
 .text._write_r
                0x0800b9b4       0x24 F:/CubeIDE/CUBEIDE/STM32CubeIDE_1.16.1/STM32CubeIDE/plugins/com.st.stm32cube.ide.mcu.externaltools.gnu-tools-for-stm32.13.3.rel1.win32_1.0.0.202411081344/tools/bin/../lib/gcc/arm-none-eabi/13.3.1/../../../../arm-none-eabi/lib/thumb/v7e-m+fp/hard\libc_nano.a(libc_a-writer.o)
                0x0800b9b4                _write_r
 .text.__errno  0x0800b9d8        0xc F:/CubeIDE/CUBEIDE/STM32CubeIDE_1.16.1/STM32CubeIDE/plugins/com.st.stm32cube.ide.mcu.externaltools.gnu-tools-for-stm32.13.3.rel1.win32_1.0.0.202411081344/tools/bin/../lib/gcc/arm-none-eabi/13.3.1/../../../../arm-none-eabi/lib/thumb/v7e-m+fp/hard\libc_nano.a(libc_a-errno.o)
                0x0800b9d8                __errno
 .text.__libc_init_array
                0x0800b9e4       0x48 F:/CubeIDE/CUBEIDE/STM32CubeIDE_1.16.1/STM32CubeIDE/plugins/com.st.stm32cube.ide.mcu.externaltools.gnu-tools-for-stm32.13.3.rel1.win32_1.0.0.202411081344/tools/bin/../lib/gcc/arm-none-eabi/13.3.1/../../../../arm-none-eabi/lib/thumb/v7e-m+fp/hard\libc_nano.a(libc_a-init.o)
                0x0800b9e4                __libc_init_array
 .text.__retarget_lock_init_recursive
                0x0800ba2c        0x2 F:/CubeIDE/CUBEIDE/STM32CubeIDE_1.16.1/STM32CubeIDE/plugins/com.st.stm32cube.ide.mcu.externaltools.gnu-tools-for-stm32.13.3.rel1.win32_1.0.0.202411081344/tools/bin/../lib/gcc/arm-none-eabi/13.3.1/../../../../arm-none-eabi/lib/thumb/v7e-m+fp/hard\libc_nano.a(libc_a-lock.o)
                0x0800ba2c                __retarget_lock_init_recursive
 .text.__retarget_lock_acquire_recursive
                0x0800ba2e        0x2 F:/CubeIDE/CUBEIDE/STM32CubeIDE_1.16.1/STM32CubeIDE/plugins/com.st.stm32cube.ide.mcu.externaltools.gnu-tools-for-stm32.13.3.rel1.win32_1.0.0.202411081344/tools/bin/../lib/gcc/arm-none-eabi/13.3.1/../../../../arm-none-eabi/lib/thumb/v7e-m+fp/hard\libc_nano.a(libc_a-lock.o)
                0x0800ba2e                __retarget_lock_acquire_recursive
 .text.__retarget_lock_release_recursive
                0x0800ba30        0x2 F:/CubeIDE/CUBEIDE/STM32CubeIDE_1.16.1/STM32CubeIDE/plugins/com.st.stm32cube.ide.mcu.externaltools.gnu-tools-for-stm32.13.3.rel1.win32_1.0.0.202411081344/tools/bin/../lib/gcc/arm-none-eabi/13.3.1/../../../../arm-none-eabi/lib/thumb/v7e-m+fp/hard\libc_nano.a(libc_a-lock.o)
                0x0800ba30                __retarget_lock_release_recursive
 .text.memcpy   0x0800ba32       0x1c F:/CubeIDE/CUBEIDE/STM32CubeIDE_1.16.1/STM32CubeIDE/plugins/com.st.stm32cube.ide.mcu.externaltools.gnu-tools-for-stm32.13.3.rel1.win32_1.0.0.202411081344/tools/bin/../lib/gcc/arm-none-eabi/13.3.1/../../../../arm-none-eabi/lib/thumb/v7e-m+fp/hard\libc_nano.a(libc_a-memcpy-stub.o)
                0x0800ba32                memcpy
 *fill*         0x0800ba4e        0x2 
 .text.nanf     0x0800ba50        0xc F:/CubeIDE/CUBEIDE/STM32CubeIDE_1.16.1/STM32CubeIDE/plugins/com.st.stm32cube.ide.mcu.externaltools.gnu-tools-for-stm32.13.3.rel1.win32_1.0.0.202411081344/tools/bin/../lib/gcc/arm-none-eabi/13.3.1/../../../../arm-none-eabi/lib/thumb/v7e-m+fp/hard\libc_nano.a(libm_a-sf_nan.o)
                0x0800ba50                nanf
 .text.__assert_func
                0x0800ba5c       0x3c F:/CubeIDE/CUBEIDE/STM32CubeIDE_1.16.1/STM32CubeIDE/plugins/com.st.stm32cube.ide.mcu.externaltools.gnu-tools-for-stm32.13.3.rel1.win32_1.0.0.202411081344/tools/bin/../lib/gcc/arm-none-eabi/13.3.1/../../../../arm-none-eabi/lib/thumb/v7e-m+fp/hard\libc_nano.a(libc_a-assert.o)
                0x0800ba5c                __assert_func
 .text.quorem   0x0800ba98      0x110 F:/CubeIDE/CUBEIDE/STM32CubeIDE_1.16.1/STM32CubeIDE/plugins/com.st.stm32cube.ide.mcu.externaltools.gnu-tools-for-stm32.13.3.rel1.win32_1.0.0.202411081344/tools/bin/../lib/gcc/arm-none-eabi/13.3.1/../../../../arm-none-eabi/lib/thumb/v7e-m+fp/hard\libc_nano.a(libc_a-dtoa.o)
 .text._dtoa_r  0x0800bba8      0xba0 F:/CubeIDE/CUBEIDE/STM32CubeIDE_1.16.1/STM32CubeIDE/plugins/com.st.stm32cube.ide.mcu.externaltools.gnu-tools-for-stm32.13.3.rel1.win32_1.0.0.202411081344/tools/bin/../lib/gcc/arm-none-eabi/13.3.1/../../../../arm-none-eabi/lib/thumb/v7e-m+fp/hard\libc_nano.a(libc_a-dtoa.o)
                0x0800bba8                _dtoa_r
 .text._free_r  0x0800c748       0x94 F:/CubeIDE/CUBEIDE/STM32CubeIDE_1.16.1/STM32CubeIDE/plugins/com.st.stm32cube.ide.mcu.externaltools.gnu-tools-for-stm32.13.3.rel1.win32_1.0.0.202411081344/tools/bin/../lib/gcc/arm-none-eabi/13.3.1/../../../../arm-none-eabi/lib/thumb/v7e-m+fp/hard\libc_nano.a(libc_a-freer.o)
                0x0800c748                _free_r
 .text._Balloc  0x0800c7dc       0x80 F:/CubeIDE/CUBEIDE/STM32CubeIDE_1.16.1/STM32CubeIDE/plugins/com.st.stm32cube.ide.mcu.externaltools.gnu-tools-for-stm32.13.3.rel1.win32_1.0.0.202411081344/tools/bin/../lib/gcc/arm-none-eabi/13.3.1/../../../../arm-none-eabi/lib/thumb/v7e-m+fp/hard\libc_nano.a(libc_a-mprec.o)
                0x0800c7dc                _Balloc
 .text._Bfree   0x0800c85c       0x44 F:/CubeIDE/CUBEIDE/STM32CubeIDE_1.16.1/STM32CubeIDE/plugins/com.st.stm32cube.ide.mcu.externaltools.gnu-tools-for-stm32.13.3.rel1.win32_1.0.0.202411081344/tools/bin/../lib/gcc/arm-none-eabi/13.3.1/../../../../arm-none-eabi/lib/thumb/v7e-m+fp/hard\libc_nano.a(libc_a-mprec.o)
                0x0800c85c                _Bfree
 .text.__multadd
                0x0800c8a0       0x8c F:/CubeIDE/CUBEIDE/STM32CubeIDE_1.16.1/STM32CubeIDE/plugins/com.st.stm32cube.ide.mcu.externaltools.gnu-tools-for-stm32.13.3.rel1.win32_1.0.0.202411081344/tools/bin/../lib/gcc/arm-none-eabi/13.3.1/../../../../arm-none-eabi/lib/thumb/v7e-m+fp/hard\libc_nano.a(libc_a-mprec.o)
                0x0800c8a0                __multadd
 .text.__s2b    0x0800c92c       0x94 F:/CubeIDE/CUBEIDE/STM32CubeIDE_1.16.1/STM32CubeIDE/plugins/com.st.stm32cube.ide.mcu.externaltools.gnu-tools-for-stm32.13.3.rel1.win32_1.0.0.202411081344/tools/bin/../lib/gcc/arm-none-eabi/13.3.1/../../../../arm-none-eabi/lib/thumb/v7e-m+fp/hard\libc_nano.a(libc_a-mprec.o)
                0x0800c92c                __s2b
 .text.__hi0bits
                0x0800c9c0       0x3e F:/CubeIDE/CUBEIDE/STM32CubeIDE_1.16.1/STM32CubeIDE/plugins/com.st.stm32cube.ide.mcu.externaltools.gnu-tools-for-stm32.13.3.rel1.win32_1.0.0.202411081344/tools/bin/../lib/gcc/arm-none-eabi/13.3.1/../../../../arm-none-eabi/lib/thumb/v7e-m+fp/hard\libc_nano.a(libc_a-mprec.o)
                0x0800c9c0                __hi0bits
 .text.__lo0bits
                0x0800c9fe       0x5a F:/CubeIDE/CUBEIDE/STM32CubeIDE_1.16.1/STM32CubeIDE/plugins/com.st.stm32cube.ide.mcu.externaltools.gnu-tools-for-stm32.13.3.rel1.win32_1.0.0.202411081344/tools/bin/../lib/gcc/arm-none-eabi/13.3.1/../../../../arm-none-eabi/lib/thumb/v7e-m+fp/hard\libc_nano.a(libc_a-mprec.o)
                0x0800c9fe                __lo0bits
 .text.__i2b    0x0800ca58       0x2c F:/CubeIDE/CUBEIDE/STM32CubeIDE_1.16.1/STM32CubeIDE/plugins/com.st.stm32cube.ide.mcu.externaltools.gnu-tools-for-stm32.13.3.rel1.win32_1.0.0.202411081344/tools/bin/../lib/gcc/arm-none-eabi/13.3.1/../../../../arm-none-eabi/lib/thumb/v7e-m+fp/hard\libc_nano.a(libc_a-mprec.o)
                0x0800ca58                __i2b
 .text.__multiply
                0x0800ca84      0x144 F:/CubeIDE/CUBEIDE/STM32CubeIDE_1.16.1/STM32CubeIDE/plugins/com.st.stm32cube.ide.mcu.externaltools.gnu-tools-for-stm32.13.3.rel1.win32_1.0.0.202411081344/tools/bin/../lib/gcc/arm-none-eabi/13.3.1/../../../../arm-none-eabi/lib/thumb/v7e-m+fp/hard\libc_nano.a(libc_a-mprec.o)
                0x0800ca84                __multiply
 .text.__pow5mult
                0x0800cbc8       0xb4 F:/CubeIDE/CUBEIDE/STM32CubeIDE_1.16.1/STM32CubeIDE/plugins/com.st.stm32cube.ide.mcu.externaltools.gnu-tools-for-stm32.13.3.rel1.win32_1.0.0.202411081344/tools/bin/../lib/gcc/arm-none-eabi/13.3.1/../../../../arm-none-eabi/lib/thumb/v7e-m+fp/hard\libc_nano.a(libc_a-mprec.o)
                0x0800cbc8                __pow5mult
 .text.__lshift
                0x0800cc7c       0xd8 F:/CubeIDE/CUBEIDE/STM32CubeIDE_1.16.1/STM32CubeIDE/plugins/com.st.stm32cube.ide.mcu.externaltools.gnu-tools-for-stm32.13.3.rel1.win32_1.0.0.202411081344/tools/bin/../lib/gcc/arm-none-eabi/13.3.1/../../../../arm-none-eabi/lib/thumb/v7e-m+fp/hard\libc_nano.a(libc_a-mprec.o)
                0x0800cc7c                __lshift
 .text.__mcmp   0x0800cd54       0x36 F:/CubeIDE/CUBEIDE/STM32CubeIDE_1.16.1/STM32CubeIDE/plugins/com.st.stm32cube.ide.mcu.externaltools.gnu-tools-for-stm32.13.3.rel1.win32_1.0.0.202411081344/tools/bin/../lib/gcc/arm-none-eabi/13.3.1/../../../../arm-none-eabi/lib/thumb/v7e-m+fp/hard\libc_nano.a(libc_a-mprec.o)
                0x0800cd54                __mcmp
 *fill*         0x0800cd8a        0x2 
 .text.__mdiff  0x0800cd8c      0x128 F:/CubeIDE/CUBEIDE/STM32CubeIDE_1.16.1/STM32CubeIDE/plugins/com.st.stm32cube.ide.mcu.externaltools.gnu-tools-for-stm32.13.3.rel1.win32_1.0.0.202411081344/tools/bin/../lib/gcc/arm-none-eabi/13.3.1/../../../../arm-none-eabi/lib/thumb/v7e-m+fp/hard\libc_nano.a(libc_a-mprec.o)
                0x0800cd8c                __mdiff
 .text.__ulp    0x0800ceb4       0x4c F:/CubeIDE/CUBEIDE/STM32CubeIDE_1.16.1/STM32CubeIDE/plugins/com.st.stm32cube.ide.mcu.externaltools.gnu-tools-for-stm32.13.3.rel1.win32_1.0.0.202411081344/tools/bin/../lib/gcc/arm-none-eabi/13.3.1/../../../../arm-none-eabi/lib/thumb/v7e-m+fp/hard\libc_nano.a(libc_a-mprec.o)
                0x0800ceb4                __ulp
 .text.__b2d    0x0800cf00       0x94 F:/CubeIDE/CUBEIDE/STM32CubeIDE_1.16.1/STM32CubeIDE/plugins/com.st.stm32cube.ide.mcu.externaltools.gnu-tools-for-stm32.13.3.rel1.win32_1.0.0.202411081344/tools/bin/../lib/gcc/arm-none-eabi/13.3.1/../../../../arm-none-eabi/lib/thumb/v7e-m+fp/hard\libc_nano.a(libc_a-mprec.o)
                0x0800cf00                __b2d
 .text.__d2b    0x0800cf94       0xb0 F:/CubeIDE/CUBEIDE/STM32CubeIDE_1.16.1/STM32CubeIDE/plugins/com.st.stm32cube.ide.mcu.externaltools.gnu-tools-for-stm32.13.3.rel1.win32_1.0.0.202411081344/tools/bin/../lib/gcc/arm-none-eabi/13.3.1/../../../../arm-none-eabi/lib/thumb/v7e-m+fp/hard\libc_nano.a(libc_a-mprec.o)
                0x0800cf94                __d2b
 .text.__ratio  0x0800d044       0x64 F:/CubeIDE/CUBEIDE/STM32CubeIDE_1.16.1/STM32CubeIDE/plugins/com.st.stm32cube.ide.mcu.externaltools.gnu-tools-for-stm32.13.3.rel1.win32_1.0.0.202411081344/tools/bin/../lib/gcc/arm-none-eabi/13.3.1/../../../../arm-none-eabi/lib/thumb/v7e-m+fp/hard\libc_nano.a(libc_a-mprec.o)
                0x0800d044                __ratio
 .text.__copybits
                0x0800d0a8       0x46 F:/CubeIDE/CUBEIDE/STM32CubeIDE_1.16.1/STM32CubeIDE/plugins/com.st.stm32cube.ide.mcu.externaltools.gnu-tools-for-stm32.13.3.rel1.win32_1.0.0.202411081344/tools/bin/../lib/gcc/arm-none-eabi/13.3.1/../../../../arm-none-eabi/lib/thumb/v7e-m+fp/hard\libc_nano.a(libc_a-mprec.o)
                0x0800d0a8                __copybits
 .text.__any_on
                0x0800d0ee       0x42 F:/CubeIDE/CUBEIDE/STM32CubeIDE_1.16.1/STM32CubeIDE/plugins/com.st.stm32cube.ide.mcu.externaltools.gnu-tools-for-stm32.13.3.rel1.win32_1.0.0.202411081344/tools/bin/../lib/gcc/arm-none-eabi/13.3.1/../../../../arm-none-eabi/lib/thumb/v7e-m+fp/hard\libc_nano.a(libc_a-mprec.o)
                0x0800d0ee                __any_on
 .text.sulp     0x0800d130       0x3c F:/CubeIDE/CUBEIDE/STM32CubeIDE_1.16.1/STM32CubeIDE/plugins/com.st.stm32cube.ide.mcu.externaltools.gnu-tools-for-stm32.13.3.rel1.win32_1.0.0.202411081344/tools/bin/../lib/gcc/arm-none-eabi/13.3.1/../../../../arm-none-eabi/lib/thumb/v7e-m+fp/hard\libc_nano.a(libc_a-strtod.o)
 *fill*         0x0800d16c        0x4 
 .text._strtod_l
                0x0800d170      0xbc8 F:/CubeIDE/CUBEIDE/STM32CubeIDE_1.16.1/STM32CubeIDE/plugins/com.st.stm32cube.ide.mcu.externaltools.gnu-tools-for-stm32.13.3.rel1.win32_1.0.0.202411081344/tools/bin/../lib/gcc/arm-none-eabi/13.3.1/../../../../arm-none-eabi/lib/thumb/v7e-m+fp/hard\libc_nano.a(libc_a-strtod.o)
                0x0800d170                _strtod_l
 .text._strtod_r
                0x0800dd38        0xc F:/CubeIDE/CUBEIDE/STM32CubeIDE_1.16.1/STM32CubeIDE/plugins/com.st.stm32cube.ide.mcu.externaltools.gnu-tools-for-stm32.13.3.rel1.win32_1.0.0.202411081344/tools/bin/../lib/gcc/arm-none-eabi/13.3.1/../../../../arm-none-eabi/lib/thumb/v7e-m+fp/hard\libc_nano.a(libc_a-strtod.o)
                0x0800dd38                _strtod_r
 .text._strtol_l.isra.0
                0x0800dd44       0xf4 F:/CubeIDE/CUBEIDE/STM32CubeIDE_1.16.1/STM32CubeIDE/plugins/com.st.stm32cube.ide.mcu.externaltools.gnu-tools-for-stm32.13.3.rel1.win32_1.0.0.202411081344/tools/bin/../lib/gcc/arm-none-eabi/13.3.1/../../../../arm-none-eabi/lib/thumb/v7e-m+fp/hard\libc_nano.a(libc_a-strtol.o)
 .text._strtol_r
                0x0800de38        0x4 F:/CubeIDE/CUBEIDE/STM32CubeIDE_1.16.1/STM32CubeIDE/plugins/com.st.stm32cube.ide.mcu.externaltools.gnu-tools-for-stm32.13.3.rel1.win32_1.0.0.202411081344/tools/bin/../lib/gcc/arm-none-eabi/13.3.1/../../../../arm-none-eabi/lib/thumb/v7e-m+fp/hard\libc_nano.a(libc_a-strtol.o)
                0x0800de38                _strtol_r
 .text.__ssputs_r
                0x0800de3c       0xb6 F:/CubeIDE/CUBEIDE/STM32CubeIDE_1.16.1/STM32CubeIDE/plugins/com.st.stm32cube.ide.mcu.externaltools.gnu-tools-for-stm32.13.3.rel1.win32_1.0.0.202411081344/tools/bin/../lib/gcc/arm-none-eabi/13.3.1/../../../../arm-none-eabi/lib/thumb/v7e-m+fp/hard\libc_nano.a(libc_a-nano-svfprintf.o)
                0x0800de3c                __ssputs_r
 *fill*         0x0800def2        0x2 
 .text._svfprintf_r
                0x0800def4      0x1f8 F:/CubeIDE/CUBEIDE/STM32CubeIDE_1.16.1/STM32CubeIDE/plugins/com.st.stm32cube.ide.mcu.externaltools.gnu-tools-for-stm32.13.3.rel1.win32_1.0.0.202411081344/tools/bin/../lib/gcc/arm-none-eabi/13.3.1/../../../../arm-none-eabi/lib/thumb/v7e-m+fp/hard\libc_nano.a(libc_a-nano-svfprintf.o)
                0x0800def4                _svfiprintf_r
                0x0800def4                _svfprintf_r
 .text.__sfputc_r
                0x0800e0ec       0x2e F:/CubeIDE/CUBEIDE/STM32CubeIDE_1.16.1/STM32CubeIDE/plugins/com.st.stm32cube.ide.mcu.externaltools.gnu-tools-for-stm32.13.3.rel1.win32_1.0.0.202411081344/tools/bin/../lib/gcc/arm-none-eabi/13.3.1/../../../../arm-none-eabi/lib/thumb/v7e-m+fp/hard\libc_nano.a(libc_a-nano-vfprintf.o)
 .text.__sfputs_r
                0x0800e11a       0x24 F:/CubeIDE/CUBEIDE/STM32CubeIDE_1.16.1/STM32CubeIDE/plugins/com.st.stm32cube.ide.mcu.externaltools.gnu-tools-for-stm32.13.3.rel1.win32_1.0.0.202411081344/tools/bin/../lib/gcc/arm-none-eabi/13.3.1/../../../../arm-none-eabi/lib/thumb/v7e-m+fp/hard\libc_nano.a(libc_a-nano-vfprintf.o)
                0x0800e11a                __sfputs_r
 *fill*         0x0800e13e        0x2 
 .text._vfprintf_r
                0x0800e140      0x230 F:/CubeIDE/CUBEIDE/STM32CubeIDE_1.16.1/STM32CubeIDE/plugins/com.st.stm32cube.ide.mcu.externaltools.gnu-tools-for-stm32.13.3.rel1.win32_1.0.0.202411081344/tools/bin/../lib/gcc/arm-none-eabi/13.3.1/../../../../arm-none-eabi/lib/thumb/v7e-m+fp/hard\libc_nano.a(libc_a-nano-vfprintf.o)
                0x0800e140                _vfprintf_r
                0x0800e140                _vfiprintf_r
 .text.__sflush_r
                0x0800e370      0x108 F:/CubeIDE/CUBEIDE/STM32CubeIDE_1.16.1/STM32CubeIDE/plugins/com.st.stm32cube.ide.mcu.externaltools.gnu-tools-for-stm32.13.3.rel1.win32_1.0.0.202411081344/tools/bin/../lib/gcc/arm-none-eabi/13.3.1/../../../../arm-none-eabi/lib/thumb/v7e-m+fp/hard\libc_nano.a(libc_a-fflush.o)
                0x0800e370                __sflush_r
 .text._fflush_r
                0x0800e478       0x50 F:/CubeIDE/CUBEIDE/STM32CubeIDE_1.16.1/STM32CubeIDE/plugins/com.st.stm32cube.ide.mcu.externaltools.gnu-tools-for-stm32.13.3.rel1.win32_1.0.0.202411081344/tools/bin/../lib/gcc/arm-none-eabi/13.3.1/../../../../arm-none-eabi/lib/thumb/v7e-m+fp/hard\libc_nano.a(libc_a-fflush.o)
                0x0800e478                _fflush_r
 .text.fprintf  0x0800e4c8       0x24 F:/CubeIDE/CUBEIDE/STM32CubeIDE_1.16.1/STM32CubeIDE/plugins/com.st.stm32cube.ide.mcu.externaltools.gnu-tools-for-stm32.13.3.rel1.win32_1.0.0.202411081344/tools/bin/../lib/gcc/arm-none-eabi/13.3.1/../../../../arm-none-eabi/lib/thumb/v7e-m+fp/hard\libc_nano.a(libc_a-fprintf.o)
                0x0800e4c8                fiprintf
                0x0800e4c8                fprintf
 .text.__swhatbuf_r
                0x0800e4ec       0x4c F:/CubeIDE/CUBEIDE/STM32CubeIDE_1.16.1/STM32CubeIDE/plugins/com.st.stm32cube.ide.mcu.externaltools.gnu-tools-for-stm32.13.3.rel1.win32_1.0.0.202411081344/tools/bin/../lib/gcc/arm-none-eabi/13.3.1/../../../../arm-none-eabi/lib/thumb/v7e-m+fp/hard\libc_nano.a(libc_a-makebuf.o)
                0x0800e4ec                __swhatbuf_r
 .text.__smakebuf_r
                0x0800e538       0x78 F:/CubeIDE/CUBEIDE/STM32CubeIDE_1.16.1/STM32CubeIDE/plugins/com.st.stm32cube.ide.mcu.externaltools.gnu-tools-for-stm32.13.3.rel1.win32_1.0.0.202411081344/tools/bin/../lib/gcc/arm-none-eabi/13.3.1/../../../../arm-none-eabi/lib/thumb/v7e-m+fp/hard\libc_nano.a(libc_a-makebuf.o)
                0x0800e538                __smakebuf_r